ftm.c:54:6:FTM_SetPrescaler	0	static
ftm.c:60:6:FTM_SetModulus	0	static
ftm.c:68:11:FTM_GetModulus	0	static
ftm.c:74:6:FTM_StartClock	0	static
ftm.c:80:6:FTM_StopClock	0	static
ftm.c:86:6:FTM_SetOverflowMode	0	static
ftm.c:92:6:FTM_IsOverflowPending	0	static
ftm.c:98:6:FTM_ClearOverflowFlag	0	static
ftm.c:104:6:FTM_SetWorkingMode	0	static
ftm.c:111:11:FTM_GetWorkingMode	0	static
ftm.c:117:6:FTM_SetInputCaptureEdge	0	static
ftm.c:124:11:FTM_GetInputCaptureEdge	0	static
ftm.c:130:6:FTM_SetOutputCompareEffect	0	static
ftm.c:137:13:FTM_GetOutputCompareEffect	0	static
ftm.c:143:6:FTM_SetPulseWidthModulationLogic	0	static
ftm.c:150:12:FTM_GetPulseWidthModulationLogic	0	static
ftm.c:156:6:FTM_SetCounter	0	static
ftm.c:162:11:FTM_GetCounter	0	static
ftm.c:168:6:FTM_SetInterruptMode	0	static
ftm.c:174:6:FTM_IsInterruptPending	0	static
ftm.c:180:6:FTM_ClearInterruptFlag	0	static
ftm.c:186:6:FTM_DmaMode	0	static
ftm.c:13:6:PWM_Init	24	static
ftm.c:193:6:FTM_ToggleOM	4	static
ftm.c:202:6:FTM_onOM	0	static
ftm.c:210:6:FTM_offOM	0	static
ftm.c:217:10:FTM_GetCnVAddress	0	static
