
Discarded input sections

 .group         0x00000000        0xc ./source/App.o
 .group         0x00000000        0xc ./source/App.o
 .group         0x00000000        0xc ./source/App.o
 .group         0x00000000        0xc ./source/App.o
 .group         0x00000000        0xc ./source/App.o
 .group         0x00000000        0xc ./source/App.o
 .group         0x00000000        0xc ./source/App.o
 .group         0x00000000        0xc ./source/App.o
 .group         0x00000000        0xc ./source/App.o
 .group         0x00000000        0xc ./source/App.o
 .group         0x00000000        0xc ./source/App.o
 .group         0x00000000        0xc ./source/App.o
 .group         0x00000000        0xc ./source/App.o
 .group         0x00000000        0xc ./source/App.o
 .group         0x00000000        0xc ./source/App.o
 .group         0x00000000        0xc ./source/App.o
 .group         0x00000000        0xc ./source/App.o
 .group         0x00000000        0xc ./source/App.o
 .group         0x00000000        0xc ./source/App.o
 .group         0x00000000        0xc ./source/App.o
 .group         0x00000000        0xc ./source/App.o
 .group         0x00000000        0xc ./source/App.o
 .group         0x00000000        0xc ./source/App.o
 .group         0x00000000        0xc ./source/App.o
 .group         0x00000000        0xc ./source/App.o
 .group         0x00000000        0xc ./source/App.o
 .group         0x00000000        0xc ./source/App.o
 .group         0x00000000        0xc ./source/App.o
 .group         0x00000000        0xc ./source/App.o
 .group         0x00000000        0xc ./source/App.o
 .group         0x00000000        0xc ./source/App.o
 .group         0x00000000        0xc ./source/App.o
 .group         0x00000000        0xc ./source/App.o
 .group         0x00000000        0xc ./source/App.o
 .group         0x00000000        0xc ./source/App.o
 .group         0x00000000        0xc ./source/App.o
 .group         0x00000000        0xc ./source/App.o
 .group         0x00000000        0xc ./source/App.o
 .group         0x00000000        0xc ./source/App.o
 .group         0x00000000        0xc ./source/App.o
 .group         0x00000000        0xc ./source/App.o
 .group         0x00000000        0xc ./source/App.o
 .group         0x00000000        0xc ./source/App.o
 .group         0x00000000        0xc ./source/App.o
 .group         0x00000000        0xc ./source/App.o
 .text          0x00000000        0x0 ./source/App.o
 .data          0x00000000        0x0 ./source/App.o
 .bss           0x00000000        0x0 ./source/App.o
 .text.delayLoop
                0x00000000       0x20 ./source/App.o
 .group         0x00000000        0xc ./source/SysTick.o
 .group         0x00000000        0xc ./source/SysTick.o
 .group         0x00000000        0xc ./source/SysTick.o
 .group         0x00000000        0xc ./source/SysTick.o
 .group         0x00000000        0xc ./source/SysTick.o
 .group         0x00000000        0xc ./source/SysTick.o
 .group         0x00000000        0xc ./source/SysTick.o
 .group         0x00000000        0xc ./source/SysTick.o
 .group         0x00000000        0xc ./source/SysTick.o
 .group         0x00000000        0xc ./source/SysTick.o
 .group         0x00000000        0xc ./source/SysTick.o
 .group         0x00000000        0xc ./source/SysTick.o
 .group         0x00000000        0xc ./source/SysTick.o
 .group         0x00000000        0xc ./source/SysTick.o
 .group         0x00000000        0xc ./source/SysTick.o
 .group         0x00000000        0xc ./source/SysTick.o
 .group         0x00000000        0xc ./source/SysTick.o
 .group         0x00000000        0xc ./source/SysTick.o
 .group         0x00000000        0xc ./source/SysTick.o
 .group         0x00000000        0xc ./source/SysTick.o
 .group         0x00000000        0xc ./source/SysTick.o
 .group         0x00000000        0xc ./source/SysTick.o
 .group         0x00000000        0xc ./source/SysTick.o
 .group         0x00000000        0xc ./source/SysTick.o
 .group         0x00000000        0xc ./source/SysTick.o
 .group         0x00000000        0xc ./source/SysTick.o
 .group         0x00000000        0xc ./source/SysTick.o
 .group         0x00000000        0xc ./source/SysTick.o
 .group         0x00000000        0xc ./source/SysTick.o
 .group         0x00000000        0xc ./source/SysTick.o
 .group         0x00000000        0xc ./source/SysTick.o
 .group         0x00000000        0xc ./source/SysTick.o
 .group         0x00000000        0xc ./source/SysTick.o
 .group         0x00000000        0xc ./source/SysTick.o
 .group         0x00000000        0xc ./source/SysTick.o
 .group         0x00000000        0xc ./source/SysTick.o
 .group         0x00000000        0xc ./source/SysTick.o
 .group         0x00000000        0xc ./source/SysTick.o
 .group         0x00000000        0xc ./source/SysTick.o
 .group         0x00000000        0xc ./source/SysTick.o
 .group         0x00000000        0xc ./source/SysTick.o
 .group         0x00000000        0xc ./source/SysTick.o
 .group         0x00000000        0xc ./source/SysTick.o
 .group         0x00000000        0xc ./source/SysTick.o
 .text          0x00000000        0x0 ./source/SysTick.o
 .data          0x00000000        0x0 ./source/SysTick.o
 .bss           0x00000000        0x0 ./source/SysTick.o
 .text.SysTick_Init
                0x00000000       0x30 ./source/SysTick.o
 .debug_macro   0x00000000      0xa5a ./source/SysTick.o
 .debug_macro   0x00000000       0x22 ./source/SysTick.o
 .debug_macro   0x00000000       0x5c ./source/SysTick.o
 .debug_macro   0x00000000      0x34e ./source/SysTick.o
 .debug_macro   0x00000000       0x1c ./source/SysTick.o
 .debug_macro   0x00000000       0x22 ./source/SysTick.o
 .debug_macro   0x00000000       0xdf ./source/SysTick.o
 .debug_macro   0x00000000      0xecf ./source/SysTick.o
 .debug_macro   0x00000000       0x48 ./source/SysTick.o
 .debug_macro   0x00000000     0xe07b ./source/SysTick.o
 .debug_macro   0x00000000       0x10 ./source/SysTick.o
 .debug_macro   0x00000000     0x122b ./source/SysTick.o
 .debug_macro   0x00000000       0x16 ./source/SysTick.o
 .debug_macro   0x00000000       0x22 ./source/SysTick.o
 .debug_macro   0x00000000       0x52 ./source/SysTick.o
 .debug_macro   0x00000000       0x17 ./source/SysTick.o
 .debug_macro   0x00000000       0x8d ./source/SysTick.o
 .debug_macro   0x00000000       0x35 ./source/SysTick.o
 .debug_macro   0x00000000       0x9c ./source/SysTick.o
 .debug_macro   0x00000000       0x16 ./source/SysTick.o
 .debug_macro   0x00000000       0x57 ./source/SysTick.o
 .debug_macro   0x00000000       0x97 ./source/SysTick.o
 .debug_macro   0x00000000      0x32a ./source/SysTick.o
 .debug_macro   0x00000000       0xfd ./source/SysTick.o
 .debug_macro   0x00000000       0x10 ./source/SysTick.o
 .debug_macro   0x00000000       0x58 ./source/SysTick.o
 .debug_macro   0x00000000       0x1f ./source/SysTick.o
 .debug_macro   0x00000000       0x43 ./source/SysTick.o
 .debug_macro   0x00000000       0x20 ./source/SysTick.o
 .debug_macro   0x00000000      0x18e ./source/SysTick.o
 .debug_macro   0x00000000       0x10 ./source/SysTick.o
 .debug_macro   0x00000000       0x6a ./source/SysTick.o
 .debug_macro   0x00000000       0x1c ./source/SysTick.o
 .debug_macro   0x00000000       0x52 ./source/SysTick.o
 .debug_macro   0x00000000       0x40 ./source/SysTick.o
 .debug_macro   0x00000000       0x10 ./source/SysTick.o
 .debug_macro   0x00000000       0x40 ./source/SysTick.o
 .debug_macro   0x00000000       0xd7 ./source/SysTick.o
 .debug_macro   0x00000000       0x1c ./source/SysTick.o
 .debug_macro   0x00000000       0x3d ./source/SysTick.o
 .debug_macro   0x00000000       0x16 ./source/SysTick.o
 .debug_macro   0x00000000      0x16f ./source/SysTick.o
 .group         0x00000000        0xc ./source/gpio.o
 .group         0x00000000        0xc ./source/gpio.o
 .group         0x00000000        0xc ./source/gpio.o
 .group         0x00000000        0xc ./source/gpio.o
 .group         0x00000000        0xc ./source/gpio.o
 .group         0x00000000        0xc ./source/gpio.o
 .group         0x00000000        0xc ./source/gpio.o
 .group         0x00000000        0xc ./source/gpio.o
 .group         0x00000000        0xc ./source/gpio.o
 .group         0x00000000        0xc ./source/gpio.o
 .group         0x00000000        0xc ./source/gpio.o
 .group         0x00000000        0xc ./source/gpio.o
 .group         0x00000000        0xc ./source/gpio.o
 .group         0x00000000        0xc ./source/gpio.o
 .text          0x00000000        0x0 ./source/gpio.o
 .data          0x00000000        0x0 ./source/gpio.o
 .bss           0x00000000        0x0 ./source/gpio.o
 .text.gpioRead
                0x00000000       0xec ./source/gpio.o
 .text.gpioPull
                0x00000000       0xf0 ./source/gpio.o
 .debug_macro   0x00000000      0xa5a ./source/gpio.o
 .debug_macro   0x00000000       0x5c ./source/gpio.o
 .debug_macro   0x00000000      0x34e ./source/gpio.o
 .debug_macro   0x00000000       0x1c ./source/gpio.o
 .debug_macro   0x00000000       0x22 ./source/gpio.o
 .debug_macro   0x00000000       0xdf ./source/gpio.o
 .debug_macro   0x00000000      0xecf ./source/gpio.o
 .debug_macro   0x00000000       0x48 ./source/gpio.o
 .debug_macro   0x00000000     0xe07b ./source/gpio.o
 .debug_macro   0x00000000     0x122b ./source/gpio.o
 .debug_macro   0x00000000       0x22 ./source/gpio.o
 .debug_macro   0x00000000       0x3a ./source/gpio.o
 .debug_macro   0x00000000       0x10 ./source/gpio.o
 .debug_macro   0x00000000       0x16 ./source/gpio.o
 .group         0x00000000        0xc ./SDK/startup/hardware.o
 .group         0x00000000        0xc ./SDK/startup/hardware.o
 .group         0x00000000        0xc ./SDK/startup/hardware.o
 .group         0x00000000        0xc ./SDK/startup/hardware.o
 .group         0x00000000        0xc ./SDK/startup/hardware.o
 .group         0x00000000        0xc ./SDK/startup/hardware.o
 .group         0x00000000        0xc ./SDK/startup/hardware.o
 .group         0x00000000        0xc ./SDK/startup/hardware.o
 .group         0x00000000        0xc ./SDK/startup/hardware.o
 .group         0x00000000        0xc ./SDK/startup/hardware.o
 .group         0x00000000        0xc ./SDK/startup/hardware.o
 .group         0x00000000        0xc ./SDK/startup/hardware.o
 .group         0x00000000        0xc ./SDK/startup/hardware.o
 .text          0x00000000        0x0 ./SDK/startup/hardware.o
 .data          0x00000000        0x0 ./SDK/startup/hardware.o
 .bss           0x00000000        0x0 ./SDK/startup/hardware.o
 .debug_macro   0x00000000      0xa5a ./SDK/startup/hardware.o
 .debug_macro   0x00000000      0x34e ./SDK/startup/hardware.o
 .debug_macro   0x00000000       0x22 ./SDK/startup/hardware.o
 .debug_macro   0x00000000       0x10 ./SDK/startup/hardware.o
 .debug_macro   0x00000000       0x5c ./SDK/startup/hardware.o
 .debug_macro   0x00000000       0x1c ./SDK/startup/hardware.o
 .debug_macro   0x00000000       0x22 ./SDK/startup/hardware.o
 .debug_macro   0x00000000       0xdf ./SDK/startup/hardware.o
 .debug_macro   0x00000000      0xecf ./SDK/startup/hardware.o
 .debug_macro   0x00000000       0x48 ./SDK/startup/hardware.o
 .debug_macro   0x00000000     0xe07b ./SDK/startup/hardware.o
 .debug_macro   0x00000000     0x122b ./SDK/startup/hardware.o
 .debug_macro   0x00000000       0x16 ./SDK/startup/hardware.o
 .group         0x00000000        0xc ./SDK/startup/main.o
 .group         0x00000000        0xc ./SDK/startup/main.o
 .group         0x00000000        0xc ./SDK/startup/main.o
 .group         0x00000000        0xc ./SDK/startup/main.o
 .group         0x00000000        0xc ./SDK/startup/main.o
 .group         0x00000000        0xc ./SDK/startup/main.o
 .group         0x00000000        0xc ./SDK/startup/main.o
 .group         0x00000000        0xc ./SDK/startup/main.o
 .group         0x00000000        0xc ./SDK/startup/main.o
 .group         0x00000000        0xc ./SDK/startup/main.o
 .group         0x00000000        0xc ./SDK/startup/main.o
 .group         0x00000000        0xc ./SDK/startup/main.o
 .group         0x00000000        0xc ./SDK/startup/main.o
 .text          0x00000000        0x0 ./SDK/startup/main.o
 .data          0x00000000        0x0 ./SDK/startup/main.o
 .bss           0x00000000        0x0 ./SDK/startup/main.o
 .debug_macro   0x00000000      0xa5a ./SDK/startup/main.o
 .debug_macro   0x00000000      0x34e ./SDK/startup/main.o
 .debug_macro   0x00000000       0x22 ./SDK/startup/main.o
 .debug_macro   0x00000000       0x10 ./SDK/startup/main.o
 .debug_macro   0x00000000       0x5c ./SDK/startup/main.o
 .debug_macro   0x00000000       0x1c ./SDK/startup/main.o
 .debug_macro   0x00000000       0x22 ./SDK/startup/main.o
 .debug_macro   0x00000000       0xdf ./SDK/startup/main.o
 .debug_macro   0x00000000      0xecf ./SDK/startup/main.o
 .debug_macro   0x00000000       0x48 ./SDK/startup/main.o
 .debug_macro   0x00000000     0xe07b ./SDK/startup/main.o
 .debug_macro   0x00000000     0x122b ./SDK/startup/main.o
 .debug_macro   0x00000000       0x16 ./SDK/startup/main.o
 .group         0x00000000        0xc ./SDK/startup/semihost_hardfault.o
 .text          0x00000000        0x0 ./SDK/startup/semihost_hardfault.o
 .data          0x00000000        0x0 ./SDK/startup/semihost_hardfault.o
 .bss           0x00000000        0x0 ./SDK/startup/semihost_hardfault.o
 .debug_macro   0x00000000      0xa5a ./SDK/startup/semihost_hardfault.o
 .group         0x00000000        0xc ./SDK/startup/startup_mk64f12.o
 .text          0x00000000        0x0 ./SDK/startup/startup_mk64f12.o
 .data          0x00000000        0x0 ./SDK/startup/startup_mk64f12.o
 .bss           0x00000000        0x0 ./SDK/startup/startup_mk64f12.o
 .text.PORTA_IRQHandler
                0x00000000        0x8 ./SDK/startup/startup_mk64f12.o
 .text.PORTB_IRQHandler
                0x00000000        0x8 ./SDK/startup/startup_mk64f12.o
 .text.PORTC_IRQHandler
                0x00000000        0x8 ./SDK/startup/startup_mk64f12.o
 .text.PORTD_IRQHandler
                0x00000000        0x8 ./SDK/startup/startup_mk64f12.o
 .text.PORTE_IRQHandler
                0x00000000        0x8 ./SDK/startup/startup_mk64f12.o
 .debug_macro   0x00000000      0xa5a ./SDK/startup/startup_mk64f12.o
 .group         0x00000000        0xc ./SDK/CMSIS/system_MK64F12.o
 .group         0x00000000        0xc ./SDK/CMSIS/system_MK64F12.o
 .group         0x00000000        0xc ./SDK/CMSIS/system_MK64F12.o
 .group         0x00000000        0xc ./SDK/CMSIS/system_MK64F12.o
 .group         0x00000000        0xc ./SDK/CMSIS/system_MK64F12.o
 .group         0x00000000        0xc ./SDK/CMSIS/system_MK64F12.o
 .group         0x00000000        0xc ./SDK/CMSIS/system_MK64F12.o
 .group         0x00000000        0xc ./SDK/CMSIS/system_MK64F12.o
 .group         0x00000000        0xc ./SDK/CMSIS/system_MK64F12.o
 .group         0x00000000        0xc ./SDK/CMSIS/system_MK64F12.o
 .group         0x00000000        0xc ./SDK/CMSIS/system_MK64F12.o
 .text          0x00000000        0x0 ./SDK/CMSIS/system_MK64F12.o
 .data          0x00000000        0x0 ./SDK/CMSIS/system_MK64F12.o
 .bss           0x00000000        0x0 ./SDK/CMSIS/system_MK64F12.o
 .data.SystemCoreClock
                0x00000000        0x4 ./SDK/CMSIS/system_MK64F12.o
 .text.SystemCoreClockUpdate
                0x00000000      0x278 ./SDK/CMSIS/system_MK64F12.o
 .debug_macro   0x00000000      0xa5a ./SDK/CMSIS/system_MK64F12.o
 .debug_macro   0x00000000      0x34e ./SDK/CMSIS/system_MK64F12.o
 .debug_macro   0x00000000       0x10 ./SDK/CMSIS/system_MK64F12.o
 .debug_macro   0x00000000       0x5c ./SDK/CMSIS/system_MK64F12.o
 .debug_macro   0x00000000       0x1c ./SDK/CMSIS/system_MK64F12.o
 .debug_macro   0x00000000       0x22 ./SDK/CMSIS/system_MK64F12.o
 .debug_macro   0x00000000       0xdf ./SDK/CMSIS/system_MK64F12.o
 .debug_macro   0x00000000      0xecf ./SDK/CMSIS/system_MK64F12.o
 .debug_macro   0x00000000       0x48 ./SDK/CMSIS/system_MK64F12.o
 .debug_macro   0x00000000     0xe07b ./SDK/CMSIS/system_MK64F12.o
 .debug_macro   0x00000000     0x122b ./SDK/CMSIS/system_MK64F12.o

Memory Configuration

Name             Origin             Length             Attributes
PROGRAM_FLASH    0x00000000         0x00100000         xr
SRAM_UPPER       0x20000000         0x00030000         xrw
SRAM_LOWER       0x1fff0000         0x00010000         xrw
FLEX_RAM         0x14000000         0x00001000         xrw
*default*        0x00000000         0xffffffff

Linker script and memory map

LOAD ./source/App.o
LOAD ./source/SysTick.o
LOAD ./source/gpio.o
LOAD ./SDK/startup/hardware.o
LOAD ./SDK/startup/main.o
LOAD ./SDK/startup/semihost_hardfault.o
LOAD ./SDK/startup/startup_mk64f12.o
LOAD ./SDK/CMSIS/system_MK64F12.o
START GROUP
LOAD c:/nxp/mcuxpressoide_10.2.0_759/ide/tools/bin/../lib/gcc/arm-none-eabi/7.2.1/../../../../arm-none-eabi/lib/thumb/v7e-m/fpv4-sp/hard\libcr_c.a
LOAD c:/nxp/mcuxpressoide_10.2.0_759/ide/tools/bin/../lib/gcc/arm-none-eabi/7.2.1/thumb/v7e-m/fpv4-sp/hard\libcr_eabihelpers.a
END GROUP
                0x00000000                __base_PROGRAM_FLASH = 0x0
                0x00000000                __base_Flash = 0x0
                0x00100000                __top_PROGRAM_FLASH = 0x100000
                0x00100000                __top_Flash = 0x100000
                0x20000000                __base_SRAM_UPPER = 0x20000000
                0x20000000                __base_RAM = 0x20000000
                0x20030000                __top_SRAM_UPPER = 0x20030000
                0x20030000                __top_RAM = 0x20030000
                0x1fff0000                __base_SRAM_LOWER = 0x1fff0000
                0x1fff0000                __base_RAM2 = 0x1fff0000
                0x20000000                __top_SRAM_LOWER = 0x20000000
                0x20000000                __top_RAM2 = 0x20000000
                0x14000000                __base_FLEX_RAM = 0x14000000
                0x14000000                __base_RAM3 = 0x14000000
                0x14001000                __top_FLEX_RAM = 0x14001000
                0x14001000                __top_RAM3 = 0x14001000

.text           0x00000000      0xff8
 FILL mask 0xff
                0x00000000                __vectors_start__ = ABSOLUTE (.)
 *(SORT_BY_ALIGNMENT(.isr_vector))
 .isr_vector    0x00000000      0x198 ./SDK/startup/startup_mk64f12.o
                0x00000000                g_pfnVectors
                0x00000000                __Vectors
                0x00000198                . = ALIGN (0x4)
                0x00000198                __section_table_start = .
                0x00000198                __data_section_table = .
                0x00000198        0x4 LONG 0xff8 LOADADDR (.data)
                0x0000019c        0x4 LONG 0x20000000 ADDR (.data)
                0x000001a0        0x4 LONG 0x8 SIZEOF (.data)
                0x000001a4        0x4 LONG 0xff8 LOADADDR (.data_RAM2)
                0x000001a8        0x4 LONG 0x1fff0000 ADDR (.data_RAM2)
                0x000001ac        0x4 LONG 0x0 SIZEOF (.data_RAM2)
                0x000001b0        0x4 LONG 0xff8 LOADADDR (.data_RAM3)
                0x000001b4        0x4 LONG 0x14000000 ADDR (.data_RAM3)
                0x000001b8        0x4 LONG 0x0 SIZEOF (.data_RAM3)
                0x000001bc                __data_section_table_end = .
                0x000001bc                __bss_section_table = .
                0x000001bc        0x4 LONG 0x20000008 ADDR (.bss)
                0x000001c0        0x4 LONG 0x160 SIZEOF (.bss)
                0x000001c4        0x4 LONG 0x1fff0000 ADDR (.bss_RAM2)
                0x000001c8        0x4 LONG 0x0 SIZEOF (.bss_RAM2)
                0x000001cc        0x4 LONG 0x14000000 ADDR (.bss_RAM3)
                0x000001d0        0x4 LONG 0x0 SIZEOF (.bss_RAM3)
                0x000001d4                __bss_section_table_end = .
                0x000001d4                __section_table_end = .
 *(SORT_BY_ALIGNMENT(.after_vectors*))
 .after_vectors.reset
                0x000001d4       0x4c ./SDK/startup/startup_mk64f12.o
                0x000001d4                ResetISR
 .after_vectors.init_data
                0x00000220       0x1e ./SDK/startup/startup_mk64f12.o
                0x00000220                data_init
 .after_vectors.init_bss
                0x0000023e       0x12 ./SDK/startup/startup_mk64f12.o
                0x0000023e                bss_init
 .after_vectors
                0x00000250       0x14 ./SDK/startup/startup_mk64f12.o
                0x00000250                NMI_Handler
                0x00000254                MemManage_Handler
                0x00000256                BusFault_Handler
                0x00000258                UsageFault_Handler
                0x0000025a                SVC_Handler
                0x0000025c                DebugMon_Handler
                0x0000025e                PendSV_Handler
                0x00000262                DMA_Error_DriverIRQHandler
                0x00000262                LPTMR0_DriverIRQHandler
                0x00000262                FTM1_DriverIRQHandler
                0x00000262                FTM2_DriverIRQHandler
                0x00000262                PIT2_DriverIRQHandler
                0x00000262                SDHC_DriverIRQHandler
                0x00000262                I2S0_Tx_DriverIRQHandler
                0x00000262                RTC_Seconds_DriverIRQHandler
                0x00000262                DMA6_DriverIRQHandler
                0x00000262                LLWU_DriverIRQHandler
                0x00000262                MCM_DriverIRQHandler
                0x00000262                MCG_DriverIRQHandler
                0x00000262                ENET_1588_Timer_DriverIRQHandler
                0x00000262                I2C2_DriverIRQHandler
                0x00000262                DAC1_DriverIRQHandler
                0x00000262                SPI1_DriverIRQHandler
                0x00000262                CMP1_DriverIRQHandler
                0x00000262                UART5_RX_TX_DriverIRQHandler
                0x00000262                FTM0_DriverIRQHandler
                0x00000262                IntDefaultHandler
                0x00000262                USB0_DriverIRQHandler
                0x00000262                UART5_ERR_DriverIRQHandler
                0x00000262                PORTC_DriverIRQHandler
                0x00000262                DMA11_DriverIRQHandler
                0x00000262                DAC0_DriverIRQHandler
                0x00000262                DMA10_DriverIRQHandler
                0x00000262                CMP2_DriverIRQHandler
                0x00000262                UART2_ERR_DriverIRQHandler
                0x00000262                SPI2_DriverIRQHandler
                0x00000262                LVD_LVW_DriverIRQHandler
                0x00000262                PIT0_DriverIRQHandler
                0x00000262                RNG_DriverIRQHandler
                0x00000262                DMA5_DriverIRQHandler
                0x00000262                DMA12_DriverIRQHandler
                0x00000262                UART2_RX_TX_DriverIRQHandler
                0x00000262                USBDCD_DriverIRQHandler
                0x00000262                UART3_ERR_DriverIRQHandler
                0x00000262                DMA3_DriverIRQHandler
                0x00000262                DMA8_DriverIRQHandler
                0x00000262                DMA9_DriverIRQHandler
                0x00000262                UART0_ERR_DriverIRQHandler
                0x00000262                CMT_DriverIRQHandler
                0x00000262                Reserved71_DriverIRQHandler
                0x00000262                ADC1_DriverIRQHandler
                0x00000262                PORTA_DriverIRQHandler
                0x00000262                DMA14_DriverIRQHandler
                0x00000262                PIT3_DriverIRQHandler
                0x00000262                PIT1_DriverIRQHandler
                0x00000262                WDOG_EWM_DriverIRQHandler
                0x00000262                PDB0_DriverIRQHandler
                0x00000262                RTC_DriverIRQHandler
                0x00000262                I2S0_Rx_DriverIRQHandler
                0x00000262                Read_Collision_DriverIRQHandler
                0x00000262                SWI_DriverIRQHandler
                0x00000262                UART4_RX_TX_DriverIRQHandler
                0x00000262                UART4_ERR_DriverIRQHandler
                0x00000262                PORTB_DriverIRQHandler
                0x00000262                UART0_LON_DriverIRQHandler
                0x00000262                DMA0_DriverIRQHandler
                0x00000262                DMA1_DriverIRQHandler
                0x00000262                I2C1_DriverIRQHandler
                0x00000262                UART3_RX_TX_DriverIRQHandler
                0x00000262                ENET_Receive_DriverIRQHandler
                0x00000262                DMA13_DriverIRQHandler
                0x00000262                ENET_Error_DriverIRQHandler
                0x00000262                DMA15_DriverIRQHandler
                0x00000262                UART0_RX_TX_DriverIRQHandler
                0x00000262                SPI0_DriverIRQHandler
                0x00000262                ADC0_DriverIRQHandler
                0x00000262                CMP0_DriverIRQHandler
                0x00000262                CAN0_DriverIRQHandler
                0x00000262                FTM3_DriverIRQHandler
                0x00000262                DMA4_DriverIRQHandler
                0x00000262                UART1_ERR_DriverIRQHandler
                0x00000262                DMA2_DriverIRQHandler
                0x00000262                ENET_Transmit_DriverIRQHandler
                0x00000262                PORTD_DriverIRQHandler
                0x00000262                PORTE_DriverIRQHandler
                0x00000262                FTFE_DriverIRQHandler
                0x00000262                I2C0_DriverIRQHandler
                0x00000262                DMA7_DriverIRQHandler
                0x00000262                UART1_RX_TX_DriverIRQHandler
                0x00000400                . = 0x400
 *fill*         0x00000264      0x19c ff
                0x00000400                PROVIDE (__FLASH_CONFIG_START__, .)
 *(SORT_BY_ALIGNMENT(.FlashConfig))
 .FlashConfig   0x00000400       0x10 ./SDK/startup/startup_mk64f12.o
                0x00000400                Flash_Config
                0x00000410                PROVIDE (__FLASH_CONFIG_END__, .)
                0x00000001                ASSERT (! ((__FLASH_CONFIG_START__ == __FLASH_CONFIG_END__)), Linker Flash Config Support Enabled, but no .FlashConfig section provided within application)
 *(SORT_BY_ALIGNMENT(.text*))
 .text.App_Init
                0x00000410       0x28 ./source/App.o
                0x00000410                App_Init
 .text.SysTick_Handler
                0x00000438       0x3c ./source/SysTick.o
                0x00000438                SysTick_Handler
 .text.__NVIC_EnableIRQ
                0x00000474       0x3c ./source/gpio.o
 .text.gpioMode
                0x000004b0      0x290 ./source/gpio.o
                0x000004b0                gpioMode
 .text.gpioToggle
                0x00000740       0xc0 ./source/gpio.o
                0x00000740                gpioToggle
 .text.gpioIRQ  0x00000800      0x1ec ./source/gpio.o
                0x00000800                gpioIRQ
 .text.PORTA_IRQHandler
                0x000009ec       0x4c ./source/gpio.o
                0x000009ec                PORTA_IRQHandler
 .text.PORTB_IRQHandler
                0x00000a38       0x4c ./source/gpio.o
                0x00000a38                PORTB_IRQHandler
 .text.PORTC_IRQHandler
                0x00000a84       0x4c ./source/gpio.o
                0x00000a84                PORTC_IRQHandler
 .text.PORTD_IRQHandler
                0x00000ad0       0x4c ./source/gpio.o
                0x00000ad0                PORTD_IRQHandler
 .text.PORTE_IRQHandler
                0x00000b1c       0x4c ./source/gpio.o
                0x00000b1c                PORTE_IRQHandler
 .text.hw_Init  0x00000b68      0x10c ./SDK/startup/hardware.o
                0x00000b68                hw_Init
 .text.hw_EnableInterrupts
                0x00000c74       0x30 ./SDK/startup/hardware.o
                0x00000c74                hw_EnableInterrupts
 .text.hw_DisableInterrupts
                0x00000ca4       0x20 ./SDK/startup/hardware.o
                0x00000ca4                hw_DisableInterrupts
 .text.SystemInit
                0x00000cc4       0x3c ./SDK/CMSIS/system_MK64F12.o
                0x00000cc4                SystemInit
 .text.App_Run  0x00000d00        0xe ./source/App.o
                0x00000d00                App_Run
 .text.test_fun
                0x00000d0e        0xe ./source/App.o
 .text.main     0x00000d1c       0x1a ./SDK/startup/main.o
                0x00000d1c                main
 .text.HardFault_Handler
                0x00000d36       0x2c ./SDK/startup/semihost_hardfault.o
                0x00000d36                HardFault_Handler
 .text.DMA0_IRQHandler
                0x00000d62        0x8 ./SDK/startup/startup_mk64f12.o
                0x00000d62                DMA0_IRQHandler
 .text.DMA1_IRQHandler
                0x00000d6a        0x8 ./SDK/startup/startup_mk64f12.o
                0x00000d6a                DMA1_IRQHandler
 .text.DMA2_IRQHandler
                0x00000d72        0x8 ./SDK/startup/startup_mk64f12.o
                0x00000d72                DMA2_IRQHandler
 .text.DMA3_IRQHandler
                0x00000d7a        0x8 ./SDK/startup/startup_mk64f12.o
                0x00000d7a                DMA3_IRQHandler
 .text.DMA4_IRQHandler
                0x00000d82        0x8 ./SDK/startup/startup_mk64f12.o
                0x00000d82                DMA4_IRQHandler
 .text.DMA5_IRQHandler
                0x00000d8a        0x8 ./SDK/startup/startup_mk64f12.o
                0x00000d8a                DMA5_IRQHandler
 .text.DMA6_IRQHandler
                0x00000d92        0x8 ./SDK/startup/startup_mk64f12.o
                0x00000d92                DMA6_IRQHandler
 .text.DMA7_IRQHandler
                0x00000d9a        0x8 ./SDK/startup/startup_mk64f12.o
                0x00000d9a                DMA7_IRQHandler
 .text.DMA8_IRQHandler
                0x00000da2        0x8 ./SDK/startup/startup_mk64f12.o
                0x00000da2                DMA8_IRQHandler
 .text.DMA9_IRQHandler
                0x00000daa        0x8 ./SDK/startup/startup_mk64f12.o
                0x00000daa                DMA9_IRQHandler
 .text.DMA10_IRQHandler
                0x00000db2        0x8 ./SDK/startup/startup_mk64f12.o
                0x00000db2                DMA10_IRQHandler
 .text.DMA11_IRQHandler
                0x00000dba        0x8 ./SDK/startup/startup_mk64f12.o
                0x00000dba                DMA11_IRQHandler
 .text.DMA12_IRQHandler
                0x00000dc2        0x8 ./SDK/startup/startup_mk64f12.o
                0x00000dc2                DMA12_IRQHandler
 .text.DMA13_IRQHandler
                0x00000dca        0x8 ./SDK/startup/startup_mk64f12.o
                0x00000dca                DMA13_IRQHandler
 .text.DMA14_IRQHandler
                0x00000dd2        0x8 ./SDK/startup/startup_mk64f12.o
                0x00000dd2                DMA14_IRQHandler
 .text.DMA15_IRQHandler
                0x00000dda        0x8 ./SDK/startup/startup_mk64f12.o
                0x00000dda                DMA15_IRQHandler
 .text.DMA_Error_IRQHandler
                0x00000de2        0x8 ./SDK/startup/startup_mk64f12.o
                0x00000de2                DMA_Error_IRQHandler
 .text.MCM_IRQHandler
                0x00000dea        0x8 ./SDK/startup/startup_mk64f12.o
                0x00000dea                MCM_IRQHandler
 .text.FTFE_IRQHandler
                0x00000df2        0x8 ./SDK/startup/startup_mk64f12.o
                0x00000df2                FTFE_IRQHandler
 .text.Read_Collision_IRQHandler
                0x00000dfa        0x8 ./SDK/startup/startup_mk64f12.o
                0x00000dfa                Read_Collision_IRQHandler
 .text.LVD_LVW_IRQHandler
                0x00000e02        0x8 ./SDK/startup/startup_mk64f12.o
                0x00000e02                LVD_LVW_IRQHandler
 .text.LLWU_IRQHandler
                0x00000e0a        0x8 ./SDK/startup/startup_mk64f12.o
                0x00000e0a                LLWU_IRQHandler
 .text.WDOG_EWM_IRQHandler
                0x00000e12        0x8 ./SDK/startup/startup_mk64f12.o
                0x00000e12                WDOG_EWM_IRQHandler
 .text.RNG_IRQHandler
                0x00000e1a        0x8 ./SDK/startup/startup_mk64f12.o
                0x00000e1a                RNG_IRQHandler
 .text.I2C0_IRQHandler
                0x00000e22        0x8 ./SDK/startup/startup_mk64f12.o
                0x00000e22                I2C0_IRQHandler
 .text.I2C1_IRQHandler
                0x00000e2a        0x8 ./SDK/startup/startup_mk64f12.o
                0x00000e2a                I2C1_IRQHandler
 .text.SPI0_IRQHandler
                0x00000e32        0x8 ./SDK/startup/startup_mk64f12.o
                0x00000e32                SPI0_IRQHandler
 .text.SPI1_IRQHandler
                0x00000e3a        0x8 ./SDK/startup/startup_mk64f12.o
                0x00000e3a                SPI1_IRQHandler
 .text.I2S0_Tx_IRQHandler
                0x00000e42        0x8 ./SDK/startup/startup_mk64f12.o
                0x00000e42                I2S0_Tx_IRQHandler
 .text.I2S0_Rx_IRQHandler
                0x00000e4a        0x8 ./SDK/startup/startup_mk64f12.o
                0x00000e4a                I2S0_Rx_IRQHandler
 .text.UART0_LON_IRQHandler
                0x00000e52        0x8 ./SDK/startup/startup_mk64f12.o
                0x00000e52                UART0_LON_IRQHandler
 .text.UART0_RX_TX_IRQHandler
                0x00000e5a        0x8 ./SDK/startup/startup_mk64f12.o
                0x00000e5a                UART0_RX_TX_IRQHandler
 .text.UART0_ERR_IRQHandler
                0x00000e62        0x8 ./SDK/startup/startup_mk64f12.o
                0x00000e62                UART0_ERR_IRQHandler
 .text.UART1_RX_TX_IRQHandler
                0x00000e6a        0x8 ./SDK/startup/startup_mk64f12.o
                0x00000e6a                UART1_RX_TX_IRQHandler
 .text.UART1_ERR_IRQHandler
                0x00000e72        0x8 ./SDK/startup/startup_mk64f12.o
                0x00000e72                UART1_ERR_IRQHandler
 .text.UART2_RX_TX_IRQHandler
                0x00000e7a        0x8 ./SDK/startup/startup_mk64f12.o
                0x00000e7a                UART2_RX_TX_IRQHandler
 .text.UART2_ERR_IRQHandler
                0x00000e82        0x8 ./SDK/startup/startup_mk64f12.o
                0x00000e82                UART2_ERR_IRQHandler
 .text.UART3_RX_TX_IRQHandler
                0x00000e8a        0x8 ./SDK/startup/startup_mk64f12.o
                0x00000e8a                UART3_RX_TX_IRQHandler
 .text.UART3_ERR_IRQHandler
                0x00000e92        0x8 ./SDK/startup/startup_mk64f12.o
                0x00000e92                UART3_ERR_IRQHandler
 .text.ADC0_IRQHandler
                0x00000e9a        0x8 ./SDK/startup/startup_mk64f12.o
                0x00000e9a                ADC0_IRQHandler
 .text.CMP0_IRQHandler
                0x00000ea2        0x8 ./SDK/startup/startup_mk64f12.o
                0x00000ea2                CMP0_IRQHandler
 .text.CMP1_IRQHandler
                0x00000eaa        0x8 ./SDK/startup/startup_mk64f12.o
                0x00000eaa                CMP1_IRQHandler
 .text.FTM0_IRQHandler
                0x00000eb2        0x8 ./SDK/startup/startup_mk64f12.o
                0x00000eb2                FTM0_IRQHandler
 .text.FTM1_IRQHandler
                0x00000eba        0x8 ./SDK/startup/startup_mk64f12.o
                0x00000eba                FTM1_IRQHandler
 .text.FTM2_IRQHandler
                0x00000ec2        0x8 ./SDK/startup/startup_mk64f12.o
                0x00000ec2                FTM2_IRQHandler
 .text.CMT_IRQHandler
                0x00000eca        0x8 ./SDK/startup/startup_mk64f12.o
                0x00000eca                CMT_IRQHandler
 .text.RTC_IRQHandler
                0x00000ed2        0x8 ./SDK/startup/startup_mk64f12.o
                0x00000ed2                RTC_IRQHandler
 .text.RTC_Seconds_IRQHandler
                0x00000eda        0x8 ./SDK/startup/startup_mk64f12.o
                0x00000eda                RTC_Seconds_IRQHandler
 .text.PIT0_IRQHandler
                0x00000ee2        0x8 ./SDK/startup/startup_mk64f12.o
                0x00000ee2                PIT0_IRQHandler
 .text.PIT1_IRQHandler
                0x00000eea        0x8 ./SDK/startup/startup_mk64f12.o
                0x00000eea                PIT1_IRQHandler
 .text.PIT2_IRQHandler
                0x00000ef2        0x8 ./SDK/startup/startup_mk64f12.o
                0x00000ef2                PIT2_IRQHandler
 .text.PIT3_IRQHandler
                0x00000efa        0x8 ./SDK/startup/startup_mk64f12.o
                0x00000efa                PIT3_IRQHandler
 .text.PDB0_IRQHandler
                0x00000f02        0x8 ./SDK/startup/startup_mk64f12.o
                0x00000f02                PDB0_IRQHandler
 .text.USB0_IRQHandler
                0x00000f0a        0x8 ./SDK/startup/startup_mk64f12.o
                0x00000f0a                USB0_IRQHandler
 .text.USBDCD_IRQHandler
                0x00000f12        0x8 ./SDK/startup/startup_mk64f12.o
                0x00000f12                USBDCD_IRQHandler
 .text.Reserved71_IRQHandler
                0x00000f1a        0x8 ./SDK/startup/startup_mk64f12.o
                0x00000f1a                Reserved71_IRQHandler
 .text.DAC0_IRQHandler
                0x00000f22        0x8 ./SDK/startup/startup_mk64f12.o
                0x00000f22                DAC0_IRQHandler
 .text.MCG_IRQHandler
                0x00000f2a        0x8 ./SDK/startup/startup_mk64f12.o
                0x00000f2a                MCG_IRQHandler
 .text.LPTMR0_IRQHandler
                0x00000f32        0x8 ./SDK/startup/startup_mk64f12.o
                0x00000f32                LPTMR0_IRQHandler
 .text.SWI_IRQHandler
                0x00000f3a        0x8 ./SDK/startup/startup_mk64f12.o
                0x00000f3a                SWI_IRQHandler
 .text.SPI2_IRQHandler
                0x00000f42        0x8 ./SDK/startup/startup_mk64f12.o
                0x00000f42                SPI2_IRQHandler
 .text.UART4_RX_TX_IRQHandler
                0x00000f4a        0x8 ./SDK/startup/startup_mk64f12.o
                0x00000f4a                UART4_RX_TX_IRQHandler
 .text.UART4_ERR_IRQHandler
                0x00000f52        0x8 ./SDK/startup/startup_mk64f12.o
                0x00000f52                UART4_ERR_IRQHandler
 .text.UART5_RX_TX_IRQHandler
                0x00000f5a        0x8 ./SDK/startup/startup_mk64f12.o
                0x00000f5a                UART5_RX_TX_IRQHandler
 .text.UART5_ERR_IRQHandler
                0x00000f62        0x8 ./SDK/startup/startup_mk64f12.o
                0x00000f62                UART5_ERR_IRQHandler
 .text.CMP2_IRQHandler
                0x00000f6a        0x8 ./SDK/startup/startup_mk64f12.o
                0x00000f6a                CMP2_IRQHandler
 .text.FTM3_IRQHandler
                0x00000f72        0x8 ./SDK/startup/startup_mk64f12.o
                0x00000f72                FTM3_IRQHandler
 .text.DAC1_IRQHandler
                0x00000f7a        0x8 ./SDK/startup/startup_mk64f12.o
                0x00000f7a                DAC1_IRQHandler
 .text.ADC1_IRQHandler
                0x00000f82        0x8 ./SDK/startup/startup_mk64f12.o
                0x00000f82                ADC1_IRQHandler
 .text.I2C2_IRQHandler
                0x00000f8a        0x8 ./SDK/startup/startup_mk64f12.o
                0x00000f8a                I2C2_IRQHandler
 .text.CAN0_ORed_Message_buffer_IRQHandler
                0x00000f92        0x8 ./SDK/startup/startup_mk64f12.o
                0x00000f92                CAN0_ORed_Message_buffer_IRQHandler
 .text.CAN0_Bus_Off_IRQHandler
                0x00000f9a        0x8 ./SDK/startup/startup_mk64f12.o
                0x00000f9a                CAN0_Bus_Off_IRQHandler
 .text.CAN0_Error_IRQHandler
                0x00000fa2        0x8 ./SDK/startup/startup_mk64f12.o
                0x00000fa2                CAN0_Error_IRQHandler
 .text.CAN0_Tx_Warning_IRQHandler
                0x00000faa        0x8 ./SDK/startup/startup_mk64f12.o
                0x00000faa                CAN0_Tx_Warning_IRQHandler
 .text.CAN0_Rx_Warning_IRQHandler
                0x00000fb2        0x8 ./SDK/startup/startup_mk64f12.o
                0x00000fb2                CAN0_Rx_Warning_IRQHandler
 .text.CAN0_Wake_Up_IRQHandler
                0x00000fba        0x8 ./SDK/startup/startup_mk64f12.o
                0x00000fba                CAN0_Wake_Up_IRQHandler
 .text.SDHC_IRQHandler
                0x00000fc2        0x8 ./SDK/startup/startup_mk64f12.o
                0x00000fc2                SDHC_IRQHandler
 .text.ENET_1588_Timer_IRQHandler
                0x00000fca        0x8 ./SDK/startup/startup_mk64f12.o
                0x00000fca                ENET_1588_Timer_IRQHandler
 .text.ENET_Transmit_IRQHandler
                0x00000fd2        0x8 ./SDK/startup/startup_mk64f12.o
                0x00000fd2                ENET_Transmit_IRQHandler
 .text.ENET_Receive_IRQHandler
                0x00000fda        0x8 ./SDK/startup/startup_mk64f12.o
                0x00000fda                ENET_Receive_IRQHandler
 .text.ENET_Error_IRQHandler
                0x00000fe2        0x8 ./SDK/startup/startup_mk64f12.o
                0x00000fe2                ENET_Error_IRQHandler
 .text.SystemInitHook
                0x00000fea        0xe ./SDK/CMSIS/system_MK64F12.o
                0x00000fea                SystemInitHook
 *(SORT_BY_ALIGNMENT(.rodata) SORT_BY_ALIGNMENT(.rodata.*) SORT_BY_ALIGNMENT(.constdata) SORT_BY_ALIGNMENT(.constdata.*))
                0x00000ff8                . = ALIGN (0x8)

.glue_7         0x00000ff8        0x0
 .glue_7        0x00000ff8        0x0 linker stubs

.glue_7t        0x00000ff8        0x0
 .glue_7t       0x00000ff8        0x0 linker stubs

.vfp11_veneer   0x00000ff8        0x0
 .vfp11_veneer  0x00000ff8        0x0 linker stubs

.v4_bx          0x00000ff8        0x0
 .v4_bx         0x00000ff8        0x0 linker stubs

.iplt           0x00000ff8        0x0
 .iplt          0x00000ff8        0x0 ./source/App.o

.rel.dyn        0x00000ff8        0x0
 .rel.iplt      0x00000ff8        0x0 ./source/App.o

.ARM.extab
 *(SORT_BY_ALIGNMENT(.ARM.extab*) SORT_BY_ALIGNMENT(.gnu.linkonce.armextab.*))
                0x00000ff8                __exidx_start = .

.ARM.exidx
 *(SORT_BY_ALIGNMENT(.ARM.exidx*) SORT_BY_ALIGNMENT(.gnu.linkonce.armexidx.*))
                0x00000ff8                __exidx_end = .
                0x00000ff8                _etext = .

.m_usb_data
 *(SORT_BY_ALIGNMENT(m_usb_bdt))

.data_RAM2      0x1fff0000        0x0 load address 0x00000ff8
 FILL mask 0xff
                [!provide]                PROVIDE (__start_data_RAM2, .)
 *(SORT_BY_ALIGNMENT(.ramfunc.$RAM2))
 *(SORT_BY_ALIGNMENT(.ramfunc.$SRAM_LOWER))
 *(SORT_BY_ALIGNMENT(.data.$RAM2*))
 *(SORT_BY_ALIGNMENT(.data.$SRAM_LOWER*))
                0x1fff0000                . = ALIGN (0x8)
                [!provide]                PROVIDE (__end_data_RAM2, .)

.data_RAM3      0x14000000        0x0 load address 0x00000ff8
 FILL mask 0xff
                [!provide]                PROVIDE (__start_data_RAM3, .)
 *(SORT_BY_ALIGNMENT(.ramfunc.$RAM3))
 *(SORT_BY_ALIGNMENT(.ramfunc.$FLEX_RAM))
 *(SORT_BY_ALIGNMENT(.data.$RAM3*))
 *(SORT_BY_ALIGNMENT(.data.$FLEX_RAM*))
                0x14000000                . = ALIGN (0x8)
                [!provide]                PROVIDE (__end_data_RAM3, .)

.uninit_RESERVED
                0x20000000        0x0
 *(SORT_BY_ALIGNMENT(.bss.$RESERVED*))
                0x20000000                . = ALIGN (0x4)
                0x20000000                _end_uninit_RESERVED = .

.data           0x20000000        0x8 load address 0x00000ff8
 FILL mask 0xff
                0x20000000                _data = .
 *(SORT_BY_ALIGNMENT(vtable))
 *(SORT_BY_ALIGNMENT(.ramfunc*))
 *(SORT_BY_ALIGNMENT(.data*))
 .data.counter.7873
                0x20000000        0x4 ./source/SysTick.o
                0x20000008                . = ALIGN (0x8)
 *fill*         0x20000004        0x4 ff
                0x20000008                _edata = .

.igot.plt       0x20000008        0x0 load address 0x00001000
 .igot.plt      0x20000008        0x0 ./source/App.o

.bss_RAM2       0x1fff0000        0x0
                [!provide]                PROVIDE (__start_bss_RAM2, .)
 *(SORT_BY_ALIGNMENT(.bss.$RAM2*))
 *(SORT_BY_ALIGNMENT(.bss.$SRAM_LOWER*))
                0x1fff0000                . = ALIGN ((. != 0x0)?0x8:0x1)
                [!provide]                PROVIDE (__end_bss_RAM2, .)

.bss_RAM3       0x14000000        0x0
                [!provide]                PROVIDE (__start_bss_RAM3, .)
 *(SORT_BY_ALIGNMENT(.bss.$RAM3*))
 *(SORT_BY_ALIGNMENT(.bss.$FLEX_RAM*))
                0x14000000                . = ALIGN ((. != 0x0)?0x8:0x1)
                [!provide]                PROVIDE (__end_bss_RAM3, .)

.bss            0x20000008      0x160
                0x20000008                _bss = .
 *(SORT_BY_ALIGNMENT(.bss*))
 .bss.irqfun_p_array
                0x20000008      0x158 ./source/gpio.o
                0x20000008                irqfun_p_array
 .bss.__LDM_interruptDisableCount
                0x20000160        0x4 ./SDK/startup/hardware.o
 .bss.current_pin
                0x20000164        0x1 ./source/gpio.o
                0x20000164                current_pin
 *(SORT_BY_ALIGNMENT(COMMON))
                0x20000168                . = ALIGN (0x8)
 *fill*         0x20000165        0x3 
                0x20000168                _ebss = .
                [!provide]                PROVIDE (end, .)

.noinit_RAM2    0x1fff0000        0x0
 *(SORT_BY_ALIGNMENT(.noinit.$RAM2*))
 *(SORT_BY_ALIGNMENT(.noinit.$SRAM_LOWER*))
                0x1fff0000                . = ALIGN (0x8)

.noinit_RAM3    0x14000000        0x0
 *(SORT_BY_ALIGNMENT(.noinit.$RAM3*))
 *(SORT_BY_ALIGNMENT(.noinit.$FLEX_RAM*))
                0x14000000                . = ALIGN (0x8)

.noinit         0x20000168        0x0
                0x20000168                _noinit = .
 *(SORT_BY_ALIGNMENT(.noinit*))
                0x20000168                . = ALIGN (0x8)
                0x20000168                _end_noinit = .
                0x00001000                _HeapSize = 0x1000

.heap           0x20000168     0x1000
                0x20000168                _pvHeapStart = .
                0x20001168                . = (. + _HeapSize)
 *fill*         0x20000168     0x1000 
                0x20001168                . = ALIGN (0x8)
                0x20001168                _pvHeapLimit = .
                0x00001000                _StackSize = 0x1000

.heap2stackfill
                0x20001168     0x1000
                0x20002168                . = (. + _StackSize)
 *fill*         0x20001168     0x1000 

.stack          0x2002f000        0x0
                0x2002f000                _vStackBase = .
                0x2002f000                . = ALIGN (0x8)
                0x20030000                _vStackTop = (. + _StackSize)
                0x00000000                _image_start = LOADADDR (.text)
                0x00001000                _image_end = (LOADADDR (.data) + SIZEOF (.data))
                0x00001000                _image_size = (_image_end - _image_start)
OUTPUT(Blink.axf elf32-littlearm)

.debug_info     0x00000000     0x32fe
 .debug_info    0x00000000      0x9d4 ./source/App.o
 .debug_info    0x000009d4      0x9d0 ./source/SysTick.o
 .debug_info    0x000013a4      0x947 ./source/gpio.o
 .debug_info    0x00001ceb      0x675 ./SDK/startup/hardware.o
 .debug_info    0x00002360       0xb7 ./SDK/startup/main.o
 .debug_info    0x00002417       0x3b ./SDK/startup/semihost_hardfault.o
 .debug_info    0x00002452      0x8b0 ./SDK/startup/startup_mk64f12.o
 .debug_info    0x00002d02      0x5fc ./SDK/CMSIS/system_MK64F12.o

.debug_abbrev   0x00000000      0xa9e
 .debug_abbrev  0x00000000      0x229 ./source/App.o
 .debug_abbrev  0x00000229      0x205 ./source/SysTick.o
 .debug_abbrev  0x0000042e      0x1f1 ./source/gpio.o
 .debug_abbrev  0x0000061f      0x138 ./SDK/startup/hardware.o
 .debug_abbrev  0x00000757       0x7d ./SDK/startup/main.o
 .debug_abbrev  0x000007d4       0x2f ./SDK/startup/semihost_hardfault.o
 .debug_abbrev  0x00000803      0x15c ./SDK/startup/startup_mk64f12.o
 .debug_abbrev  0x0000095f      0x13f ./SDK/CMSIS/system_MK64F12.o

.debug_aranges  0x00000000      0x4a0
 .debug_aranges
                0x00000000       0x38 ./source/App.o
 .debug_aranges
                0x00000038       0x28 ./source/SysTick.o
 .debug_aranges
                0x00000060       0x70 ./source/gpio.o
 .debug_aranges
                0x000000d0       0x30 ./SDK/startup/hardware.o
 .debug_aranges
                0x00000100       0x20 ./SDK/startup/main.o
 .debug_aranges
                0x00000120       0x20 ./SDK/startup/semihost_hardfault.o
 .debug_aranges
                0x00000140      0x330 ./SDK/startup/startup_mk64f12.o
 .debug_aranges
                0x00000470       0x30 ./SDK/CMSIS/system_MK64F12.o

.debug_ranges   0x00000000      0x420
 .debug_ranges  0x00000000       0x28 ./source/App.o
 .debug_ranges  0x00000028       0x18 ./source/SysTick.o
 .debug_ranges  0x00000040       0x60 ./source/gpio.o
 .debug_ranges  0x000000a0       0x20 ./SDK/startup/hardware.o
 .debug_ranges  0x000000c0       0x10 ./SDK/startup/main.o
 .debug_ranges  0x000000d0       0x10 ./SDK/startup/semihost_hardfault.o
 .debug_ranges  0x000000e0      0x320 ./SDK/startup/startup_mk64f12.o
 .debug_ranges  0x00000400       0x20 ./SDK/CMSIS/system_MK64F12.o

.debug_macro    0x00000000    0x12713
 .debug_macro   0x00000000      0x250 ./source/App.o
 .debug_macro   0x00000250      0xa5a ./source/App.o
 .debug_macro   0x00000caa      0x34e ./source/App.o
 .debug_macro   0x00000ff8       0x22 ./source/App.o
 .debug_macro   0x0000101a       0x3a ./source/App.o
 .debug_macro   0x00001054       0x34 ./source/App.o
 .debug_macro   0x00001088       0x10 ./source/App.o
 .debug_macro   0x00001098       0x10 ./source/App.o
 .debug_macro   0x000010a8       0x5c ./source/App.o
 .debug_macro   0x00001104       0x1c ./source/App.o
 .debug_macro   0x00001120       0x22 ./source/App.o
 .debug_macro   0x00001142       0xdf ./source/App.o
 .debug_macro   0x00001221      0xecf ./source/App.o
 .debug_macro   0x000020f0       0x48 ./source/App.o
 .debug_macro   0x00002138     0xe07b ./source/App.o
 .debug_macro   0x000101b3     0x122b ./source/App.o
 .debug_macro   0x000113de       0x16 ./source/App.o
 .debug_macro   0x000113f4       0x22 ./source/App.o
 .debug_macro   0x00011416       0x52 ./source/App.o
 .debug_macro   0x00011468       0x17 ./source/App.o
 .debug_macro   0x0001147f       0x8d ./source/App.o
 .debug_macro   0x0001150c       0x35 ./source/App.o
 .debug_macro   0x00011541       0x9c ./source/App.o
 .debug_macro   0x000115dd       0x16 ./source/App.o
 .debug_macro   0x000115f3       0x57 ./source/App.o
 .debug_macro   0x0001164a       0x97 ./source/App.o
 .debug_macro   0x000116e1      0x32a ./source/App.o
 .debug_macro   0x00011a0b       0xfd ./source/App.o
 .debug_macro   0x00011b08       0x10 ./source/App.o
 .debug_macro   0x00011b18       0x58 ./source/App.o
 .debug_macro   0x00011b70       0x1f ./source/App.o
 .debug_macro   0x00011b8f       0x43 ./source/App.o
 .debug_macro   0x00011bd2       0x20 ./source/App.o
 .debug_macro   0x00011bf2      0x18e ./source/App.o
 .debug_macro   0x00011d80       0x10 ./source/App.o
 .debug_macro   0x00011d90       0x6a ./source/App.o
 .debug_macro   0x00011dfa       0x1c ./source/App.o
 .debug_macro   0x00011e16       0x52 ./source/App.o
 .debug_macro   0x00011e68       0x40 ./source/App.o
 .debug_macro   0x00011ea8       0x10 ./source/App.o
 .debug_macro   0x00011eb8       0x40 ./source/App.o
 .debug_macro   0x00011ef8       0xd7 ./source/App.o
 .debug_macro   0x00011fcf       0x1c ./source/App.o
 .debug_macro   0x00011feb       0x3d ./source/App.o
 .debug_macro   0x00012028       0x16 ./source/App.o
 .debug_macro   0x0001203e      0x16f ./source/App.o
 .debug_macro   0x000121ad      0x247 ./source/SysTick.o
 .debug_macro   0x000123f4       0x40 ./source/SysTick.o
 .debug_macro   0x00012434       0x3a ./source/SysTick.o
 .debug_macro   0x0001246e       0xb3 ./source/gpio.o
 .debug_macro   0x00012521       0x9c ./SDK/startup/hardware.o
 .debug_macro   0x000125bd       0x9c ./SDK/startup/main.o
 .debug_macro   0x00012659       0x11 ./SDK/startup/semihost_hardfault.o
 .debug_macro   0x0001266a       0x29 ./SDK/startup/startup_mk64f12.o
 .debug_macro   0x00012693       0x80 ./SDK/CMSIS/system_MK64F12.o

.debug_line     0x00000000     0x1728
 .debug_line    0x00000000      0x40c ./source/App.o
 .debug_line    0x0000040c      0x3ea ./source/SysTick.o
 .debug_line    0x000007f6      0x2f1 ./source/gpio.o
 .debug_line    0x00000ae7      0x1d4 ./SDK/startup/hardware.o
 .debug_line    0x00000cbb      0x175 ./SDK/startup/main.o
 .debug_line    0x00000e30       0x59 ./SDK/startup/semihost_hardfault.o
 .debug_line    0x00000e89      0x6d8 ./SDK/startup/startup_mk64f12.o
 .debug_line    0x00001561      0x1c7 ./SDK/CMSIS/system_MK64F12.o

.debug_str      0x00000000    0x7c821
 .debug_str     0x00000000    0x7b6a1 ./source/App.o
                              0x7b935 (size before relaxing)
 .debug_str     0x0007b6a1       0x56 ./source/SysTick.o
                              0x7b8a1 (size before relaxing)
 .debug_str     0x0007b6f7      0x72a ./source/gpio.o
                              0x77806 (size before relaxing)
 .debug_str     0x0007be21      0x178 ./SDK/startup/hardware.o
                              0x77205 (size before relaxing)
 .debug_str     0x0007bf99       0x1b ./SDK/startup/main.o
                              0x76fd9 (size before relaxing)
 .debug_str     0x0007bfb4       0x36 ./SDK/startup/semihost_hardfault.o
                               0x2d43 (size before relaxing)
 .debug_str     0x0007bfea      0x7d5 ./SDK/startup/startup_mk64f12.o
                               0x35b1 (size before relaxing)
 .debug_str     0x0007c7bf       0x62 ./SDK/CMSIS/system_MK64F12.o
                              0x77114 (size before relaxing)

.comment        0x00000000       0x7e
 .comment       0x00000000       0x7e ./source/App.o
                                 0x7f (size before relaxing)
 .comment       0x0000007e       0x7f ./source/SysTick.o
 .comment       0x0000007e       0x7f ./source/gpio.o
 .comment       0x0000007e       0x7f ./SDK/startup/hardware.o
 .comment       0x0000007e       0x7f ./SDK/startup/main.o
 .comment       0x0000007e       0x7f ./SDK/startup/semihost_hardfault.o
 .comment       0x0000007e       0x7f ./SDK/startup/startup_mk64f12.o
 .comment       0x0000007e       0x7f ./SDK/CMSIS/system_MK64F12.o

.ARM.attributes
                0x00000000       0x39
 .ARM.attributes
                0x00000000       0x39 ./source/App.o
 .ARM.attributes
                0x00000039       0x39 ./source/SysTick.o
 .ARM.attributes
                0x00000072       0x39 ./source/gpio.o
 .ARM.attributes
                0x000000ab       0x39 ./SDK/startup/hardware.o
 .ARM.attributes
                0x000000e4       0x39 ./SDK/startup/main.o
 .ARM.attributes
                0x0000011d       0x39 ./SDK/startup/semihost_hardfault.o
 .ARM.attributes
                0x00000156       0x39 ./SDK/startup/startup_mk64f12.o
 .ARM.attributes
                0x0000018f       0x39 ./SDK/CMSIS/system_MK64F12.o

.debug_frame    0x00000000      0xcf8
 .debug_frame   0x00000000       0x90 ./source/App.o
 .debug_frame   0x00000090       0x5c ./source/SysTick.o
 .debug_frame   0x000000ec      0x1d8 ./source/gpio.o
 .debug_frame   0x000002c4       0x70 ./SDK/startup/hardware.o
 .debug_frame   0x00000334       0x2c ./SDK/startup/main.o
 .debug_frame   0x00000360       0x20 ./SDK/startup/semihost_hardfault.o
 .debug_frame   0x00000380      0x904 ./SDK/startup/startup_mk64f12.o
 .debug_frame   0x00000c84       0x74 ./SDK/CMSIS/system_MK64F12.o
