Archive member included to satisfy reference by file (symbol)

c:/nxp/mcuxpressoide_10.2.0_759/ide/tools/bin/../lib/gcc/arm-none-eabi/7.2.1/../../../../arm-none-eabi/lib/thumb/v7e-m/fpv4-sp/hard\libcr_c.a(memcpy.o)
                              ./source/CardReader.o (memcpy)
c:/nxp/mcuxpressoide_10.2.0_759/ide/tools/bin/../lib/gcc/arm-none-eabi/7.2.1/thumb/v7e-m/fpv4-sp/hard\libcr_eabihelpers.a(memcpy.o)
                              c:/nxp/mcuxpressoide_10.2.0_759/ide/tools/bin/../lib/gcc/arm-none-eabi/7.2.1/../../../../arm-none-eabi/lib/thumb/v7e-m/fpv4-sp/hard\libcr_c.a(memcpy.o) (__aeabi_memcpy)

Discarded input sections

 .group         0x00000000        0xc ./source/App.o
 .group         0x00000000        0xc ./source/App.o
 .group         0x00000000        0xc ./source/App.o
 .group         0x00000000        0xc ./source/App.o
 .group         0x00000000        0xc ./source/App.o
 .group         0x00000000        0xc ./source/App.o
 .group         0x00000000        0xc ./source/App.o
 .group         0x00000000        0xc ./source/App.o
 .group         0x00000000        0xc ./source/App.o
 .group         0x00000000        0xc ./source/App.o
 .group         0x00000000        0xc ./source/App.o
 .group         0x00000000        0xc ./source/App.o
 .group         0x00000000        0xc ./source/App.o
 .group         0x00000000        0xc ./source/App.o
 .group         0x00000000        0xc ./source/App.o
 .group         0x00000000        0xc ./source/App.o
 .group         0x00000000        0xc ./source/App.o
 .group         0x00000000        0xc ./source/App.o
 .group         0x00000000        0xc ./source/App.o
 .group         0x00000000        0xc ./source/App.o
 .group         0x00000000        0xc ./source/App.o
 .group         0x00000000        0xc ./source/App.o
 .group         0x00000000        0xc ./source/App.o
 .group         0x00000000        0xc ./source/App.o
 .group         0x00000000        0xc ./source/App.o
 .group         0x00000000        0xc ./source/App.o
 .group         0x00000000        0xc ./source/App.o
 .group         0x00000000        0xc ./source/App.o
 .group         0x00000000        0xc ./source/App.o
 .group         0x00000000        0xc ./source/App.o
 .group         0x00000000        0xc ./source/App.o
 .group         0x00000000        0xc ./source/App.o
 .group         0x00000000        0xc ./source/App.o
 .group         0x00000000        0xc ./source/App.o
 .group         0x00000000        0xc ./source/App.o
 .group         0x00000000        0xc ./source/App.o
 .group         0x00000000        0xc ./source/App.o
 .group         0x00000000        0xc ./source/App.o
 .group         0x00000000        0xc ./source/App.o
 .group         0x00000000        0xc ./source/App.o
 .group         0x00000000        0xc ./source/App.o
 .group         0x00000000        0xc ./source/App.o
 .group         0x00000000        0xc ./source/App.o
 .group         0x00000000        0xc ./source/App.o
 .group         0x00000000        0xc ./source/App.o
 .group         0x00000000        0xc ./source/App.o
 .group         0x00000000        0xc ./source/App.o
 .group         0x00000000        0xc ./source/App.o
 .group         0x00000000        0xc ./source/App.o
 .text          0x00000000        0x0 ./source/App.o
 .data          0x00000000        0x0 ./source/App.o
 .bss           0x00000000        0x0 ./source/App.o
 .text.delayLoop
                0x00000000       0x20 ./source/App.o
 .group         0x00000000        0xc ./source/CardReader.o
 .group         0x00000000        0xc ./source/CardReader.o
 .group         0x00000000        0xc ./source/CardReader.o
 .group         0x00000000        0xc ./source/CardReader.o
 .group         0x00000000        0xc ./source/CardReader.o
 .group         0x00000000        0xc ./source/CardReader.o
 .text          0x00000000        0x0 ./source/CardReader.o
 .data          0x00000000        0x0 ./source/CardReader.o
 .bss           0x00000000        0x0 ./source/CardReader.o
 .text.Cardreader_Init
                0x00000000        0xc ./source/CardReader.o
 .text.lecture_ready
                0x00000000        0xe ./source/CardReader.o
 .text.get_decoded
                0x00000000       0x54 ./source/CardReader.o
 .debug_info    0x00000000      0x115 ./source/CardReader.o
 .debug_abbrev  0x00000000       0xc5 ./source/CardReader.o
 .debug_aranges
                0x00000000       0x30 ./source/CardReader.o
 .debug_ranges  0x00000000       0x20 ./source/CardReader.o
 .debug_macro   0x00000000       0x4e ./source/CardReader.o
 .debug_macro   0x00000000      0xa5a ./source/CardReader.o
 .debug_macro   0x00000000       0x10 ./source/CardReader.o
 .debug_macro   0x00000000      0x34e ./source/CardReader.o
 .debug_macro   0x00000000       0x10 ./source/CardReader.o
 .debug_macro   0x00000000       0x28 ./source/CardReader.o
 .debug_macro   0x00000000       0x22 ./source/CardReader.o
 .debug_line    0x00000000      0x11f ./source/CardReader.o
 .debug_str     0x00000000     0x3916 ./source/CardReader.o
 .comment       0x00000000       0x7f ./source/CardReader.o
 .debug_frame   0x00000000       0x6c ./source/CardReader.o
 .ARM.attributes
                0x00000000       0x39 ./source/CardReader.o
 .group         0x00000000        0xc ./source/CardReaderDecoder.o
 .group         0x00000000        0xc ./source/CardReaderDecoder.o
 .group         0x00000000        0xc ./source/CardReaderDecoder.o
 .group         0x00000000        0xc ./source/CardReaderDecoder.o
 .group         0x00000000        0xc ./source/CardReaderDecoder.o
 .group         0x00000000        0xc ./source/CardReaderDecoder.o
 .text          0x00000000        0x0 ./source/CardReaderDecoder.o
 .data          0x00000000        0x0 ./source/CardReaderDecoder.o
 .bss           0x00000000        0x0 ./source/CardReaderDecoder.o
 .rodata.track1
                0x00000000       0x18 ./source/CardReaderDecoder.o
 .data.trackarray
                0x00000000        0x4 ./source/CardReaderDecoder.o
 .text.dataParser
                0x00000000       0x68 ./source/CardReaderDecoder.o
 .text.getShapedTrack
                0x00000000      0x122 ./source/CardReaderDecoder.o
 .text.identifySymbol
                0x00000000       0xa8 ./source/CardReaderDecoder.o
 .text.shapeTrack
                0x00000000       0x4a ./source/CardReaderDecoder.o
 .text.decodeTrack
                0x00000000      0x2ae ./source/CardReaderDecoder.o
 .debug_info    0x00000000      0x484 ./source/CardReaderDecoder.o
 .debug_abbrev  0x00000000      0x108 ./source/CardReaderDecoder.o
 .debug_aranges
                0x00000000       0x40 ./source/CardReaderDecoder.o
 .debug_ranges  0x00000000       0x30 ./source/CardReaderDecoder.o
 .debug_macro   0x00000000       0x72 ./source/CardReaderDecoder.o
 .debug_macro   0x00000000      0xa5a ./source/CardReaderDecoder.o
 .debug_macro   0x00000000       0xf4 ./source/CardReaderDecoder.o
 .debug_macro   0x00000000      0x34e ./source/CardReaderDecoder.o
 .debug_macro   0x00000000       0x22 ./source/CardReaderDecoder.o
 .debug_macro   0x00000000       0x22 ./source/CardReaderDecoder.o
 .debug_macro   0x00000000      0x174 ./source/CardReaderDecoder.o
 .debug_line    0x00000000      0x281 ./source/CardReaderDecoder.o
 .debug_str     0x00000000     0x43d3 ./source/CardReaderDecoder.o
 .comment       0x00000000       0x7f ./source/CardReaderDecoder.o
 .debug_frame   0x00000000       0xd4 ./source/CardReaderDecoder.o
 .ARM.attributes
                0x00000000       0x39 ./source/CardReaderDecoder.o
 .group         0x00000000        0xc ./source/CardReaderHAL.o
 .group         0x00000000        0xc ./source/CardReaderHAL.o
 .group         0x00000000        0xc ./source/CardReaderHAL.o
 .group         0x00000000        0xc ./source/CardReaderHAL.o
 .group         0x00000000        0xc ./source/CardReaderHAL.o
 .group         0x00000000        0xc ./source/CardReaderHAL.o
 .text          0x00000000        0x0 ./source/CardReaderHAL.o
 .data          0x00000000        0x0 ./source/CardReaderHAL.o
 .bss           0x00000000        0x0 ./source/CardReaderHAL.o
 .bss.read_enable
                0x00000000        0x1 ./source/CardReaderHAL.o
 .bss.save_items
                0x00000000        0x1 ./source/CardReaderHAL.o
 .bss.data_counter
                0x00000000        0x4 ./source/CardReaderHAL.o
 .bss.reader_queue
                0x00000000      0x508 ./source/CardReaderHAL.o
 .text.CardReaderHW_Init
                0x00000000       0x50 ./source/CardReaderHAL.o
 .text.clockfun
                0x00000000       0x50 ./source/CardReaderHAL.o
 .text.enablefun
                0x00000000       0x84 ./source/CardReaderHAL.o
 .text.Queue_Init
                0x00000000       0x20 ./source/CardReaderHAL.o
 .text.get_buffer
                0x00000000       0x68 ./source/CardReaderHAL.o
 .text.queue_not_empty
                0x00000000       0x30 ./source/CardReaderHAL.o
 .bss.hw_Init.5010
                0x00000000        0x1 ./source/CardReaderHAL.o
 .debug_info    0x00000000      0x231 ./source/CardReaderHAL.o
 .debug_abbrev  0x00000000      0x137 ./source/CardReaderHAL.o
 .debug_aranges
                0x00000000       0x48 ./source/CardReaderHAL.o
 .debug_ranges  0x00000000       0x38 ./source/CardReaderHAL.o
 .debug_macro   0x00000000       0x66 ./source/CardReaderHAL.o
 .debug_macro   0x00000000      0xa5a ./source/CardReaderHAL.o
 .debug_macro   0x00000000      0x34e ./source/CardReaderHAL.o
 .debug_macro   0x00000000       0x10 ./source/CardReaderHAL.o
 .debug_macro   0x00000000       0x22 ./source/CardReaderHAL.o
 .debug_macro   0x00000000       0x3a ./source/CardReaderHAL.o
 .debug_macro   0x00000000      0x174 ./source/CardReaderHAL.o
 .debug_line    0x00000000      0x165 ./source/CardReaderHAL.o
 .debug_str     0x00000000     0x3db6 ./source/CardReaderHAL.o
 .comment       0x00000000       0x7f ./source/CardReaderHAL.o
 .debug_frame   0x00000000       0xcc ./source/CardReaderHAL.o
 .ARM.attributes
                0x00000000       0x39 ./source/CardReaderHAL.o
 .group         0x00000000        0xc ./source/SysTick.o
 .group         0x00000000        0xc ./source/SysTick.o
 .group         0x00000000        0xc ./source/SysTick.o
 .group         0x00000000        0xc ./source/SysTick.o
 .group         0x00000000        0xc ./source/SysTick.o
 .group         0x00000000        0xc ./source/SysTick.o
 .group         0x00000000        0xc ./source/SysTick.o
 .group         0x00000000        0xc ./source/SysTick.o
 .group         0x00000000        0xc ./source/SysTick.o
 .group         0x00000000        0xc ./source/SysTick.o
 .group         0x00000000        0xc ./source/SysTick.o
 .group         0x00000000        0xc ./source/SysTick.o
 .group         0x00000000        0xc ./source/SysTick.o
 .group         0x00000000        0xc ./source/SysTick.o
 .group         0x00000000        0xc ./source/SysTick.o
 .text          0x00000000        0x0 ./source/SysTick.o
 .data          0x00000000        0x0 ./source/SysTick.o
 .bss           0x00000000        0x0 ./source/SysTick.o
 .debug_macro   0x00000000      0xa5a ./source/SysTick.o
 .debug_macro   0x00000000       0x22 ./source/SysTick.o
 .debug_macro   0x00000000       0x5c ./source/SysTick.o
 .debug_macro   0x00000000      0x34e ./source/SysTick.o
 .debug_macro   0x00000000       0x1c ./source/SysTick.o
 .debug_macro   0x00000000       0x22 ./source/SysTick.o
 .debug_macro   0x00000000       0xdf ./source/SysTick.o
 .debug_macro   0x00000000      0xecf ./source/SysTick.o
 .debug_macro   0x00000000       0x48 ./source/SysTick.o
 .debug_macro   0x00000000     0xe07b ./source/SysTick.o
 .debug_macro   0x00000000       0x10 ./source/SysTick.o
 .debug_macro   0x00000000     0x122b ./source/SysTick.o
 .debug_macro   0x00000000       0x16 ./source/SysTick.o
 .group         0x00000000        0xc ./source/gpio.o
 .group         0x00000000        0xc ./source/gpio.o
 .group         0x00000000        0xc ./source/gpio.o
 .group         0x00000000        0xc ./source/gpio.o
 .group         0x00000000        0xc ./source/gpio.o
 .group         0x00000000        0xc ./source/gpio.o
 .group         0x00000000        0xc ./source/gpio.o
 .group         0x00000000        0xc ./source/gpio.o
 .group         0x00000000        0xc ./source/gpio.o
 .group         0x00000000        0xc ./source/gpio.o
 .group         0x00000000        0xc ./source/gpio.o
 .group         0x00000000        0xc ./source/gpio.o
 .group         0x00000000        0xc ./source/gpio.o
 .group         0x00000000        0xc ./source/gpio.o
 .text          0x00000000        0x0 ./source/gpio.o
 .data          0x00000000        0x0 ./source/gpio.o
 .bss           0x00000000        0x0 ./source/gpio.o
 .text.__NVIC_EnableIRQ
                0x00000000       0x3c ./source/gpio.o
 .text.gpioRead
                0x00000000       0xec ./source/gpio.o
 .text.gpioPull
                0x00000000       0xf0 ./source/gpio.o
 .text.gpioIRQ  0x00000000      0x1f8 ./source/gpio.o
 .debug_macro   0x00000000      0xa5a ./source/gpio.o
 .debug_macro   0x00000000       0x5c ./source/gpio.o
 .debug_macro   0x00000000      0x34e ./source/gpio.o
 .debug_macro   0x00000000       0x1c ./source/gpio.o
 .debug_macro   0x00000000       0x22 ./source/gpio.o
 .debug_macro   0x00000000       0xdf ./source/gpio.o
 .debug_macro   0x00000000      0xecf ./source/gpio.o
 .debug_macro   0x00000000       0x48 ./source/gpio.o
 .debug_macro   0x00000000     0xe07b ./source/gpio.o
 .debug_macro   0x00000000     0x122b ./source/gpio.o
 .debug_macro   0x00000000       0x22 ./source/gpio.o
 .debug_macro   0x00000000       0x3a ./source/gpio.o
 .debug_macro   0x00000000       0x10 ./source/gpio.o
 .debug_macro   0x00000000       0x16 ./source/gpio.o
 .group         0x00000000        0xc ./source/timer.o
 .group         0x00000000        0xc ./source/timer.o
 .group         0x00000000        0xc ./source/timer.o
 .group         0x00000000        0xc ./source/timer.o
 .group         0x00000000        0xc ./source/timer.o
 .group         0x00000000        0xc ./source/timer.o
 .group         0x00000000        0xc ./source/timer.o
 .group         0x00000000        0xc ./source/timer.o
 .group         0x00000000        0xc ./source/timer.o
 .group         0x00000000        0xc ./source/timer.o
 .group         0x00000000        0xc ./source/timer.o
 .group         0x00000000        0xc ./source/timer.o
 .group         0x00000000        0xc ./source/timer.o
 .group         0x00000000        0xc ./source/timer.o
 .group         0x00000000        0xc ./source/timer.o
 .group         0x00000000        0xc ./source/timer.o
 .group         0x00000000        0xc ./source/timer.o
 .group         0x00000000        0xc ./source/timer.o
 .group         0x00000000        0xc ./source/timer.o
 .group         0x00000000        0xc ./source/timer.o
 .group         0x00000000        0xc ./source/timer.o
 .group         0x00000000        0xc ./source/timer.o
 .text          0x00000000        0x0 ./source/timer.o
 .data          0x00000000        0x0 ./source/timer.o
 .bss           0x00000000        0x0 ./source/timer.o
 .text.timerGetCnt
                0x00000000       0x24 ./source/timer.o
 .text.timerRestart
                0x00000000       0x28 ./source/timer.o
 .debug_macro   0x00000000      0xa5a ./source/timer.o
 .debug_macro   0x00000000      0x34e ./source/timer.o
 .debug_macro   0x00000000       0x22 ./source/timer.o
 .debug_macro   0x00000000       0x17 ./source/timer.o
 .debug_macro   0x00000000       0x22 ./source/timer.o
 .debug_macro   0x00000000       0x52 ./source/timer.o
 .debug_macro   0x00000000       0x8d ./source/timer.o
 .debug_macro   0x00000000       0x35 ./source/timer.o
 .debug_macro   0x00000000       0x9c ./source/timer.o
 .debug_macro   0x00000000       0x16 ./source/timer.o
 .debug_macro   0x00000000      0x10e ./source/timer.o
 .debug_macro   0x00000000       0x8d ./source/timer.o
 .debug_macro   0x00000000       0x57 ./source/timer.o
 .debug_macro   0x00000000       0x58 ./source/timer.o
 .debug_macro   0x00000000       0x1f ./source/timer.o
 .debug_macro   0x00000000       0x43 ./source/timer.o
 .debug_macro   0x00000000       0x20 ./source/timer.o
 .debug_macro   0x00000000      0x18e ./source/timer.o
 .debug_macro   0x00000000       0x16 ./source/timer.o
 .debug_macro   0x00000000       0x29 ./source/timer.o
 .debug_macro   0x00000000       0x10 ./source/timer.o
 .group         0x00000000        0xc ./SDK/startup/hardware.o
 .group         0x00000000        0xc ./SDK/startup/hardware.o
 .group         0x00000000        0xc ./SDK/startup/hardware.o
 .group         0x00000000        0xc ./SDK/startup/hardware.o
 .group         0x00000000        0xc ./SDK/startup/hardware.o
 .group         0x00000000        0xc ./SDK/startup/hardware.o
 .group         0x00000000        0xc ./SDK/startup/hardware.o
 .group         0x00000000        0xc ./SDK/startup/hardware.o
 .group         0x00000000        0xc ./SDK/startup/hardware.o
 .group         0x00000000        0xc ./SDK/startup/hardware.o
 .group         0x00000000        0xc ./SDK/startup/hardware.o
 .group         0x00000000        0xc ./SDK/startup/hardware.o
 .group         0x00000000        0xc ./SDK/startup/hardware.o
 .text          0x00000000        0x0 ./SDK/startup/hardware.o
 .data          0x00000000        0x0 ./SDK/startup/hardware.o
 .bss           0x00000000        0x0 ./SDK/startup/hardware.o
 .debug_macro   0x00000000      0xa5a ./SDK/startup/hardware.o
 .debug_macro   0x00000000      0x34e ./SDK/startup/hardware.o
 .debug_macro   0x00000000       0x22 ./SDK/startup/hardware.o
 .debug_macro   0x00000000       0x10 ./SDK/startup/hardware.o
 .debug_macro   0x00000000       0x5c ./SDK/startup/hardware.o
 .debug_macro   0x00000000       0x1c ./SDK/startup/hardware.o
 .debug_macro   0x00000000       0x22 ./SDK/startup/hardware.o
 .debug_macro   0x00000000       0xdf ./SDK/startup/hardware.o
 .debug_macro   0x00000000      0xecf ./SDK/startup/hardware.o
 .debug_macro   0x00000000       0x48 ./SDK/startup/hardware.o
 .debug_macro   0x00000000     0xe07b ./SDK/startup/hardware.o
 .debug_macro   0x00000000     0x122b ./SDK/startup/hardware.o
 .debug_macro   0x00000000       0x16 ./SDK/startup/hardware.o
 .group         0x00000000        0xc ./SDK/startup/main.o
 .group         0x00000000        0xc ./SDK/startup/main.o
 .group         0x00000000        0xc ./SDK/startup/main.o
 .group         0x00000000        0xc ./SDK/startup/main.o
 .group         0x00000000        0xc ./SDK/startup/main.o
 .group         0x00000000        0xc ./SDK/startup/main.o
 .group         0x00000000        0xc ./SDK/startup/main.o
 .group         0x00000000        0xc ./SDK/startup/main.o
 .group         0x00000000        0xc ./SDK/startup/main.o
 .group         0x00000000        0xc ./SDK/startup/main.o
 .group         0x00000000        0xc ./SDK/startup/main.o
 .group         0x00000000        0xc ./SDK/startup/main.o
 .group         0x00000000        0xc ./SDK/startup/main.o
 .text          0x00000000        0x0 ./SDK/startup/main.o
 .data          0x00000000        0x0 ./SDK/startup/main.o
 .bss           0x00000000        0x0 ./SDK/startup/main.o
 .debug_macro   0x00000000      0xa5a ./SDK/startup/main.o
 .debug_macro   0x00000000      0x34e ./SDK/startup/main.o
 .debug_macro   0x00000000       0x22 ./SDK/startup/main.o
 .debug_macro   0x00000000       0x10 ./SDK/startup/main.o
 .debug_macro   0x00000000       0x5c ./SDK/startup/main.o
 .debug_macro   0x00000000       0x1c ./SDK/startup/main.o
 .debug_macro   0x00000000       0x22 ./SDK/startup/main.o
 .debug_macro   0x00000000       0xdf ./SDK/startup/main.o
 .debug_macro   0x00000000      0xecf ./SDK/startup/main.o
 .debug_macro   0x00000000       0x48 ./SDK/startup/main.o
 .debug_macro   0x00000000     0xe07b ./SDK/startup/main.o
 .debug_macro   0x00000000     0x122b ./SDK/startup/main.o
 .debug_macro   0x00000000       0x16 ./SDK/startup/main.o
 .group         0x00000000        0xc ./SDK/startup/semihost_hardfault.o
 .text          0x00000000        0x0 ./SDK/startup/semihost_hardfault.o
 .data          0x00000000        0x0 ./SDK/startup/semihost_hardfault.o
 .bss           0x00000000        0x0 ./SDK/startup/semihost_hardfault.o
 .debug_macro   0x00000000      0xa5a ./SDK/startup/semihost_hardfault.o
 .group         0x00000000        0xc ./SDK/startup/startup_mk64f12.o
 .text          0x00000000        0x0 ./SDK/startup/startup_mk64f12.o
 .data          0x00000000        0x0 ./SDK/startup/startup_mk64f12.o
 .bss           0x00000000        0x0 ./SDK/startup/startup_mk64f12.o
 .text.PORTA_IRQHandler
                0x00000000        0x8 ./SDK/startup/startup_mk64f12.o
 .text.PORTB_IRQHandler
                0x00000000        0x8 ./SDK/startup/startup_mk64f12.o
 .text.PORTC_IRQHandler
                0x00000000        0x8 ./SDK/startup/startup_mk64f12.o
 .text.PORTD_IRQHandler
                0x00000000        0x8 ./SDK/startup/startup_mk64f12.o
 .text.PORTE_IRQHandler
                0x00000000        0x8 ./SDK/startup/startup_mk64f12.o
 .debug_macro   0x00000000      0xa5a ./SDK/startup/startup_mk64f12.o
 .group         0x00000000        0xc ./SDK/CMSIS/system_MK64F12.o
 .group         0x00000000        0xc ./SDK/CMSIS/system_MK64F12.o
 .group         0x00000000        0xc ./SDK/CMSIS/system_MK64F12.o
 .group         0x00000000        0xc ./SDK/CMSIS/system_MK64F12.o
 .group         0x00000000        0xc ./SDK/CMSIS/system_MK64F12.o
 .group         0x00000000        0xc ./SDK/CMSIS/system_MK64F12.o
 .group         0x00000000        0xc ./SDK/CMSIS/system_MK64F12.o
 .group         0x00000000        0xc ./SDK/CMSIS/system_MK64F12.o
 .group         0x00000000        0xc ./SDK/CMSIS/system_MK64F12.o
 .group         0x00000000        0xc ./SDK/CMSIS/system_MK64F12.o
 .group         0x00000000        0xc ./SDK/CMSIS/system_MK64F12.o
 .text          0x00000000        0x0 ./SDK/CMSIS/system_MK64F12.o
 .data          0x00000000        0x0 ./SDK/CMSIS/system_MK64F12.o
 .bss           0x00000000        0x0 ./SDK/CMSIS/system_MK64F12.o
 .data.SystemCoreClock
                0x00000000        0x4 ./SDK/CMSIS/system_MK64F12.o
 .text.SystemCoreClockUpdate
                0x00000000      0x278 ./SDK/CMSIS/system_MK64F12.o
 .debug_macro   0x00000000      0xa5a ./SDK/CMSIS/system_MK64F12.o
 .debug_macro   0x00000000      0x34e ./SDK/CMSIS/system_MK64F12.o
 .debug_macro   0x00000000       0x10 ./SDK/CMSIS/system_MK64F12.o
 .debug_macro   0x00000000       0x5c ./SDK/CMSIS/system_MK64F12.o
 .debug_macro   0x00000000       0x1c ./SDK/CMSIS/system_MK64F12.o
 .debug_macro   0x00000000       0x22 ./SDK/CMSIS/system_MK64F12.o
 .debug_macro   0x00000000       0xdf ./SDK/CMSIS/system_MK64F12.o
 .debug_macro   0x00000000      0xecf ./SDK/CMSIS/system_MK64F12.o
 .debug_macro   0x00000000       0x48 ./SDK/CMSIS/system_MK64F12.o
 .debug_macro   0x00000000     0xe07b ./SDK/CMSIS/system_MK64F12.o
 .debug_macro   0x00000000     0x122b ./SDK/CMSIS/system_MK64F12.o
 .text          0x00000000        0x0 c:/nxp/mcuxpressoide_10.2.0_759/ide/tools/bin/../lib/gcc/arm-none-eabi/7.2.1/../../../../arm-none-eabi/lib/thumb/v7e-m/fpv4-sp/hard\libcr_c.a(memcpy.o)
 .data          0x00000000        0x0 c:/nxp/mcuxpressoide_10.2.0_759/ide/tools/bin/../lib/gcc/arm-none-eabi/7.2.1/../../../../arm-none-eabi/lib/thumb/v7e-m/fpv4-sp/hard\libcr_c.a(memcpy.o)
 .bss           0x00000000        0x0 c:/nxp/mcuxpressoide_10.2.0_759/ide/tools/bin/../lib/gcc/arm-none-eabi/7.2.1/../../../../arm-none-eabi/lib/thumb/v7e-m/fpv4-sp/hard\libcr_c.a(memcpy.o)
 .text.memcpy   0x00000000        0x4 c:/nxp/mcuxpressoide_10.2.0_759/ide/tools/bin/../lib/gcc/arm-none-eabi/7.2.1/../../../../arm-none-eabi/lib/thumb/v7e-m/fpv4-sp/hard\libcr_c.a(memcpy.o)
 .comment       0x00000000       0x7f c:/nxp/mcuxpressoide_10.2.0_759/ide/tools/bin/../lib/gcc/arm-none-eabi/7.2.1/../../../../arm-none-eabi/lib/thumb/v7e-m/fpv4-sp/hard\libcr_c.a(memcpy.o)
 .ARM.attributes
                0x00000000       0x39 c:/nxp/mcuxpressoide_10.2.0_759/ide/tools/bin/../lib/gcc/arm-none-eabi/7.2.1/../../../../arm-none-eabi/lib/thumb/v7e-m/fpv4-sp/hard\libcr_c.a(memcpy.o)
 .text          0x00000000        0x0 c:/nxp/mcuxpressoide_10.2.0_759/ide/tools/bin/../lib/gcc/arm-none-eabi/7.2.1/thumb/v7e-m/fpv4-sp/hard\libcr_eabihelpers.a(memcpy.o)
 .data          0x00000000        0x0 c:/nxp/mcuxpressoide_10.2.0_759/ide/tools/bin/../lib/gcc/arm-none-eabi/7.2.1/thumb/v7e-m/fpv4-sp/hard\libcr_eabihelpers.a(memcpy.o)
 .bss           0x00000000        0x0 c:/nxp/mcuxpressoide_10.2.0_759/ide/tools/bin/../lib/gcc/arm-none-eabi/7.2.1/thumb/v7e-m/fpv4-sp/hard\libcr_eabihelpers.a(memcpy.o)
 .text.__aeabi_memcpy
                0x00000000       0x34 c:/nxp/mcuxpressoide_10.2.0_759/ide/tools/bin/../lib/gcc/arm-none-eabi/7.2.1/thumb/v7e-m/fpv4-sp/hard\libcr_eabihelpers.a(memcpy.o)
 .text.__aeabi_memmove
                0x00000000       0x1c c:/nxp/mcuxpressoide_10.2.0_759/ide/tools/bin/../lib/gcc/arm-none-eabi/7.2.1/thumb/v7e-m/fpv4-sp/hard\libcr_eabihelpers.a(memcpy.o)
 .text.__aeabi_memset_lowlevel
                0x00000000       0x32 c:/nxp/mcuxpressoide_10.2.0_759/ide/tools/bin/../lib/gcc/arm-none-eabi/7.2.1/thumb/v7e-m/fpv4-sp/hard\libcr_eabihelpers.a(memcpy.o)
 .text.__aeabi_memclr
                0x00000000        0x8 c:/nxp/mcuxpressoide_10.2.0_759/ide/tools/bin/../lib/gcc/arm-none-eabi/7.2.1/thumb/v7e-m/fpv4-sp/hard\libcr_eabihelpers.a(memcpy.o)
 .text.__aeabi_memset
                0x00000000        0xa c:/nxp/mcuxpressoide_10.2.0_759/ide/tools/bin/../lib/gcc/arm-none-eabi/7.2.1/thumb/v7e-m/fpv4-sp/hard\libcr_eabihelpers.a(memcpy.o)
 .ARM.attributes
                0x00000000       0x25 c:/nxp/mcuxpressoide_10.2.0_759/ide/tools/bin/../lib/gcc/arm-none-eabi/7.2.1/thumb/v7e-m/fpv4-sp/hard\libcr_eabihelpers.a(memcpy.o)

Memory Configuration

Name             Origin             Length             Attributes
PROGRAM_FLASH    0x00000000         0x00100000         xr
SRAM_UPPER       0x20000000         0x00030000         xrw
SRAM_LOWER       0x1fff0000         0x00010000         xrw
FLEX_RAM         0x14000000         0x00001000         xrw
*default*        0x00000000         0xffffffff

Linker script and memory map

LOAD ./source/App.o
LOAD ./source/CardReader.o
LOAD ./source/CardReaderDecoder.o
LOAD ./source/CardReaderHAL.o
LOAD ./source/SysTick.o
LOAD ./source/gpio.o
LOAD ./source/timer.o
LOAD ./SDK/startup/hardware.o
LOAD ./SDK/startup/main.o
LOAD ./SDK/startup/semihost_hardfault.o
LOAD ./SDK/startup/startup_mk64f12.o
LOAD ./SDK/CMSIS/system_MK64F12.o
START GROUP
LOAD c:/nxp/mcuxpressoide_10.2.0_759/ide/tools/bin/../lib/gcc/arm-none-eabi/7.2.1/../../../../arm-none-eabi/lib/thumb/v7e-m/fpv4-sp/hard\libcr_c.a
LOAD c:/nxp/mcuxpressoide_10.2.0_759/ide/tools/bin/../lib/gcc/arm-none-eabi/7.2.1/thumb/v7e-m/fpv4-sp/hard\libcr_eabihelpers.a
END GROUP
                0x00000000                __base_PROGRAM_FLASH = 0x0
                0x00000000                __base_Flash = 0x0
                0x00100000                __top_PROGRAM_FLASH = 0x100000
                0x00100000                __top_Flash = 0x100000
                0x20000000                __base_SRAM_UPPER = 0x20000000
                0x20000000                __base_RAM = 0x20000000
                0x20030000                __top_SRAM_UPPER = 0x20030000
                0x20030000                __top_RAM = 0x20030000
                0x1fff0000                __base_SRAM_LOWER = 0x1fff0000
                0x1fff0000                __base_RAM2 = 0x1fff0000
                0x20000000                __top_SRAM_LOWER = 0x20000000
                0x20000000                __top_RAM2 = 0x20000000
                0x14000000                __base_FLEX_RAM = 0x14000000
                0x14000000                __base_RAM3 = 0x14000000
                0x14001000                __top_FLEX_RAM = 0x14001000
                0x14001000                __top_RAM3 = 0x14001000

.text           0x00000000      0xfb8
 FILL mask 0xff
                0x00000000                __vectors_start__ = ABSOLUTE (.)
 *(SORT_BY_ALIGNMENT(.isr_vector))
 .isr_vector    0x00000000      0x198 ./SDK/startup/startup_mk64f12.o
                0x00000000                g_pfnVectors
                0x00000000                __Vectors
                0x00000198                . = ALIGN (0x4)
                0x00000198                __section_table_start = .
                0x00000198                __data_section_table = .
                0x00000198        0x4 LONG 0xfb8 LOADADDR (.data)
                0x0000019c        0x4 LONG 0x20000000 ADDR (.data)
                0x000001a0        0x4 LONG 0x0 SIZEOF (.data)
                0x000001a4        0x4 LONG 0xfb8 LOADADDR (.data_RAM2)
                0x000001a8        0x4 LONG 0x1fff0000 ADDR (.data_RAM2)
                0x000001ac        0x4 LONG 0x0 SIZEOF (.data_RAM2)
                0x000001b0        0x4 LONG 0xfb8 LOADADDR (.data_RAM3)
                0x000001b4        0x4 LONG 0x14000000 ADDR (.data_RAM3)
                0x000001b8        0x4 LONG 0x0 SIZEOF (.data_RAM3)
                0x000001bc                __data_section_table_end = .
                0x000001bc                __bss_section_table = .
                0x000001bc        0x4 LONG 0x20000000 ADDR (.bss)
                0x000001c0        0x4 LONG 0x48 SIZEOF (.bss)
                0x000001c4        0x4 LONG 0x1fff0000 ADDR (.bss_RAM2)
                0x000001c8        0x4 LONG 0x0 SIZEOF (.bss_RAM2)
                0x000001cc        0x4 LONG 0x14000000 ADDR (.bss_RAM3)
                0x000001d0        0x4 LONG 0x0 SIZEOF (.bss_RAM3)
                0x000001d4                __bss_section_table_end = .
                0x000001d4                __section_table_end = .
 *(SORT_BY_ALIGNMENT(.after_vectors*))
 .after_vectors.reset
                0x000001d4       0x4c ./SDK/startup/startup_mk64f12.o
                0x000001d4                ResetISR
 .after_vectors.init_data
                0x00000220       0x1e ./SDK/startup/startup_mk64f12.o
                0x00000220                data_init
 .after_vectors.init_bss
                0x0000023e       0x12 ./SDK/startup/startup_mk64f12.o
                0x0000023e                bss_init
 .after_vectors
                0x00000250       0x14 ./SDK/startup/startup_mk64f12.o
                0x00000250                NMI_Handler
                0x00000254                MemManage_Handler
                0x00000256                BusFault_Handler
                0x00000258                UsageFault_Handler
                0x0000025a                SVC_Handler
                0x0000025c                DebugMon_Handler
                0x0000025e                PendSV_Handler
                0x00000262                DMA_Error_DriverIRQHandler
                0x00000262                LPTMR0_DriverIRQHandler
                0x00000262                FTM1_DriverIRQHandler
                0x00000262                FTM2_DriverIRQHandler
                0x00000262                PIT2_DriverIRQHandler
                0x00000262                SDHC_DriverIRQHandler
                0x00000262                I2S0_Tx_DriverIRQHandler
                0x00000262                RTC_Seconds_DriverIRQHandler
                0x00000262                DMA6_DriverIRQHandler
                0x00000262                LLWU_DriverIRQHandler
                0x00000262                MCM_DriverIRQHandler
                0x00000262                MCG_DriverIRQHandler
                0x00000262                ENET_1588_Timer_DriverIRQHandler
                0x00000262                I2C2_DriverIRQHandler
                0x00000262                DAC1_DriverIRQHandler
                0x00000262                SPI1_DriverIRQHandler
                0x00000262                CMP1_DriverIRQHandler
                0x00000262                UART5_RX_TX_DriverIRQHandler
                0x00000262                FTM0_DriverIRQHandler
                0x00000262                IntDefaultHandler
                0x00000262                USB0_DriverIRQHandler
                0x00000262                UART5_ERR_DriverIRQHandler
                0x00000262                PORTC_DriverIRQHandler
                0x00000262                DMA11_DriverIRQHandler
                0x00000262                DAC0_DriverIRQHandler
                0x00000262                DMA10_DriverIRQHandler
                0x00000262                CMP2_DriverIRQHandler
                0x00000262                UART2_ERR_DriverIRQHandler
                0x00000262                SPI2_DriverIRQHandler
                0x00000262                LVD_LVW_DriverIRQHandler
                0x00000262                PIT0_DriverIRQHandler
                0x00000262                RNG_DriverIRQHandler
                0x00000262                DMA5_DriverIRQHandler
                0x00000262                DMA12_DriverIRQHandler
                0x00000262                UART2_RX_TX_DriverIRQHandler
                0x00000262                USBDCD_DriverIRQHandler
                0x00000262                UART3_ERR_DriverIRQHandler
                0x00000262                DMA3_DriverIRQHandler
                0x00000262                DMA8_DriverIRQHandler
                0x00000262                DMA9_DriverIRQHandler
                0x00000262                UART0_ERR_DriverIRQHandler
                0x00000262                CMT_DriverIRQHandler
                0x00000262                Reserved71_DriverIRQHandler
                0x00000262                ADC1_DriverIRQHandler
                0x00000262                PORTA_DriverIRQHandler
                0x00000262                DMA14_DriverIRQHandler
                0x00000262                PIT3_DriverIRQHandler
                0x00000262                PIT1_DriverIRQHandler
                0x00000262                WDOG_EWM_DriverIRQHandler
                0x00000262                PDB0_DriverIRQHandler
                0x00000262                RTC_DriverIRQHandler
                0x00000262                I2S0_Rx_DriverIRQHandler
                0x00000262                Read_Collision_DriverIRQHandler
                0x00000262                SWI_DriverIRQHandler
                0x00000262                UART4_RX_TX_DriverIRQHandler
                0x00000262                UART4_ERR_DriverIRQHandler
                0x00000262                PORTB_DriverIRQHandler
                0x00000262                UART0_LON_DriverIRQHandler
                0x00000262                DMA0_DriverIRQHandler
                0x00000262                DMA1_DriverIRQHandler
                0x00000262                I2C1_DriverIRQHandler
                0x00000262                UART3_RX_TX_DriverIRQHandler
                0x00000262                ENET_Receive_DriverIRQHandler
                0x00000262                DMA13_DriverIRQHandler
                0x00000262                ENET_Error_DriverIRQHandler
                0x00000262                DMA15_DriverIRQHandler
                0x00000262                UART0_RX_TX_DriverIRQHandler
                0x00000262                SPI0_DriverIRQHandler
                0x00000262                ADC0_DriverIRQHandler
                0x00000262                CMP0_DriverIRQHandler
                0x00000262                CAN0_DriverIRQHandler
                0x00000262                FTM3_DriverIRQHandler
                0x00000262                DMA4_DriverIRQHandler
                0x00000262                UART1_ERR_DriverIRQHandler
                0x00000262                DMA2_DriverIRQHandler
                0x00000262                ENET_Transmit_DriverIRQHandler
                0x00000262                PORTD_DriverIRQHandler
                0x00000262                PORTE_DriverIRQHandler
                0x00000262                FTFE_DriverIRQHandler
                0x00000262                I2C0_DriverIRQHandler
                0x00000262                DMA7_DriverIRQHandler
                0x00000262                UART1_RX_TX_DriverIRQHandler
                0x00000400                . = 0x400
 *fill*         0x00000264      0x19c ff
                0x00000400                PROVIDE (__FLASH_CONFIG_START__, .)
 *(SORT_BY_ALIGNMENT(.FlashConfig))
 .FlashConfig   0x00000400       0x10 ./SDK/startup/startup_mk64f12.o
                0x00000400                Flash_Config
                0x00000410                PROVIDE (__FLASH_CONFIG_END__, .)
                0x00000001                ASSERT (! ((__FLASH_CONFIG_START__ == __FLASH_CONFIG_END__)), Linker Flash Config Support Enabled, but no .FlashConfig section provided within application)
 *(SORT_BY_ALIGNMENT(.text*))
 .text.App_Init
                0x00000410       0x2c ./source/App.o
                0x00000410                App_Init
 .text.SysTick_Init
                0x0000043c       0x40 ./source/SysTick.o
                0x0000043c                SysTick_Init
 .text.SysTick_Handler
                0x0000047c       0x24 ./source/SysTick.o
                0x0000047c                SysTick_Handler
 .text.gpioMode
                0x000004a0      0x290 ./source/gpio.o
                0x000004a0                gpioMode
 .text.gpioToggle
                0x00000730       0xc0 ./source/gpio.o
                0x00000730                gpioToggle
 .text.PORTA_IRQHandler
                0x000007f0       0x48 ./source/gpio.o
                0x000007f0                PORTA_IRQHandler
 .text.PORTB_IRQHandler
                0x00000838       0x48 ./source/gpio.o
                0x00000838                PORTB_IRQHandler
 .text.PORTC_IRQHandler
                0x00000880       0x48 ./source/gpio.o
                0x00000880                PORTC_IRQHandler
 .text.PORTD_IRQHandler
                0x000008c8       0x48 ./source/gpio.o
                0x000008c8                PORTD_IRQHandler
 .text.PORTE_IRQHandler
                0x00000910       0x48 ./source/gpio.o
                0x00000910                PORTE_IRQHandler
 .text.timerInit
                0x00000958       0x78 ./source/timer.o
                0x00000958                timerInit
 .text.timerStart
                0x000009d0       0x8c ./source/timer.o
                0x000009d0                timerStart
 .text.timerEnable
                0x00000a5c       0x2c ./source/timer.o
                0x00000a5c                timerEnable
 .text.timerDisable
                0x00000a88       0x2c ./source/timer.o
                0x00000a88                timerDisable
 .text.timer_isr
                0x00000ab4       0x70 ./source/timer.o
 .text.hw_Init  0x00000b24      0x10c ./SDK/startup/hardware.o
                0x00000b24                hw_Init
 .text.hw_EnableInterrupts
                0x00000c30       0x30 ./SDK/startup/hardware.o
                0x00000c30                hw_EnableInterrupts
 .text.hw_DisableInterrupts
                0x00000c60       0x20 ./SDK/startup/hardware.o
                0x00000c60                hw_DisableInterrupts
 .text.SystemInit
                0x00000c80       0x3c ./SDK/CMSIS/system_MK64F12.o
                0x00000c80                SystemInit
 .text.App_Run  0x00000cbc        0xe ./source/App.o
                0x00000cbc                App_Run
 .text.test_fun
                0x00000cca        0xe ./source/App.o
 .text.main     0x00000cd8       0x1a ./SDK/startup/main.o
                0x00000cd8                main
 .text.HardFault_Handler
                0x00000cf2       0x2c ./SDK/startup/semihost_hardfault.o
                0x00000cf2                HardFault_Handler
 .text.DMA0_IRQHandler
                0x00000d1e        0x8 ./SDK/startup/startup_mk64f12.o
                0x00000d1e                DMA0_IRQHandler
 .text.DMA1_IRQHandler
                0x00000d26        0x8 ./SDK/startup/startup_mk64f12.o
                0x00000d26                DMA1_IRQHandler
 .text.DMA2_IRQHandler
                0x00000d2e        0x8 ./SDK/startup/startup_mk64f12.o
                0x00000d2e                DMA2_IRQHandler
 .text.DMA3_IRQHandler
                0x00000d36        0x8 ./SDK/startup/startup_mk64f12.o
                0x00000d36                DMA3_IRQHandler
 .text.DMA4_IRQHandler
                0x00000d3e        0x8 ./SDK/startup/startup_mk64f12.o
                0x00000d3e                DMA4_IRQHandler
 .text.DMA5_IRQHandler
                0x00000d46        0x8 ./SDK/startup/startup_mk64f12.o
                0x00000d46                DMA5_IRQHandler
 .text.DMA6_IRQHandler
                0x00000d4e        0x8 ./SDK/startup/startup_mk64f12.o
                0x00000d4e                DMA6_IRQHandler
 .text.DMA7_IRQHandler
                0x00000d56        0x8 ./SDK/startup/startup_mk64f12.o
                0x00000d56                DMA7_IRQHandler
 .text.DMA8_IRQHandler
                0x00000d5e        0x8 ./SDK/startup/startup_mk64f12.o
                0x00000d5e                DMA8_IRQHandler
 .text.DMA9_IRQHandler
                0x00000d66        0x8 ./SDK/startup/startup_mk64f12.o
                0x00000d66                DMA9_IRQHandler
 .text.DMA10_IRQHandler
                0x00000d6e        0x8 ./SDK/startup/startup_mk64f12.o
                0x00000d6e                DMA10_IRQHandler
 .text.DMA11_IRQHandler
                0x00000d76        0x8 ./SDK/startup/startup_mk64f12.o
                0x00000d76                DMA11_IRQHandler
 .text.DMA12_IRQHandler
                0x00000d7e        0x8 ./SDK/startup/startup_mk64f12.o
                0x00000d7e                DMA12_IRQHandler
 .text.DMA13_IRQHandler
                0x00000d86        0x8 ./SDK/startup/startup_mk64f12.o
                0x00000d86                DMA13_IRQHandler
 .text.DMA14_IRQHandler
                0x00000d8e        0x8 ./SDK/startup/startup_mk64f12.o
                0x00000d8e                DMA14_IRQHandler
 .text.DMA15_IRQHandler
                0x00000d96        0x8 ./SDK/startup/startup_mk64f12.o
                0x00000d96                DMA15_IRQHandler
 .text.DMA_Error_IRQHandler
                0x00000d9e        0x8 ./SDK/startup/startup_mk64f12.o
                0x00000d9e                DMA_Error_IRQHandler
 .text.MCM_IRQHandler
                0x00000da6        0x8 ./SDK/startup/startup_mk64f12.o
                0x00000da6                MCM_IRQHandler
 .text.FTFE_IRQHandler
                0x00000dae        0x8 ./SDK/startup/startup_mk64f12.o
                0x00000dae                FTFE_IRQHandler
 .text.Read_Collision_IRQHandler
                0x00000db6        0x8 ./SDK/startup/startup_mk64f12.o
                0x00000db6                Read_Collision_IRQHandler
 .text.LVD_LVW_IRQHandler
                0x00000dbe        0x8 ./SDK/startup/startup_mk64f12.o
                0x00000dbe                LVD_LVW_IRQHandler
 .text.LLWU_IRQHandler
                0x00000dc6        0x8 ./SDK/startup/startup_mk64f12.o
                0x00000dc6                LLWU_IRQHandler
 .text.WDOG_EWM_IRQHandler
                0x00000dce        0x8 ./SDK/startup/startup_mk64f12.o
                0x00000dce                WDOG_EWM_IRQHandler
 .text.RNG_IRQHandler
                0x00000dd6        0x8 ./SDK/startup/startup_mk64f12.o
                0x00000dd6                RNG_IRQHandler
 .text.I2C0_IRQHandler
                0x00000dde        0x8 ./SDK/startup/startup_mk64f12.o
                0x00000dde                I2C0_IRQHandler
 .text.I2C1_IRQHandler
                0x00000de6        0x8 ./SDK/startup/startup_mk64f12.o
                0x00000de6                I2C1_IRQHandler
 .text.SPI0_IRQHandler
                0x00000dee        0x8 ./SDK/startup/startup_mk64f12.o
                0x00000dee                SPI0_IRQHandler
 .text.SPI1_IRQHandler
                0x00000df6        0x8 ./SDK/startup/startup_mk64f12.o
                0x00000df6                SPI1_IRQHandler
 .text.I2S0_Tx_IRQHandler
                0x00000dfe        0x8 ./SDK/startup/startup_mk64f12.o
                0x00000dfe                I2S0_Tx_IRQHandler
 .text.I2S0_Rx_IRQHandler
                0x00000e06        0x8 ./SDK/startup/startup_mk64f12.o
                0x00000e06                I2S0_Rx_IRQHandler
 .text.UART0_LON_IRQHandler
                0x00000e0e        0x8 ./SDK/startup/startup_mk64f12.o
                0x00000e0e                UART0_LON_IRQHandler
 .text.UART0_RX_TX_IRQHandler
                0x00000e16        0x8 ./SDK/startup/startup_mk64f12.o
                0x00000e16                UART0_RX_TX_IRQHandler
 .text.UART0_ERR_IRQHandler
                0x00000e1e        0x8 ./SDK/startup/startup_mk64f12.o
                0x00000e1e                UART0_ERR_IRQHandler
 .text.UART1_RX_TX_IRQHandler
                0x00000e26        0x8 ./SDK/startup/startup_mk64f12.o
                0x00000e26                UART1_RX_TX_IRQHandler
 .text.UART1_ERR_IRQHandler
                0x00000e2e        0x8 ./SDK/startup/startup_mk64f12.o
                0x00000e2e                UART1_ERR_IRQHandler
 .text.UART2_RX_TX_IRQHandler
                0x00000e36        0x8 ./SDK/startup/startup_mk64f12.o
                0x00000e36                UART2_RX_TX_IRQHandler
 .text.UART2_ERR_IRQHandler
                0x00000e3e        0x8 ./SDK/startup/startup_mk64f12.o
                0x00000e3e                UART2_ERR_IRQHandler
 .text.UART3_RX_TX_IRQHandler
                0x00000e46        0x8 ./SDK/startup/startup_mk64f12.o
                0x00000e46                UART3_RX_TX_IRQHandler
 .text.UART3_ERR_IRQHandler
                0x00000e4e        0x8 ./SDK/startup/startup_mk64f12.o
                0x00000e4e                UART3_ERR_IRQHandler
 .text.ADC0_IRQHandler
                0x00000e56        0x8 ./SDK/startup/startup_mk64f12.o
                0x00000e56                ADC0_IRQHandler
 .text.CMP0_IRQHandler
                0x00000e5e        0x8 ./SDK/startup/startup_mk64f12.o
                0x00000e5e                CMP0_IRQHandler
 .text.CMP1_IRQHandler
                0x00000e66        0x8 ./SDK/startup/startup_mk64f12.o
                0x00000e66                CMP1_IRQHandler
 .text.FTM0_IRQHandler
                0x00000e6e        0x8 ./SDK/startup/startup_mk64f12.o
                0x00000e6e                FTM0_IRQHandler
 .text.FTM1_IRQHandler
                0x00000e76        0x8 ./SDK/startup/startup_mk64f12.o
                0x00000e76                FTM1_IRQHandler
 .text.FTM2_IRQHandler
                0x00000e7e        0x8 ./SDK/startup/startup_mk64f12.o
                0x00000e7e                FTM2_IRQHandler
 .text.CMT_IRQHandler
                0x00000e86        0x8 ./SDK/startup/startup_mk64f12.o
                0x00000e86                CMT_IRQHandler
 .text.RTC_IRQHandler
                0x00000e8e        0x8 ./SDK/startup/startup_mk64f12.o
                0x00000e8e                RTC_IRQHandler
 .text.RTC_Seconds_IRQHandler
                0x00000e96        0x8 ./SDK/startup/startup_mk64f12.o
                0x00000e96                RTC_Seconds_IRQHandler
 .text.PIT0_IRQHandler
                0x00000e9e        0x8 ./SDK/startup/startup_mk64f12.o
                0x00000e9e                PIT0_IRQHandler
 .text.PIT1_IRQHandler
                0x00000ea6        0x8 ./SDK/startup/startup_mk64f12.o
                0x00000ea6                PIT1_IRQHandler
 .text.PIT2_IRQHandler
                0x00000eae        0x8 ./SDK/startup/startup_mk64f12.o
                0x00000eae                PIT2_IRQHandler
 .text.PIT3_IRQHandler
                0x00000eb6        0x8 ./SDK/startup/startup_mk64f12.o
                0x00000eb6                PIT3_IRQHandler
 .text.PDB0_IRQHandler
                0x00000ebe        0x8 ./SDK/startup/startup_mk64f12.o
                0x00000ebe                PDB0_IRQHandler
 .text.USB0_IRQHandler
                0x00000ec6        0x8 ./SDK/startup/startup_mk64f12.o
                0x00000ec6                USB0_IRQHandler
 .text.USBDCD_IRQHandler
                0x00000ece        0x8 ./SDK/startup/startup_mk64f12.o
                0x00000ece                USBDCD_IRQHandler
 .text.Reserved71_IRQHandler
                0x00000ed6        0x8 ./SDK/startup/startup_mk64f12.o
                0x00000ed6                Reserved71_IRQHandler
 .text.DAC0_IRQHandler
                0x00000ede        0x8 ./SDK/startup/startup_mk64f12.o
                0x00000ede                DAC0_IRQHandler
 .text.MCG_IRQHandler
                0x00000ee6        0x8 ./SDK/startup/startup_mk64f12.o
                0x00000ee6                MCG_IRQHandler
 .text.LPTMR0_IRQHandler
                0x00000eee        0x8 ./SDK/startup/startup_mk64f12.o
                0x00000eee                LPTMR0_IRQHandler
 .text.SWI_IRQHandler
                0x00000ef6        0x8 ./SDK/startup/startup_mk64f12.o
                0x00000ef6                SWI_IRQHandler
 .text.SPI2_IRQHandler
                0x00000efe        0x8 ./SDK/startup/startup_mk64f12.o
                0x00000efe                SPI2_IRQHandler
 .text.UART4_RX_TX_IRQHandler
                0x00000f06        0x8 ./SDK/startup/startup_mk64f12.o
                0x00000f06                UART4_RX_TX_IRQHandler
 .text.UART4_ERR_IRQHandler
                0x00000f0e        0x8 ./SDK/startup/startup_mk64f12.o
                0x00000f0e                UART4_ERR_IRQHandler
 .text.UART5_RX_TX_IRQHandler
                0x00000f16        0x8 ./SDK/startup/startup_mk64f12.o
                0x00000f16                UART5_RX_TX_IRQHandler
 .text.UART5_ERR_IRQHandler
                0x00000f1e        0x8 ./SDK/startup/startup_mk64f12.o
                0x00000f1e                UART5_ERR_IRQHandler
 .text.CMP2_IRQHandler
                0x00000f26        0x8 ./SDK/startup/startup_mk64f12.o
                0x00000f26                CMP2_IRQHandler
 .text.FTM3_IRQHandler
                0x00000f2e        0x8 ./SDK/startup/startup_mk64f12.o
                0x00000f2e                FTM3_IRQHandler
 .text.DAC1_IRQHandler
                0x00000f36        0x8 ./SDK/startup/startup_mk64f12.o
                0x00000f36                DAC1_IRQHandler
 .text.ADC1_IRQHandler
                0x00000f3e        0x8 ./SDK/startup/startup_mk64f12.o
                0x00000f3e                ADC1_IRQHandler
 .text.I2C2_IRQHandler
                0x00000f46        0x8 ./SDK/startup/startup_mk64f12.o
                0x00000f46                I2C2_IRQHandler
 .text.CAN0_ORed_Message_buffer_IRQHandler
                0x00000f4e        0x8 ./SDK/startup/startup_mk64f12.o
                0x00000f4e                CAN0_ORed_Message_buffer_IRQHandler
 .text.CAN0_Bus_Off_IRQHandler
                0x00000f56        0x8 ./SDK/startup/startup_mk64f12.o
                0x00000f56                CAN0_Bus_Off_IRQHandler
 .text.CAN0_Error_IRQHandler
                0x00000f5e        0x8 ./SDK/startup/startup_mk64f12.o
                0x00000f5e                CAN0_Error_IRQHandler
 .text.CAN0_Tx_Warning_IRQHandler
                0x00000f66        0x8 ./SDK/startup/startup_mk64f12.o
                0x00000f66                CAN0_Tx_Warning_IRQHandler
 .text.CAN0_Rx_Warning_IRQHandler
                0x00000f6e        0x8 ./SDK/startup/startup_mk64f12.o
                0x00000f6e                CAN0_Rx_Warning_IRQHandler
 .text.CAN0_Wake_Up_IRQHandler
                0x00000f76        0x8 ./SDK/startup/startup_mk64f12.o
                0x00000f76                CAN0_Wake_Up_IRQHandler
 .text.SDHC_IRQHandler
                0x00000f7e        0x8 ./SDK/startup/startup_mk64f12.o
                0x00000f7e                SDHC_IRQHandler
 .text.ENET_1588_Timer_IRQHandler
                0x00000f86        0x8 ./SDK/startup/startup_mk64f12.o
                0x00000f86                ENET_1588_Timer_IRQHandler
 .text.ENET_Transmit_IRQHandler
                0x00000f8e        0x8 ./SDK/startup/startup_mk64f12.o
                0x00000f8e                ENET_Transmit_IRQHandler
 .text.ENET_Receive_IRQHandler
                0x00000f96        0x8 ./SDK/startup/startup_mk64f12.o
                0x00000f96                ENET_Receive_IRQHandler
 .text.ENET_Error_IRQHandler
                0x00000f9e        0x8 ./SDK/startup/startup_mk64f12.o
                0x00000f9e                ENET_Error_IRQHandler
 .text.SystemInitHook
                0x00000fa6        0xe ./SDK/CMSIS/system_MK64F12.o
                0x00000fa6                SystemInitHook
 *(SORT_BY_ALIGNMENT(.rodata) SORT_BY_ALIGNMENT(.rodata.*) SORT_BY_ALIGNMENT(.constdata) SORT_BY_ALIGNMENT(.constdata.*))
                0x00000fb8                . = ALIGN (0x8)
 *fill*         0x00000fb4        0x4 ff

.glue_7         0x00000fb8        0x0
 .glue_7        0x00000fb8        0x0 linker stubs

.glue_7t        0x00000fb8        0x0
 .glue_7t       0x00000fb8        0x0 linker stubs

.vfp11_veneer   0x00000fb8        0x0
 .vfp11_veneer  0x00000fb8        0x0 linker stubs

.v4_bx          0x00000fb8        0x0
 .v4_bx         0x00000fb8        0x0 linker stubs

.iplt           0x00000fb8        0x0
 .iplt          0x00000fb8        0x0 ./source/App.o

.rel.dyn        0x00000fb8        0x0
 .rel.iplt      0x00000fb8        0x0 ./source/App.o

.ARM.extab
 *(SORT_BY_ALIGNMENT(.ARM.extab*) SORT_BY_ALIGNMENT(.gnu.linkonce.armextab.*))
                0x00000fb8                __exidx_start = .

.ARM.exidx
 *(SORT_BY_ALIGNMENT(.ARM.exidx*) SORT_BY_ALIGNMENT(.gnu.linkonce.armexidx.*))
                0x00000fb8                __exidx_end = .
                0x00000fb8                _etext = .

.m_usb_data
 *(SORT_BY_ALIGNMENT(m_usb_bdt))

.data_RAM2      0x1fff0000        0x0 load address 0x00000fb8
 FILL mask 0xff
                [!provide]                PROVIDE (__start_data_RAM2, .)
 *(SORT_BY_ALIGNMENT(.ramfunc.$RAM2))
 *(SORT_BY_ALIGNMENT(.ramfunc.$SRAM_LOWER))
 *(SORT_BY_ALIGNMENT(.data.$RAM2*))
 *(SORT_BY_ALIGNMENT(.data.$SRAM_LOWER*))
                0x1fff0000                . = ALIGN (0x8)
                [!provide]                PROVIDE (__end_data_RAM2, .)

.data_RAM3      0x14000000        0x0 load address 0x00000fb8
 FILL mask 0xff
                [!provide]                PROVIDE (__start_data_RAM3, .)
 *(SORT_BY_ALIGNMENT(.ramfunc.$RAM3))
 *(SORT_BY_ALIGNMENT(.ramfunc.$FLEX_RAM))
 *(SORT_BY_ALIGNMENT(.data.$RAM3*))
 *(SORT_BY_ALIGNMENT(.data.$FLEX_RAM*))
                0x14000000                . = ALIGN (0x8)
                [!provide]                PROVIDE (__end_data_RAM3, .)

.uninit_RESERVED
                0x20000000        0x0
 *(SORT_BY_ALIGNMENT(.bss.$RESERVED*))
                0x20000000                . = ALIGN (0x4)
                0x20000000                _end_uninit_RESERVED = .

.data           0x20000000        0x0 load address 0x00000fb8
 FILL mask 0xff
                0x20000000                _data = .
 *(SORT_BY_ALIGNMENT(vtable))
 *(SORT_BY_ALIGNMENT(.ramfunc*))
 *(SORT_BY_ALIGNMENT(.data*))
                0x20000000                . = ALIGN (0x8)
                0x20000000                _edata = .

.igot.plt       0x20000000        0x0 load address 0x00000fb8
 .igot.plt      0x20000000        0x0 ./source/App.o

.bss_RAM2       0x1fff0000        0x0
                [!provide]                PROVIDE (__start_bss_RAM2, .)
 *(SORT_BY_ALIGNMENT(.bss.$RAM2*))
 *(SORT_BY_ALIGNMENT(.bss.$SRAM_LOWER*))
                0x1fff0000                . = ALIGN ((. != 0x0)?0x8:0x1)
                [!provide]                PROVIDE (__end_bss_RAM2, .)

.bss_RAM3       0x14000000        0x0
                [!provide]                PROVIDE (__start_bss_RAM3, .)
 *(SORT_BY_ALIGNMENT(.bss.$RAM3*))
 *(SORT_BY_ALIGNMENT(.bss.$FLEX_RAM*))
                0x14000000                . = ALIGN ((. != 0x0)?0x8:0x1)
                [!provide]                PROVIDE (__end_bss_RAM3, .)

.bss            0x20000000       0x48
                0x20000000                _bss = .
 *(SORT_BY_ALIGNMENT(.bss*))
 .bss.systick_irqfun
                0x20000000        0x4 ./source/SysTick.o
                0x20000000                systick_irqfun
 .bss.irq_data  0x20000004       0x1c ./source/gpio.o
                0x20000004                irq_data
 .bss.timers    0x20000020       0x20 ./source/timer.o
 .bss.__LDM_interruptDisableCount
                0x20000040        0x4 ./SDK/startup/hardware.o
 .bss.yaInit.5604
                0x20000044        0x1 ./source/timer.o
 *(SORT_BY_ALIGNMENT(COMMON))
                0x20000048                . = ALIGN (0x8)
 *fill*         0x20000045        0x3 
                0x20000048                _ebss = .
                [!provide]                PROVIDE (end, .)

.noinit_RAM2    0x1fff0000        0x0
 *(SORT_BY_ALIGNMENT(.noinit.$RAM2*))
 *(SORT_BY_ALIGNMENT(.noinit.$SRAM_LOWER*))
                0x1fff0000                . = ALIGN (0x8)

.noinit_RAM3    0x14000000        0x0
 *(SORT_BY_ALIGNMENT(.noinit.$RAM3*))
 *(SORT_BY_ALIGNMENT(.noinit.$FLEX_RAM*))
                0x14000000                . = ALIGN (0x8)

.noinit         0x20000048        0x0
                0x20000048                _noinit = .
 *(SORT_BY_ALIGNMENT(.noinit*))
                0x20000048                . = ALIGN (0x8)
                0x20000048                _end_noinit = .
                0x00001000                _HeapSize = 0x1000

.heap           0x20000048     0x1000
                0x20000048                _pvHeapStart = .
                0x20001048                . = (. + _HeapSize)
 *fill*         0x20000048     0x1000 
                0x20001048                . = ALIGN (0x8)
                0x20001048                _pvHeapLimit = .
                0x00001000                _StackSize = 0x1000

.heap2stackfill
                0x20001048     0x1000
                0x20002048                . = (. + _StackSize)
 *fill*         0x20001048     0x1000 

.stack          0x2002f000        0x0
                0x2002f000                _vStackBase = .
                0x2002f000                . = ALIGN (0x8)
                0x20030000                _vStackTop = (. + _StackSize)
                0x00000000                _image_start = LOADADDR (.text)
                0x00000fb8                _image_end = (LOADADDR (.data) + SIZEOF (.data))
                0x00000fb8                _image_size = (_image_end - _image_start)
OUTPUT(Test Magnetic Reader.axf elf32-littlearm)

.debug_info     0x00000000     0x3529
 .debug_info    0x00000000      0x96a ./source/App.o
 .debug_info    0x0000096a      0x160 ./source/SysTick.o
 .debug_info    0x00000aca      0x967 ./source/gpio.o
 .debug_info    0x00001431      0xae5 ./source/timer.o
 .debug_info    0x00001f16      0x675 ./SDK/startup/hardware.o
 .debug_info    0x0000258b       0xb7 ./SDK/startup/main.o
 .debug_info    0x00002642       0x3b ./SDK/startup/semihost_hardfault.o
 .debug_info    0x0000267d      0x8b0 ./SDK/startup/startup_mk64f12.o
 .debug_info    0x00002f2d      0x5fc ./SDK/CMSIS/system_MK64F12.o

.debug_abbrev   0x00000000      0xc38
 .debug_abbrev  0x00000000      0x220 ./source/App.o
 .debug_abbrev  0x00000220      0x102 ./source/SysTick.o
 .debug_abbrev  0x00000322      0x229 ./source/gpio.o
 .debug_abbrev  0x0000054b      0x26e ./source/timer.o
 .debug_abbrev  0x000007b9      0x138 ./SDK/startup/hardware.o
 .debug_abbrev  0x000008f1       0x7d ./SDK/startup/main.o
 .debug_abbrev  0x0000096e       0x2f ./SDK/startup/semihost_hardfault.o
 .debug_abbrev  0x0000099d      0x15c ./SDK/startup/startup_mk64f12.o
 .debug_abbrev  0x00000af9      0x13f ./SDK/CMSIS/system_MK64F12.o

.debug_aranges  0x00000000      0x4f0
 .debug_aranges
                0x00000000       0x38 ./source/App.o
 .debug_aranges
                0x00000038       0x28 ./source/SysTick.o
 .debug_aranges
                0x00000060       0x70 ./source/gpio.o
 .debug_aranges
                0x000000d0       0x50 ./source/timer.o
 .debug_aranges
                0x00000120       0x30 ./SDK/startup/hardware.o
 .debug_aranges
                0x00000150       0x20 ./SDK/startup/main.o
 .debug_aranges
                0x00000170       0x20 ./SDK/startup/semihost_hardfault.o
 .debug_aranges
                0x00000190      0x330 ./SDK/startup/startup_mk64f12.o
 .debug_aranges
                0x000004c0       0x30 ./SDK/CMSIS/system_MK64F12.o

.debug_ranges   0x00000000      0x460
 .debug_ranges  0x00000000       0x28 ./source/App.o
 .debug_ranges  0x00000028       0x18 ./source/SysTick.o
 .debug_ranges  0x00000040       0x60 ./source/gpio.o
 .debug_ranges  0x000000a0       0x40 ./source/timer.o
 .debug_ranges  0x000000e0       0x20 ./SDK/startup/hardware.o
 .debug_ranges  0x00000100       0x10 ./SDK/startup/main.o
 .debug_ranges  0x00000110       0x10 ./SDK/startup/semihost_hardfault.o
 .debug_ranges  0x00000120      0x320 ./SDK/startup/startup_mk64f12.o
 .debug_ranges  0x00000440       0x20 ./SDK/CMSIS/system_MK64F12.o

.debug_macro    0x00000000    0x12ad0
 .debug_macro   0x00000000      0x288 ./source/App.o
 .debug_macro   0x00000288      0xa5a ./source/App.o
 .debug_macro   0x00000ce2      0x34e ./source/App.o
 .debug_macro   0x00001030       0x22 ./source/App.o
 .debug_macro   0x00001052       0x3a ./source/App.o
 .debug_macro   0x0000108c       0x34 ./source/App.o
 .debug_macro   0x000010c0       0x10 ./source/App.o
 .debug_macro   0x000010d0       0x10 ./source/App.o
 .debug_macro   0x000010e0       0x5c ./source/App.o
 .debug_macro   0x0000113c       0x1c ./source/App.o
 .debug_macro   0x00001158       0x22 ./source/App.o
 .debug_macro   0x0000117a       0xdf ./source/App.o
 .debug_macro   0x00001259      0xecf ./source/App.o
 .debug_macro   0x00002128       0x48 ./source/App.o
 .debug_macro   0x00002170     0xe07b ./source/App.o
 .debug_macro   0x000101eb     0x122b ./source/App.o
 .debug_macro   0x00011416       0x16 ./source/App.o
 .debug_macro   0x0001142c       0x17 ./source/App.o
 .debug_macro   0x00011443       0x22 ./source/App.o
 .debug_macro   0x00011465       0x52 ./source/App.o
 .debug_macro   0x000114b7       0x8d ./source/App.o
 .debug_macro   0x00011544       0x35 ./source/App.o
 .debug_macro   0x00011579       0x9c ./source/App.o
 .debug_macro   0x00011615       0x16 ./source/App.o
 .debug_macro   0x0001162b      0x10e ./source/App.o
 .debug_macro   0x00011739       0x8d ./source/App.o
 .debug_macro   0x000117c6       0x57 ./source/App.o
 .debug_macro   0x0001181d       0x58 ./source/App.o
 .debug_macro   0x00011875       0x1f ./source/App.o
 .debug_macro   0x00011894       0x43 ./source/App.o
 .debug_macro   0x000118d7       0x20 ./source/App.o
 .debug_macro   0x000118f7      0x18e ./source/App.o
 .debug_macro   0x00011a85      0x32a ./source/App.o
 .debug_macro   0x00011daf       0x16 ./source/App.o
 .debug_macro   0x00011dc5       0x29 ./source/App.o
 .debug_macro   0x00011dee       0x1c ./source/App.o
 .debug_macro   0x00011e0a       0x35 ./source/App.o
 .debug_macro   0x00011e3f       0x10 ./source/App.o
 .debug_macro   0x00011e4f       0x10 ./source/App.o
 .debug_macro   0x00011e5f       0x6a ./source/App.o
 .debug_macro   0x00011ec9       0x1c ./source/App.o
 .debug_macro   0x00011ee5       0x52 ./source/App.o
 .debug_macro   0x00011f37       0x40 ./source/App.o
 .debug_macro   0x00011f77       0x10 ./source/App.o
 .debug_macro   0x00011f87       0x40 ./source/App.o
 .debug_macro   0x00011fc7       0xd7 ./source/App.o
 .debug_macro   0x0001209e       0x1c ./source/App.o
 .debug_macro   0x000120ba       0x3d ./source/App.o
 .debug_macro   0x000120f7       0x16 ./source/App.o
 .debug_macro   0x0001210d      0x16f ./source/App.o
 .debug_macro   0x0001227c       0xc8 ./source/SysTick.o
 .debug_macro   0x00012344       0x40 ./source/SysTick.o
 .debug_macro   0x00012384       0x3a ./source/SysTick.o
 .debug_macro   0x000123be       0xb3 ./source/gpio.o
 .debug_macro   0x00012471      0x13d ./source/timer.o
 .debug_macro   0x000125ae      0x330 ./source/timer.o
 .debug_macro   0x000128de       0x9c ./SDK/startup/hardware.o
 .debug_macro   0x0001297a       0x9c ./SDK/startup/main.o
 .debug_macro   0x00012a16       0x11 ./SDK/startup/semihost_hardfault.o
 .debug_macro   0x00012a27       0x29 ./SDK/startup/startup_mk64f12.o
 .debug_macro   0x00012a50       0x80 ./SDK/CMSIS/system_MK64F12.o

.debug_line     0x00000000     0x183d
 .debug_line    0x00000000      0x43c ./source/App.o
 .debug_line    0x0000043c      0x1b2 ./source/SysTick.o
 .debug_line    0x000005ee      0x2f4 ./source/gpio.o
 .debug_line    0x000008e2      0x31a ./source/timer.o
 .debug_line    0x00000bfc      0x1d4 ./SDK/startup/hardware.o
 .debug_line    0x00000dd0      0x175 ./SDK/startup/main.o
 .debug_line    0x00000f45       0x59 ./SDK/startup/semihost_hardfault.o
 .debug_line    0x00000f9e      0x6d8 ./SDK/startup/startup_mk64f12.o
 .debug_line    0x00001676      0x1c7 ./SDK/CMSIS/system_MK64F12.o

.debug_str      0x00000000    0x7c9e9
 .debug_str     0x00000000    0x7b69f ./source/App.o
                              0x7b944 (size before relaxing)
 .debug_str     0x0007b69f       0x69 ./source/SysTick.o
                              0x771b6 (size before relaxing)
 .debug_str     0x0007b708      0x76f ./source/gpio.o
                              0x77802 (size before relaxing)
 .debug_str     0x0007be77      0x172 ./source/timer.o
                               0x6dee (size before relaxing)
 .debug_str     0x0007bfe9      0x178 ./SDK/startup/hardware.o
                              0x771f1 (size before relaxing)
 .debug_str     0x0007c161       0x1b ./SDK/startup/main.o
                              0x76fc5 (size before relaxing)
 .debug_str     0x0007c17c       0x36 ./SDK/startup/semihost_hardfault.o
                               0x2d2f (size before relaxing)
 .debug_str     0x0007c1b2      0x7d5 ./SDK/startup/startup_mk64f12.o
                               0x359d (size before relaxing)
 .debug_str     0x0007c987       0x62 ./SDK/CMSIS/system_MK64F12.o
                              0x77100 (size before relaxing)

.comment        0x00000000       0x7e
 .comment       0x00000000       0x7e ./source/App.o
                                 0x7f (size before relaxing)
 .comment       0x0000007e       0x7f ./source/SysTick.o
 .comment       0x0000007e       0x7f ./source/gpio.o
 .comment       0x0000007e       0x7f ./source/timer.o
 .comment       0x0000007e       0x7f ./SDK/startup/hardware.o
 .comment       0x0000007e       0x7f ./SDK/startup/main.o
 .comment       0x0000007e       0x7f ./SDK/startup/semihost_hardfault.o
 .comment       0x0000007e       0x7f ./SDK/startup/startup_mk64f12.o
 .comment       0x0000007e       0x7f ./SDK/CMSIS/system_MK64F12.o

.ARM.attributes
                0x00000000       0x37
 .ARM.attributes
                0x00000000       0x39 ./source/App.o
 .ARM.attributes
                0x00000039       0x39 ./source/SysTick.o
 .ARM.attributes
                0x00000072       0x39 ./source/gpio.o
 .ARM.attributes
                0x000000ab       0x39 ./source/timer.o
 .ARM.attributes
                0x000000e4       0x39 ./SDK/startup/hardware.o
 .ARM.attributes
                0x0000011d       0x39 ./SDK/startup/main.o
 .ARM.attributes
                0x00000156       0x39 ./SDK/startup/semihost_hardfault.o
 .ARM.attributes
                0x0000018f       0x39 ./SDK/startup/startup_mk64f12.o
 .ARM.attributes
                0x000001c8       0x39 ./SDK/CMSIS/system_MK64F12.o

.debug_frame    0x00000000      0xe1c
 .debug_frame   0x00000000       0x90 ./source/App.o
 .debug_frame   0x00000090       0x64 ./source/SysTick.o
 .debug_frame   0x000000f4      0x1d8 ./source/gpio.o
 .debug_frame   0x000002cc      0x11c ./source/timer.o
 .debug_frame   0x000003e8       0x70 ./SDK/startup/hardware.o
 .debug_frame   0x00000458       0x2c ./SDK/startup/main.o
 .debug_frame   0x00000484       0x20 ./SDK/startup/semihost_hardfault.o
 .debug_frame   0x000004a4      0x904 ./SDK/startup/startup_mk64f12.o
 .debug_frame   0x00000da8       0x74 ./SDK/CMSIS/system_MK64F12.o
