Archive member included to satisfy reference by file (symbol)

c:/nxp/mcuxpressoide_10.2.0_759/ide/tools/bin/../lib/gcc/arm-none-eabi/7.2.1/../../../../arm-none-eabi/lib/thumb/v7e-m/fpv4-sp/hard\libcr_c.a(memcpy.o)
                              ./source/CardReader.o (memcpy)
c:/nxp/mcuxpressoide_10.2.0_759/ide/tools/bin/../lib/gcc/arm-none-eabi/7.2.1/../../../../arm-none-eabi/lib/thumb/v7e-m/fpv4-sp/hard\libcr_c.a(fpprintf.o)
                              ./source/FSM_actions.o (printf)
c:/nxp/mcuxpressoide_10.2.0_759/ide/tools/bin/../lib/gcc/arm-none-eabi/7.2.1/../../../../arm-none-eabi/lib/thumb/v7e-m/fpv4-sp/hard\libcr_c.a(printf.o)
                              c:/nxp/mcuxpressoide_10.2.0_759/ide/tools/bin/../lib/gcc/arm-none-eabi/7.2.1/../../../../arm-none-eabi/lib/thumb/v7e-m/fpv4-sp/hard\libcr_c.a(fpprintf.o) (__vfprintf)
c:/nxp/mcuxpressoide_10.2.0_759/ide/tools/bin/../lib/gcc/arm-none-eabi/7.2.1/../../../../arm-none-eabi/lib/thumb/v7e-m/fpv4-sp/hard\libcr_c.a(strlen.o)
                              c:/nxp/mcuxpressoide_10.2.0_759/ide/tools/bin/../lib/gcc/arm-none-eabi/7.2.1/../../../../arm-none-eabi/lib/thumb/v7e-m/fpv4-sp/hard\libcr_c.a(printf.o) (strlen)
c:/nxp/mcuxpressoide_10.2.0_759/ide/tools/bin/../lib/gcc/arm-none-eabi/7.2.1/../../../../arm-none-eabi/lib/thumb/v7e-m/fpv4-sp/hard\libcr_c.a(memset.o)
                              c:/nxp/mcuxpressoide_10.2.0_759/ide/tools/bin/../lib/gcc/arm-none-eabi/7.2.1/../../../../arm-none-eabi/lib/thumb/v7e-m/fpv4-sp/hard\libcr_c.a(fpprintf.o) (memset)
c:/nxp/mcuxpressoide_10.2.0_759/ide/tools/bin/../lib/gcc/arm-none-eabi/7.2.1/../../../../arm-none-eabi/lib/thumb/v7e-m/fpv4-sp/hard\libcr_c.a(_deferredlazyseek.o)
                              c:/nxp/mcuxpressoide_10.2.0_759/ide/tools/bin/../lib/gcc/arm-none-eabi/7.2.1/../../../../arm-none-eabi/lib/thumb/v7e-m/fpv4-sp/hard\libcr_c.a(fpprintf.o) (__flsbuf)
c:/nxp/mcuxpressoide_10.2.0_759/ide/tools/bin/../lib/gcc/arm-none-eabi/7.2.1/../../../../arm-none-eabi/lib/thumb/v7e-m/fpv4-sp/hard\libcr_c.a(_fflush.o)
                              c:/nxp/mcuxpressoide_10.2.0_759/ide/tools/bin/../lib/gcc/arm-none-eabi/7.2.1/../../../../arm-none-eabi/lib/thumb/v7e-m/fpv4-sp/hard\libcr_c.a(_deferredlazyseek.o) (_fflush)
c:/nxp/mcuxpressoide_10.2.0_759/ide/tools/bin/../lib/gcc/arm-none-eabi/7.2.1/../../../../arm-none-eabi/lib/thumb/v7e-m/fpv4-sp/hard\libcr_c.a(_frexpl.o)
                              c:/nxp/mcuxpressoide_10.2.0_759/ide/tools/bin/../lib/gcc/arm-none-eabi/7.2.1/../../../../arm-none-eabi/lib/thumb/v7e-m/fpv4-sp/hard\libcr_c.a(fpprintf.o) (_frexpl)
c:/nxp/mcuxpressoide_10.2.0_759/ide/tools/bin/../lib/gcc/arm-none-eabi/7.2.1/../../../../arm-none-eabi/lib/thumb/v7e-m/fpv4-sp/hard\libcr_c.a(_ldexpl.o)
                              c:/nxp/mcuxpressoide_10.2.0_759/ide/tools/bin/../lib/gcc/arm-none-eabi/7.2.1/../../../../arm-none-eabi/lib/thumb/v7e-m/fpv4-sp/hard\libcr_c.a(fpprintf.o) (_ldexpl)
c:/nxp/mcuxpressoide_10.2.0_759/ide/tools/bin/../lib/gcc/arm-none-eabi/7.2.1/../../../../arm-none-eabi/lib/thumb/v7e-m/fpv4-sp/hard\libcr_c.a(_writebuf.o)
                              c:/nxp/mcuxpressoide_10.2.0_759/ide/tools/bin/../lib/gcc/arm-none-eabi/7.2.1/../../../../arm-none-eabi/lib/thumb/v7e-m/fpv4-sp/hard\libcr_c.a(_deferredlazyseek.o) (_Cwritebuf)
c:/nxp/mcuxpressoide_10.2.0_759/ide/tools/bin/../lib/gcc/arm-none-eabi/7.2.1/../../../../arm-none-eabi/lib/thumb/v7e-m/fpv4-sp/hard\libcr_c.a(alloc.o)
                              c:/nxp/mcuxpressoide_10.2.0_759/ide/tools/bin/../lib/gcc/arm-none-eabi/7.2.1/../../../../arm-none-eabi/lib/thumb/v7e-m/fpv4-sp/hard\libcr_c.a(fpprintf.o) (malloc)
c:/nxp/mcuxpressoide_10.2.0_759/ide/tools/bin/../lib/gcc/arm-none-eabi/7.2.1/../../../../arm-none-eabi/lib/thumb/v7e-m/fpv4-sp/hard\libcr_c.a(errno.o)
                              c:/nxp/mcuxpressoide_10.2.0_759/ide/tools/bin/../lib/gcc/arm-none-eabi/7.2.1/../../../../arm-none-eabi/lib/thumb/v7e-m/fpv4-sp/hard\libcr_c.a(_ldexpl.o) (errno)
c:/nxp/mcuxpressoide_10.2.0_759/ide/tools/bin/../lib/gcc/arm-none-eabi/7.2.1/../../../../arm-none-eabi/lib/thumb/v7e-m/fpv4-sp/hard\libcr_c.a(fseek.o)
                              c:/nxp/mcuxpressoide_10.2.0_759/ide/tools/bin/../lib/gcc/arm-none-eabi/7.2.1/../../../../arm-none-eabi/lib/thumb/v7e-m/fpv4-sp/hard\libcr_c.a(_deferredlazyseek.o) (fseek)
c:/nxp/mcuxpressoide_10.2.0_759/ide/tools/bin/../lib/gcc/arm-none-eabi/7.2.1/../../../../arm-none-eabi/lib/thumb/v7e-m/fpv4-sp/hard\libcr_c.a(ftell.o)
                              c:/nxp/mcuxpressoide_10.2.0_759/ide/tools/bin/../lib/gcc/arm-none-eabi/7.2.1/../../../../arm-none-eabi/lib/thumb/v7e-m/fpv4-sp/hard\libcr_c.a(fseek.o) (ftell)
c:/nxp/mcuxpressoide_10.2.0_759/ide/tools/bin/../lib/gcc/arm-none-eabi/7.2.1/../../../../arm-none-eabi/lib/thumb/v7e-m/fpv4-sp/hard\libcr_c.a(__init_alloc.o)
[...]
Memory Configuration

Name             Origin             Length             Attributes
PROGRAM_FLASH    0x00000000         0x00100000         xr
SRAM_UPPER       0x20000000         0x00030000         xrw
SRAM_LOWER       0x1fff0000         0x00010000         xrw
FLEX_RAM         0x14000000         0x00001000         xrw
*default*        0x00000000         0xffffffff

Linker script and memory map

LOAD ./source/AdminID.o
LOAD ./source/App.o
LOAD ./source/CardReader.o
LOAD ./source/CardReaderDecoder.o
LOAD ./source/CardReaderHAL.o
LOAD ./source/EncoderHandler.o
LOAD ./source/FSM.o
LOAD ./source/FSMTABLE.o
LOAD ./source/FSM_actions.o
LOAD ./source/SysTick.o
LOAD ./source/boardLed.o
LOAD ./source/displayLed.o
LOAD ./source/displayManager.o
LOAD ./source/displaySegment.o
LOAD ./source/door.o
LOAD ./source/encoder.o
LOAD ./source/encoderEvent.o
LOAD ./source/encoderHal.o
LOAD ./source/gpio.o
LOAD ./source/timer.o
LOAD ./source/timerqueue.o
LOAD ./SDK/startup/hardware.o
LOAD ./SDK/startup/main.o
LOAD ./SDK/startup/semihost_hardfault.o
LOAD ./SDK/startup/startup_mk64f12.o
LOAD ./SDK/CMSIS/system_MK64F12.o
START GROUP
LOAD c:/nxp/mcuxpressoide_10.2.0_759/ide/tools/bin/../lib/gcc/arm-none-eabi/7.2.1/../../../../arm-none-eabi/lib/thumb/v7e-m/fpv4-sp/hard\libcr_c.a
LOAD c:/nxp/mcuxpressoide_10.2.0_759/ide/tools/bin/../lib/gcc/arm-none-eabi/7.2.1/thumb/v7e-m/fpv4-sp/hard\libcr_eabihelpers.a
END GROUP
                0x00000000                __base_PROGRAM_FLASH = 0x0
                0x00000000                __base_Flash = 0x0
                0x00100000                __top_PROGRAM_FLASH = 0x100000
                0x00100000                __top_Flash = 0x100000
                0x20000000                __base_SRAM_UPPER = 0x20000000
                0x20000000                __base_RAM = 0x20000000
                0x20030000                __top_SRAM_UPPER = 0x20030000
                0x20030000                __top_RAM = 0x20030000
                0x1fff0000                __base_SRAM_LOWER = 0x1fff0000
                0x1fff0000                __base_RAM2 = 0x1fff0000
                0x20000000                __top_SRAM_LOWER = 0x20000000
                0x20000000                __top_RAM2 = 0x20000000
                0x14000000                __base_FLEX_RAM = 0x14000000
                0x14000000                __base_RAM3 = 0x14000000
                0x14001000                __top_FLEX_RAM = 0x14001000
                0x14001000                __top_RAM3 = 0x14001000

.text           0x00000000     0x1f70
 FILL mask 0xff
                0x00000000                __vectors_start__ = ABSOLUTE (.)
 *(SORT_BY_ALIGNMENT(.isr_vector))
 .isr_vector    0x00000000      0x198 ./SDK/startup/startup_mk64f12.o
                0x00000000                g_pfnVectors
                0x00000000                __Vectors
                0x00000198                . = ALIGN (0x4)
                0x00000198                __section_table_start = .
                0x00000198                __data_section_table = .
                0x00000198        0x4 LONG 0x1f70 LOADADDR (.data)
                0x0000019c        0x4 LONG 0x20000000 ADDR (.data)
                0x000001a0        0x4 LONG 0x0 SIZEOF (.data)
                0x000001a4        0x4 LONG 0x1f70 LOADADDR (.data_RAM2)
                0x000001a8        0x4 LONG 0x1fff0000 ADDR (.data_RAM2)
                0x000001ac        0x4 LONG 0x0 SIZEOF (.data_RAM2)
                0x000001b0        0x4 LONG 0x1f70 LOADADDR (.data_RAM3)
                0x000001b4        0x4 LONG 0x14000000 ADDR (.data_RAM3)
                0x000001b8        0x4 LONG 0x0 SIZEOF (.data_RAM3)
                0x000001bc                __data_section_table_end = .
                0x000001bc                __bss_section_table = .
                0x000001bc        0x4 LONG 0x20000000 ADDR (.bss)
                0x000001c0        0x4 LONG 0xc98 SIZEOF (.bss)
                0x000001c4        0x4 LONG 0x1fff0000 ADDR (.bss_RAM2)
                0x000001c8        0x4 LONG 0x0 SIZEOF (.bss_RAM2)
                0x000001cc        0x4 LONG 0x14000000 ADDR (.bss_RAM3)
                0x000001d0        0x4 LONG 0x0 SIZEOF (.bss_RAM3)
                0x000001d4                __bss_section_table_end = .
                0x000001d4                __section_table_end = .
 *(SORT_BY_ALIGNMENT(.after_vectors*))
 .after_vectors.reset
                0x000001d4       0x4c ./SDK/startup/startup_mk64f12.o
                0x000001d4                ResetISR
 .after_vectors.init_data
                0x00000220       0x1e ./SDK/startup/startup_mk64f12.o
                0x00000220                data_init
 .after_vectors.init_bss
                0x0000023e       0x12 ./SDK/startup/startup_mk64f12.o
                0x0000023e                bss_init
 .after_vectors
                0x00000250       0x14 ./SDK/startup/startup_mk64f12.o
                0x00000250                NMI_Handler
                0x00000254                MemManage_Handler
                0x00000256                BusFault_Handler
                0x00000258                UsageFault_Handler
                0x0000025a                SVC_Handler
                0x0000025c                DebugMon_Handler
                0x0000025e                PendSV_Handler
                0x00000262                DMA_Error_DriverIRQHandler
                0x00000262                LPTMR0_DriverIRQHandler
                0x00000262                FTM1_DriverIRQHandler
                0x00000262                FTM2_DriverIRQHandler
                0x00000262                PIT2_DriverIRQHandler
                0x00000262                SDHC_DriverIRQHandler
                0x00000262                I2S0_Tx_DriverIRQHandler
                0x00000262                RTC_Seconds_DriverIRQHandler
                0x00000262                DMA6_DriverIRQHandler
                0x00000262                LLWU_DriverIRQHandler
                0x00000262                MCM_DriverIRQHandler
                0x00000262                MCG_DriverIRQHandler
                0x00000262                ENET_1588_Timer_DriverIRQHandler
                0x00000262                I2C2_DriverIRQHandler
                0x00000262                DAC1_DriverIRQHandler
                0x00000262                SPI1_DriverIRQHandler
                0x00000262                CMP1_DriverIRQHandler
                0x00000262                UART5_RX_TX_DriverIRQHandler
                0x00000262                FTM0_DriverIRQHandler
                0x00000262                IntDefaultHandler
                0x00000262                USB0_DriverIRQHandler
                0x00000262                UART5_ERR_DriverIRQHandler
                0x00000262                PORTC_DriverIRQHandler
                0x00000262                DMA11_DriverIRQHandler
                0x00000262                DAC0_DriverIRQHandler
                0x00000262                DMA10_DriverIRQHandler
                0x00000262                CMP2_DriverIRQHandler
                0x00000262                UART2_ERR_DriverIRQHandler
                0x00000262                SPI2_DriverIRQHandler
                0x00000262                LVD_LVW_DriverIRQHandler
                0x00000262                PIT0_DriverIRQHandler
                0x00000262                RNG_DriverIRQHandler
                0x00000262                DMA5_DriverIRQHandler
                0x00000262                DMA12_DriverIRQHandler
                0x00000262                UART2_RX_TX_DriverIRQHandler
                0x00000262                USBDCD_DriverIRQHandler
                0x00000262                UART3_ERR_DriverIRQHandler
                0x00000262                DMA3_DriverIRQHandler
                0x00000262                DMA8_DriverIRQHandler
                0x00000262                DMA9_DriverIRQHandler
                0x00000262                UART0_ERR_DriverIRQHandler
                0x00000262                CMT_DriverIRQHandler
                0x00000262                Reserved71_DriverIRQHandler
                0x00000262                ADC1_DriverIRQHandler
                0x00000262                PORTA_DriverIRQHandler
                0x00000262                DMA14_DriverIRQHandler
                0x00000262                PIT3_DriverIRQHandler
                0x00000262                PIT1_DriverIRQHandler
                0x00000262                WDOG_EWM_DriverIRQHandler
                0x00000262                PDB0_DriverIRQHandler
                0x00000262                RTC_DriverIRQHandler
                0x00000262                I2S0_Rx_DriverIRQHandler
                0x00000262                Read_Collision_DriverIRQHandler
                0x00000262                SWI_DriverIRQHandler
                0x00000262                UART4_RX_TX_DriverIRQHandler
                0x00000262                UART4_ERR_DriverIRQHandler
                0x00000262                PORTB_DriverIRQHandler
                0x00000262                UART0_LON_DriverIRQHandler
                0x00000262                DMA0_DriverIRQHandler
                0x00000262                DMA1_DriverIRQHandler
                0x00000262                I2C1_DriverIRQHandler
                0x00000262                UART3_RX_TX_DriverIRQHandler
                0x00000262                ENET_Receive_DriverIRQHandler
                0x00000262                DMA13_DriverIRQHandler
                0x00000262                ENET_Error_DriverIRQHandler
                0x00000262                DMA15_DriverIRQHandler
                0x00000262                UART0_RX_TX_DriverIRQHandler
                0x00000262                SPI0_DriverIRQHandler
                0x00000262                ADC0_DriverIRQHandler
                0x00000262                CMP0_DriverIRQHandler
                0x00000262                CAN0_DriverIRQHandler
                0x00000262                FTM3_DriverIRQHandler
                0x00000262                DMA4_DriverIRQHandler
                0x00000262                UART1_ERR_DriverIRQHandler
                0x00000262                DMA2_DriverIRQHandler
                0x00000262                ENET_Transmit_DriverIRQHandler
                0x00000262                PORTD_DriverIRQHandler
                0x00000262                PORTE_DriverIRQHandler
                0x00000262                FTFE_DriverIRQHandler
                0x00000262                I2C0_DriverIRQHandler
                0x00000262                DMA7_DriverIRQHandler
                0x00000262                UART1_RX_TX_DriverIRQHandler
                0x00000400                . = 0x400
 *fill*         0x00000264      0x19c ff
                0x00000400                PROVIDE (__FLASH_CONFIG_START__, .)
 *(SORT_BY_ALIGNMENT(.FlashConfig))
 .FlashConfig   0x00000400       0x10 ./SDK/startup/startup_mk64f12.o
                0x00000400                Flash_Config
                0x00000410                PROVIDE (__FLASH_CONFIG_END__, .)
                0x00000001                ASSERT (! ((__FLASH_CONFIG_START__ == __FLASH_CONFIG_END__)), Linker Flash Config Support Enabled, but no .FlashConfig section provided within application)
 *(SORT_BY_ALIGNMENT(.text*))
 .text.initDataBase
                0x00000410       0x68 ./source/AdminID.o
                0x00000410                initDataBase
 .text.agregoUsuario
                0x00000478       0x74 ./source/AdminID.o
                0x00000478                agregoUsuario
 .text.buscoID  0x000004ec       0x88 ./source/AdminID.o
                0x000004ec                buscoID
 .text.App_Init
                0x00000574       0x34 ./source/App.o
                0x00000574                App_Init
 .text.CardReaderHW_Init
                0x000005a8       0x50 ./source/CardReaderHAL.o
                0x000005a8                CardReaderHW_Init
 .text.clockfun
                0x000005f8       0x50 ./source/CardReaderHAL.o
                0x000005f8                clockfun
 .text.enablefun
                0x00000648       0x84 ./source/CardReaderHAL.o
                0x00000648                enablefun
 .text.Queue_Init
                0x000006cc       0x20 ./source/CardReaderHAL.o
                0x000006cc                Queue_Init
 .text.SysTick_Init
                0x000006ec       0x40 ./source/SysTick.o
                0x000006ec                SysTick_Init
 .text.SysTick_Handler
                0x0000072c       0x24 ./source/SysTick.o
                0x0000072c                SysTick_Handler
 .text.InitDisplayLeds
                0x00000750       0x34 ./source/displayLed.o
                0x00000750                InitDisplayLeds
 .text.ResetDisplayLeds
                0x00000784       0x6c ./source/displayLed.o
                0x00000784                ResetDisplayLeds
 .text.SetDisplayBrightness
                0x000007f0       0x30 ./source/displayLed.o
                0x000007f0                SetDisplayBrightness
 .text.showDisplayLeds
                0x00000820       0x54 ./source/displayLed.o
                0x00000820                showDisplayLeds
 .text.brightnessHandle
                0x00000874       0x5c ./source/displayLed.o
                0x00000874                brightnessHandle
 .text.blinkHandle
                0x000008d0       0xa8 ./source/displayLed.o
                0x000008d0                blinkHandle
 .text.InitDisplay
                0x00000978       0x78 ./source/displayManager.o
                0x00000978                InitDisplay
 .text.ClearDisplay
                0x000009f0       0x3c ./source/displayManager.o
                0x000009f0                ClearDisplay
 .text.SetBrightness
                0x00000a2c       0x38 ./source/displayManager.o
                0x00000a2c                SetBrightness
 .text.UpdateDisplay
                0x00000a64       0xd0 ./source/displayManager.o
                0x00000a64                UpdateDisplay
 .text.ShiftLeft
                0x00000b34       0x1c ./source/displayManager.o
                0x00000b34                ShiftLeft
 .text.ledDisplayCallback
                0x00000b50       0x38 ./source/displayManager.o
                0x00000b50                ledDisplayCallback
 .text.InitSegmentDisplay
                0x00000b88       0x70 ./source/displaySegment.o
                0x00000b88                InitSegmentDisplay
 .text.PrintChar
                0x00000bf8       0x98 ./source/displaySegment.o
                0x00000bf8                PrintChar
 .text.initEncoder
                0x00000c90       0x78 ./source/encoder.o
                0x00000c90                initEncoder
 .text.pushEncoderEvent
                0x00000d08       0x5c ./source/encoder.o
                0x00000d08                pushEncoderEvent
 .text.initEncoderQueue
                0x00000d64       0x20 ./source/encoder.o
                0x00000d64                initEncoderQueue
 .text.updateData
                0x00000d84       0x3c ./source/encoderEvent.o
                0x00000d84                updateData
 .text.encoderRot
                0x00000dc0       0x50 ./source/encoderEvent.o
                0x00000dc0                encoderRot
 .text.checkRisingEdge
                0x00000e10       0x38 ./source/encoderEvent.o
                0x00000e10                checkRisingEdge
 .text.checkFallingEdge
                0x00000e48       0x38 ./source/encoderEvent.o
                0x00000e48                checkFallingEdge
 .text.initEncoderHal
                0x00000e80       0x68 ./source/encoderHal.o
                0x00000e80                initEncoderHal
 .text.resetEncoderTimerCount
                0x00000ee8       0x18 ./source/encoderHal.o
                0x00000ee8                resetEncoderTimerCount
 .text.getEncoderTimerCount
                0x00000f00       0x18 ./source/encoderHal.o
                0x00000f00                getEncoderTimerCount
 .text.encoderTimerRoutine
                0x00000f18       0x2c ./source/encoderHal.o
                0x00000f18                encoderTimerRoutine
 .text.__NVIC_EnableIRQ
                0x00000f44       0x3c ./source/gpio.o
 .text.gpioMode
                0x00000f80      0x104 ./source/gpio.o
                0x00000f80                gpioMode
 .text.gpioRead
                0x00001084       0x68 ./source/gpio.o
                0x00001084                gpioRead
 .text.gpioWrite
                0x000010ec       0x80 ./source/gpio.o
                0x000010ec                gpioWrite
 .text.gpioIRQ  0x0000116c       0xc0 ./source/gpio.o
                0x0000116c                gpioIRQ
 .text.IRQHandler
                0x0000122c       0xbc ./source/gpio.o
                0x0000122c                IRQHandler
 .text.timerInit
                0x000012e8       0x78 ./source/timer.o
                0x000012e8                timerInit
 .text.timerStart
                0x00001360       0x8c ./source/timer.o
                0x00001360                timerStart
 .text.timerEnable
                0x000013ec       0x2c ./source/timer.o
                0x000013ec                timerEnable
 .text.timerDisable
                0x00001418       0x2c ./source/timer.o
                0x00001418                timerDisable
 .text.timer_isr
                0x00001444       0x70 ./source/timer.o
 .text.hw_Init  0x000014b4      0x10c ./SDK/startup/hardware.o
                0x000014b4                hw_Init
 .text.hw_EnableInterrupts
                0x000015c0       0x30 ./SDK/startup/hardware.o
                0x000015c0                hw_EnableInterrupts
 .text.hw_DisableInterrupts
                0x000015f0       0x20 ./SDK/startup/hardware.o
                0x000015f0                hw_DisableInterrupts
 .text.SystemInit
                0x00001610       0x3c ./SDK/CMSIS/system_MK64F12.o
                0x00001610                SystemInit
 .text.verificoID
                0x0000164c       0x2e ./source/AdminID.o
                0x0000164c                verificoID
 .text.App_Run  0x0000167a        0xe ./source/App.o
                0x0000167a                App_Run
 .text.inactivity_callback
                0x00001688        0xe ./source/App.o
                0x00001688                inactivity_callback
 .text.Cardreader_Init
                0x00001696        0xc ./source/CardReader.o
                0x00001696                Cardreader_Init
 .text.setDisplayLedPos
                0x000016a2       0x62 ./source/displayLed.o
                0x000016a2                setDisplayLedPos
 .text.setDigit
                0x00001704       0xd6 ./source/displaySegment.o
                0x00001704                setDigit
 .text.setDisplayPos
                0x000017da       0x48 ./source/displaySegment.o
                0x000017da                setDisplayPos
 .text.doorInit
                0x00001822       0x18 ./source/door.o
                0x00001822                doorInit
 .text.closeDoor
                0x0000183a       0x10 ./source/door.o
                0x0000183a                closeDoor
 .text.rotationCallback
                0x0000184a       0x6e ./source/encoder.o
                0x0000184a                rotationCallback
 .text.buttonCallback
                0x000018b8       0x64 ./source/encoder.o
                0x000018b8                buttonCallback
 .text.resetData
                0x0000191c       0x30 ./source/encoderEvent.o
                0x0000191c                resetData
 .text.setButtonCallback
                0x0000194c       0x1a ./source/encoderHal.o
                0x0000194c                setButtonCallback
 .text.readEncoder
                0x00001966       0x48 ./source/encoderHal.o
                0x00001966                readEncoder
 .text.setGPIOdataOut
                0x000019ae       0x4a ./source/gpio.o
                0x000019ae                setGPIOdataOut
 .text.validPin
                0x000019f8       0x26 ./source/gpio.o
                0x000019f8                validPin
 .text.setPCRmux
                0x00001a1e       0x46 ./source/gpio.o
                0x00001a1e                setPCRmux
 .text.setPCRpullEnable
                0x00001a64       0x30 ./source/gpio.o
                0x00001a64                setPCRpullEnable
 .text.setPCRpullUp
                0x00001a94       0x30 ./source/gpio.o
                0x00001a94                setPCRpullUp
 .text.setPCRpullDown
                0x00001ac4       0x32 ./source/gpio.o
                0x00001ac4                setPCRpullDown
 .text.setGPIOddr
                0x00001af6       0x30 ./source/gpio.o
                0x00001af6                setGPIOddr
 .text.setPCRirqc
                0x00001b26       0x46 ./source/gpio.o
                0x00001b26                setPCRirqc
 .text.PORTA_IRQHandler
                0x00001b6c       0x1e ./source/gpio.o
                0x00001b6c                PORTA_IRQHandler
 .text.PORTB_IRQHandler
                0x00001b8a       0x1e ./source/gpio.o
                0x00001b8a                PORTB_IRQHandler
 .text.PORTC_IRQHandler
                0x00001ba8       0x1e ./source/gpio.o
                0x00001ba8                PORTC_IRQHandler
 .text.PORTD_IRQHandler
                0x00001bc6       0x1e ./source/gpio.o
                0x00001bc6                PORTD_IRQHandler
 .text.PORTE_IRQHandler
                0x00001be4       0x1e ./source/gpio.o
                0x00001be4                PORTE_IRQHandler
 .text.main     0x00001c02       0x1a ./SDK/startup/main.o
                0x00001c02                main
 .text.HardFault_Handler
                0x00001c1c       0x2c ./SDK/startup/semihost_hardfault.o
                0x00001c1c                HardFault_Handler
 .text.DMA0_IRQHandler
                0x00001c48        0x8 ./SDK/startup/startup_mk64f12.o
                0x00001c48                DMA0_IRQHandler
 .text.DMA1_IRQHandler
                0x00001c50        0x8 ./SDK/startup/startup_mk64f12.o
                0x00001c50                DMA1_IRQHandler
 .text.DMA2_IRQHandler
                0x00001c58        0x8 ./SDK/startup/startup_mk64f12.o
                0x00001c58                DMA2_IRQHandler
 .text.DMA3_IRQHandler
                0x00001c60        0x8 ./SDK/startup/startup_mk64f12.o
                0x00001c60                DMA3_IRQHandler
 .text.DMA4_IRQHandler
                0x00001c68        0x8 ./SDK/startup/startup_mk64f12.o
                0x00001c68                DMA4_IRQHandler
 .text.DMA5_IRQHandler
                0x00001c70        0x8 ./SDK/startup/startup_mk64f12.o
                0x00001c70                DMA5_IRQHandler
 .text.DMA6_IRQHandler
                0x00001c78        0x8 ./SDK/startup/startup_mk64f12.o
                0x00001c78                DMA6_IRQHandler
 .text.DMA7_IRQHandler
                0x00001c80        0x8 ./SDK/startup/startup_mk64f12.o
                0x00001c80                DMA7_IRQHandler
 .text.DMA8_IRQHandler
                0x00001c88        0x8 ./SDK/startup/startup_mk64f12.o
                0x00001c88                DMA8_IRQHandler
 .text.DMA9_IRQHandler
                0x00001c90        0x8 ./SDK/startup/startup_mk64f12.o
                0x00001c90                DMA9_IRQHandler
 .text.DMA10_IRQHandler
                0x00001c98        0x8 ./SDK/startup/startup_mk64f12.o
                0x00001c98                DMA10_IRQHandler
 .text.DMA11_IRQHandler
                0x00001ca0        0x8 ./SDK/startup/startup_mk64f12.o
                0x00001ca0                DMA11_IRQHandler
 .text.DMA12_IRQHandler
                0x00001ca8        0x8 ./SDK/startup/startup_mk64f12.o
                0x00001ca8                DMA12_IRQHandler
 .text.DMA13_IRQHandler
                0x00001cb0        0x8 ./SDK/startup/startup_mk64f12.o
                0x00001cb0                DMA13_IRQHandler
 .text.DMA14_IRQHandler
                0x00001cb8        0x8 ./SDK/startup/startup_mk64f12.o
                0x00001cb8                DMA14_IRQHandler
 .text.DMA15_IRQHandler
                0x00001cc0        0x8 ./SDK/startup/startup_mk64f12.o
                0x00001cc0                DMA15_IRQHandler
 .text.DMA_Error_IRQHandler
                0x00001cc8        0x8 ./SDK/startup/startup_mk64f12.o
                0x00001cc8                DMA_Error_IRQHandler
 .text.MCM_IRQHandler
                0x00001cd0        0x8 ./SDK/startup/startup_mk64f12.o
                0x00001cd0                MCM_IRQHandler
 .text.FTFE_IRQHandler
                0x00001cd8        0x8 ./SDK/startup/startup_mk64f12.o
                0x00001cd8                FTFE_IRQHandler
 .text.Read_Collision_IRQHandler
                0x00001ce0        0x8 ./SDK/startup/startup_mk64f12.o
                0x00001ce0                Read_Collision_IRQHandler
 .text.LVD_LVW_IRQHandler
                0x00001ce8        0x8 ./SDK/startup/startup_mk64f12.o
                0x00001ce8                LVD_LVW_IRQHandler
 .text.LLWU_IRQHandler
                0x00001cf0        0x8 ./SDK/startup/startup_mk64f12.o
                0x00001cf0                LLWU_IRQHandler
 .text.WDOG_EWM_IRQHandler
                0x00001cf8        0x8 ./SDK/startup/startup_mk64f12.o
                0x00001cf8                WDOG_EWM_IRQHandler
 .text.RNG_IRQHandler
                0x00001d00        0x8 ./SDK/startup/startup_mk64f12.o
                0x00001d00                RNG_IRQHandler
 .text.I2C0_IRQHandler
                0x00001d08        0x8 ./SDK/startup/startup_mk64f12.o
                0x00001d08                I2C0_IRQHandler
 .text.I2C1_IRQHandler
                0x00001d10        0x8 ./SDK/startup/startup_mk64f12.o
                0x00001d10                I2C1_IRQHandler
 .text.SPI0_IRQHandler
                0x00001d18        0x8 ./SDK/startup/startup_mk64f12.o
                0x00001d18                SPI0_IRQHandler
 .text.SPI1_IRQHandler
                0x00001d20        0x8 ./SDK/startup/startup_mk64f12.o
                0x00001d20                SPI1_IRQHandler
 .text.I2S0_Tx_IRQHandler
                0x00001d28        0x8 ./SDK/startup/startup_mk64f12.o
                0x00001d28                I2S0_Tx_IRQHandler
 .text.I2S0_Rx_IRQHandler
                0x00001d30        0x8 ./SDK/startup/startup_mk64f12.o
                0x00001d30                I2S0_Rx_IRQHandler
 .text.UART0_LON_IRQHandler
                0x00001d38        0x8 ./SDK/startup/startup_mk64f12.o
                0x00001d38                UART0_LON_IRQHandler
 .text.UART0_RX_TX_IRQHandler
                0x00001d40        0x8 ./SDK/startup/startup_mk64f12.o
                0x00001d40                UART0_RX_TX_IRQHandler
 .text.UART0_ERR_IRQHandler
                0x00001d48        0x8 ./SDK/startup/startup_mk64f12.o
                0x00001d48                UART0_ERR_IRQHandler
 .text.UART1_RX_TX_IRQHandler
                0x00001d50        0x8 ./SDK/startup/startup_mk64f12.o
                0x00001d50                UART1_RX_TX_IRQHandler
 .text.UART1_ERR_IRQHandler
                0x00001d58        0x8 ./SDK/startup/startup_mk64f12.o
                0x00001d58                UART1_ERR_IRQHandler
 .text.UART2_RX_TX_IRQHandler
                0x00001d60        0x8 ./SDK/startup/startup_mk64f12.o
                0x00001d60                UART2_RX_TX_IRQHandler
 .text.UART2_ERR_IRQHandler
                0x00001d68        0x8 ./SDK/startup/startup_mk64f12.o
                0x00001d68                UART2_ERR_IRQHandler
 .text.UART3_RX_TX_IRQHandler
                0x00001d70        0x8 ./SDK/startup/startup_mk64f12.o
                0x00001d70                UART3_RX_TX_IRQHandler
 .text.UART3_ERR_IRQHandler
                0x00001d78        0x8 ./SDK/startup/startup_mk64f12.o
                0x00001d78                UART3_ERR_IRQHandler
 .text.ADC0_IRQHandler
                0x00001d80        0x8 ./SDK/startup/startup_mk64f12.o
                0x00001d80                ADC0_IRQHandler
 .text.CMP0_IRQHandler
                0x00001d88        0x8 ./SDK/startup/startup_mk64f12.o
                0x00001d88                CMP0_IRQHandler
 .text.CMP1_IRQHandler
                0x00001d90        0x8 ./SDK/startup/startup_mk64f12.o
                0x00001d90                CMP1_IRQHandler
 .text.FTM0_IRQHandler
                0x00001d98        0x8 ./SDK/startup/startup_mk64f12.o
                0x00001d98                FTM0_IRQHandler
 .text.FTM1_IRQHandler
                0x00001da0        0x8 ./SDK/startup/startup_mk64f12.o
                0x00001da0                FTM1_IRQHandler
 .text.FTM2_IRQHandler
                0x00001da8        0x8 ./SDK/startup/startup_mk64f12.o
                0x00001da8                FTM2_IRQHandler
 .text.CMT_IRQHandler
                0x00001db0        0x8 ./SDK/startup/startup_mk64f12.o
                0x00001db0                CMT_IRQHandler
 .text.RTC_IRQHandler
                0x00001db8        0x8 ./SDK/startup/startup_mk64f12.o
                0x00001db8                RTC_IRQHandler
 .text.RTC_Seconds_IRQHandler
                0x00001dc0        0x8 ./SDK/startup/startup_mk64f12.o
                0x00001dc0                RTC_Seconds_IRQHandler
 .text.PIT0_IRQHandler
                0x00001dc8        0x8 ./SDK/startup/startup_mk64f12.o
                0x00001dc8                PIT0_IRQHandler
 .text.PIT1_IRQHandler
                0x00001dd0        0x8 ./SDK/startup/startup_mk64f12.o
                0x00001dd0                PIT1_IRQHandler
 .text.PIT2_IRQHandler
                0x00001dd8        0x8 ./SDK/startup/startup_mk64f12.o
                0x00001dd8                PIT2_IRQHandler
 .text.PIT3_IRQHandler
                0x00001de0        0x8 ./SDK/startup/startup_mk64f12.o
                0x00001de0                PIT3_IRQHandler
 .text.PDB0_IRQHandler
                0x00001de8        0x8 ./SDK/startup/startup_mk64f12.o
                0x00001de8                PDB0_IRQHandler
 .text.USB0_IRQHandler
                0x00001df0        0x8 ./SDK/startup/startup_mk64f12.o
                0x00001df0                USB0_IRQHandler
 .text.USBDCD_IRQHandler
                0x00001df8        0x8 ./SDK/startup/startup_mk64f12.o
                0x00001df8                USBDCD_IRQHandler
 .text.Reserved71_IRQHandler
                0x00001e00        0x8 ./SDK/startup/startup_mk64f12.o
                0x00001e00                Reserved71_IRQHandler
 .text.DAC0_IRQHandler
                0x00001e08        0x8 ./SDK/startup/startup_mk64f12.o
                0x00001e08                DAC0_IRQHandler
 .text.MCG_IRQHandler
                0x00001e10        0x8 ./SDK/startup/startup_mk64f12.o
                0x00001e10                MCG_IRQHandler
 .text.LPTMR0_IRQHandler
                0x00001e18        0x8 ./SDK/startup/startup_mk64f12.o
                0x00001e18                LPTMR0_IRQHandler
 .text.SWI_IRQHandler
                0x00001e20        0x8 ./SDK/startup/startup_mk64f12.o
                0x00001e20                SWI_IRQHandler
 .text.SPI2_IRQHandler
                0x00001e28        0x8 ./SDK/startup/startup_mk64f12.o
                0x00001e28                SPI2_IRQHandler
 .text.UART4_RX_TX_IRQHandler
                0x00001e30        0x8 ./SDK/startup/startup_mk64f12.o
                0x00001e30                UART4_RX_TX_IRQHandler
 .text.UART4_ERR_IRQHandler
                0x00001e38        0x8 ./SDK/startup/startup_mk64f12.o
                0x00001e38                UART4_ERR_IRQHandler
 .text.UART5_RX_TX_IRQHandler
                0x00001e40        0x8 ./SDK/startup/startup_mk64f12.o
                0x00001e40                UART5_RX_TX_IRQHandler
 .text.UART5_ERR_IRQHandler
                0x00001e48        0x8 ./SDK/startup/startup_mk64f12.o
                0x00001e48                UART5_ERR_IRQHandler
 .text.CMP2_IRQHandler
                0x00001e50        0x8 ./SDK/startup/startup_mk64f12.o
                0x00001e50                CMP2_IRQHandler
 .text.FTM3_IRQHandler
                0x00001e58        0x8 ./SDK/startup/startup_mk64f12.o
                0x00001e58                FTM3_IRQHandler
 .text.DAC1_IRQHandler
                0x00001e60        0x8 ./SDK/startup/startup_mk64f12.o
                0x00001e60                DAC1_IRQHandler
 .text.ADC1_IRQHandler
                0x00001e68        0x8 ./SDK/startup/startup_mk64f12.o
                0x00001e68                ADC1_IRQHandler
 .text.I2C2_IRQHandler
                0x00001e70        0x8 ./SDK/startup/startup_mk64f12.o
                0x00001e70                I2C2_IRQHandler
 .text.CAN0_ORed_Message_buffer_IRQHandler
                0x00001e78        0x8 ./SDK/startup/startup_mk64f12.o
                0x00001e78                CAN0_ORed_Message_buffer_IRQHandler
 .text.CAN0_Bus_Off_IRQHandler
                0x00001e80        0x8 ./SDK/startup/startup_mk64f12.o
                0x00001e80                CAN0_Bus_Off_IRQHandler
 .text.CAN0_Error_IRQHandler
                0x00001e88        0x8 ./SDK/startup/startup_mk64f12.o
                0x00001e88                CAN0_Error_IRQHandler
 .text.CAN0_Tx_Warning_IRQHandler
                0x00001e90        0x8 ./SDK/startup/startup_mk64f12.o
                0x00001e90                CAN0_Tx_Warning_IRQHandler
 .text.CAN0_Rx_Warning_IRQHandler
                0x00001e98        0x8 ./SDK/startup/startup_mk64f12.o
                0x00001e98                CAN0_Rx_Warning_IRQHandler
 .text.CAN0_Wake_Up_IRQHandler
                0x00001ea0        0x8 ./SDK/startup/startup_mk64f12.o
                0x00001ea0                CAN0_Wake_Up_IRQHandler
 .text.SDHC_IRQHandler
                0x00001ea8        0x8 ./SDK/startup/startup_mk64f12.o
                0x00001ea8                SDHC_IRQHandler
 .text.ENET_1588_Timer_IRQHandler
                0x00001eb0        0x8 ./SDK/startup/startup_mk64f12.o
                0x00001eb0                ENET_1588_Timer_IRQHandler
 .text.ENET_Transmit_IRQHandler
                0x00001eb8        0x8 ./SDK/startup/startup_mk64f12.o
                0x00001eb8                ENET_Transmit_IRQHandler
 .text.ENET_Receive_IRQHandler
                0x00001ec0        0x8 ./SDK/startup/startup_mk64f12.o
                0x00001ec0                ENET_Receive_IRQHandler
 .text.ENET_Error_IRQHandler
                0x00001ec8        0x8 ./SDK/startup/startup_mk64f12.o
                0x00001ec8                ENET_Error_IRQHandler
 .text.SystemInitHook
                0x00001ed0        0xe ./SDK/CMSIS/system_MK64F12.o
                0x00001ed0                SystemInitHook
 *(SORT_BY_ALIGNMENT(.rodata) SORT_BY_ALIGNMENT(.rodata.*) SORT_BY_ALIGNMENT(.constdata) SORT_BY_ALIGNMENT(.constdata.*))
 *fill*         0x00001ede        0x2 ff
 .rodata        0x00001ee0       0x2e ./source/AdminID.o
 *fill*         0x00001f0e        0x2 ff
 .rodata        0x00001f10        0x1 ./source/displayManager.o
 *fill*         0x00001f11        0x3 ff
 .rodata.num_array
                0x00001f14        0xa ./source/displaySegment.o
 *fill*         0x00001f1e        0x2 ff
 .rodata.abc_array
                0x00001f20       0x1a ./source/displaySegment.o
 *fill*         0x00001f3a        0x2 ff
 .rodata        0x00001f3c       0x2d ./source/gpio.o
                0x00001f70                . = ALIGN (0x8)
 *fill*         0x00001f69        0x7 ff

.glue_7         0x00001f70        0x0
 .glue_7        0x00001f70        0x0 linker stubs

.glue_7t        0x00001f70        0x0
 .glue_7t       0x00001f70        0x0 linker stubs

.vfp11_veneer   0x00001f70        0x0
 .vfp11_veneer  0x00001f70        0x0 linker stubs

.v4_bx          0x00001f70        0x0
 .v4_bx         0x00001f70        0x0 linker stubs

.iplt           0x00001f70        0x0
 .iplt          0x00001f70        0x0 ./source/AdminID.o

.rel.dyn        0x00001f70        0x0
 .rel.iplt      0x00001f70        0x0 ./source/AdminID.o

.ARM.extab
 *(SORT_BY_ALIGNMENT(.ARM.extab*) SORT_BY_ALIGNMENT(.gnu.linkonce.armextab.*))
                0x00001f70                __exidx_start = .

.ARM.exidx
 *(SORT_BY_ALIGNMENT(.ARM.exidx*) SORT_BY_ALIGNMENT(.gnu.linkonce.armexidx.*))
                0x00001f70                __exidx_end = .
                0x00001f70                _etext = .

.m_usb_data
 *(SORT_BY_ALIGNMENT(m_usb_bdt))

.data_RAM2      0x1fff0000        0x0 load address 0x00001f70
 FILL mask 0xff
                [!provide]                PROVIDE (__start_data_RAM2, .)
 *(SORT_BY_ALIGNMENT(.ramfunc.$RAM2))
 *(SORT_BY_ALIGNMENT(.ramfunc.$SRAM_LOWER))
 *(SORT_BY_ALIGNMENT(.data.$RAM2*))
 *(SORT_BY_ALIGNMENT(.data.$SRAM_LOWER*))
                0x1fff0000                . = ALIGN (0x8)
                [!provide]                PROVIDE (__end_data_RAM2, .)

.data_RAM3      0x14000000        0x0 load address 0x00001f70
 FILL mask 0xff
                [!provide]                PROVIDE (__start_data_RAM3, .)
 *(SORT_BY_ALIGNMENT(.ramfunc.$RAM3))
 *(SORT_BY_ALIGNMENT(.ramfunc.$FLEX_RAM))
 *(SORT_BY_ALIGNMENT(.data.$RAM3*))
 *(SORT_BY_ALIGNMENT(.data.$FLEX_RAM*))
                0x14000000                . = ALIGN (0x8)
                [!provide]                PROVIDE (__end_data_RAM3, .)

.uninit_RESERVED
                0x20000000        0x0
 *(SORT_BY_ALIGNMENT(.bss.$RESERVED*))
                0x20000000                . = ALIGN (0x4)
                0x20000000                _end_uninit_RESERVED = .

.data           0x20000000        0x0 load address 0x00001f70
 FILL mask 0xff
                0x20000000                _data = .
 *(SORT_BY_ALIGNMENT(vtable))
 *(SORT_BY_ALIGNMENT(.ramfunc*))
 *(SORT_BY_ALIGNMENT(.data*))
                0x20000000                . = ALIGN (0x8)
                0x20000000                _edata = .

.igot.plt       0x20000000        0x0 load address 0x00001f70
 .igot.plt      0x20000000        0x0 ./source/AdminID.o

.bss_RAM2       0x1fff0000        0x0
                [!provide]                PROVIDE (__start_bss_RAM2, .)
 *(SORT_BY_ALIGNMENT(.bss.$RAM2*))
 *(SORT_BY_ALIGNMENT(.bss.$SRAM_LOWER*))
                0x1fff0000                . = ALIGN ((. != 0x0)?0x8:0x1)
                [!provide]                PROVIDE (__end_bss_RAM2, .)

.bss_RAM3       0x14000000        0x0
                [!provide]                PROVIDE (__start_bss_RAM3, .)
 *(SORT_BY_ALIGNMENT(.bss.$RAM3*))
 *(SORT_BY_ALIGNMENT(.bss.$FLEX_RAM*))
                0x14000000                . = ALIGN ((. != 0x0)?0x8:0x1)
                [!provide]                PROVIDE (__end_bss_RAM3, .)

.bss            0x20000000      0xc98
                0x20000000                _bss = .
 *(SORT_BY_ALIGNMENT(.bss*))
 .bss.dataBase  0x20000000      0x11c ./source/AdminID.o
 .bss.data_counter
                0x2000011c        0x4 ./source/CardReaderHAL.o
 .bss.reader_queue
                0x20000120      0x508 ./source/CardReaderHAL.o
 .bss.systick_irqfun
                0x20000628        0x4 ./source/SysTick.o
                0x20000628                systick_irqfun
 .bss.blinking  0x2000062c        0x3 ./source/displayLed.o
 *fill*         0x2000062f        0x1 
 .bss.blink_cleared
                0x20000630        0x3 ./source/displayLed.o
 *fill*         0x20000633        0x1 
 .bss.brightness
                0x20000634        0xc ./source/displayLed.o
 .bss.led_displaying
                0x20000640        0x3 ./source/displayLed.o
 *fill*         0x20000643        0x1 
 .bss.bright_counter
                0x20000644        0xc ./source/displayLed.o
 .bss.blink_counter.5709
                0x20000650        0xc ./source/displayLed.o
 .bss.current_string
                0x2000065c        0x4 ./source/displayManager.o
 .bss.string_pos
                0x20000660        0x4 ./source/displayManager.o
 .bss.display_pos
                0x20000664        0x4 ./source/displayManager.o
 .bss.string_size
                0x20000668        0x4 ./source/displayManager.o
 .bss.pos.5664  0x2000066c        0x4 ./source/displayManager.o
 .bss.encoderQueue
                0x20000670      0x320 ./source/encoder.o
 .bss.encoder   0x20000990        0x6 ./source/encoderEvent.o
 *fill*         0x20000996        0x2 
 .bss.irqFuns   0x20000998      0x280 ./source/gpio.o
                0x20000998                irqFuns
 .bss.timers    0x20000c18       0x70 ./source/timer.o
 .bss.__LDM_interruptDisableCount
                0x20000c88        0x4 ./SDK/startup/hardware.o
 .bss.read_enable
                0x20000c8c        0x1 ./source/CardReaderHAL.o
 .bss.save_items
                0x20000c8d        0x1 ./source/CardReaderHAL.o
 .bss.hw_Init.5005
                0x20000c8e        0x1 ./source/CardReaderHAL.o
 .bss.initialized
                0x20000c8f        0x1 ./source/displayLed.o
 .bss.brigthness
                0x20000c90        0x1 ./source/displayManager.o
 .bss.initialized
                0x20000c91        0x1 ./source/displayManager.o
 .bss.initialized
                0x20000c92        0x1 ./source/displaySegment.o
 .bss.encoderInitialized
                0x20000c93        0x1 ./source/encoder.o
                0x20000c93                encoderInitialized
 .bss.inicioEncoder
                0x20000c94        0x1 ./source/encoderHal.o
 .bss.encoderTimerCount
                0x20000c95        0x1 ./source/encoderHal.o
 .bss.yaInit.5610
                0x20000c96        0x1 ./source/timer.o
 *(SORT_BY_ALIGNMENT(COMMON))
                0x20000c98                . = ALIGN (0x8)
 *fill*         0x20000c97        0x1 
                0x20000c98                _ebss = .
                [!provide]                PROVIDE (end, .)

.noinit_RAM2    0x1fff0000        0x0
 *(SORT_BY_ALIGNMENT(.noinit.$RAM2*))
 *(SORT_BY_ALIGNMENT(.noinit.$SRAM_LOWER*))
                0x1fff0000                . = ALIGN (0x8)

.noinit_RAM3    0x14000000        0x0
 *(SORT_BY_ALIGNMENT(.noinit.$RAM3*))
 *(SORT_BY_ALIGNMENT(.noinit.$FLEX_RAM*))
                0x14000000                . = ALIGN (0x8)

.noinit         0x20000c98        0x0
                0x20000c98                _noinit = .
 *(SORT_BY_ALIGNMENT(.noinit*))
                0x20000c98                . = ALIGN (0x8)
                0x20000c98                _end_noinit = .
                0x00001000                _HeapSize = 0x1000

.heap           0x20000c98     0x1000
                0x20000c98                _pvHeapStart = .
                0x20001c98                . = (. + _HeapSize)
 *fill*         0x20000c98     0x1000 
                0x20001c98                . = ALIGN (0x8)
                0x20001c98                _pvHeapLimit = .
                0x00001000                _StackSize = 0x1000

.heap2stackfill
                0x20001c98     0x1000
                0x20002c98                . = (. + _StackSize)
 *fill*         0x20001c98     0x1000 

.stack          0x2002f000        0x0
                0x2002f000                _vStackBase = .
                0x2002f000                . = ALIGN (0x8)
                0x20030000                _vStackTop = (. + _StackSize)
                0x00000000                _image_start = LOADADDR (.text)
                0x00001f70                _image_end = (LOADADDR (.data) + SIZEOF (.data))
                0x00001f70                _image_size = (_image_end - _image_start)
OUTPUT(Entrega Final.axf elf32-littlearm)

.debug_info     0x00000000     0x789e
 .debug_info    0x00000000      0xc75 ./source/AdminID.o
 .debug_info    0x00000c75      0xab7 ./source/App.o
 .debug_info    0x0000172c      0x115 ./source/CardReader.o
 .debug_info    0x00001841      0x24f ./source/CardReaderHAL.o
 .debug_info    0x00001a90      0x160 ./source/SysTick.o
 .debug_info    0x00001bf0      0xb18 ./source/displayLed.o
 .debug_info    0x00002708      0xa82 ./source/displayManager.o
 .debug_info    0x0000318a      0x1c1 ./source/displaySegment.o
 .debug_info    0x0000334b      0x96f ./source/door.o
 .debug_info    0x00003cba      0x28a ./source/encoder.o
 .debug_info    0x00003f44      0x1e8 ./source/encoderEvent.o
 .debug_info    0x0000412c      0xa6e ./source/encoderHal.o
 .debug_info    0x00004b9a      0xbee ./source/gpio.o
 .debug_info    0x00005788      0xb03 ./source/timer.o
 .debug_info    0x0000628b      0x675 ./SDK/startup/hardware.o
 .debug_info    0x00006900       0xb7 ./SDK/startup/main.o
 .debug_info    0x000069b7       0x3b ./SDK/startup/semihost_hardfault.o
 .debug_info    0x000069f2      0x8b0 ./SDK/startup/startup_mk64f12.o
 .debug_info    0x000072a2      0x5fc ./SDK/CMSIS/system_MK64F12.o

.debug_abbrev   0x00000000     0x1cfd
 .debug_abbrev  0x00000000      0x24e ./source/AdminID.o
 .debug_abbrev  0x0000024e      0x1fb ./source/App.o
 .debug_abbrev  0x00000449       0xc5 ./source/CardReader.o
 .debug_abbrev  0x0000050e      0x137 ./source/CardReaderHAL.o
 .debug_abbrev  0x00000645      0x102 ./source/SysTick.o
 .debug_abbrev  0x00000747      0x26f ./source/displayLed.o
 .debug_abbrev  0x000009b6      0x27a ./source/displayManager.o
 .debug_abbrev  0x00000c30       0xb9 ./source/displaySegment.o
 .debug_abbrev  0x00000ce9      0x1cd ./source/door.o
 .debug_abbrev  0x00000eb6      0x17b ./source/encoder.o
 .debug_abbrev  0x00001031      0x122 ./source/encoderEvent.o
 .debug_abbrev  0x00001153      0x26b ./source/encoderHal.o
 .debug_abbrev  0x000013be      0x249 ./source/gpio.o
 .debug_abbrev  0x00001607      0x277 ./source/timer.o
 .debug_abbrev  0x0000187e      0x138 ./SDK/startup/hardware.o
 .debug_abbrev  0x000019b6       0x7d ./SDK/startup/main.o
 .debug_abbrev  0x00001a33       0x2f ./SDK/startup/semihost_hardfault.o
 .debug_abbrev  0x00001a62      0x15c ./SDK/startup/startup_mk64f12.o
 .debug_abbrev  0x00001bbe      0x13f ./SDK/CMSIS/system_MK64F12.o

.debug_aranges  0x00000000      0x830
 .debug_aranges
                0x00000000       0x60 ./source/AdminID.o
 .debug_aranges
                0x00000060       0x30 ./source/App.o
 .debug_aranges
                0x00000090       0x30 ./source/CardReader.o
 .debug_aranges
                0x000000c0       0x48 ./source/CardReaderHAL.o
 .debug_aranges
                0x00000108       0x28 ./source/SysTick.o
 .debug_aranges
                0x00000130       0x68 ./source/displayLed.o
 .debug_aranges
                0x00000198       0x68 ./source/displayManager.o
 .debug_aranges
                0x00000200       0x38 ./source/displaySegment.o
 .debug_aranges
                0x00000238       0x48 ./source/door.o
 .debug_aranges
                0x00000280       0x50 ./source/encoder.o
 .debug_aranges
                0x000002d0       0x40 ./source/encoderEvent.o
 .debug_aranges
                0x00000310       0x48 ./source/encoderHal.o
 .debug_aranges
                0x00000358       0xb8 ./source/gpio.o
 .debug_aranges
                0x00000410       0x50 ./source/timer.o
 .debug_aranges
                0x00000460       0x30 ./SDK/startup/hardware.o
 .debug_aranges
                0x00000490       0x20 ./SDK/startup/main.o
 .debug_aranges
                0x000004b0       0x20 ./SDK/startup/semihost_hardfault.o
 .debug_aranges
                0x000004d0      0x330 ./SDK/startup/startup_mk64f12.o
 .debug_aranges
                0x00000800       0x30 ./SDK/CMSIS/system_MK64F12.o

.debug_ranges   0x00000000      0x700
 .debug_ranges  0x00000000       0x50 ./source/AdminID.o
 .debug_ranges  0x00000050       0x20 ./source/App.o
 .debug_ranges  0x00000070       0x20 ./source/CardReader.o
 .debug_ranges  0x00000090       0x38 ./source/CardReaderHAL.o
 .debug_ranges  0x000000c8       0x18 ./source/SysTick.o
 .debug_ranges  0x000000e0       0x58 ./source/displayLed.o
 .debug_ranges  0x00000138       0x58 ./source/displayManager.o
 .debug_ranges  0x00000190       0x28 ./source/displaySegment.o
 .debug_ranges  0x000001b8       0x38 ./source/door.o
 .debug_ranges  0x000001f0       0x40 ./source/encoder.o
 .debug_ranges  0x00000230       0x30 ./source/encoderEvent.o
 .debug_ranges  0x00000260       0x38 ./source/encoderHal.o
 .debug_ranges  0x00000298       0xa8 ./source/gpio.o
 .debug_ranges  0x00000340       0x40 ./source/timer.o
 .debug_ranges  0x00000380       0x20 ./SDK/startup/hardware.o
 .debug_ranges  0x000003a0       0x10 ./SDK/startup/main.o
 .debug_ranges  0x000003b0       0x10 ./SDK/startup/semihost_hardfault.o
 .debug_ranges  0x000003c0      0x320 ./SDK/startup/startup_mk64f12.o
 .debug_ranges  0x000006e0       0x20 ./SDK/CMSIS/system_MK64F12.o

.debug_macro    0x00000000    0x1323b
 .debug_macro   0x00000000      0x15c ./source/AdminID.o
 .debug_macro   0x0000015c      0xa5a ./source/AdminID.o
 .debug_macro   0x00000bb6      0x34e ./source/AdminID.o
 .debug_macro   0x00000f04       0x22 ./source/AdminID.o
 .debug_macro   0x00000f26       0x40 ./source/AdminID.o
 .debug_macro   0x00000f66       0x10 ./source/AdminID.o
 .debug_macro   0x00000f76       0x10 ./source/AdminID.o
 .debug_macro   0x00000f86       0x17 ./source/AdminID.o
 .debug_macro   0x00000f9d       0x22 ./source/AdminID.o
 .debug_macro   0x00000fbf       0x52 ./source/AdminID.o
 .debug_macro   0x00001011       0x8d ./source/AdminID.o
 .debug_macro   0x0000109e       0x35 ./source/AdminID.o
 .debug_macro   0x000010d3       0x9c ./source/AdminID.o
 .debug_macro   0x0000116f       0x16 ./source/AdminID.o
 .debug_macro   0x00001185      0x10e ./source/AdminID.o
 .debug_macro   0x00001293       0x8d ./source/AdminID.o
 .debug_macro   0x00001320       0x57 ./source/AdminID.o
 .debug_macro   0x00001377       0x58 ./source/AdminID.o
 .debug_macro   0x000013cf       0x1f ./source/AdminID.o
 .debug_macro   0x000013ee       0x43 ./source/AdminID.o
 .debug_macro   0x00001431       0x20 ./source/AdminID.o
 .debug_macro   0x00001451      0x18e ./source/AdminID.o
 .debug_macro   0x000015df      0x330 ./source/AdminID.o
 .debug_macro   0x0000190f       0x16 ./source/AdminID.o
 .debug_macro   0x00001925       0x29 ./source/AdminID.o
 .debug_macro   0x0000194e       0x16 ./source/AdminID.o
 .debug_macro   0x00001964      0x295 ./source/App.o
 .debug_macro   0x00001bf9       0x16 ./source/App.o
 .debug_macro   0x00001c0f       0x10 ./source/App.o
 .debug_macro   0x00001c1f       0x5c ./source/App.o
 .debug_macro   0x00001c7b       0x1c ./source/App.o
 .debug_macro   0x00001c97       0x22 ./source/App.o
 .debug_macro   0x00001cb9       0xd9 ./source/App.o
 .debug_macro   0x00001d92      0xecf ./source/App.o
 .debug_macro   0x00002c61       0x48 ./source/App.o
 .debug_macro   0x00002ca9     0xe07b ./source/App.o
 .debug_macro   0x00010d24     0x122b ./source/App.o
 .debug_macro   0x00011f4f       0x1c ./source/App.o
 .debug_macro   0x00011f6b       0x35 ./source/App.o
 .debug_macro   0x00011fa0       0x10 ./source/App.o
 .debug_macro   0x00011fb0       0x10 ./source/App.o
 .debug_macro   0x00011fc0       0x6a ./source/App.o
 .debug_macro   0x0001202a       0x1c ./source/App.o
 .debug_macro   0x00012046       0x52 ./source/App.o
 .debug_macro   0x00012098       0x40 ./source/App.o
 .debug_macro   0x000120d8       0x10 ./source/App.o
 .debug_macro   0x000120e8       0x40 ./source/App.o
 .debug_macro   0x00012128       0xd7 ./source/App.o
 .debug_macro   0x000121ff       0x1c ./source/App.o
 .debug_macro   0x0001221b       0x3d ./source/App.o
 .debug_macro   0x00012258       0x16 ./source/App.o
 .debug_macro   0x0001226e      0x16f ./source/App.o
 .debug_macro   0x000123dd       0x4e ./source/CardReader.o
 .debug_macro   0x0001242b       0x10 ./source/CardReader.o
 .debug_macro   0x0001243b       0x28 ./source/CardReader.o
 .debug_macro   0x00012463       0x66 ./source/CardReaderHAL.o
 .debug_macro   0x000124c9       0x3a ./source/CardReaderHAL.o
 .debug_macro   0x00012503       0xc8 ./source/SysTick.o
 .debug_macro   0x000125cb       0xdf ./source/SysTick.o
 .debug_macro   0x000126aa       0x3a ./source/SysTick.o
 .debug_macro   0x000126e4       0x10 ./source/SysTick.o
 .debug_macro   0x000126f4       0x16 ./source/SysTick.o
 .debug_macro   0x0001270a      0x164 ./source/displayLed.o
 .debug_macro   0x0001286e       0x10 ./source/displayLed.o
 .debug_macro   0x0001287e      0x156 ./source/displayManager.o
 .debug_macro   0x000129d4       0x16 ./source/displayManager.o
 .debug_macro   0x000129ea       0xd0 ./source/displaySegment.o
 .debug_macro   0x00012aba      0x146 ./source/door.o
 .debug_macro   0x00012c00       0x70 ./source/encoder.o
 .debug_macro   0x00012c70       0x22 ./source/encoder.o
 .debug_macro   0x00012c92       0x3c ./source/encoderEvent.o
 .debug_macro   0x00012cce       0x1c ./source/encoderEvent.o
 .debug_macro   0x00012cea      0x14d ./source/encoderHal.o
 .debug_macro   0x00012e37       0xc5 ./source/gpio.o
 .debug_macro   0x00012efc      0x13d ./source/timer.o
 .debug_macro   0x00013039       0x10 ./source/timer.o
 .debug_macro   0x00013049       0x9c ./SDK/startup/hardware.o
 .debug_macro   0x000130e5       0x9c ./SDK/startup/main.o
 .debug_macro   0x00013181       0x11 ./SDK/startup/semihost_hardfault.o
 .debug_macro   0x00013192       0x29 ./SDK/startup/startup_mk64f12.o
 .debug_macro   0x000131bb       0x80 ./SDK/CMSIS/system_MK64F12.o

.debug_line     0x00000000     0x3022
 .debug_line    0x00000000      0x3a2 ./source/AdminID.o
 .debug_line    0x000003a2      0x42a ./source/App.o
 .debug_line    0x000007cc      0x11f ./source/CardReader.o
 .debug_line    0x000008eb      0x165 ./source/CardReaderHAL.o
 .debug_line    0x00000a50      0x1b2 ./source/SysTick.o
 .debug_line    0x00000c02      0x3a1 ./source/displayLed.o
 .debug_line    0x00000fa3      0x3af ./source/displayManager.o
 .debug_line    0x00001352      0x15b ./source/displaySegment.o
 .debug_line    0x000014ad      0x2cb ./source/door.o
 .debug_line    0x00001778      0x1bc ./source/encoder.o
 .debug_line    0x00001934      0x14c ./source/encoderEvent.o
 .debug_line    0x00001a80      0x2ec ./source/encoderHal.o
 .debug_line    0x00001d6c      0x35b ./source/gpio.o
 .debug_line    0x000020c7      0x31a ./source/timer.o
 .debug_line    0x000023e1      0x1d4 ./SDK/startup/hardware.o
 .debug_line    0x000025b5      0x175 ./SDK/startup/main.o
 .debug_line    0x0000272a       0x59 ./SDK/startup/semihost_hardfault.o
 .debug_line    0x00002783      0x6d8 ./SDK/startup/startup_mk64f12.o
 .debug_line    0x00002e5b      0x1c7 ./SDK/CMSIS/system_MK64F12.o

.debug_str      0x00000000    0x7da86
 .debug_str     0x00000000     0x6ca0 ./source/AdminID.o
                               0x6ef8 (size before relaxing)
 .debug_str     0x00006ca0    0x74bf5 ./source/App.o
                              0x7b9c6 (size before relaxing)
 .debug_str     0x0007b895       0xc4 ./source/CardReader.o
                               0x390f (size before relaxing)
 .debug_str     0x0007b959      0x20f ./source/CardReaderHAL.o
                               0x3e01 (size before relaxing)
 .debug_str     0x0007bb68      0x255 ./source/SysTick.o
                              0x771bb (size before relaxing)
 .debug_str     0x0007bdbd      0x1c2 ./source/displayLed.o
                               0x6e9b (size before relaxing)
 .debug_str     0x0007bf7f      0x16f ./source/displayManager.o
                               0x6e45 (size before relaxing)
 .debug_str     0x0007c0ee      0x223 ./source/displaySegment.o
                               0x3ae8 (size before relaxing)
 .debug_str     0x0007c311       0x97 ./source/door.o
                               0x6dab (size before relaxing)
 .debug_str     0x0007c3a8      0x1a2 ./source/encoder.o
                               0x3a82 (size before relaxing)
 .debug_str     0x0007c54a       0x9a ./source/encoderEvent.o
                               0x391e (size before relaxing)
 .debug_str     0x0007c5e4      0x137 ./source/encoderHal.o
                               0x6f55 (size before relaxing)
 .debug_str     0x0007c71b      0x78c ./source/gpio.o
                              0x77918 (size before relaxing)
 .debug_str     0x0007cea7      0x140 ./source/timer.o
                               0x6e10 (size before relaxing)
 .debug_str     0x0007cfe7      0x217 ./SDK/startup/hardware.o
                              0x771f6 (size before relaxing)
 .debug_str     0x0007d1fe       0x1b ./SDK/startup/main.o
                              0x76fca (size before relaxing)
 .debug_str     0x0007d219       0x36 ./SDK/startup/semihost_hardfault.o
                               0x2d34 (size before relaxing)
 .debug_str     0x0007d24f      0x7d5 ./SDK/startup/startup_mk64f12.o
                               0x35a2 (size before relaxing)
 .debug_str     0x0007da24       0x62 ./SDK/CMSIS/system_MK64F12.o
                              0x77105 (size before relaxing)

.comment        0x00000000       0x7e
 .comment       0x00000000       0x7e ./source/AdminID.o
                                 0x7f (size before relaxing)
 .comment       0x0000007e       0x7f ./source/App.o
 .comment       0x0000007e       0x7f ./source/CardReader.o
 .comment       0x0000007e       0x7f ./source/CardReaderHAL.o
 .comment       0x0000007e       0x7f ./source/SysTick.o
 .comment       0x0000007e       0x7f ./source/displayLed.o
 .comment       0x0000007e       0x7f ./source/displayManager.o
 .comment       0x0000007e       0x7f ./source/displaySegment.o
 .comment       0x0000007e       0x7f ./source/door.o
 .comment       0x0000007e       0x7f ./source/encoder.o
 .comment       0x0000007e       0x7f ./source/encoderEvent.o
 .comment       0x0000007e       0x7f ./source/encoderHal.o
 .comment       0x0000007e       0x7f ./source/gpio.o
 .comment       0x0000007e       0x7f ./source/timer.o
 .comment       0x0000007e       0x7f ./SDK/startup/hardware.o
 .comment       0x0000007e       0x7f ./SDK/startup/main.o
 .comment       0x0000007e       0x7f ./SDK/startup/semihost_hardfault.o
 .comment       0x0000007e       0x7f ./SDK/startup/startup_mk64f12.o
 .comment       0x0000007e       0x7f ./SDK/CMSIS/system_MK64F12.o

.ARM.attributes
                0x00000000       0x37
 .ARM.attributes
                0x00000000       0x39 ./source/AdminID.o
 .ARM.attributes
                0x00000039       0x39 ./source/App.o
 .ARM.attributes
                0x00000072       0x39 ./source/CardReader.o
 .ARM.attributes
                0x000000ab       0x39 ./source/CardReaderHAL.o
 .ARM.attributes
                0x000000e4       0x39 ./source/SysTick.o
 .ARM.attributes
                0x0000011d       0x39 ./source/displayLed.o
 .ARM.attributes
                0x00000156       0x39 ./source/displayManager.o
 .ARM.attributes
                0x0000018f       0x39 ./source/displaySegment.o
 .ARM.attributes
                0x000001c8       0x39 ./source/door.o
 .ARM.attributes
                0x00000201       0x39 ./source/encoder.o
 .ARM.attributes
                0x0000023a       0x39 ./source/encoderEvent.o
 .ARM.attributes
                0x00000273       0x39 ./source/encoderHal.o
 .ARM.attributes
                0x000002ac       0x39 ./source/gpio.o
 .ARM.attributes
                0x000002e5       0x39 ./source/timer.o
 .ARM.attributes
                0x0000031e       0x39 ./SDK/startup/hardware.o
 .ARM.attributes
                0x00000357       0x39 ./SDK/startup/main.o
 .ARM.attributes
                0x00000390       0x39 ./SDK/startup/semihost_hardfault.o
 .ARM.attributes
                0x000003c9       0x39 ./SDK/startup/startup_mk64f12.o
 .ARM.attributes
                0x00000402       0x39 ./SDK/CMSIS/system_MK64F12.o

.debug_frame    0x00000000     0x18ec
 .debug_frame   0x00000000      0x164 ./source/AdminID.o
 .debug_frame   0x00000164       0x6c ./source/App.o
 .debug_frame   0x000001d0       0x6c ./source/CardReader.o
 .debug_frame   0x0000023c       0xcc ./source/CardReaderHAL.o
 .debug_frame   0x00000308       0x64 ./source/SysTick.o
 .debug_frame   0x0000036c      0x18c ./source/displayLed.o
 .debug_frame   0x000004f8      0x154 ./source/displayManager.o
 .debug_frame   0x0000064c       0x98 ./source/displaySegment.o
 .debug_frame   0x000006e4       0xb8 ./source/door.o
 .debug_frame   0x0000079c      0x10c ./source/encoder.o
 .debug_frame   0x000008a8       0xd0 ./source/encoderEvent.o
 .debug_frame   0x00000978       0xd8 ./source/encoderHal.o
 .debug_frame   0x00000a50      0x34c ./source/gpio.o
 .debug_frame   0x00000d9c      0x11c ./source/timer.o
 .debug_frame   0x00000eb8       0x70 ./SDK/startup/hardware.o
 .debug_frame   0x00000f28       0x2c ./SDK/startup/main.o
 .debug_frame   0x00000f54       0x20 ./SDK/startup/semihost_hardfault.o
 .debug_frame   0x00000f74      0x904 ./SDK/startup/startup_mk64f12.o
 .debug_frame   0x00001878       0x74 ./SDK/CMSIS/system_MK64F12.o
