Archive member included to satisfy reference by file (symbol)

c:/nxp/mcuxpressoide_10.2.0_759/ide/tools/bin/../lib/gcc/arm-none-eabi/7.2.1/../../../../arm-none-eabi/lib/thumb/v7e-m/fpv4-sp/hard\libcr_c.a(memcpy.o)
                              ./source/CardReader.o (memcpy)
c:/nxp/mcuxpressoide_10.2.0_759/ide/tools/bin/../lib/gcc/arm-none-eabi/7.2.1/../../../../arm-none-eabi/lib/thumb/v7e-m/fpv4-sp/hard\libcr_c.a(fpprintf.o)
                              ./source/FSM_actions.o (printf)
c:/nxp/mcuxpressoide_10.2.0_759/ide/tools/bin/../lib/gcc/arm-none-eabi/7.2.1/../../../../arm-none-eabi/lib/thumb/v7e-m/fpv4-sp/hard\libcr_c.a(printf.o)
                              c:/nxp/mcuxpressoide_10.2.0_759/ide/tools/bin/../lib/gcc/arm-none-eabi/7.2.1/../../../../arm-none-eabi/lib/thumb/v7e-m/fpv4-sp/hard\libcr_c.a(fpprintf.o) (__vfprintf)
c:/nxp/mcuxpressoide_10.2.0_759/ide/tools/bin/../lib/gcc/arm-none-eabi/7.2.1/../../../../arm-none-eabi/lib/thumb/v7e-m/fpv4-sp/hard\libcr_c.a(strlen.o)
                              c:/nxp/mcuxpressoide_10.2.0_759/ide/tools/bin/../lib/gcc/arm-none-eabi/7.2.1/../../../../arm-none-eabi/lib/thumb/v7e-m/fpv4-sp/hard\libcr_c.a(printf.o) (strlen)
c:/nxp/mcuxpressoide_10.2.0_759/ide/tools/bin/../lib/gcc/arm-none-eabi/7.2.1/../../../../arm-none-eabi/lib/thumb/v7e-m/fpv4-sp/hard\libcr_c.a(memset.o)
                              c:/nxp/mcuxpressoide_10.2.0_759/ide/tools/bin/../lib/gcc/arm-none-eabi/7.2.1/../../../../arm-none-eabi/lib/thumb/v7e-m/fpv4-sp/hard\libcr_c.a(fpprintf.o) (memset)
c:/nxp/mcuxpressoide_10.2.0_759/ide/tools/bin/../lib/gcc/arm-none-eabi/7.2.1/../../../../arm-none-eabi/lib/thumb/v7e-m/fpv4-sp/hard\libcr_c.a(_deferredlazyseek.o)
                              c:/nxp/mcuxpressoide_10.2.0_759/ide/tools/bin/../lib/gcc/arm-none-eabi/7.2.1/../../../../arm-none-eabi/lib/thumb/v7e-m/fpv4-sp/hard\libcr_c.a(fpprintf.o) (__flsbuf)
c:/nxp/mcuxpressoide_10.2.0_759/ide/tools/bin/../lib/gcc/arm-none-eabi/7.2.1/../../../../arm-none-eabi/lib/thumb/v7e-m/fpv4-sp/hard\libcr_c.a(_fflush.o)
                              c:/nxp/mcuxpressoide_10.2.0_759/ide/tools/bin/../lib/gcc/arm-none-eabi/7.2.1/../../../../arm-none-eabi/lib/thumb/v7e-m/fpv4-sp/hard\libcr_c.a(_deferredlazyseek.o) (_fflush)
c:/nxp/mcuxpressoide_10.2.0_759/ide/tools/bin/../lib/gcc/arm-none-eabi/7.2.1/../../../../arm-none-eabi/lib/thumb/v7e-m/fpv4-sp/hard\libcr_c.a(_frexpl.o)
                              c:/nxp/mcuxpressoide_10.2.0_759/ide/tools/bin/../lib/gcc/arm-none-eabi/7.2.1/../../../../arm-none-eabi/lib/thumb/v7e-m/fpv4-sp/hard\libcr_c.a(fpprintf.o) (_frexpl)
c:/nxp/mcuxpressoide_10.2.0_759/ide/tools/bin/../lib/gcc/arm-none-eabi/7.2.1/../../../../arm-none-eabi/lib/thumb/v7e-m/fpv4-sp/hard\libcr_c.a(_ldexpl.o)
                              c:/nxp/mcuxpressoide_10.2.0_759/ide/tools/bin/../lib/gcc/arm-none-eabi/7.2.1/../../../../arm-none-eabi/lib/thumb/v7e-m/fpv4-sp/hard\libcr_c.a(fpprintf.o) (_ldexpl)
c:/nxp/mcuxpressoide_10.2.0_759/ide/tools/bin/../lib/gcc/arm-none-eabi/7.2.1/../../../../arm-none-eabi/lib/thumb/v7e-m/fpv4-sp/hard\libcr_c.a(_writebuf.o)
                              c:/nxp/mcuxpressoide_10.2.0_759/ide/tools/bin/../lib/gcc/arm-none-eabi/7.2.1/../../../../arm-none-eabi/lib/thumb/v7e-m/fpv4-sp/hard\libcr_c.a(_deferredlazyseek.o) (_Cwritebuf)
c:/nxp/mcuxpressoide_10.2.0_759/ide/tools/bin/../lib/gcc/arm-none-eabi/7.2.1/../../../../arm-none-eabi/lib/thumb/v7e-m/fpv4-sp/hard\libcr_c.a(alloc.o)
                              c:/nxp/mcuxpressoide_10.2.0_759/ide/tools/bin/../lib/gcc/arm-none-eabi/7.2.1/../../../../arm-none-eabi/lib/thumb/v7e-m/fpv4-sp/hard\libcr_c.a(fpprintf.o) (malloc)
c:/nxp/mcuxpressoide_10.2.0_759/ide/tools/bin/../lib/gcc/arm-none-eabi/7.2.1/../../../../arm-none-eabi/lib/thumb/v7e-m/fpv4-sp/hard\libcr_c.a(errno.o)
                              c:/nxp/mcuxpressoide_10.2.0_759/ide/tools/bin/../lib/gcc/arm-none-eabi/7.2.1/../../../../arm-none-eabi/lib/thumb/v7e-m/fpv4-sp/hard\libcr_c.a(_ldexpl.o) (errno)
c:/nxp/mcuxpressoide_10.2.0_759/ide/tools/bin/../lib/gcc/arm-none-eabi/7.2.1/../../../../arm-none-eabi/lib/thumb/v7e-m/fpv4-sp/hard\libcr_c.a(fseek.o)
                              c:/nxp/mcuxpressoide_10.2.0_759/ide/tools/bin/../lib/gcc/arm-none-eabi/7.2.1/../../../../arm-none-eabi/lib/thumb/v7e-m/fpv4-sp/hard\libcr_c.a(_deferredlazyseek.o) (fseek)
c:/nxp/mcuxpressoide_10.2.0_759/ide/tools/bin/../lib/gcc/arm-none-eabi/7.2.1/../../../../arm-none-eabi/lib/thumb/v7e-m/fpv4-sp/hard\libcr_c.a(ftell.o)
                              c:/nxp/mcuxpressoide_10.2.0_759/ide/tools/bin/../lib/gcc/arm-none-eabi/7.2.1/../../../../arm-none-eabi/lib/thumb/v7e-m/fpv4-sp/hard\libcr_c.a(fseek.o) (ftell)
c:/nxp/mcuxpressoide_10.2.0_759/ide/tools/bin/../lib/gcc/arm-none-eabi/7.2.1/../../../../arm-none-eabi/lib/thumb/v7e-m/fpv4-sp/hard\libcr_c.a(__init_alloc.o)
[...]
Memory Configuration

Name             Origin             Length             Attributes
PROGRAM_FLASH    0x00000000         0x00100000         xr
SRAM_UPPER       0x20000000         0x00030000         xrw
SRAM_LOWER       0x1fff0000         0x00010000         xrw
FLEX_RAM         0x14000000         0x00001000         xrw
*default*        0x00000000         0xffffffff

Linker script and memory map

LOAD ./source/AdminID.o
LOAD ./source/App.o
LOAD ./source/CardReader.o
LOAD ./source/CardReaderDecoder.o
LOAD ./source/CardReaderHAL.o
LOAD ./source/EncoderHandler.o
LOAD ./source/EventQueue.o
LOAD ./source/FSM.o
LOAD ./source/FSMTABLE.o
LOAD ./source/FSM_actions.o
LOAD ./source/SysTick.o
LOAD ./source/boardLed.o
LOAD ./source/displayLed.o
LOAD ./source/displayManager.o
LOAD ./source/displaySegment.o
LOAD ./source/door.o
LOAD ./source/encoder.o
LOAD ./source/encoderEvent.o
LOAD ./source/encoderHal.o
LOAD ./source/fsmState_IdIn.o
LOAD ./source/fsmState_Menu.o
LOAD ./source/fsmState_PinIn.o
LOAD ./source/gpio.o
LOAD ./source/timer.o
LOAD ./source/timerqueue.o
LOAD ./SDK/startup/hardware.o
LOAD ./SDK/startup/main.o
LOAD ./SDK/startup/semihost_hardfault.o
LOAD ./SDK/startup/startup_mk64f12.o
LOAD ./SDK/CMSIS/system_MK64F12.o
START GROUP
LOAD c:/nxp/mcuxpressoide_10.2.0_759/ide/tools/bin/../lib/gcc/arm-none-eabi/7.2.1/../../../../arm-none-eabi/lib/thumb/v7e-m/fpv4-sp/hard\libcr_c.a
LOAD c:/nxp/mcuxpressoide_10.2.0_759/ide/tools/bin/../lib/gcc/arm-none-eabi/7.2.1/thumb/v7e-m/fpv4-sp/hard\libcr_eabihelpers.a
END GROUP
                0x00000000                __base_PROGRAM_FLASH = 0x0
                0x00000000                __base_Flash = 0x0
                0x00100000                __top_PROGRAM_FLASH = 0x100000
                0x00100000                __top_Flash = 0x100000
                0x20000000                __base_SRAM_UPPER = 0x20000000
                0x20000000                __base_RAM = 0x20000000
                0x20030000                __top_SRAM_UPPER = 0x20030000
                0x20030000                __top_RAM = 0x20030000
                0x1fff0000                __base_SRAM_LOWER = 0x1fff0000
                0x1fff0000                __base_RAM2 = 0x1fff0000
                0x20000000                __top_SRAM_LOWER = 0x20000000
                0x20000000                __top_RAM2 = 0x20000000
                0x14000000                __base_FLEX_RAM = 0x14000000
                0x14000000                __base_RAM3 = 0x14000000
                0x14001000                __top_FLEX_RAM = 0x14001000
                0x14001000                __top_RAM3 = 0x14001000

.text           0x00000000     0x3830
 FILL mask 0xff
                0x00000000                __vectors_start__ = ABSOLUTE (.)
 *(SORT_BY_ALIGNMENT(.isr_vector))
 .isr_vector    0x00000000      0x198 ./SDK/startup/startup_mk64f12.o
                0x00000000                g_pfnVectors
                0x00000000                __Vectors
                0x00000198                . = ALIGN (0x4)
                0x00000198                __section_table_start = .
                0x00000198                __data_section_table = .
                0x00000198        0x4 LONG 0x3830 LOADADDR (.data)
                0x0000019c        0x4 LONG 0x20000000 ADDR (.data)
                0x000001a0        0x4 LONG 0x10 SIZEOF (.data)
                0x000001a4        0x4 LONG 0x3830 LOADADDR (.data_RAM2)
                0x000001a8        0x4 LONG 0x1fff0000 ADDR (.data_RAM2)
                0x000001ac        0x4 LONG 0x0 SIZEOF (.data_RAM2)
                0x000001b0        0x4 LONG 0x3830 LOADADDR (.data_RAM3)
                0x000001b4        0x4 LONG 0x14000000 ADDR (.data_RAM3)
                0x000001b8        0x4 LONG 0x0 SIZEOF (.data_RAM3)
                0x000001bc                __data_section_table_end = .
                0x000001bc                __bss_section_table = .
                0x000001bc        0x4 LONG 0x20000010 ADDR (.bss)
                0x000001c0        0x4 LONG 0x1120 SIZEOF (.bss)
                0x000001c4        0x4 LONG 0x1fff0000 ADDR (.bss_RAM2)
                0x000001c8        0x4 LONG 0x0 SIZEOF (.bss_RAM2)
                0x000001cc        0x4 LONG 0x14000000 ADDR (.bss_RAM3)
                0x000001d0        0x4 LONG 0x0 SIZEOF (.bss_RAM3)
                0x000001d4                __bss_section_table_end = .
                0x000001d4                __section_table_end = .
 *(SORT_BY_ALIGNMENT(.after_vectors*))
 .after_vectors.reset
                0x000001d4       0x4c ./SDK/startup/startup_mk64f12.o
                0x000001d4                ResetISR
 .after_vectors.init_data
                0x00000220       0x1e ./SDK/startup/startup_mk64f12.o
                0x00000220                data_init
 .after_vectors.init_bss
                0x0000023e       0x12 ./SDK/startup/startup_mk64f12.o
                0x0000023e                bss_init
 .after_vectors
                0x00000250       0x14 ./SDK/startup/startup_mk64f12.o
                0x00000250                NMI_Handler
                0x00000254                MemManage_Handler
                0x00000256                BusFault_Handler
                0x00000258                UsageFault_Handler
                0x0000025a                SVC_Handler
                0x0000025c                DebugMon_Handler
                0x0000025e                PendSV_Handler
                0x00000262                DMA_Error_DriverIRQHandler
                0x00000262                LPTMR0_DriverIRQHandler
                0x00000262                FTM1_DriverIRQHandler
                0x00000262                FTM2_DriverIRQHandler
                0x00000262                PIT2_DriverIRQHandler
                0x00000262                SDHC_DriverIRQHandler
                0x00000262                I2S0_Tx_DriverIRQHandler
                0x00000262                RTC_Seconds_DriverIRQHandler
                0x00000262                DMA6_DriverIRQHandler
                0x00000262                LLWU_DriverIRQHandler
                0x00000262                MCM_DriverIRQHandler
                0x00000262                MCG_DriverIRQHandler
                0x00000262                ENET_1588_Timer_DriverIRQHandler
                0x00000262                I2C2_DriverIRQHandler
                0x00000262                DAC1_DriverIRQHandler
                0x00000262                SPI1_DriverIRQHandler
                0x00000262                CMP1_DriverIRQHandler
                0x00000262                UART5_RX_TX_DriverIRQHandler
                0x00000262                FTM0_DriverIRQHandler
                0x00000262                IntDefaultHandler
                0x00000262                USB0_DriverIRQHandler
                0x00000262                UART5_ERR_DriverIRQHandler
                0x00000262                PORTC_DriverIRQHandler
                0x00000262                DMA11_DriverIRQHandler
                0x00000262                DAC0_DriverIRQHandler
                0x00000262                DMA10_DriverIRQHandler
                0x00000262                CMP2_DriverIRQHandler
                0x00000262                UART2_ERR_DriverIRQHandler
                0x00000262                SPI2_DriverIRQHandler
                0x00000262                LVD_LVW_DriverIRQHandler
                0x00000262                PIT0_DriverIRQHandler
                0x00000262                RNG_DriverIRQHandler
                0x00000262                DMA5_DriverIRQHandler
                0x00000262                DMA12_DriverIRQHandler
                0x00000262                UART2_RX_TX_DriverIRQHandler
                0x00000262                USBDCD_DriverIRQHandler
                0x00000262                UART3_ERR_DriverIRQHandler
                0x00000262                DMA3_DriverIRQHandler
                0x00000262                DMA8_DriverIRQHandler
                0x00000262                DMA9_DriverIRQHandler
                0x00000262                UART0_ERR_DriverIRQHandler
                0x00000262                CMT_DriverIRQHandler
                0x00000262                Reserved71_DriverIRQHandler
                0x00000262                ADC1_DriverIRQHandler
                0x00000262                PORTA_DriverIRQHandler
                0x00000262                DMA14_DriverIRQHandler
                0x00000262                PIT3_DriverIRQHandler
                0x00000262                PIT1_DriverIRQHandler
                0x00000262                WDOG_EWM_DriverIRQHandler
                0x00000262                PDB0_DriverIRQHandler
                0x00000262                RTC_DriverIRQHandler
                0x00000262                I2S0_Rx_DriverIRQHandler
                0x00000262                Read_Collision_DriverIRQHandler
                0x00000262                SWI_DriverIRQHandler
                0x00000262                UART4_RX_TX_DriverIRQHandler
                0x00000262                UART4_ERR_DriverIRQHandler
                0x00000262                PORTB_DriverIRQHandler
                0x00000262                UART0_LON_DriverIRQHandler
                0x00000262                DMA0_DriverIRQHandler
                0x00000262                DMA1_DriverIRQHandler
                0x00000262                I2C1_DriverIRQHandler
                0x00000262                UART3_RX_TX_DriverIRQHandler
                0x00000262                ENET_Receive_DriverIRQHandler
                0x00000262                DMA13_DriverIRQHandler
                0x00000262                ENET_Error_DriverIRQHandler
                0x00000262                DMA15_DriverIRQHandler
                0x00000262                UART0_RX_TX_DriverIRQHandler
                0x00000262                SPI0_DriverIRQHandler
                0x00000262                ADC0_DriverIRQHandler
                0x00000262                CMP0_DriverIRQHandler
                0x00000262                CAN0_DriverIRQHandler
                0x00000262                FTM3_DriverIRQHandler
                0x00000262                DMA4_DriverIRQHandler
                0x00000262                UART1_ERR_DriverIRQHandler
                0x00000262                DMA2_DriverIRQHandler
                0x00000262                ENET_Transmit_DriverIRQHandler
                0x00000262                PORTD_DriverIRQHandler
                0x00000262                PORTE_DriverIRQHandler
                0x00000262                FTFE_DriverIRQHandler
                0x00000262                I2C0_DriverIRQHandler
                0x00000262                DMA7_DriverIRQHandler
                0x00000262                UART1_RX_TX_DriverIRQHandler
                0x00000400                . = 0x400
 *fill*         0x00000264      0x19c ff
                0x00000400                PROVIDE (__FLASH_CONFIG_START__, .)
 *(SORT_BY_ALIGNMENT(.FlashConfig))
 .FlashConfig   0x00000400       0x10 ./SDK/startup/startup_mk64f12.o
                0x00000400                Flash_Config
                0x00000410                PROVIDE (__FLASH_CONFIG_END__, .)
                0x00000001                ASSERT (! ((__FLASH_CONFIG_START__ == __FLASH_CONFIG_END__)), Linker Flash Config Support Enabled, but no .FlashConfig section provided within application)
 *(SORT_BY_ALIGNMENT(.text*))
 .text.initDataBase
                0x00000410       0x68 ./source/AdminID.o
                0x00000410                initDataBase
 .text.agregoUsuario
                0x00000478       0x74 ./source/AdminID.o
                0x00000478                agregoUsuario
 .text.verificoCategory
                0x000004ec       0x8c ./source/AdminID.o
                0x000004ec                verificoCategory
 .text.verificoID
                0x00000578       0x80 ./source/AdminID.o
                0x00000578                verificoID
 .text.verificoPIN
                0x000005f8       0xbc ./source/AdminID.o
                0x000005f8                verificoPIN
 .text.App_Init
                0x000006b4       0x54 ./source/App.o
                0x000006b4                App_Init
 .text.App_Run  0x00000708       0xe4 ./source/App.o
                0x00000708                App_Run
 .text.dataParser
                0x000007ec       0x68 ./source/CardReaderDecoder.o
                0x000007ec                dataParser
 .text.CardReaderHW_Init
                0x00000854       0x50 ./source/CardReaderHAL.o
                0x00000854                CardReaderHW_Init
 .text.clockfun
                0x000008a4       0x50 ./source/CardReaderHAL.o
                0x000008a4                clockfun
 .text.enablefun
                0x000008f4       0x84 ./source/CardReaderHAL.o
                0x000008f4                enablefun
 .text.Queue_Init
                0x00000978       0x20 ./source/CardReaderHAL.o
                0x00000978                Queue_Init
 .text.get_buffer
                0x00000998       0x68 ./source/CardReaderHAL.o
                0x00000998                get_buffer
 .text.queue_not_empty
                0x00000a00       0x30 ./source/CardReaderHAL.o
                0x00000a00                queue_not_empty
 .text.fsmInit  0x00000a30       0x40 ./source/FSM.o
                0x00000a30                fsmInit
 .text.SysTick_Init
                0x00000a70       0x40 ./source/SysTick.o
                0x00000a70                SysTick_Init
 .text.SysTick_Handler
                0x00000ab0       0x24 ./source/SysTick.o
                0x00000ab0                SysTick_Handler
 .text.InitDisplayLeds
                0x00000ad4       0x34 ./source/displayLed.o
                0x00000ad4                InitDisplayLeds
 .text.ResetDisplayLeds
                0x00000b08       0x6c ./source/displayLed.o
                0x00000b08                ResetDisplayLeds
 .text.SetDisplayBrightness
                0x00000b74       0x30 ./source/displayLed.o
                0x00000b74                SetDisplayBrightness
 .text.showDisplayLeds
                0x00000ba4       0x54 ./source/displayLed.o
                0x00000ba4                showDisplayLeds
 .text.brightnessHandle
                0x00000bf8       0x5c ./source/displayLed.o
                0x00000bf8                brightnessHandle
 .text.blinkHandle
                0x00000c54       0xa8 ./source/displayLed.o
                0x00000c54                blinkHandle
 .text.InitDisplay
                0x00000cfc       0x84 ./source/displayManager.o
                0x00000cfc                InitDisplay
 .text.ClearDisplay
                0x00000d80       0x3c ./source/displayManager.o
                0x00000d80                ClearDisplay
 .text.PrintMessage
                0x00000dbc       0x94 ./source/displayManager.o
                0x00000dbc                PrintMessage
 .text.SetBrightness
                0x00000e50       0x38 ./source/displayManager.o
                0x00000e50                SetBrightness
 .text.UpdateDisplay
                0x00000e88      0x10c ./source/displayManager.o
                0x00000e88                UpdateDisplay
 .text.ShiftLeft
                0x00000f94       0x1c ./source/displayManager.o
                0x00000f94                ShiftLeft
 .text.ledDisplayCallback
                0x00000fb0       0x38 ./source/displayManager.o
                0x00000fb0                ledDisplayCallback
 .text.InitSegmentDisplay
                0x00000fe8       0x70 ./source/displaySegment.o
                0x00000fe8                InitSegmentDisplay
 .text.PrintChar
                0x00001058       0x9c ./source/displaySegment.o
                0x00001058                PrintChar
 .text.SelectDigit
                0x000010f4       0x78 ./source/displaySegment.o
                0x000010f4                SelectDigit
 .text.initEncoder
                0x0000116c       0x78 ./source/encoder.o
                0x0000116c                initEncoder
 .text.pullEncoderEvent
                0x000011e4       0x6c ./source/encoder.o
                0x000011e4                pullEncoderEvent
 .text.pushEncoderEvent
                0x00001250       0x5c ./source/encoder.o
                0x00001250                pushEncoderEvent
 .text.isEncoderEventValid
                0x000012ac       0x2c ./source/encoder.o
                0x000012ac                isEncoderEventValid
 .text.initEncoderQueue
                0x000012d8       0x20 ./source/encoder.o
                0x000012d8                initEncoderQueue
 .text.updateData
                0x000012f8       0x3c ./source/encoderEvent.o
                0x000012f8                updateData
 .text.encoderRot
                0x00001334       0x98 ./source/encoderEvent.o
                0x00001334                encoderRot
 .text.checkRisingEdge
                0x000013cc       0x38 ./source/encoderEvent.o
                0x000013cc                checkRisingEdge
 .text.checkFallingEdge
                0x00001404       0x38 ./source/encoderEvent.o
                0x00001404                checkFallingEdge
 .text.initEncoderHal
                0x0000143c       0x78 ./source/encoderHal.o
                0x0000143c                initEncoderHal
 .text.resetEncoderTimerCount
                0x000014b4       0x18 ./source/encoderHal.o
                0x000014b4                resetEncoderTimerCount
 .text.getEncoderTimerCount
                0x000014cc       0x18 ./source/encoderHal.o
                0x000014cc                getEncoderTimerCount
 .text.encoderTimerRoutine
                0x000014e4       0x2c ./source/encoderHal.o
                0x000014e4                encoderTimerRoutine
 .text.createIDString
                0x00001510       0x7c ./source/fsmState_IdIn.o
 .text.IDInRoutine_Input
                0x0000158c      0x230 ./source/fsmState_IdIn.o
                0x0000158c                IDInRoutine_Input
 .text.IDInMenuRoutine_Timer
                0x000017bc       0x70 ./source/fsmState_IdIn.o
                0x000017bc                IDInMenuRoutine_Timer
 .text.IDInMenuRoutine_Card
                0x0000182c       0xd0 ./source/fsmState_IdIn.o
                0x0000182c                IDInMenuRoutine_Card
 .text.MenuRoutine_Input
                0x000018fc      0x11c ./source/fsmState_Menu.o
                0x000018fc                MenuRoutine_Input
 .text.MenuRoutine_Card
                0x00001a18       0xd0 ./source/fsmState_Menu.o
                0x00001a18                MenuRoutine_Card
 .text.createPINString
                0x00001ae8       0x70 ./source/fsmState_PinIn.o
 .text.PinInRoutine_Input
                0x00001b58      0x294 ./source/fsmState_PinIn.o
                0x00001b58                PinInRoutine_Input
 .text.PinInRoutine_Timer
                0x00001dec       0x70 ./source/fsmState_PinIn.o
                0x00001dec                PinInRoutine_Timer
 .text.PinInRoutine_Card
                0x00001e5c       0xd0 ./source/fsmState_PinIn.o
                0x00001e5c                PinInRoutine_Card
 .text.__NVIC_EnableIRQ
                0x00001f2c       0x3c ./source/gpio.o
 .text.gpioMode
                0x00001f68      0x104 ./source/gpio.o
                0x00001f68                gpioMode
 .text.gpioRead
                0x0000206c       0x68 ./source/gpio.o
                0x0000206c                gpioRead
 .text.gpioWrite
                0x000020d4       0x80 ./source/gpio.o
                0x000020d4                gpioWrite
 .text.setPassiveFilter
                0x00002154       0x74 ./source/gpio.o
                0x00002154                setPassiveFilter
 .text.gpioIRQ  0x000021c8       0xc0 ./source/gpio.o
                0x000021c8                gpioIRQ
 .text.IRQHandler
                0x00002288       0xbc ./source/gpio.o
                0x00002288                IRQHandler
 .text.timerInit
                0x00002344       0x78 ./source/timer.o
                0x00002344                timerInit
 .text.timerStart
                0x000023bc       0x8c ./source/timer.o
                0x000023bc                timerStart
 .text.timerRestart
                0x00002448       0x28 ./source/timer.o
                0x00002448                timerRestart
 .text.timerEnable
                0x00002470       0x2c ./source/timer.o
                0x00002470                timerEnable
 .text.timerDisable
                0x0000249c       0x2c ./source/timer.o
                0x0000249c                timerDisable
 .text.timer_isr
                0x000024c8       0x70 ./source/timer.o
 .text.InitializeTimerQueue
                0x00002538       0x30 ./source/timerqueue.o
                0x00002538                InitializeTimerQueue
 .text.pushTimerEvent
                0x00002568       0x4c ./source/timerqueue.o
                0x00002568                pushTimerEvent
 .text.popTimerEvent
                0x000025b4       0x24 ./source/timerqueue.o
                0x000025b4                popTimerEvent
 .text.timerqueueEmpty
                0x000025d8       0x2c ./source/timerqueue.o
                0x000025d8                timerqueueEmpty
 .text.hw_Init  0x00002604      0x10c ./SDK/startup/hardware.o
                0x00002604                hw_Init
 .text.hw_EnableInterrupts
                0x00002710       0x30 ./SDK/startup/hardware.o
                0x00002710                hw_EnableInterrupts
 .text.hw_DisableInterrupts
                0x00002740       0x20 ./SDK/startup/hardware.o
                0x00002740                hw_DisableInterrupts
 .text.SystemInit
                0x00002760       0x3c ./SDK/CMSIS/system_MK64F12.o
                0x00002760                SystemInit
 .text.inactivity_callback
                0x0000279c        0xe ./source/App.o
                0x0000279c                inactivity_callback
 .text.Cardreader_Init
                0x000027aa        0xc ./source/CardReader.o
                0x000027aa                Cardreader_Init
 .text.lecture_ready
                0x000027b6        0xe ./source/CardReader.o
                0x000027b6                lecture_ready
 .text.get_decoded
                0x000027c4       0x54 ./source/CardReader.o
                0x000027c4                get_decoded
 .text.getShapedTrack
                0x00002818      0x122 ./source/CardReaderDecoder.o
                0x00002818                getShapedTrack
 .text.identifySymbol
                0x0000293a       0xa8 ./source/CardReaderDecoder.o
                0x0000293a                identifySymbol
 .text.shapeTrack
                0x000029e2       0x4a ./source/CardReaderDecoder.o
                0x000029e2                shapeTrack
 .text.decodeTrack
                0x00002a2c      0x2ae ./source/CardReaderDecoder.o
                0x00002a2c                decodeTrack
 .text.getEvent
                0x00002cda       0x8a ./source/EventQueue.o
                0x00002cda                getEvent
 .text.userDataReset
                0x00002d64       0x8e ./source/EventQueue.o
                0x00002d64                userDataReset
 .text.setDisplayLedPos
                0x00002df2       0x62 ./source/displayLed.o
                0x00002df2                setDisplayLedPos
 .text.GetStringSize
                0x00002e54       0x32 ./source/displayManager.o
                0x00002e54                GetStringSize
 .text.GenerateDisplayEv
                0x00002e86        0xe ./source/displayManager.o
                0x00002e86                GenerateDisplayEv
 .text.setDigit
                0x00002e94       0xde ./source/displaySegment.o
                0x00002e94                setDigit
 .text.doorInit
                0x00002f72       0x18 ./source/door.o
                0x00002f72                doorInit
 .text.closeDoor
                0x00002f8a       0x10 ./source/door.o
                0x00002f8a                closeDoor
 .text.rotationCallback
                0x00002f9a       0x6e ./source/encoder.o
                0x00002f9a                rotationCallback
 .text.buttonCallback
                0x00003008       0x64 ./source/encoder.o
                0x00003008                buttonCallback
 .text.resetData
                0x0000306c       0x30 ./source/encoderEvent.o
                0x0000306c                resetData
 .text.setButtonCallback
                0x0000309c       0x1a ./source/encoderHal.o
                0x0000309c                setButtonCallback
 .text.readEncoder
                0x000030b6       0x48 ./source/encoderHal.o
                0x000030b6                readEncoder
 .text.MenuRoutine_Timer
                0x000030fe       0x30 ./source/fsmState_Menu.o
                0x000030fe                MenuRoutine_Timer
 .text.setGPIOdataOut
                0x0000312e       0x4a ./source/gpio.o
                0x0000312e                setGPIOdataOut
 .text.validPin
                0x00003178       0x26 ./source/gpio.o
                0x00003178                validPin
 .text.setPCRmux
                0x0000319e       0x46 ./source/gpio.o
                0x0000319e                setPCRmux
 .text.setPCRpullEnable
                0x000031e4       0x30 ./source/gpio.o
                0x000031e4                setPCRpullEnable
 .text.setPCRpullUp
                0x00003214       0x30 ./source/gpio.o
                0x00003214                setPCRpullUp
 .text.setPCRpullDown
                0x00003244       0x32 ./source/gpio.o
                0x00003244                setPCRpullDown
 .text.setGPIOddr
                0x00003276       0x30 ./source/gpio.o
                0x00003276                setGPIOddr
 .text.setPCRirqc
                0x000032a6       0x46 ./source/gpio.o
                0x000032a6                setPCRirqc
 .text.PORTA_IRQHandler
                0x000032ec       0x1e ./source/gpio.o
                0x000032ec                PORTA_IRQHandler
 .text.PORTB_IRQHandler
                0x0000330a       0x1e ./source/gpio.o
                0x0000330a                PORTB_IRQHandler
 .text.PORTC_IRQHandler
                0x00003328       0x1e ./source/gpio.o
                0x00003328                PORTC_IRQHandler
 .text.PORTD_IRQHandler
                0x00003346       0x1e ./source/gpio.o
                0x00003346                PORTD_IRQHandler
 .text.PORTE_IRQHandler
                0x00003364       0x1e ./source/gpio.o
                0x00003364                PORTE_IRQHandler
 .text.main     0x00003382       0x1a ./SDK/startup/main.o
                0x00003382                main
 .text.HardFault_Handler
                0x0000339c       0x2c ./SDK/startup/semihost_hardfault.o
                0x0000339c                HardFault_Handler
 .text.DMA0_IRQHandler
                0x000033c8        0x8 ./SDK/startup/startup_mk64f12.o
                0x000033c8                DMA0_IRQHandler
 .text.DMA1_IRQHandler
                0x000033d0        0x8 ./SDK/startup/startup_mk64f12.o
                0x000033d0                DMA1_IRQHandler
 .text.DMA2_IRQHandler
                0x000033d8        0x8 ./SDK/startup/startup_mk64f12.o
                0x000033d8                DMA2_IRQHandler
 .text.DMA3_IRQHandler
                0x000033e0        0x8 ./SDK/startup/startup_mk64f12.o
                0x000033e0                DMA3_IRQHandler
 .text.DMA4_IRQHandler
                0x000033e8        0x8 ./SDK/startup/startup_mk64f12.o
                0x000033e8                DMA4_IRQHandler
 .text.DMA5_IRQHandler
                0x000033f0        0x8 ./SDK/startup/startup_mk64f12.o
                0x000033f0                DMA5_IRQHandler
 .text.DMA6_IRQHandler
                0x000033f8        0x8 ./SDK/startup/startup_mk64f12.o
                0x000033f8                DMA6_IRQHandler
 .text.DMA7_IRQHandler
                0x00003400        0x8 ./SDK/startup/startup_mk64f12.o
                0x00003400                DMA7_IRQHandler
 .text.DMA8_IRQHandler
                0x00003408        0x8 ./SDK/startup/startup_mk64f12.o
                0x00003408                DMA8_IRQHandler
 .text.DMA9_IRQHandler
                0x00003410        0x8 ./SDK/startup/startup_mk64f12.o
                0x00003410                DMA9_IRQHandler
 .text.DMA10_IRQHandler
                0x00003418        0x8 ./SDK/startup/startup_mk64f12.o
                0x00003418                DMA10_IRQHandler
 .text.DMA11_IRQHandler
                0x00003420        0x8 ./SDK/startup/startup_mk64f12.o
                0x00003420                DMA11_IRQHandler
 .text.DMA12_IRQHandler
                0x00003428        0x8 ./SDK/startup/startup_mk64f12.o
                0x00003428                DMA12_IRQHandler
 .text.DMA13_IRQHandler
                0x00003430        0x8 ./SDK/startup/startup_mk64f12.o
                0x00003430                DMA13_IRQHandler
 .text.DMA14_IRQHandler
                0x00003438        0x8 ./SDK/startup/startup_mk64f12.o
                0x00003438                DMA14_IRQHandler
 .text.DMA15_IRQHandler
                0x00003440        0x8 ./SDK/startup/startup_mk64f12.o
                0x00003440                DMA15_IRQHandler
 .text.DMA_Error_IRQHandler
                0x00003448        0x8 ./SDK/startup/startup_mk64f12.o
                0x00003448                DMA_Error_IRQHandler
 .text.MCM_IRQHandler
                0x00003450        0x8 ./SDK/startup/startup_mk64f12.o
                0x00003450                MCM_IRQHandler
 .text.FTFE_IRQHandler
                0x00003458        0x8 ./SDK/startup/startup_mk64f12.o
                0x00003458                FTFE_IRQHandler
 .text.Read_Collision_IRQHandler
                0x00003460        0x8 ./SDK/startup/startup_mk64f12.o
                0x00003460                Read_Collision_IRQHandler
 .text.LVD_LVW_IRQHandler
                0x00003468        0x8 ./SDK/startup/startup_mk64f12.o
                0x00003468                LVD_LVW_IRQHandler
 .text.LLWU_IRQHandler
                0x00003470        0x8 ./SDK/startup/startup_mk64f12.o
                0x00003470                LLWU_IRQHandler
 .text.WDOG_EWM_IRQHandler
                0x00003478        0x8 ./SDK/startup/startup_mk64f12.o
                0x00003478                WDOG_EWM_IRQHandler
 .text.RNG_IRQHandler
                0x00003480        0x8 ./SDK/startup/startup_mk64f12.o
                0x00003480                RNG_IRQHandler
 .text.I2C0_IRQHandler
                0x00003488        0x8 ./SDK/startup/startup_mk64f12.o
                0x00003488                I2C0_IRQHandler
 .text.I2C1_IRQHandler
                0x00003490        0x8 ./SDK/startup/startup_mk64f12.o
                0x00003490                I2C1_IRQHandler
 .text.SPI0_IRQHandler
                0x00003498        0x8 ./SDK/startup/startup_mk64f12.o
                0x00003498                SPI0_IRQHandler
 .text.SPI1_IRQHandler
                0x000034a0        0x8 ./SDK/startup/startup_mk64f12.o
                0x000034a0                SPI1_IRQHandler
 .text.I2S0_Tx_IRQHandler
                0x000034a8        0x8 ./SDK/startup/startup_mk64f12.o
                0x000034a8                I2S0_Tx_IRQHandler
 .text.I2S0_Rx_IRQHandler
                0x000034b0        0x8 ./SDK/startup/startup_mk64f12.o
                0x000034b0                I2S0_Rx_IRQHandler
 .text.UART0_LON_IRQHandler
                0x000034b8        0x8 ./SDK/startup/startup_mk64f12.o
                0x000034b8                UART0_LON_IRQHandler
 .text.UART0_RX_TX_IRQHandler
                0x000034c0        0x8 ./SDK/startup/startup_mk64f12.o
                0x000034c0                UART0_RX_TX_IRQHandler
 .text.UART0_ERR_IRQHandler
                0x000034c8        0x8 ./SDK/startup/startup_mk64f12.o
                0x000034c8                UART0_ERR_IRQHandler
 .text.UART1_RX_TX_IRQHandler
                0x000034d0        0x8 ./SDK/startup/startup_mk64f12.o
                0x000034d0                UART1_RX_TX_IRQHandler
 .text.UART1_ERR_IRQHandler
                0x000034d8        0x8 ./SDK/startup/startup_mk64f12.o
                0x000034d8                UART1_ERR_IRQHandler
 .text.UART2_RX_TX_IRQHandler
                0x000034e0        0x8 ./SDK/startup/startup_mk64f12.o
                0x000034e0                UART2_RX_TX_IRQHandler
 .text.UART2_ERR_IRQHandler
                0x000034e8        0x8 ./SDK/startup/startup_mk64f12.o
                0x000034e8                UART2_ERR_IRQHandler
 .text.UART3_RX_TX_IRQHandler
                0x000034f0        0x8 ./SDK/startup/startup_mk64f12.o
                0x000034f0                UART3_RX_TX_IRQHandler
 .text.UART3_ERR_IRQHandler
                0x000034f8        0x8 ./SDK/startup/startup_mk64f12.o
                0x000034f8                UART3_ERR_IRQHandler
 .text.ADC0_IRQHandler
                0x00003500        0x8 ./SDK/startup/startup_mk64f12.o
                0x00003500                ADC0_IRQHandler
 .text.CMP0_IRQHandler
                0x00003508        0x8 ./SDK/startup/startup_mk64f12.o
                0x00003508                CMP0_IRQHandler
 .text.CMP1_IRQHandler
                0x00003510        0x8 ./SDK/startup/startup_mk64f12.o
                0x00003510                CMP1_IRQHandler
 .text.FTM0_IRQHandler
                0x00003518        0x8 ./SDK/startup/startup_mk64f12.o
                0x00003518                FTM0_IRQHandler
 .text.FTM1_IRQHandler
                0x00003520        0x8 ./SDK/startup/startup_mk64f12.o
                0x00003520                FTM1_IRQHandler
 .text.FTM2_IRQHandler
                0x00003528        0x8 ./SDK/startup/startup_mk64f12.o
                0x00003528                FTM2_IRQHandler
 .text.CMT_IRQHandler
                0x00003530        0x8 ./SDK/startup/startup_mk64f12.o
                0x00003530                CMT_IRQHandler
 .text.RTC_IRQHandler
                0x00003538        0x8 ./SDK/startup/startup_mk64f12.o
                0x00003538                RTC_IRQHandler
 .text.RTC_Seconds_IRQHandler
                0x00003540        0x8 ./SDK/startup/startup_mk64f12.o
                0x00003540                RTC_Seconds_IRQHandler
 .text.PIT0_IRQHandler
                0x00003548        0x8 ./SDK/startup/startup_mk64f12.o
                0x00003548                PIT0_IRQHandler
 .text.PIT1_IRQHandler
                0x00003550        0x8 ./SDK/startup/startup_mk64f12.o
                0x00003550                PIT1_IRQHandler
 .text.PIT2_IRQHandler
                0x00003558        0x8 ./SDK/startup/startup_mk64f12.o
                0x00003558                PIT2_IRQHandler
 .text.PIT3_IRQHandler
                0x00003560        0x8 ./SDK/startup/startup_mk64f12.o
                0x00003560                PIT3_IRQHandler
 .text.PDB0_IRQHandler
                0x00003568        0x8 ./SDK/startup/startup_mk64f12.o
                0x00003568                PDB0_IRQHandler
 .text.USB0_IRQHandler
                0x00003570        0x8 ./SDK/startup/startup_mk64f12.o
                0x00003570                USB0_IRQHandler
 .text.USBDCD_IRQHandler
                0x00003578        0x8 ./SDK/startup/startup_mk64f12.o
                0x00003578                USBDCD_IRQHandler
 .text.Reserved71_IRQHandler
                0x00003580        0x8 ./SDK/startup/startup_mk64f12.o
                0x00003580                Reserved71_IRQHandler
 .text.DAC0_IRQHandler
                0x00003588        0x8 ./SDK/startup/startup_mk64f12.o
                0x00003588                DAC0_IRQHandler
 .text.MCG_IRQHandler
                0x00003590        0x8 ./SDK/startup/startup_mk64f12.o
                0x00003590                MCG_IRQHandler
 .text.LPTMR0_IRQHandler
                0x00003598        0x8 ./SDK/startup/startup_mk64f12.o
                0x00003598                LPTMR0_IRQHandler
 .text.SWI_IRQHandler
                0x000035a0        0x8 ./SDK/startup/startup_mk64f12.o
                0x000035a0                SWI_IRQHandler
 .text.SPI2_IRQHandler
                0x000035a8        0x8 ./SDK/startup/startup_mk64f12.o
                0x000035a8                SPI2_IRQHandler
 .text.UART4_RX_TX_IRQHandler
                0x000035b0        0x8 ./SDK/startup/startup_mk64f12.o
                0x000035b0                UART4_RX_TX_IRQHandler
 .text.UART4_ERR_IRQHandler
                0x000035b8        0x8 ./SDK/startup/startup_mk64f12.o
                0x000035b8                UART4_ERR_IRQHandler
 .text.UART5_RX_TX_IRQHandler
                0x000035c0        0x8 ./SDK/startup/startup_mk64f12.o
                0x000035c0                UART5_RX_TX_IRQHandler
 .text.UART5_ERR_IRQHandler
                0x000035c8        0x8 ./SDK/startup/startup_mk64f12.o
                0x000035c8                UART5_ERR_IRQHandler
 .text.CMP2_IRQHandler
                0x000035d0        0x8 ./SDK/startup/startup_mk64f12.o
                0x000035d0                CMP2_IRQHandler
 .text.FTM3_IRQHandler
                0x000035d8        0x8 ./SDK/startup/startup_mk64f12.o
                0x000035d8                FTM3_IRQHandler
 .text.DAC1_IRQHandler
                0x000035e0        0x8 ./SDK/startup/startup_mk64f12.o
                0x000035e0                DAC1_IRQHandler
 .text.ADC1_IRQHandler
                0x000035e8        0x8 ./SDK/startup/startup_mk64f12.o
                0x000035e8                ADC1_IRQHandler
 .text.I2C2_IRQHandler
                0x000035f0        0x8 ./SDK/startup/startup_mk64f12.o
                0x000035f0                I2C2_IRQHandler
 .text.CAN0_ORed_Message_buffer_IRQHandler
                0x000035f8        0x8 ./SDK/startup/startup_mk64f12.o
                0x000035f8                CAN0_ORed_Message_buffer_IRQHandler
 .text.CAN0_Bus_Off_IRQHandler
                0x00003600        0x8 ./SDK/startup/startup_mk64f12.o
                0x00003600                CAN0_Bus_Off_IRQHandler
 .text.CAN0_Error_IRQHandler
                0x00003608        0x8 ./SDK/startup/startup_mk64f12.o
                0x00003608                CAN0_Error_IRQHandler
 .text.CAN0_Tx_Warning_IRQHandler
                0x00003610        0x8 ./SDK/startup/startup_mk64f12.o
                0x00003610                CAN0_Tx_Warning_IRQHandler
 .text.CAN0_Rx_Warning_IRQHandler
                0x00003618        0x8 ./SDK/startup/startup_mk64f12.o
                0x00003618                CAN0_Rx_Warning_IRQHandler
 .text.CAN0_Wake_Up_IRQHandler
                0x00003620        0x8 ./SDK/startup/startup_mk64f12.o
                0x00003620                CAN0_Wake_Up_IRQHandler
 .text.SDHC_IRQHandler
                0x00003628        0x8 ./SDK/startup/startup_mk64f12.o
                0x00003628                SDHC_IRQHandler
 .text.ENET_1588_Timer_IRQHandler
                0x00003630        0x8 ./SDK/startup/startup_mk64f12.o
                0x00003630                ENET_1588_Timer_IRQHandler
 .text.ENET_Transmit_IRQHandler
                0x00003638        0x8 ./SDK/startup/startup_mk64f12.o
                0x00003638                ENET_Transmit_IRQHandler
 .text.ENET_Receive_IRQHandler
                0x00003640        0x8 ./SDK/startup/startup_mk64f12.o
                0x00003640                ENET_Receive_IRQHandler
 .text.ENET_Error_IRQHandler
                0x00003648        0x8 ./SDK/startup/startup_mk64f12.o
                0x00003648                ENET_Error_IRQHandler
 .text.SystemInitHook
                0x00003650        0xe ./SDK/CMSIS/system_MK64F12.o
                0x00003650                SystemInitHook
 .text.memcpy   0x0000365e        0x4 c:/nxp/mcuxpressoide_10.2.0_759/ide/tools/bin/../lib/gcc/arm-none-eabi/7.2.1/../../../../arm-none-eabi/lib/thumb/v7e-m/fpv4-sp/hard\libcr_c.a(memcpy.o)
                0x0000365e                memcpy
 .text.__aeabi_memcpy
                0x00003662       0x34 c:/nxp/mcuxpressoide_10.2.0_759/ide/tools/bin/../lib/gcc/arm-none-eabi/7.2.1/thumb/v7e-m/fpv4-sp/hard\libcr_eabihelpers.a(memcpy.o)
                0x00003662                __aeabi_memcpy
                0x0000366c                __aeabi_memcpy8
                0x0000366c                __aeabi_memcpy4
 *(SORT_BY_ALIGNMENT(.rodata) SORT_BY_ALIGNMENT(.rodata.*) SORT_BY_ALIGNMENT(.constdata) SORT_BY_ALIGNMENT(.constdata.*))
 *fill*         0x00003696        0x2 ff
 .rodata        0x00003698       0x2e ./source/AdminID.o
 *fill*         0x000036c6        0x2 ff
 .rodata.track1
                0x000036c8       0x18 ./source/CardReaderDecoder.o
                0x000036c8                track1
 .rodata        0x000036e0        0x5 ./source/FSM.o
 *fill*         0x000036e5        0x3 ff
 .rodata        0x000036e8        0x1 ./source/displayManager.o
 *fill*         0x000036e9        0x3 ff
 .rodata.num_array
                0x000036ec        0xa ./source/displaySegment.o
 *fill*         0x000036f6        0x2 ff
 .rodata.abc_array
                0x000036f8       0x1a ./source/displaySegment.o
 *fill*         0x00003712        0x2 ff
 .rodata.idStrings
                0x00003714        0xc ./source/fsmState_IdIn.o
 .rodata        0x00003720       0x29 ./source/fsmState_IdIn.o
 *fill*         0x00003749        0x3 ff
 .rodata        0x0000374c       0x53 ./source/fsmState_Menu.o
 *fill*         0x0000379f        0x1 ff
 .rodata.pinStrings
                0x000037a0        0xd ./source/fsmState_PinIn.o
 *fill*         0x000037ad        0x3 ff
 .rodata        0x000037b0       0x4b ./source/fsmState_PinIn.o
 *fill*         0x000037fb        0x1 ff
 .rodata        0x000037fc       0x2d ./source/gpio.o
                0x00003830                . = ALIGN (0x8)
 *fill*         0x00003829        0x7 ff

.glue_7         0x00003830        0x0
 .glue_7        0x00003830        0x0 linker stubs

.glue_7t        0x00003830        0x0
 .glue_7t       0x00003830        0x0 linker stubs

.vfp11_veneer   0x00003830        0x0
 .vfp11_veneer  0x00003830        0x0 linker stubs

.v4_bx          0x00003830        0x0
 .v4_bx         0x00003830        0x0 linker stubs

.iplt           0x00003830        0x0
 .iplt          0x00003830        0x0 ./source/AdminID.o

.rel.dyn        0x00003830        0x0
 .rel.iplt      0x00003830        0x0 ./source/AdminID.o

.ARM.extab
 *(SORT_BY_ALIGNMENT(.ARM.extab*) SORT_BY_ALIGNMENT(.gnu.linkonce.armextab.*))
                0x00003830                __exidx_start = .

.ARM.exidx
 *(SORT_BY_ALIGNMENT(.ARM.exidx*) SORT_BY_ALIGNMENT(.gnu.linkonce.armexidx.*))
                0x00003830                __exidx_end = .
                0x00003830                _etext = .

.m_usb_data
 *(SORT_BY_ALIGNMENT(m_usb_bdt))

.data_RAM2      0x1fff0000        0x0 load address 0x00003830
 FILL mask 0xff
                [!provide]                PROVIDE (__start_data_RAM2, .)
 *(SORT_BY_ALIGNMENT(.ramfunc.$RAM2))
 *(SORT_BY_ALIGNMENT(.ramfunc.$SRAM_LOWER))
 *(SORT_BY_ALIGNMENT(.data.$RAM2*))
 *(SORT_BY_ALIGNMENT(.data.$SRAM_LOWER*))
                0x1fff0000                . = ALIGN (0x8)
                [!provide]                PROVIDE (__end_data_RAM2, .)

.data_RAM3      0x14000000        0x0 load address 0x00003830
 FILL mask 0xff
                [!provide]                PROVIDE (__start_data_RAM3, .)
 *(SORT_BY_ALIGNMENT(.ramfunc.$RAM3))
 *(SORT_BY_ALIGNMENT(.ramfunc.$FLEX_RAM))
 *(SORT_BY_ALIGNMENT(.data.$RAM3*))
 *(SORT_BY_ALIGNMENT(.data.$FLEX_RAM*))
                0x14000000                . = ALIGN (0x8)
                [!provide]                PROVIDE (__end_data_RAM3, .)

.uninit_RESERVED
                0x20000000        0x0
 *(SORT_BY_ALIGNMENT(.bss.$RESERVED*))
                0x20000000                . = ALIGN (0x4)
                0x20000000                _end_uninit_RESERVED = .

.data           0x20000000       0x10 load address 0x00003830
 FILL mask 0xff
                0x20000000                _data = .
 *(SORT_BY_ALIGNMENT(vtable))
 *(SORT_BY_ALIGNMENT(.ramfunc*))
 *(SORT_BY_ALIGNMENT(.data*))
 .data.trackarray
                0x20000000        0x4 ./source/CardReaderDecoder.o
                0x20000000                trackarray
 .data.menuStrings
                0x20000004        0x8 ./source/fsmState_Menu.o
                0x20000010                . = ALIGN (0x8)
 *fill*         0x2000000c        0x4 ff
                0x20000010                _edata = .

.igot.plt       0x20000010        0x0 load address 0x00003840
 .igot.plt      0x20000010        0x0 ./source/AdminID.o

.bss_RAM2       0x1fff0000        0x0
                [!provide]                PROVIDE (__start_bss_RAM2, .)
 *(SORT_BY_ALIGNMENT(.bss.$RAM2*))
 *(SORT_BY_ALIGNMENT(.bss.$SRAM_LOWER*))
                0x1fff0000                . = ALIGN ((. != 0x0)?0x8:0x1)
                [!provide]                PROVIDE (__end_bss_RAM2, .)

.bss_RAM3       0x14000000        0x0
                [!provide]                PROVIDE (__start_bss_RAM3, .)
 *(SORT_BY_ALIGNMENT(.bss.$RAM3*))
 *(SORT_BY_ALIGNMENT(.bss.$FLEX_RAM*))
                0x14000000                . = ALIGN ((. != 0x0)?0x8:0x1)
                [!provide]                PROVIDE (__end_bss_RAM3, .)

.bss            0x20000010     0x1120
                0x20000010                _bss = .
 *(SORT_BY_ALIGNMENT(.bss*))
 .bss.dataBase  0x20000010      0x11c ./source/AdminID.o
 .bss.fsm       0x2000012c       0x14 ./source/App.o
 .bss.nextstate
                0x20000140       0x10 ./source/App.o
 .bss.userData  0x20000150       0xec ./source/App.o
 .bss.data_counter
                0x2000023c        0x4 ./source/CardReaderHAL.o
 .bss.reader_queue
                0x20000240      0x508 ./source/CardReaderHAL.o
 .bss.systick_irqfun
                0x20000748        0x4 ./source/SysTick.o
                0x20000748                systick_irqfun
 .bss.blinking  0x2000074c        0x3 ./source/displayLed.o
 *fill*         0x2000074f        0x1 
 .bss.blink_cleared
                0x20000750        0x3 ./source/displayLed.o
 *fill*         0x20000753        0x1 
 .bss.brightness
                0x20000754        0xc ./source/displayLed.o
 .bss.led_displaying
                0x20000760        0x3 ./source/displayLed.o
 *fill*         0x20000763        0x1 
 .bss.bright_counter
                0x20000764        0xc ./source/displayLed.o
 .bss.blink_counter.5711
                0x20000770        0xc ./source/displayLed.o
 .bss.current_string
                0x2000077c        0x4 ./source/displayManager.o
 .bss.string_pos
                0x20000780        0x4 ./source/displayManager.o
 .bss.display_pos
                0x20000784        0x4 ./source/displayManager.o
 .bss.string_size
                0x20000788        0x4 ./source/displayManager.o
 .bss.pos.5679  0x2000078c        0x4 ./source/displayManager.o
 .bss.encoderQueue
                0x20000790      0x640 ./source/encoder.o
 .bss.encoder   0x20000dd0        0x6 ./source/encoderEvent.o
 *fill*         0x20000dd6        0x2 
 .bss.IDstring  0x20000dd8        0x9 ./source/fsmState_IdIn.o
 *fill*         0x20000de1        0x3 
 .bss.PINstring
                0x20000de4        0x6 ./source/fsmState_PinIn.o
 *fill*         0x20000dea        0x2 
 .bss.tryNro    0x20000dec        0x4 ./source/fsmState_PinIn.o
 .bss.irqFuns   0x20000df0      0x280 ./source/gpio.o
                0x20000df0                irqFuns
 .bss.timers    0x20001070       0x70 ./source/timer.o
 .bss.queue     0x200010e0       0x38 ./source/timerqueue.o
 .bss.__LDM_interruptDisableCount
                0x20001118        0x4 ./SDK/startup/hardware.o
 .bss.changestate
                0x2000111c        0x1 ./source/App.o
 .bss.event     0x2000111d        0x1 ./source/App.o
 .bss.read_enable
                0x2000111e        0x1 ./source/CardReaderHAL.o
 .bss.save_items
                0x2000111f        0x1 ./source/CardReaderHAL.o
 .bss.hw_Init.5007
                0x20001120        0x1 ./source/CardReaderHAL.o
 .bss.initialized
                0x20001121        0x1 ./source/displayLed.o
 .bss.brigthness
                0x20001122        0x1 ./source/displayManager.o
 .bss.display_counter
                0x20001123        0x1 ./source/displayManager.o
 .bss.initialized
                0x20001124        0x1 ./source/displayManager.o
 .bss.initialized
                0x20001125        0x1 ./source/displaySegment.o
 .bss.encoderInitialized
                0x20001126        0x1 ./source/encoder.o
                0x20001126                encoderInitialized
 .bss.inicioEncoder
                0x20001127        0x1 ./source/encoderHal.o
 .bss.encoderTimerCount
                0x20001128        0x1 ./source/encoderHal.o
 .bss.yaInit.5610
                0x20001129        0x1 ./source/timer.o
 .bss.yaInit.5604
                0x2000112a        0x1 ./source/timerqueue.o
 *(SORT_BY_ALIGNMENT(COMMON))
                0x20001130                . = ALIGN (0x8)
 *fill*         0x2000112b        0x5 
                0x20001130                _ebss = .
                [!provide]                PROVIDE (end, .)

.noinit_RAM2    0x1fff0000        0x0
 *(SORT_BY_ALIGNMENT(.noinit.$RAM2*))
 *(SORT_BY_ALIGNMENT(.noinit.$SRAM_LOWER*))
                0x1fff0000                . = ALIGN (0x8)

.noinit_RAM3    0x14000000        0x0
 *(SORT_BY_ALIGNMENT(.noinit.$RAM3*))
 *(SORT_BY_ALIGNMENT(.noinit.$FLEX_RAM*))
                0x14000000                . = ALIGN (0x8)

.noinit         0x20001130        0x0
                0x20001130                _noinit = .
 *(SORT_BY_ALIGNMENT(.noinit*))
                0x20001130                . = ALIGN (0x8)
                0x20001130                _end_noinit = .
                0x00001000                _HeapSize = 0x1000

.heap           0x20001130     0x1000
                0x20001130                _pvHeapStart = .
                0x20002130                . = (. + _HeapSize)
 *fill*         0x20001130     0x1000 
                0x20002130                . = ALIGN (0x8)
                0x20002130                _pvHeapLimit = .
                0x00001000                _StackSize = 0x1000

.heap2stackfill
                0x20002130     0x1000
                0x20003130                . = (. + _StackSize)
 *fill*         0x20002130     0x1000 

.stack          0x2002f000        0x0
                0x2002f000                _vStackBase = .
                0x2002f000                . = ALIGN (0x8)
                0x20030000                _vStackTop = (. + _StackSize)
                0x00000000                _image_start = LOADADDR (.text)
                0x00003840                _image_end = (LOADADDR (.data) + SIZEOF (.data))
                0x00003840                _image_size = (_image_end - _image_start)
OUTPUT(Entrega Final.axf elf32-littlearm)

.debug_info     0x00000000     0xc605
 .debug_info    0x00000000      0xcf6 ./source/AdminID.o
 .debug_info    0x00000cf6      0xc01 ./source/App.o
 .debug_info    0x000018f7      0x115 ./source/CardReader.o
 .debug_info    0x00001a0c      0x484 ./source/CardReaderDecoder.o
 .debug_info    0x00001e90      0x24f ./source/CardReaderHAL.o
 .debug_info    0x000020df      0xb17 ./source/EventQueue.o
 .debug_info    0x00002bf6      0xb66 ./source/FSM.o
 .debug_info    0x0000375c      0x160 ./source/SysTick.o
 .debug_info    0x000038bc      0xb18 ./source/displayLed.o
 .debug_info    0x000043d4      0xaab ./source/displayManager.o
 .debug_info    0x00004e7f      0x1f3 ./source/displaySegment.o
 .debug_info    0x00005072      0x96f ./source/door.o
 .debug_info    0x000059e1      0x29a ./source/encoder.o
 .debug_info    0x00005c7b      0x1e8 ./source/encoderEvent.o
 .debug_info    0x00005e63      0xa6e ./source/encoderHal.o
 .debug_info    0x000068d1      0xcdd ./source/fsmState_IdIn.o
 .debug_info    0x000075ae      0xc38 ./source/fsmState_Menu.o
 .debug_info    0x000081e6      0xce6 ./source/fsmState_PinIn.o
 .debug_info    0x00008ecc      0xc4c ./source/gpio.o
 .debug_info    0x00009b18      0xb03 ./source/timer.o
 .debug_info    0x0000a61b      0x9d7 ./source/timerqueue.o
 .debug_info    0x0000aff2      0x675 ./SDK/startup/hardware.o
 .debug_info    0x0000b667       0xb7 ./SDK/startup/main.o
 .debug_info    0x0000b71e       0x3b ./SDK/startup/semihost_hardfault.o
 .debug_info    0x0000b759      0x8b0 ./SDK/startup/startup_mk64f12.o
 .debug_info    0x0000c009      0x5fc ./SDK/CMSIS/system_MK64F12.o

.debug_abbrev   0x00000000     0x2afa
 .debug_abbrev  0x00000000      0x26f ./source/AdminID.o
 .debug_abbrev  0x0000026f      0x1f2 ./source/App.o
 .debug_abbrev  0x00000461       0xc5 ./source/CardReader.o
 .debug_abbrev  0x00000526      0x108 ./source/CardReaderDecoder.o
 .debug_abbrev  0x0000062e      0x137 ./source/CardReaderHAL.o
 .debug_abbrev  0x00000765      0x225 ./source/EventQueue.o
 .debug_abbrev  0x0000098a      0x1de ./source/FSM.o
 .debug_abbrev  0x00000b68      0x102 ./source/SysTick.o
 .debug_abbrev  0x00000c6a      0x26f ./source/displayLed.o
 .debug_abbrev  0x00000ed9      0x2a8 ./source/displayManager.o
 .debug_abbrev  0x00001181       0xc8 ./source/displaySegment.o
 .debug_abbrev  0x00001249      0x1cd ./source/door.o
 .debug_abbrev  0x00001416      0x17b ./source/encoder.o
 .debug_abbrev  0x00001591      0x106 ./source/encoderEvent.o
 .debug_abbrev  0x00001697      0x26b ./source/encoderHal.o
 .debug_abbrev  0x00001902      0x228 ./source/fsmState_IdIn.o
 .debug_abbrev  0x00001b2a      0x22c ./source/fsmState_Menu.o
 .debug_abbrev  0x00001d56      0x21d ./source/fsmState_PinIn.o
 .debug_abbrev  0x00001f73      0x261 ./source/gpio.o
 .debug_abbrev  0x000021d4      0x277 ./source/timer.o
 .debug_abbrev  0x0000244b      0x230 ./source/timerqueue.o
 .debug_abbrev  0x0000267b      0x138 ./SDK/startup/hardware.o
 .debug_abbrev  0x000027b3       0x7d ./SDK/startup/main.o
 .debug_abbrev  0x00002830       0x2f ./SDK/startup/semihost_hardfault.o
 .debug_abbrev  0x0000285f      0x15c ./SDK/startup/startup_mk64f12.o
 .debug_abbrev  0x000029bb      0x13f ./SDK/CMSIS/system_MK64F12.o

.debug_aranges  0x00000000      0x9a0
 .debug_aranges
                0x00000000       0x60 ./source/AdminID.o
 .debug_aranges
                0x00000060       0x30 ./source/App.o
 .debug_aranges
                0x00000090       0x30 ./source/CardReader.o
 .debug_aranges
                0x000000c0       0x40 ./source/CardReaderDecoder.o
 .debug_aranges
                0x00000100       0x48 ./source/CardReaderHAL.o
 .debug_aranges
                0x00000148       0x28 ./source/EventQueue.o
 .debug_aranges
                0x00000170       0x20 ./source/FSM.o
 .debug_aranges
                0x00000190       0x28 ./source/SysTick.o
 .debug_aranges
                0x000001b8       0x68 ./source/displayLed.o
 .debug_aranges
                0x00000220       0x68 ./source/displayManager.o
 .debug_aranges
                0x00000288       0x40 ./source/displaySegment.o
 .debug_aranges
                0x000002c8       0x48 ./source/door.o
 .debug_aranges
                0x00000310       0x50 ./source/encoder.o
 .debug_aranges
                0x00000360       0x40 ./source/encoderEvent.o
 .debug_aranges
                0x000003a0       0x48 ./source/encoderHal.o
 .debug_aranges
                0x000003e8       0x38 ./source/fsmState_IdIn.o
 .debug_aranges
                0x00000420       0x30 ./source/fsmState_Menu.o
 .debug_aranges
                0x00000450       0x38 ./source/fsmState_PinIn.o
 .debug_aranges
                0x00000488       0xc0 ./source/gpio.o
 .debug_aranges
                0x00000548       0x50 ./source/timer.o
 .debug_aranges
                0x00000598       0x38 ./source/timerqueue.o
 .debug_aranges
                0x000005d0       0x30 ./SDK/startup/hardware.o
 .debug_aranges
                0x00000600       0x20 ./SDK/startup/main.o
 .debug_aranges
                0x00000620       0x20 ./SDK/startup/semihost_hardfault.o
 .debug_aranges
                0x00000640      0x330 ./SDK/startup/startup_mk64f12.o
 .debug_aranges
                0x00000970       0x30 ./SDK/CMSIS/system_MK64F12.o

.debug_ranges   0x00000000      0x848
 .debug_ranges  0x00000000       0x98 ./source/AdminID.o
 .debug_ranges  0x00000098       0x20 ./source/App.o
 .debug_ranges  0x000000b8       0x20 ./source/CardReader.o
 .debug_ranges  0x000000d8       0x30 ./source/CardReaderDecoder.o
 .debug_ranges  0x00000108       0x38 ./source/CardReaderHAL.o
 .debug_ranges  0x00000140       0x18 ./source/EventQueue.o
 .debug_ranges  0x00000158       0x10 ./source/FSM.o
 .debug_ranges  0x00000168       0x18 ./source/SysTick.o
 .debug_ranges  0x00000180       0x58 ./source/displayLed.o
 .debug_ranges  0x000001d8       0x58 ./source/displayManager.o
 .debug_ranges  0x00000230       0x30 ./source/displaySegment.o
 .debug_ranges  0x00000260       0x38 ./source/door.o
 .debug_ranges  0x00000298       0x40 ./source/encoder.o
 .debug_ranges  0x000002d8       0x30 ./source/encoderEvent.o
 .debug_ranges  0x00000308       0x38 ./source/encoderHal.o
 .debug_ranges  0x00000340       0x28 ./source/fsmState_IdIn.o
 .debug_ranges  0x00000368       0x20 ./source/fsmState_Menu.o
 .debug_ranges  0x00000388       0x28 ./source/fsmState_PinIn.o
 .debug_ranges  0x000003b0       0xb0 ./source/gpio.o
 .debug_ranges  0x00000460       0x40 ./source/timer.o
 .debug_ranges  0x000004a0       0x28 ./source/timerqueue.o
 .debug_ranges  0x000004c8       0x20 ./SDK/startup/hardware.o
 .debug_ranges  0x000004e8       0x10 ./SDK/startup/main.o
 .debug_ranges  0x000004f8       0x10 ./SDK/startup/semihost_hardfault.o
 .debug_ranges  0x00000508      0x320 ./SDK/startup/startup_mk64f12.o
 .debug_ranges  0x00000828       0x20 ./SDK/CMSIS/system_MK64F12.o

.debug_macro    0x00000000    0x13ee5
 .debug_macro   0x00000000      0x15c ./source/AdminID.o
 .debug_macro   0x0000015c      0xa5a ./source/AdminID.o
 .debug_macro   0x00000bb6      0x34e ./source/AdminID.o
 .debug_macro   0x00000f04       0x22 ./source/AdminID.o
 .debug_macro   0x00000f26       0x10 ./source/AdminID.o
 .debug_macro   0x00000f36       0x40 ./source/AdminID.o
 .debug_macro   0x00000f76       0x10 ./source/AdminID.o
 .debug_macro   0x00000f86       0x17 ./source/AdminID.o
 .debug_macro   0x00000f9d       0x22 ./source/AdminID.o
 .debug_macro   0x00000fbf       0x52 ./source/AdminID.o
 .debug_macro   0x00001011       0x8d ./source/AdminID.o
 .debug_macro   0x0000109e       0x35 ./source/AdminID.o
 .debug_macro   0x000010d3       0x9c ./source/AdminID.o
 .debug_macro   0x0000116f       0x16 ./source/AdminID.o
 .debug_macro   0x00001185      0x10e ./source/AdminID.o
 .debug_macro   0x00001293       0x8d ./source/AdminID.o
 .debug_macro   0x00001320       0x57 ./source/AdminID.o
 .debug_macro   0x00001377       0x58 ./source/AdminID.o
 .debug_macro   0x000013cf       0x1f ./source/AdminID.o
 .debug_macro   0x000013ee       0x43 ./source/AdminID.o
 .debug_macro   0x00001431       0x20 ./source/AdminID.o
 .debug_macro   0x00001451      0x18e ./source/AdminID.o
 .debug_macro   0x000015df      0x330 ./source/AdminID.o
 .debug_macro   0x0000190f       0x16 ./source/AdminID.o
 .debug_macro   0x00001925       0x29 ./source/AdminID.o
 .debug_macro   0x0000194e       0x16 ./source/AdminID.o
 .debug_macro   0x00001964      0x2b5 ./source/App.o
 .debug_macro   0x00001c19       0x10 ./source/App.o
 .debug_macro   0x00001c29       0x16 ./source/App.o
 .debug_macro   0x00001c3f       0x10 ./source/App.o
 .debug_macro   0x00001c4f       0x10 ./source/App.o
 .debug_macro   0x00001c5f       0x5c ./source/App.o
 .debug_macro   0x00001cbb       0x1c ./source/App.o
 .debug_macro   0x00001cd7       0x22 ./source/App.o
 .debug_macro   0x00001cf9       0xd9 ./source/App.o
 .debug_macro   0x00001dd2      0xecf ./source/App.o
 .debug_macro   0x00002ca1       0x48 ./source/App.o
 .debug_macro   0x00002ce9     0xe07b ./source/App.o
 .debug_macro   0x00010d64     0x122b ./source/App.o
 .debug_macro   0x00011f8f       0x1c ./source/App.o
 .debug_macro   0x00011fab       0x35 ./source/App.o
 .debug_macro   0x00011fe0       0x10 ./source/App.o
 .debug_macro   0x00011ff0       0x10 ./source/App.o
 .debug_macro   0x00012000       0x6a ./source/App.o
 .debug_macro   0x0001206a       0x1c ./source/App.o
 .debug_macro   0x00012086       0x52 ./source/App.o
 .debug_macro   0x000120d8       0x40 ./source/App.o
 .debug_macro   0x00012118       0x10 ./source/App.o
 .debug_macro   0x00012128       0x40 ./source/App.o
 .debug_macro   0x00012168       0xd7 ./source/App.o
 .debug_macro   0x0001223f       0x1c ./source/App.o
 .debug_macro   0x0001225b       0x3d ./source/App.o
 .debug_macro   0x00012298       0x16 ./source/App.o
 .debug_macro   0x000122ae      0x16f ./source/App.o
 .debug_macro   0x0001241d       0x4e ./source/CardReader.o
 .debug_macro   0x0001246b       0x10 ./source/CardReader.o
 .debug_macro   0x0001247b       0x28 ./source/CardReader.o
 .debug_macro   0x000124a3       0x72 ./source/CardReaderDecoder.o
 .debug_macro   0x00012515       0xf4 ./source/CardReaderDecoder.o
 .debug_macro   0x00012609       0x22 ./source/CardReaderDecoder.o
 .debug_macro   0x0001262b      0x174 ./source/CardReaderDecoder.o
 .debug_macro   0x0001279f       0x66 ./source/CardReaderHAL.o
 .debug_macro   0x00012805       0x3a ./source/CardReaderHAL.o
 .debug_macro   0x0001283f      0x16f ./source/EventQueue.o
 .debug_macro   0x000129ae      0x17f ./source/FSM.o
 .debug_macro   0x00012b2d       0xc8 ./source/SysTick.o
 .debug_macro   0x00012bf5       0xdf ./source/SysTick.o
 .debug_macro   0x00012cd4       0x3a ./source/SysTick.o
 .debug_macro   0x00012d0e       0x10 ./source/SysTick.o
 .debug_macro   0x00012d1e       0x16 ./source/SysTick.o
 .debug_macro   0x00012d34      0x164 ./source/displayLed.o
 .debug_macro   0x00012e98       0x10 ./source/displayLed.o
 .debug_macro   0x00012ea8      0x15f ./source/displayManager.o
 .debug_macro   0x00013007       0x16 ./source/displayManager.o
 .debug_macro   0x0001301d       0xd0 ./source/displaySegment.o
 .debug_macro   0x000130ed      0x146 ./source/door.o
 .debug_macro   0x00013233       0x70 ./source/encoder.o
 .debug_macro   0x000132a3       0x22 ./source/encoder.o
 .debug_macro   0x000132c5       0x3c ./source/encoderEvent.o
 .debug_macro   0x00013301       0x1c ./source/encoderEvent.o
 .debug_macro   0x0001331d      0x14d ./source/encoderHal.o
 .debug_macro   0x0001346a      0x1be ./source/fsmState_IdIn.o
 .debug_macro   0x00013628      0x197 ./source/fsmState_Menu.o
 .debug_macro   0x000137bf       0x10 ./source/fsmState_Menu.o
 .debug_macro   0x000137cf      0x1d6 ./source/fsmState_PinIn.o
 .debug_macro   0x000139a5       0x10 ./source/fsmState_PinIn.o
 .debug_macro   0x000139b5       0xc5 ./source/gpio.o
 .debug_macro   0x00013a7a      0x13d ./source/timer.o
 .debug_macro   0x00013bb7       0x10 ./source/timer.o
 .debug_macro   0x00013bc7      0x12c ./source/timerqueue.o
 .debug_macro   0x00013cf3       0x9c ./SDK/startup/hardware.o
 .debug_macro   0x00013d8f       0x9c ./SDK/startup/main.o
 .debug_macro   0x00013e2b       0x11 ./SDK/startup/semihost_hardfault.o
 .debug_macro   0x00013e3c       0x29 ./SDK/startup/startup_mk64f12.o
 .debug_macro   0x00013e65       0x80 ./SDK/CMSIS/system_MK64F12.o

.debug_line     0x00000000     0x4797
 .debug_line    0x00000000      0x44b ./source/AdminID.o
 .debug_line    0x0000044b      0x473 ./source/App.o
 .debug_line    0x000008be      0x11f ./source/CardReader.o
 .debug_line    0x000009dd      0x281 ./source/CardReaderDecoder.o
 .debug_line    0x00000c5e      0x165 ./source/CardReaderHAL.o
 .debug_line    0x00000dc3      0x2f9 ./source/EventQueue.o
 .debug_line    0x000010bc      0x2d0 ./source/FSM.o
 .debug_line    0x0000138c      0x1b2 ./source/SysTick.o
 .debug_line    0x0000153e      0x3a1 ./source/displayLed.o
 .debug_line    0x000018df      0x3bd ./source/displayManager.o
 .debug_line    0x00001c9c      0x179 ./source/displaySegment.o
 .debug_line    0x00001e15      0x2cb ./source/door.o
 .debug_line    0x000020e0      0x1bc ./source/encoder.o
 .debug_line    0x0000229c      0x16e ./source/encoderEvent.o
 .debug_line    0x0000240a      0x2f0 ./source/encoderHal.o
 .debug_line    0x000026fa      0x3c9 ./source/fsmState_IdIn.o
 .debug_line    0x00002ac3      0x36d ./source/fsmState_Menu.o
 .debug_line    0x00002e30      0x3e6 ./source/fsmState_PinIn.o
 .debug_line    0x00003216      0x374 ./source/gpio.o
 .debug_line    0x0000358a      0x31a ./source/timer.o
 .debug_line    0x000038a4      0x2b2 ./source/timerqueue.o
 .debug_line    0x00003b56      0x1d4 ./SDK/startup/hardware.o
 .debug_line    0x00003d2a      0x175 ./SDK/startup/main.o
 .debug_line    0x00003e9f       0x59 ./SDK/startup/semihost_hardfault.o
 .debug_line    0x00003ef8      0x6d8 ./SDK/startup/startup_mk64f12.o
 .debug_line    0x000045d0      0x1c7 ./SDK/CMSIS/system_MK64F12.o

.debug_str      0x00000000    0x7e77c
 .debug_str     0x00000000     0x6ca0 ./source/AdminID.o
                               0x6ef8 (size before relaxing)
 .debug_str     0x00006ca0    0x74d08 ./source/App.o
                              0x7bae6 (size before relaxing)
 .debug_str     0x0007b9a8       0xc4 ./source/CardReader.o
                               0x390f (size before relaxing)
 .debug_str     0x0007ba6c      0x817 ./source/CardReaderDecoder.o
                               0x43cc (size before relaxing)
 .debug_str     0x0007c283      0x1f5 ./source/CardReaderHAL.o
                               0x3e01 (size before relaxing)
 .debug_str     0x0007c478       0x59 ./source/EventQueue.o
                               0x6f1d (size before relaxing)
 .debug_str     0x0007c4d1       0x2a ./source/FSM.o
                               0x6f79 (size before relaxing)
 .debug_str     0x0007c4fb      0x20b ./source/SysTick.o
                              0x771af (size before relaxing)
 .debug_str     0x0007c706      0x1c2 ./source/displayLed.o
                               0x6e9b (size before relaxing)
 .debug_str     0x0007c8c8      0x194 ./source/displayManager.o
                               0x6e8d (size before relaxing)
 .debug_str     0x0007ca5c      0x244 ./source/displaySegment.o
                               0x3afd (size before relaxing)
 .debug_str     0x0007cca0       0x97 ./source/door.o
                               0x6dab (size before relaxing)
 .debug_str     0x0007cd37      0x19c ./source/encoder.o
                               0x3a89 (size before relaxing)
 .debug_str     0x0007ced3       0x9a ./source/encoderEvent.o
                               0x3912 (size before relaxing)
 .debug_str     0x0007cf6d      0x137 ./source/encoderHal.o
                               0x6f55 (size before relaxing)
 .debug_str     0x0007d0a4      0x16e ./source/fsmState_IdIn.o
                               0x70e1 (size before relaxing)
 .debug_str     0x0007d212       0x6b ./source/fsmState_Menu.o
                               0x7039 (size before relaxing)
 .debug_str     0x0007d27d      0x123 ./source/fsmState_PinIn.o
                               0x711c (size before relaxing)
 .debug_str     0x0007d3a0      0x7a5 ./source/gpio.o
                              0x77925 (size before relaxing)
 .debug_str     0x0007db45      0x140 ./source/timer.o
                               0x6e10 (size before relaxing)
 .debug_str     0x0007dc85       0x58 ./source/timerqueue.o
                               0x6d13 (size before relaxing)
 .debug_str     0x0007dcdd      0x217 ./SDK/startup/hardware.o
                              0x771ea (size before relaxing)
 .debug_str     0x0007def4       0x1b ./SDK/startup/main.o
                              0x76fbe (size before relaxing)
 .debug_str     0x0007df0f       0x36 ./SDK/startup/semihost_hardfault.o
                               0x2d28 (size before relaxing)
 .debug_str     0x0007df45      0x7d5 ./SDK/startup/startup_mk64f12.o
                               0x3596 (size before relaxing)
 .debug_str     0x0007e71a       0x62 ./SDK/CMSIS/system_MK64F12.o
                              0x770f9 (size before relaxing)

.comment        0x00000000       0x7e
 .comment       0x00000000       0x7e ./source/AdminID.o
                                 0x7f (size before relaxing)
 .comment       0x0000007e       0x7f ./source/App.o
 .comment       0x0000007e       0x7f ./source/CardReader.o
 .comment       0x0000007e       0x7f ./source/CardReaderDecoder.o
 .comment       0x0000007e       0x7f ./source/CardReaderHAL.o
 .comment       0x0000007e       0x7f ./source/EventQueue.o
 .comment       0x0000007e       0x7f ./source/FSM.o
 .comment       0x0000007e       0x7f ./source/SysTick.o
 .comment       0x0000007e       0x7f ./source/displayLed.o
 .comment       0x0000007e       0x7f ./source/displayManager.o
 .comment       0x0000007e       0x7f ./source/displaySegment.o
 .comment       0x0000007e       0x7f ./source/door.o
 .comment       0x0000007e       0x7f ./source/encoder.o
 .comment       0x0000007e       0x7f ./source/encoderEvent.o
 .comment       0x0000007e       0x7f ./source/encoderHal.o
 .comment       0x0000007e       0x7f ./source/fsmState_IdIn.o
 .comment       0x0000007e       0x7f ./source/fsmState_Menu.o
 .comment       0x0000007e       0x7f ./source/fsmState_PinIn.o
 .comment       0x0000007e       0x7f ./source/gpio.o
 .comment       0x0000007e       0x7f ./source/timer.o
 .comment       0x0000007e       0x7f ./source/timerqueue.o
 .comment       0x0000007e       0x7f ./SDK/startup/hardware.o
 .comment       0x0000007e       0x7f ./SDK/startup/main.o
 .comment       0x0000007e       0x7f ./SDK/startup/semihost_hardfault.o
 .comment       0x0000007e       0x7f ./SDK/startup/startup_mk64f12.o
 .comment       0x0000007e       0x7f ./SDK/CMSIS/system_MK64F12.o
 .comment       0x0000007e       0x7f c:/nxp/mcuxpressoide_10.2.0_759/ide/tools/bin/../lib/gcc/arm-none-eabi/7.2.1/../../../../arm-none-eabi/lib/thumb/v7e-m/fpv4-sp/hard\libcr_c.a(memcpy.o)

.ARM.attributes
                0x00000000       0x37
 .ARM.attributes
                0x00000000       0x39 ./source/AdminID.o
 .ARM.attributes
                0x00000039       0x39 ./source/App.o
 .ARM.attributes
                0x00000072       0x39 ./source/CardReader.o
 .ARM.attributes
                0x000000ab       0x39 ./source/CardReaderDecoder.o
 .ARM.attributes
                0x000000e4       0x39 ./source/CardReaderHAL.o
 .ARM.attributes
                0x0000011d       0x39 ./source/EventQueue.o
 .ARM.attributes
                0x00000156       0x39 ./source/FSM.o
 .ARM.attributes
                0x0000018f       0x39 ./source/SysTick.o
 .ARM.attributes
                0x000001c8       0x39 ./source/displayLed.o
 .ARM.attributes
                0x00000201       0x39 ./source/displayManager.o
 .ARM.attributes
                0x0000023a       0x39 ./source/displaySegment.o
 .ARM.attributes
                0x00000273       0x39 ./source/door.o
 .ARM.attributes
                0x000002ac       0x39 ./source/encoder.o
 .ARM.attributes
                0x000002e5       0x39 ./source/encoderEvent.o
 .ARM.attributes
                0x0000031e       0x39 ./source/encoderHal.o
 .ARM.attributes
                0x00000357       0x39 ./source/fsmState_IdIn.o
 .ARM.attributes
                0x00000390       0x39 ./source/fsmState_Menu.o
 .ARM.attributes
                0x000003c9       0x39 ./source/fsmState_PinIn.o
 .ARM.attributes
                0x00000402       0x39 ./source/gpio.o
 .ARM.attributes
                0x0000043b       0x39 ./source/timer.o
 .ARM.attributes
                0x00000474       0x39 ./source/timerqueue.o
 .ARM.attributes
                0x000004ad       0x39 ./SDK/startup/hardware.o
 .ARM.attributes
                0x000004e6       0x39 ./SDK/startup/main.o
 .ARM.attributes
                0x0000051f       0x39 ./SDK/startup/semihost_hardfault.o
 .ARM.attributes
                0x00000558       0x39 ./SDK/startup/startup_mk64f12.o
 .ARM.attributes
                0x00000591       0x39 ./SDK/CMSIS/system_MK64F12.o
 .ARM.attributes
                0x000005ca       0x39 c:/nxp/mcuxpressoide_10.2.0_759/ide/tools/bin/../lib/gcc/arm-none-eabi/7.2.1/../../../../arm-none-eabi/lib/thumb/v7e-m/fpv4-sp/hard\libcr_c.a(memcpy.o)
 .ARM.attributes
                0x00000603       0x25 c:/nxp/mcuxpressoide_10.2.0_759/ide/tools/bin/../lib/gcc/arm-none-eabi/7.2.1/thumb/v7e-m/fpv4-sp/hard\libcr_eabihelpers.a(memcpy.o)

.debug_frame    0x00000000     0x1d50
 .debug_frame   0x00000000      0x178 ./source/AdminID.o
 .debug_frame   0x00000178       0x78 ./source/App.o
 .debug_frame   0x000001f0       0x6c ./source/CardReader.o
 .debug_frame   0x0000025c       0xd4 ./source/CardReaderDecoder.o
 .debug_frame   0x00000330       0xcc ./source/CardReaderHAL.o
 .debug_frame   0x000003fc       0x64 ./source/EventQueue.o
 .debug_frame   0x00000460       0x34 ./source/FSM.o
 .debug_frame   0x00000494       0x64 ./source/SysTick.o
 .debug_frame   0x000004f8      0x18c ./source/displayLed.o
 .debug_frame   0x00000684      0x150 ./source/displayManager.o
 .debug_frame   0x000007d4       0xbc ./source/displaySegment.o
 .debug_frame   0x00000890       0xb8 ./source/door.o
 .debug_frame   0x00000948      0x10c ./source/encoder.o
 .debug_frame   0x00000a54       0xd4 ./source/encoderEvent.o
 .debug_frame   0x00000b28       0xd8 ./source/encoderHal.o
 .debug_frame   0x00000c00       0xb0 ./source/fsmState_IdIn.o
 .debug_frame   0x00000cb0       0x88 ./source/fsmState_Menu.o
 .debug_frame   0x00000d38       0xb0 ./source/fsmState_PinIn.o
 .debug_frame   0x00000de8      0x378 ./source/gpio.o
 .debug_frame   0x00001160      0x11c ./source/timer.o
 .debug_frame   0x0000127c       0xa0 ./source/timerqueue.o
 .debug_frame   0x0000131c       0x70 ./SDK/startup/hardware.o
 .debug_frame   0x0000138c       0x2c ./SDK/startup/main.o
 .debug_frame   0x000013b8       0x20 ./SDK/startup/semihost_hardfault.o
 .debug_frame   0x000013d8      0x904 ./SDK/startup/startup_mk64f12.o
 .debug_frame   0x00001cdc       0x74 ./SDK/CMSIS/system_MK64F12.o
