Archive member included to satisfy reference by file (symbol)

c:/nxp/mcuxpressoide_10.2.0_759/ide/tools/bin/../lib/gcc/arm-none-eabi/7.2.1/../../../../arm-none-eabi/lib/thumb/v7e-m/fpv4-sp/hard\libcr_c.a(memcpy.o)
                              ./source/CardReader.o (memcpy)
c:/nxp/mcuxpressoide_10.2.0_759/ide/tools/bin/../lib/gcc/arm-none-eabi/7.2.1/../../../../arm-none-eabi/lib/thumb/v7e-m/fpv4-sp/hard\libcr_c.a(fpprintf.o)
                              ./source/FSM_actions.o (printf)
c:/nxp/mcuxpressoide_10.2.0_759/ide/tools/bin/../lib/gcc/arm-none-eabi/7.2.1/../../../../arm-none-eabi/lib/thumb/v7e-m/fpv4-sp/hard\libcr_c.a(printf.o)
                              c:/nxp/mcuxpressoide_10.2.0_759/ide/tools/bin/../lib/gcc/arm-none-eabi/7.2.1/../../../../arm-none-eabi/lib/thumb/v7e-m/fpv4-sp/hard\libcr_c.a(fpprintf.o) (__vfprintf)
c:/nxp/mcuxpressoide_10.2.0_759/ide/tools/bin/../lib/gcc/arm-none-eabi/7.2.1/../../../../arm-none-eabi/lib/thumb/v7e-m/fpv4-sp/hard\libcr_c.a(strlen.o)
                              c:/nxp/mcuxpressoide_10.2.0_759/ide/tools/bin/../lib/gcc/arm-none-eabi/7.2.1/../../../../arm-none-eabi/lib/thumb/v7e-m/fpv4-sp/hard\libcr_c.a(printf.o) (strlen)
c:/nxp/mcuxpressoide_10.2.0_759/ide/tools/bin/../lib/gcc/arm-none-eabi/7.2.1/../../../../arm-none-eabi/lib/thumb/v7e-m/fpv4-sp/hard\libcr_c.a(memset.o)
                              c:/nxp/mcuxpressoide_10.2.0_759/ide/tools/bin/../lib/gcc/arm-none-eabi/7.2.1/../../../../arm-none-eabi/lib/thumb/v7e-m/fpv4-sp/hard\libcr_c.a(fpprintf.o) (memset)
c:/nxp/mcuxpressoide_10.2.0_759/ide/tools/bin/../lib/gcc/arm-none-eabi/7.2.1/../../../../arm-none-eabi/lib/thumb/v7e-m/fpv4-sp/hard\libcr_c.a(_deferredlazyseek.o)
                              c:/nxp/mcuxpressoide_10.2.0_759/ide/tools/bin/../lib/gcc/arm-none-eabi/7.2.1/../../../../arm-none-eabi/lib/thumb/v7e-m/fpv4-sp/hard\libcr_c.a(fpprintf.o) (__flsbuf)
c:/nxp/mcuxpressoide_10.2.0_759/ide/tools/bin/../lib/gcc/arm-none-eabi/7.2.1/../../../../arm-none-eabi/lib/thumb/v7e-m/fpv4-sp/hard\libcr_c.a(_fflush.o)
                              c:/nxp/mcuxpressoide_10.2.0_759/ide/tools/bin/../lib/gcc/arm-none-eabi/7.2.1/../../../../arm-none-eabi/lib/thumb/v7e-m/fpv4-sp/hard\libcr_c.a(_deferredlazyseek.o) (_fflush)
c:/nxp/mcuxpressoide_10.2.0_759/ide/tools/bin/../lib/gcc/arm-none-eabi/7.2.1/../../../../arm-none-eabi/lib/thumb/v7e-m/fpv4-sp/hard\libcr_c.a(_frexpl.o)
                              c:/nxp/mcuxpressoide_10.2.0_759/ide/tools/bin/../lib/gcc/arm-none-eabi/7.2.1/../../../../arm-none-eabi/lib/thumb/v7e-m/fpv4-sp/hard\libcr_c.a(fpprintf.o) (_frexpl)
c:/nxp/mcuxpressoide_10.2.0_759/ide/tools/bin/../lib/gcc/arm-none-eabi/7.2.1/../../../../arm-none-eabi/lib/thumb/v7e-m/fpv4-sp/hard\libcr_c.a(_ldexpl.o)
                              c:/nxp/mcuxpressoide_10.2.0_759/ide/tools/bin/../lib/gcc/arm-none-eabi/7.2.1/../../../../arm-none-eabi/lib/thumb/v7e-m/fpv4-sp/hard\libcr_c.a(fpprintf.o) (_ldexpl)
c:/nxp/mcuxpressoide_10.2.0_759/ide/tools/bin/../lib/gcc/arm-none-eabi/7.2.1/../../../../arm-none-eabi/lib/thumb/v7e-m/fpv4-sp/hard\libcr_c.a(_writebuf.o)
                              c:/nxp/mcuxpressoide_10.2.0_759/ide/tools/bin/../lib/gcc/arm-none-eabi/7.2.1/../../../../arm-none-eabi/lib/thumb/v7e-m/fpv4-sp/hard\libcr_c.a(_deferredlazyseek.o) (_Cwritebuf)
c:/nxp/mcuxpressoide_10.2.0_759/ide/tools/bin/../lib/gcc/arm-none-eabi/7.2.1/../../../../arm-none-eabi/lib/thumb/v7e-m/fpv4-sp/hard\libcr_c.a(alloc.o)
                              c:/nxp/mcuxpressoide_10.2.0_759/ide/tools/bin/../lib/gcc/arm-none-eabi/7.2.1/../../../../arm-none-eabi/lib/thumb/v7e-m/fpv4-sp/hard\libcr_c.a(fpprintf.o) (malloc)
c:/nxp/mcuxpressoide_10.2.0_759/ide/tools/bin/../lib/gcc/arm-none-eabi/7.2.1/../../../../arm-none-eabi/lib/thumb/v7e-m/fpv4-sp/hard\libcr_c.a(errno.o)
                              c:/nxp/mcuxpressoide_10.2.0_759/ide/tools/bin/../lib/gcc/arm-none-eabi/7.2.1/../../../../arm-none-eabi/lib/thumb/v7e-m/fpv4-sp/hard\libcr_c.a(_ldexpl.o) (errno)
c:/nxp/mcuxpressoide_10.2.0_759/ide/tools/bin/../lib/gcc/arm-none-eabi/7.2.1/../../../../arm-none-eabi/lib/thumb/v7e-m/fpv4-sp/hard\libcr_c.a(fseek.o)
                              c:/nxp/mcuxpressoide_10.2.0_759/ide/tools/bin/../lib/gcc/arm-none-eabi/7.2.1/../../../../arm-none-eabi/lib/thumb/v7e-m/fpv4-sp/hard\libcr_c.a(_deferredlazyseek.o) (fseek)
c:/nxp/mcuxpressoide_10.2.0_759/ide/tools/bin/../lib/gcc/arm-none-eabi/7.2.1/../../../../arm-none-eabi/lib/thumb/v7e-m/fpv4-sp/hard\libcr_c.a(ftell.o)
                              c:/nxp/mcuxpressoide_10.2.0_759/ide/tools/bin/../lib/gcc/arm-none-eabi/7.2.1/../../../../arm-none-eabi/lib/thumb/v7e-m/fpv4-sp/hard\libcr_c.a(fseek.o) (ftell)
c:/nxp/mcuxpressoide_10.2.0_759/ide/tools/bin/../lib/gcc/arm-none-eabi/7.2.1/../../../../arm-none-eabi/lib/thumb/v7e-m/fpv4-sp/hard\libcr_c.a(__init_alloc.o)
[...]
Memory Configuration

Name             Origin             Length             Attributes
PROGRAM_FLASH    0x00000000         0x00100000         xr
SRAM_UPPER       0x20000000         0x00030000         xrw
SRAM_LOWER       0x1fff0000         0x00010000         xrw
FLEX_RAM         0x14000000         0x00001000         xrw
*default*        0x00000000         0xffffffff

Linker script and memory map

LOAD ./source/AdminID.o
LOAD ./source/App.o
LOAD ./source/CardReader.o
LOAD ./source/CardReaderDecoder.o
LOAD ./source/CardReaderHAL.o
LOAD ./source/EncoderHandler.o
LOAD ./source/EventQueue.o
LOAD ./source/FSM.o
LOAD ./source/FSMTABLE.o
LOAD ./source/FSM_actions.o
LOAD ./source/SysTick.o
LOAD ./source/boardLed.o
LOAD ./source/displayLed.o
LOAD ./source/displayManager.o
LOAD ./source/displaySegment.o
LOAD ./source/door.o
LOAD ./source/encoder.o
LOAD ./source/encoderEvent.o
LOAD ./source/encoderHal.o
LOAD ./source/fsmState_Menu.o
LOAD ./source/gpio.o
LOAD ./source/timer.o
LOAD ./source/timerqueue.o
LOAD ./SDK/startup/hardware.o
LOAD ./SDK/startup/main.o
LOAD ./SDK/startup/semihost_hardfault.o
LOAD ./SDK/startup/startup_mk64f12.o
LOAD ./SDK/CMSIS/system_MK64F12.o
START GROUP
LOAD c:/nxp/mcuxpressoide_10.2.0_759/ide/tools/bin/../lib/gcc/arm-none-eabi/7.2.1/../../../../arm-none-eabi/lib/thumb/v7e-m/fpv4-sp/hard\libcr_c.a
LOAD c:/nxp/mcuxpressoide_10.2.0_759/ide/tools/bin/../lib/gcc/arm-none-eabi/7.2.1/thumb/v7e-m/fpv4-sp/hard\libcr_eabihelpers.a
END GROUP
                0x00000000                __base_PROGRAM_FLASH = 0x0
                0x00000000                __base_Flash = 0x0
                0x00100000                __top_PROGRAM_FLASH = 0x100000
                0x00100000                __top_Flash = 0x100000
                0x20000000                __base_SRAM_UPPER = 0x20000000
                0x20000000                __base_RAM = 0x20000000
                0x20030000                __top_SRAM_UPPER = 0x20030000
                0x20030000                __top_RAM = 0x20030000
                0x1fff0000                __base_SRAM_LOWER = 0x1fff0000
                0x1fff0000                __base_RAM2 = 0x1fff0000
                0x20000000                __top_SRAM_LOWER = 0x20000000
                0x20000000                __top_RAM2 = 0x20000000
                0x14000000                __base_FLEX_RAM = 0x14000000
                0x14000000                __base_RAM3 = 0x14000000
                0x14001000                __top_FLEX_RAM = 0x14001000
                0x14001000                __top_RAM3 = 0x14001000

.text           0x00000000     0x2ce8
 FILL mask 0xff
                0x00000000                __vectors_start__ = ABSOLUTE (.)
 *(SORT_BY_ALIGNMENT(.isr_vector))
 .isr_vector    0x00000000      0x198 ./SDK/startup/startup_mk64f12.o
                0x00000000                g_pfnVectors
                0x00000000                __Vectors
                0x00000198                . = ALIGN (0x4)
                0x00000198                __section_table_start = .
                0x00000198                __data_section_table = .
                0x00000198        0x4 LONG 0x2ce8 LOADADDR (.data)
                0x0000019c        0x4 LONG 0x20000000 ADDR (.data)
                0x000001a0        0x4 LONG 0x10 SIZEOF (.data)
                0x000001a4        0x4 LONG 0x2ce8 LOADADDR (.data_RAM2)
                0x000001a8        0x4 LONG 0x1fff0000 ADDR (.data_RAM2)
                0x000001ac        0x4 LONG 0x0 SIZEOF (.data_RAM2)
                0x000001b0        0x4 LONG 0x2ce8 LOADADDR (.data_RAM3)
                0x000001b4        0x4 LONG 0x14000000 ADDR (.data_RAM3)
                0x000001b8        0x4 LONG 0x0 SIZEOF (.data_RAM3)
                0x000001bc                __data_section_table_end = .
                0x000001bc                __bss_section_table = .
                0x000001bc        0x4 LONG 0x20000010 ADDR (.bss)
                0x000001c0        0x4 LONG 0xde8 SIZEOF (.bss)
                0x000001c4        0x4 LONG 0x1fff0000 ADDR (.bss_RAM2)
                0x000001c8        0x4 LONG 0x0 SIZEOF (.bss_RAM2)
                0x000001cc        0x4 LONG 0x14000000 ADDR (.bss_RAM3)
                0x000001d0        0x4 LONG 0x0 SIZEOF (.bss_RAM3)
                0x000001d4                __bss_section_table_end = .
                0x000001d4                __section_table_end = .
 *(SORT_BY_ALIGNMENT(.after_vectors*))
 .after_vectors.reset
                0x000001d4       0x4c ./SDK/startup/startup_mk64f12.o
                0x000001d4                ResetISR
 .after_vectors.init_data
                0x00000220       0x1e ./SDK/startup/startup_mk64f12.o
                0x00000220                data_init
 .after_vectors.init_bss
                0x0000023e       0x12 ./SDK/startup/startup_mk64f12.o
                0x0000023e                bss_init
 .after_vectors
                0x00000250       0x14 ./SDK/startup/startup_mk64f12.o
                0x00000250                NMI_Handler
                0x00000254                MemManage_Handler
                0x00000256                BusFault_Handler
                0x00000258                UsageFault_Handler
                0x0000025a                SVC_Handler
                0x0000025c                DebugMon_Handler
                0x0000025e                PendSV_Handler
                0x00000262                DMA_Error_DriverIRQHandler
                0x00000262                LPTMR0_DriverIRQHandler
                0x00000262                FTM1_DriverIRQHandler
                0x00000262                FTM2_DriverIRQHandler
                0x00000262                PIT2_DriverIRQHandler
                0x00000262                SDHC_DriverIRQHandler
                0x00000262                I2S0_Tx_DriverIRQHandler
                0x00000262                RTC_Seconds_DriverIRQHandler
                0x00000262                DMA6_DriverIRQHandler
                0x00000262                LLWU_DriverIRQHandler
                0x00000262                MCM_DriverIRQHandler
                0x00000262                MCG_DriverIRQHandler
                0x00000262                ENET_1588_Timer_DriverIRQHandler
                0x00000262                I2C2_DriverIRQHandler
                0x00000262                DAC1_DriverIRQHandler
                0x00000262                SPI1_DriverIRQHandler
                0x00000262                CMP1_DriverIRQHandler
                0x00000262                UART5_RX_TX_DriverIRQHandler
                0x00000262                FTM0_DriverIRQHandler
                0x00000262                IntDefaultHandler
                0x00000262                USB0_DriverIRQHandler
                0x00000262                UART5_ERR_DriverIRQHandler
                0x00000262                PORTC_DriverIRQHandler
                0x00000262                DMA11_DriverIRQHandler
                0x00000262                DAC0_DriverIRQHandler
                0x00000262                DMA10_DriverIRQHandler
                0x00000262                CMP2_DriverIRQHandler
                0x00000262                UART2_ERR_DriverIRQHandler
                0x00000262                SPI2_DriverIRQHandler
                0x00000262                LVD_LVW_DriverIRQHandler
                0x00000262                PIT0_DriverIRQHandler
                0x00000262                RNG_DriverIRQHandler
                0x00000262                DMA5_DriverIRQHandler
                0x00000262                DMA12_DriverIRQHandler
                0x00000262                UART2_RX_TX_DriverIRQHandler
                0x00000262                USBDCD_DriverIRQHandler
                0x00000262                UART3_ERR_DriverIRQHandler
                0x00000262                DMA3_DriverIRQHandler
                0x00000262                DMA8_DriverIRQHandler
                0x00000262                DMA9_DriverIRQHandler
                0x00000262                UART0_ERR_DriverIRQHandler
                0x00000262                CMT_DriverIRQHandler
                0x00000262                Reserved71_DriverIRQHandler
                0x00000262                ADC1_DriverIRQHandler
                0x00000262                PORTA_DriverIRQHandler
                0x00000262                DMA14_DriverIRQHandler
                0x00000262                PIT3_DriverIRQHandler
                0x00000262                PIT1_DriverIRQHandler
                0x00000262                WDOG_EWM_DriverIRQHandler
                0x00000262                PDB0_DriverIRQHandler
                0x00000262                RTC_DriverIRQHandler
                0x00000262                I2S0_Rx_DriverIRQHandler
                0x00000262                Read_Collision_DriverIRQHandler
                0x00000262                SWI_DriverIRQHandler
                0x00000262                UART4_RX_TX_DriverIRQHandler
                0x00000262                UART4_ERR_DriverIRQHandler
                0x00000262                PORTB_DriverIRQHandler
                0x00000262                UART0_LON_DriverIRQHandler
                0x00000262                DMA0_DriverIRQHandler
                0x00000262                DMA1_DriverIRQHandler
                0x00000262                I2C1_DriverIRQHandler
                0x00000262                UART3_RX_TX_DriverIRQHandler
                0x00000262                ENET_Receive_DriverIRQHandler
                0x00000262                DMA13_DriverIRQHandler
                0x00000262                ENET_Error_DriverIRQHandler
                0x00000262                DMA15_DriverIRQHandler
                0x00000262                UART0_RX_TX_DriverIRQHandler
                0x00000262                SPI0_DriverIRQHandler
                0x00000262                ADC0_DriverIRQHandler
                0x00000262                CMP0_DriverIRQHandler
                0x00000262                CAN0_DriverIRQHandler
                0x00000262                FTM3_DriverIRQHandler
                0x00000262                DMA4_DriverIRQHandler
                0x00000262                UART1_ERR_DriverIRQHandler
                0x00000262                DMA2_DriverIRQHandler
                0x00000262                ENET_Transmit_DriverIRQHandler
                0x00000262                PORTD_DriverIRQHandler
                0x00000262                PORTE_DriverIRQHandler
                0x00000262                FTFE_DriverIRQHandler
                0x00000262                I2C0_DriverIRQHandler
                0x00000262                DMA7_DriverIRQHandler
                0x00000262                UART1_RX_TX_DriverIRQHandler
                0x00000400                . = 0x400
 *fill*         0x00000264      0x19c ff
                0x00000400                PROVIDE (__FLASH_CONFIG_START__, .)
 *(SORT_BY_ALIGNMENT(.FlashConfig))
 .FlashConfig   0x00000400       0x10 ./SDK/startup/startup_mk64f12.o
                0x00000400                Flash_Config
                0x00000410                PROVIDE (__FLASH_CONFIG_END__, .)
                0x00000001                ASSERT (! ((__FLASH_CONFIG_START__ == __FLASH_CONFIG_END__)), Linker Flash Config Support Enabled, but no .FlashConfig section provided within application)
 *(SORT_BY_ALIGNMENT(.text*))
 .text.initDataBase
                0x00000410       0x68 ./source/AdminID.o
                0x00000410                initDataBase
 .text.agregoUsuario
                0x00000478       0x74 ./source/AdminID.o
                0x00000478                agregoUsuario
 .text.buscoID  0x000004ec       0x88 ./source/AdminID.o
                0x000004ec                buscoID
 .text.verificoCategory
                0x00000574       0x34 ./source/AdminID.o
                0x00000574                verificoCategory
 .text.App_Init
                0x000005a8       0x54 ./source/App.o
                0x000005a8                App_Init
 .text.App_Run  0x000005fc       0xe4 ./source/App.o
                0x000005fc                App_Run
 .text.dataParser
                0x000006e0       0x68 ./source/CardReaderDecoder.o
                0x000006e0                dataParser
 .text.CardReaderHW_Init
                0x00000748       0x50 ./source/CardReaderHAL.o
                0x00000748                CardReaderHW_Init
 .text.clockfun
                0x00000798       0x50 ./source/CardReaderHAL.o
                0x00000798                clockfun
 .text.enablefun
                0x000007e8       0x84 ./source/CardReaderHAL.o
                0x000007e8                enablefun
 .text.Queue_Init
                0x0000086c       0x20 ./source/CardReaderHAL.o
                0x0000086c                Queue_Init
 .text.get_buffer
                0x0000088c       0x68 ./source/CardReaderHAL.o
                0x0000088c                get_buffer
 .text.queue_not_empty
                0x000008f4       0x30 ./source/CardReaderHAL.o
                0x000008f4                queue_not_empty
 .text.fsmInit  0x00000924       0x40 ./source/FSM.o
                0x00000924                fsmInit
 .text.SysTick_Init
                0x00000964       0x40 ./source/SysTick.o
                0x00000964                SysTick_Init
 .text.SysTick_Handler
                0x000009a4       0x24 ./source/SysTick.o
                0x000009a4                SysTick_Handler
 .text.InitDisplayLeds
                0x000009c8       0x34 ./source/displayLed.o
                0x000009c8                InitDisplayLeds
 .text.ResetDisplayLeds
                0x000009fc       0x6c ./source/displayLed.o
                0x000009fc                ResetDisplayLeds
 .text.SetDisplayBrightness
                0x00000a68       0x30 ./source/displayLed.o
                0x00000a68                SetDisplayBrightness
 .text.showDisplayLeds
                0x00000a98       0x54 ./source/displayLed.o
                0x00000a98                showDisplayLeds
 .text.brightnessHandle
                0x00000aec       0x5c ./source/displayLed.o
                0x00000aec                brightnessHandle
 .text.blinkHandle
                0x00000b48       0xa8 ./source/displayLed.o
                0x00000b48                blinkHandle
 .text.InitDisplay
                0x00000bf0       0x78 ./source/displayManager.o
                0x00000bf0                InitDisplay
 .text.ClearDisplay
                0x00000c68       0x3c ./source/displayManager.o
                0x00000c68                ClearDisplay
 .text.PrintMessage
                0x00000ca4       0x94 ./source/displayManager.o
                0x00000ca4                PrintMessage
 .text.SetBrightness
                0x00000d38       0x38 ./source/displayManager.o
                0x00000d38                SetBrightness
 .text.UpdateDisplay
                0x00000d70       0xd0 ./source/displayManager.o
                0x00000d70                UpdateDisplay
 .text.ShiftLeft
                0x00000e40       0x1c ./source/displayManager.o
                0x00000e40                ShiftLeft
 .text.ledDisplayCallback
                0x00000e5c       0x38 ./source/displayManager.o
                0x00000e5c                ledDisplayCallback
 .text.InitSegmentDisplay
                0x00000e94       0x70 ./source/displaySegment.o
                0x00000e94                InitSegmentDisplay
 .text.PrintChar
                0x00000f04       0x98 ./source/displaySegment.o
                0x00000f04                PrintChar
 .text.initEncoder
                0x00000f9c       0x78 ./source/encoder.o
                0x00000f9c                initEncoder
 .text.pullEncoderEvent
                0x00001014       0x6c ./source/encoder.o
                0x00001014                pullEncoderEvent
 .text.pushEncoderEvent
                0x00001080       0x5c ./source/encoder.o
                0x00001080                pushEncoderEvent
 .text.isEncoderEventValid
                0x000010dc       0x2c ./source/encoder.o
                0x000010dc                isEncoderEventValid
 .text.initEncoderQueue
                0x00001108       0x20 ./source/encoder.o
                0x00001108                initEncoderQueue
 .text.updateData
                0x00001128       0x3c ./source/encoderEvent.o
                0x00001128                updateData
 .text.encoderRot
                0x00001164       0x50 ./source/encoderEvent.o
                0x00001164                encoderRot
 .text.checkRisingEdge
                0x000011b4       0x38 ./source/encoderEvent.o
                0x000011b4                checkRisingEdge
 .text.checkFallingEdge
                0x000011ec       0x38 ./source/encoderEvent.o
                0x000011ec                checkFallingEdge
 .text.initEncoderHal
                0x00001224       0x68 ./source/encoderHal.o
                0x00001224                initEncoderHal
 .text.resetEncoderTimerCount
                0x0000128c       0x18 ./source/encoderHal.o
                0x0000128c                resetEncoderTimerCount
 .text.getEncoderTimerCount
                0x000012a4       0x18 ./source/encoderHal.o
                0x000012a4                getEncoderTimerCount
 .text.encoderTimerRoutine
                0x000012bc       0x2c ./source/encoderHal.o
                0x000012bc                encoderTimerRoutine
 .text.MenuRoutine_Input
                0x000012e8      0x104 ./source/fsmState_Menu.o
                0x000012e8                MenuRoutine_Input
 .text.MenuRoutine_Card
                0x000013ec       0xd0 ./source/fsmState_Menu.o
                0x000013ec                MenuRoutine_Card
 .text.__NVIC_EnableIRQ
                0x000014bc       0x3c ./source/gpio.o
 .text.gpioMode
                0x000014f8      0x104 ./source/gpio.o
                0x000014f8                gpioMode
 .text.gpioRead
                0x000015fc       0x68 ./source/gpio.o
                0x000015fc                gpioRead
 .text.gpioWrite
                0x00001664       0x80 ./source/gpio.o
                0x00001664                gpioWrite
 .text.gpioIRQ  0x000016e4       0xc0 ./source/gpio.o
                0x000016e4                gpioIRQ
 .text.IRQHandler
                0x000017a4       0xbc ./source/gpio.o
                0x000017a4                IRQHandler
 .text.timerInit
                0x00001860       0x78 ./source/timer.o
                0x00001860                timerInit
 .text.timerStart
                0x000018d8       0x8c ./source/timer.o
                0x000018d8                timerStart
 .text.timerRestart
                0x00001964       0x28 ./source/timer.o
                0x00001964                timerRestart
 .text.timerEnable
                0x0000198c       0x2c ./source/timer.o
                0x0000198c                timerEnable
 .text.timerDisable
                0x000019b8       0x2c ./source/timer.o
                0x000019b8                timerDisable
 .text.timer_isr
                0x000019e4       0x70 ./source/timer.o
 .text.pushTimerEvent
                0x00001a54       0x4c ./source/timerqueue.o
                0x00001a54                pushTimerEvent
 .text.popTimerEvent
                0x00001aa0       0x24 ./source/timerqueue.o
                0x00001aa0                popTimerEvent
 .text.timerqueueEmpty
                0x00001ac4       0x2c ./source/timerqueue.o
                0x00001ac4                timerqueueEmpty
 .text.hw_Init  0x00001af0      0x10c ./SDK/startup/hardware.o
                0x00001af0                hw_Init
 .text.hw_EnableInterrupts
                0x00001bfc       0x30 ./SDK/startup/hardware.o
                0x00001bfc                hw_EnableInterrupts
 .text.hw_DisableInterrupts
                0x00001c2c       0x20 ./SDK/startup/hardware.o
                0x00001c2c                hw_DisableInterrupts
 .text.SystemInit
                0x00001c4c       0x3c ./SDK/CMSIS/system_MK64F12.o
                0x00001c4c                SystemInit
 .text.verificoID
                0x00001c88       0x2e ./source/AdminID.o
                0x00001c88                verificoID
 .text.inactivity_callback
                0x00001cb6        0xe ./source/App.o
                0x00001cb6                inactivity_callback
 .text.Cardreader_Init
                0x00001cc4        0xc ./source/CardReader.o
                0x00001cc4                Cardreader_Init
 .text.lecture_ready
                0x00001cd0        0xe ./source/CardReader.o
                0x00001cd0                lecture_ready
 .text.get_decoded
                0x00001cde       0x54 ./source/CardReader.o
                0x00001cde                get_decoded
 .text.getShapedTrack
                0x00001d32      0x122 ./source/CardReaderDecoder.o
                0x00001d32                getShapedTrack
 .text.identifySymbol
                0x00001e54       0xa8 ./source/CardReaderDecoder.o
                0x00001e54                identifySymbol
 .text.shapeTrack
                0x00001efc       0x4a ./source/CardReaderDecoder.o
                0x00001efc                shapeTrack
 .text.decodeTrack
                0x00001f46      0x2ae ./source/CardReaderDecoder.o
                0x00001f46                decodeTrack
 .text.getEvent
                0x000021f4       0x8a ./source/EventQueue.o
                0x000021f4                getEvent
 .text.userDataReset
                0x0000227e       0x8e ./source/EventQueue.o
                0x0000227e                userDataReset
 .text.setDisplayLedPos
                0x0000230c       0x62 ./source/displayLed.o
                0x0000230c                setDisplayLedPos
 .text.GetStringSize
                0x0000236e       0x32 ./source/displayManager.o
                0x0000236e                GetStringSize
 .text.setDigit
                0x000023a0       0xd6 ./source/displaySegment.o
                0x000023a0                setDigit
 .text.setDisplayPos
                0x00002476       0x48 ./source/displaySegment.o
                0x00002476                setDisplayPos
 .text.doorInit
                0x000024be       0x18 ./source/door.o
                0x000024be                doorInit
 .text.closeDoor
                0x000024d6       0x10 ./source/door.o
                0x000024d6                closeDoor
 .text.rotationCallback
                0x000024e6       0x6e ./source/encoder.o
                0x000024e6                rotationCallback
 .text.buttonCallback
                0x00002554       0x64 ./source/encoder.o
                0x00002554                buttonCallback
 .text.resetData
                0x000025b8       0x30 ./source/encoderEvent.o
                0x000025b8                resetData
 .text.setButtonCallback
                0x000025e8       0x1a ./source/encoderHal.o
                0x000025e8                setButtonCallback
 .text.readEncoder
                0x00002602       0x48 ./source/encoderHal.o
                0x00002602                readEncoder
 .text.MenuRoutine_Timer
                0x0000264a       0x30 ./source/fsmState_Menu.o
                0x0000264a                MenuRoutine_Timer
 .text.setGPIOdataOut
                0x0000267a       0x4a ./source/gpio.o
                0x0000267a                setGPIOdataOut
 .text.validPin
                0x000026c4       0x26 ./source/gpio.o
                0x000026c4                validPin
 .text.setPCRmux
                0x000026ea       0x46 ./source/gpio.o
                0x000026ea                setPCRmux
 .text.setPCRpullEnable
                0x00002730       0x30 ./source/gpio.o
                0x00002730                setPCRpullEnable
 .text.setPCRpullUp
                0x00002760       0x30 ./source/gpio.o
                0x00002760                setPCRpullUp
 .text.setPCRpullDown
                0x00002790       0x32 ./source/gpio.o
                0x00002790                setPCRpullDown
 .text.setGPIOddr
                0x000027c2       0x30 ./source/gpio.o
                0x000027c2                setGPIOddr
 .text.setPCRirqc
                0x000027f2       0x46 ./source/gpio.o
                0x000027f2                setPCRirqc
 .text.PORTA_IRQHandler
                0x00002838       0x1e ./source/gpio.o
                0x00002838                PORTA_IRQHandler
 .text.PORTB_IRQHandler
                0x00002856       0x1e ./source/gpio.o
                0x00002856                PORTB_IRQHandler
 .text.PORTC_IRQHandler
                0x00002874       0x1e ./source/gpio.o
                0x00002874                PORTC_IRQHandler
 .text.PORTD_IRQHandler
                0x00002892       0x1e ./source/gpio.o
                0x00002892                PORTD_IRQHandler
 .text.PORTE_IRQHandler
                0x000028b0       0x1e ./source/gpio.o
                0x000028b0                PORTE_IRQHandler
 .text.main     0x000028ce       0x1a ./SDK/startup/main.o
                0x000028ce                main
 .text.HardFault_Handler
                0x000028e8       0x2c ./SDK/startup/semihost_hardfault.o
                0x000028e8                HardFault_Handler
 .text.DMA0_IRQHandler
                0x00002914        0x8 ./SDK/startup/startup_mk64f12.o
                0x00002914                DMA0_IRQHandler
 .text.DMA1_IRQHandler
                0x0000291c        0x8 ./SDK/startup/startup_mk64f12.o
                0x0000291c                DMA1_IRQHandler
 .text.DMA2_IRQHandler
                0x00002924        0x8 ./SDK/startup/startup_mk64f12.o
                0x00002924                DMA2_IRQHandler
 .text.DMA3_IRQHandler
                0x0000292c        0x8 ./SDK/startup/startup_mk64f12.o
                0x0000292c                DMA3_IRQHandler
 .text.DMA4_IRQHandler
                0x00002934        0x8 ./SDK/startup/startup_mk64f12.o
                0x00002934                DMA4_IRQHandler
 .text.DMA5_IRQHandler
                0x0000293c        0x8 ./SDK/startup/startup_mk64f12.o
                0x0000293c                DMA5_IRQHandler
 .text.DMA6_IRQHandler
                0x00002944        0x8 ./SDK/startup/startup_mk64f12.o
                0x00002944                DMA6_IRQHandler
 .text.DMA7_IRQHandler
                0x0000294c        0x8 ./SDK/startup/startup_mk64f12.o
                0x0000294c                DMA7_IRQHandler
 .text.DMA8_IRQHandler
                0x00002954        0x8 ./SDK/startup/startup_mk64f12.o
                0x00002954                DMA8_IRQHandler
 .text.DMA9_IRQHandler
                0x0000295c        0x8 ./SDK/startup/startup_mk64f12.o
                0x0000295c                DMA9_IRQHandler
 .text.DMA10_IRQHandler
                0x00002964        0x8 ./SDK/startup/startup_mk64f12.o
                0x00002964                DMA10_IRQHandler
 .text.DMA11_IRQHandler
                0x0000296c        0x8 ./SDK/startup/startup_mk64f12.o
                0x0000296c                DMA11_IRQHandler
 .text.DMA12_IRQHandler
                0x00002974        0x8 ./SDK/startup/startup_mk64f12.o
                0x00002974                DMA12_IRQHandler
 .text.DMA13_IRQHandler
                0x0000297c        0x8 ./SDK/startup/startup_mk64f12.o
                0x0000297c                DMA13_IRQHandler
 .text.DMA14_IRQHandler
                0x00002984        0x8 ./SDK/startup/startup_mk64f12.o
                0x00002984                DMA14_IRQHandler
 .text.DMA15_IRQHandler
                0x0000298c        0x8 ./SDK/startup/startup_mk64f12.o
                0x0000298c                DMA15_IRQHandler
 .text.DMA_Error_IRQHandler
                0x00002994        0x8 ./SDK/startup/startup_mk64f12.o
                0x00002994                DMA_Error_IRQHandler
 .text.MCM_IRQHandler
                0x0000299c        0x8 ./SDK/startup/startup_mk64f12.o
                0x0000299c                MCM_IRQHandler
 .text.FTFE_IRQHandler
                0x000029a4        0x8 ./SDK/startup/startup_mk64f12.o
                0x000029a4                FTFE_IRQHandler
 .text.Read_Collision_IRQHandler
                0x000029ac        0x8 ./SDK/startup/startup_mk64f12.o
                0x000029ac                Read_Collision_IRQHandler
 .text.LVD_LVW_IRQHandler
                0x000029b4        0x8 ./SDK/startup/startup_mk64f12.o
                0x000029b4                LVD_LVW_IRQHandler
 .text.LLWU_IRQHandler
                0x000029bc        0x8 ./SDK/startup/startup_mk64f12.o
                0x000029bc                LLWU_IRQHandler
 .text.WDOG_EWM_IRQHandler
                0x000029c4        0x8 ./SDK/startup/startup_mk64f12.o
                0x000029c4                WDOG_EWM_IRQHandler
 .text.RNG_IRQHandler
                0x000029cc        0x8 ./SDK/startup/startup_mk64f12.o
                0x000029cc                RNG_IRQHandler
 .text.I2C0_IRQHandler
                0x000029d4        0x8 ./SDK/startup/startup_mk64f12.o
                0x000029d4                I2C0_IRQHandler
 .text.I2C1_IRQHandler
                0x000029dc        0x8 ./SDK/startup/startup_mk64f12.o
                0x000029dc                I2C1_IRQHandler
 .text.SPI0_IRQHandler
                0x000029e4        0x8 ./SDK/startup/startup_mk64f12.o
                0x000029e4                SPI0_IRQHandler
 .text.SPI1_IRQHandler
                0x000029ec        0x8 ./SDK/startup/startup_mk64f12.o
                0x000029ec                SPI1_IRQHandler
 .text.I2S0_Tx_IRQHandler
                0x000029f4        0x8 ./SDK/startup/startup_mk64f12.o
                0x000029f4                I2S0_Tx_IRQHandler
 .text.I2S0_Rx_IRQHandler
                0x000029fc        0x8 ./SDK/startup/startup_mk64f12.o
                0x000029fc                I2S0_Rx_IRQHandler
 .text.UART0_LON_IRQHandler
                0x00002a04        0x8 ./SDK/startup/startup_mk64f12.o
                0x00002a04                UART0_LON_IRQHandler
 .text.UART0_RX_TX_IRQHandler
                0x00002a0c        0x8 ./SDK/startup/startup_mk64f12.o
                0x00002a0c                UART0_RX_TX_IRQHandler
 .text.UART0_ERR_IRQHandler
                0x00002a14        0x8 ./SDK/startup/startup_mk64f12.o
                0x00002a14                UART0_ERR_IRQHandler
 .text.UART1_RX_TX_IRQHandler
                0x00002a1c        0x8 ./SDK/startup/startup_mk64f12.o
                0x00002a1c                UART1_RX_TX_IRQHandler
 .text.UART1_ERR_IRQHandler
                0x00002a24        0x8 ./SDK/startup/startup_mk64f12.o
                0x00002a24                UART1_ERR_IRQHandler
 .text.UART2_RX_TX_IRQHandler
                0x00002a2c        0x8 ./SDK/startup/startup_mk64f12.o
                0x00002a2c                UART2_RX_TX_IRQHandler
 .text.UART2_ERR_IRQHandler
                0x00002a34        0x8 ./SDK/startup/startup_mk64f12.o
                0x00002a34                UART2_ERR_IRQHandler
 .text.UART3_RX_TX_IRQHandler
                0x00002a3c        0x8 ./SDK/startup/startup_mk64f12.o
                0x00002a3c                UART3_RX_TX_IRQHandler
 .text.UART3_ERR_IRQHandler
                0x00002a44        0x8 ./SDK/startup/startup_mk64f12.o
                0x00002a44                UART3_ERR_IRQHandler
 .text.ADC0_IRQHandler
                0x00002a4c        0x8 ./SDK/startup/startup_mk64f12.o
                0x00002a4c                ADC0_IRQHandler
 .text.CMP0_IRQHandler
                0x00002a54        0x8 ./SDK/startup/startup_mk64f12.o
                0x00002a54                CMP0_IRQHandler
 .text.CMP1_IRQHandler
                0x00002a5c        0x8 ./SDK/startup/startup_mk64f12.o
                0x00002a5c                CMP1_IRQHandler
 .text.FTM0_IRQHandler
                0x00002a64        0x8 ./SDK/startup/startup_mk64f12.o
                0x00002a64                FTM0_IRQHandler
 .text.FTM1_IRQHandler
                0x00002a6c        0x8 ./SDK/startup/startup_mk64f12.o
                0x00002a6c                FTM1_IRQHandler
 .text.FTM2_IRQHandler
                0x00002a74        0x8 ./SDK/startup/startup_mk64f12.o
                0x00002a74                FTM2_IRQHandler
 .text.CMT_IRQHandler
                0x00002a7c        0x8 ./SDK/startup/startup_mk64f12.o
                0x00002a7c                CMT_IRQHandler
 .text.RTC_IRQHandler
                0x00002a84        0x8 ./SDK/startup/startup_mk64f12.o
                0x00002a84                RTC_IRQHandler
 .text.RTC_Seconds_IRQHandler
                0x00002a8c        0x8 ./SDK/startup/startup_mk64f12.o
                0x00002a8c                RTC_Seconds_IRQHandler
 .text.PIT0_IRQHandler
                0x00002a94        0x8 ./SDK/startup/startup_mk64f12.o
                0x00002a94                PIT0_IRQHandler
 .text.PIT1_IRQHandler
                0x00002a9c        0x8 ./SDK/startup/startup_mk64f12.o
                0x00002a9c                PIT1_IRQHandler
 .text.PIT2_IRQHandler
                0x00002aa4        0x8 ./SDK/startup/startup_mk64f12.o
                0x00002aa4                PIT2_IRQHandler
 .text.PIT3_IRQHandler
                0x00002aac        0x8 ./SDK/startup/startup_mk64f12.o
                0x00002aac                PIT3_IRQHandler
 .text.PDB0_IRQHandler
                0x00002ab4        0x8 ./SDK/startup/startup_mk64f12.o
                0x00002ab4                PDB0_IRQHandler
 .text.USB0_IRQHandler
                0x00002abc        0x8 ./SDK/startup/startup_mk64f12.o
                0x00002abc                USB0_IRQHandler
 .text.USBDCD_IRQHandler
                0x00002ac4        0x8 ./SDK/startup/startup_mk64f12.o
                0x00002ac4                USBDCD_IRQHandler
 .text.Reserved71_IRQHandler
                0x00002acc        0x8 ./SDK/startup/startup_mk64f12.o
                0x00002acc                Reserved71_IRQHandler
 .text.DAC0_IRQHandler
                0x00002ad4        0x8 ./SDK/startup/startup_mk64f12.o
                0x00002ad4                DAC0_IRQHandler
 .text.MCG_IRQHandler
                0x00002adc        0x8 ./SDK/startup/startup_mk64f12.o
                0x00002adc                MCG_IRQHandler
 .text.LPTMR0_IRQHandler
                0x00002ae4        0x8 ./SDK/startup/startup_mk64f12.o
                0x00002ae4                LPTMR0_IRQHandler
 .text.SWI_IRQHandler
                0x00002aec        0x8 ./SDK/startup/startup_mk64f12.o
                0x00002aec                SWI_IRQHandler
 .text.SPI2_IRQHandler
                0x00002af4        0x8 ./SDK/startup/startup_mk64f12.o
                0x00002af4                SPI2_IRQHandler
 .text.UART4_RX_TX_IRQHandler
                0x00002afc        0x8 ./SDK/startup/startup_mk64f12.o
                0x00002afc                UART4_RX_TX_IRQHandler
 .text.UART4_ERR_IRQHandler
                0x00002b04        0x8 ./SDK/startup/startup_mk64f12.o
                0x00002b04                UART4_ERR_IRQHandler
 .text.UART5_RX_TX_IRQHandler
                0x00002b0c        0x8 ./SDK/startup/startup_mk64f12.o
                0x00002b0c                UART5_RX_TX_IRQHandler
 .text.UART5_ERR_IRQHandler
                0x00002b14        0x8 ./SDK/startup/startup_mk64f12.o
                0x00002b14                UART5_ERR_IRQHandler
 .text.CMP2_IRQHandler
                0x00002b1c        0x8 ./SDK/startup/startup_mk64f12.o
                0x00002b1c                CMP2_IRQHandler
 .text.FTM3_IRQHandler
                0x00002b24        0x8 ./SDK/startup/startup_mk64f12.o
                0x00002b24                FTM3_IRQHandler
 .text.DAC1_IRQHandler
                0x00002b2c        0x8 ./SDK/startup/startup_mk64f12.o
                0x00002b2c                DAC1_IRQHandler
 .text.ADC1_IRQHandler
                0x00002b34        0x8 ./SDK/startup/startup_mk64f12.o
                0x00002b34                ADC1_IRQHandler
 .text.I2C2_IRQHandler
                0x00002b3c        0x8 ./SDK/startup/startup_mk64f12.o
                0x00002b3c                I2C2_IRQHandler
 .text.CAN0_ORed_Message_buffer_IRQHandler
                0x00002b44        0x8 ./SDK/startup/startup_mk64f12.o
                0x00002b44                CAN0_ORed_Message_buffer_IRQHandler
 .text.CAN0_Bus_Off_IRQHandler
                0x00002b4c        0x8 ./SDK/startup/startup_mk64f12.o
                0x00002b4c                CAN0_Bus_Off_IRQHandler
 .text.CAN0_Error_IRQHandler
                0x00002b54        0x8 ./SDK/startup/startup_mk64f12.o
                0x00002b54                CAN0_Error_IRQHandler
 .text.CAN0_Tx_Warning_IRQHandler
                0x00002b5c        0x8 ./SDK/startup/startup_mk64f12.o
                0x00002b5c                CAN0_Tx_Warning_IRQHandler
 .text.CAN0_Rx_Warning_IRQHandler
                0x00002b64        0x8 ./SDK/startup/startup_mk64f12.o
                0x00002b64                CAN0_Rx_Warning_IRQHandler
 .text.CAN0_Wake_Up_IRQHandler
                0x00002b6c        0x8 ./SDK/startup/startup_mk64f12.o
                0x00002b6c                CAN0_Wake_Up_IRQHandler
 .text.SDHC_IRQHandler
                0x00002b74        0x8 ./SDK/startup/startup_mk64f12.o
                0x00002b74                SDHC_IRQHandler
 .text.ENET_1588_Timer_IRQHandler
                0x00002b7c        0x8 ./SDK/startup/startup_mk64f12.o
                0x00002b7c                ENET_1588_Timer_IRQHandler
 .text.ENET_Transmit_IRQHandler
                0x00002b84        0x8 ./SDK/startup/startup_mk64f12.o
                0x00002b84                ENET_Transmit_IRQHandler
 .text.ENET_Receive_IRQHandler
                0x00002b8c        0x8 ./SDK/startup/startup_mk64f12.o
                0x00002b8c                ENET_Receive_IRQHandler
 .text.ENET_Error_IRQHandler
                0x00002b94        0x8 ./SDK/startup/startup_mk64f12.o
                0x00002b94                ENET_Error_IRQHandler
 .text.SystemInitHook
                0x00002b9c        0xe ./SDK/CMSIS/system_MK64F12.o
                0x00002b9c                SystemInitHook
 .text.memcpy   0x00002baa        0x4 c:/nxp/mcuxpressoide_10.2.0_759/ide/tools/bin/../lib/gcc/arm-none-eabi/7.2.1/../../../../arm-none-eabi/lib/thumb/v7e-m/fpv4-sp/hard\libcr_c.a(memcpy.o)
                0x00002baa                memcpy
 .text.__aeabi_memcpy
                0x00002bae       0x34 c:/nxp/mcuxpressoide_10.2.0_759/ide/tools/bin/../lib/gcc/arm-none-eabi/7.2.1/thumb/v7e-m/fpv4-sp/hard\libcr_eabihelpers.a(memcpy.o)
                0x00002bae                __aeabi_memcpy
                0x00002bb8                __aeabi_memcpy8
                0x00002bb8                __aeabi_memcpy4
 *(SORT_BY_ALIGNMENT(.rodata) SORT_BY_ALIGNMENT(.rodata.*) SORT_BY_ALIGNMENT(.constdata) SORT_BY_ALIGNMENT(.constdata.*))
 *fill*         0x00002be2        0x2 ff
 .rodata        0x00002be4       0x2e ./source/AdminID.o
 *fill*         0x00002c12        0x2 ff
 .rodata.track1
                0x00002c14       0x18 ./source/CardReaderDecoder.o
                0x00002c14                track1
 .rodata        0x00002c2c        0x5 ./source/FSM.o
 *fill*         0x00002c31        0x3 ff
 .rodata        0x00002c34        0x1 ./source/displayManager.o
 *fill*         0x00002c35        0x3 ff
 .rodata.num_array
                0x00002c38        0xa ./source/displaySegment.o
 *fill*         0x00002c42        0x2 ff
 .rodata.abc_array
                0x00002c44       0x1a ./source/displaySegment.o
 *fill*         0x00002c5e        0x2 ff
 .rodata        0x00002c60       0x53 ./source/fsmState_Menu.o
 *fill*         0x00002cb3        0x1 ff
 .rodata        0x00002cb4       0x2d ./source/gpio.o
                0x00002ce8                . = ALIGN (0x8)
 *fill*         0x00002ce1        0x7 ff

.glue_7         0x00002ce8        0x0
 .glue_7        0x00002ce8        0x0 linker stubs

.glue_7t        0x00002ce8        0x0
 .glue_7t       0x00002ce8        0x0 linker stubs

.vfp11_veneer   0x00002ce8        0x0
 .vfp11_veneer  0x00002ce8        0x0 linker stubs

.v4_bx          0x00002ce8        0x0
 .v4_bx         0x00002ce8        0x0 linker stubs

.iplt           0x00002ce8        0x0
 .iplt          0x00002ce8        0x0 ./source/AdminID.o

.rel.dyn        0x00002ce8        0x0
 .rel.iplt      0x00002ce8        0x0 ./source/AdminID.o

.ARM.extab
 *(SORT_BY_ALIGNMENT(.ARM.extab*) SORT_BY_ALIGNMENT(.gnu.linkonce.armextab.*))
                0x00002ce8                __exidx_start = .

.ARM.exidx
 *(SORT_BY_ALIGNMENT(.ARM.exidx*) SORT_BY_ALIGNMENT(.gnu.linkonce.armexidx.*))
                0x00002ce8                __exidx_end = .
                0x00002ce8                _etext = .

.m_usb_data
 *(SORT_BY_ALIGNMENT(m_usb_bdt))

.data_RAM2      0x1fff0000        0x0 load address 0x00002ce8
 FILL mask 0xff
                [!provide]                PROVIDE (__start_data_RAM2, .)
 *(SORT_BY_ALIGNMENT(.ramfunc.$RAM2))
 *(SORT_BY_ALIGNMENT(.ramfunc.$SRAM_LOWER))
 *(SORT_BY_ALIGNMENT(.data.$RAM2*))
 *(SORT_BY_ALIGNMENT(.data.$SRAM_LOWER*))
                0x1fff0000                . = ALIGN (0x8)
                [!provide]                PROVIDE (__end_data_RAM2, .)

.data_RAM3      0x14000000        0x0 load address 0x00002ce8
 FILL mask 0xff
                [!provide]                PROVIDE (__start_data_RAM3, .)
 *(SORT_BY_ALIGNMENT(.ramfunc.$RAM3))
 *(SORT_BY_ALIGNMENT(.ramfunc.$FLEX_RAM))
 *(SORT_BY_ALIGNMENT(.data.$RAM3*))
 *(SORT_BY_ALIGNMENT(.data.$FLEX_RAM*))
                0x14000000                . = ALIGN (0x8)
                [!provide]                PROVIDE (__end_data_RAM3, .)

.uninit_RESERVED
                0x20000000        0x0
 *(SORT_BY_ALIGNMENT(.bss.$RESERVED*))
                0x20000000                . = ALIGN (0x4)
                0x20000000                _end_uninit_RESERVED = .

.data           0x20000000       0x10 load address 0x00002ce8
 FILL mask 0xff
                0x20000000                _data = .
 *(SORT_BY_ALIGNMENT(vtable))
 *(SORT_BY_ALIGNMENT(.ramfunc*))
 *(SORT_BY_ALIGNMENT(.data*))
 .data.trackarray
                0x20000000        0x4 ./source/CardReaderDecoder.o
                0x20000000                trackarray
 .data.menuStrings
                0x20000004        0x8 ./source/fsmState_Menu.o
                0x20000010                . = ALIGN (0x8)
 *fill*         0x2000000c        0x4 ff
                0x20000010                _edata = .

.igot.plt       0x20000010        0x0 load address 0x00002cf8
 .igot.plt      0x20000010        0x0 ./source/AdminID.o

.bss_RAM2       0x1fff0000        0x0
                [!provide]                PROVIDE (__start_bss_RAM2, .)
 *(SORT_BY_ALIGNMENT(.bss.$RAM2*))
 *(SORT_BY_ALIGNMENT(.bss.$SRAM_LOWER*))
                0x1fff0000                . = ALIGN ((. != 0x0)?0x8:0x1)
                [!provide]                PROVIDE (__end_bss_RAM2, .)

.bss_RAM3       0x14000000        0x0
                [!provide]                PROVIDE (__start_bss_RAM3, .)
 *(SORT_BY_ALIGNMENT(.bss.$RAM3*))
 *(SORT_BY_ALIGNMENT(.bss.$FLEX_RAM*))
                0x14000000                . = ALIGN ((. != 0x0)?0x8:0x1)
                [!provide]                PROVIDE (__end_bss_RAM3, .)

.bss            0x20000010      0xde8
                0x20000010                _bss = .
 *(SORT_BY_ALIGNMENT(.bss*))
 .bss.dataBase  0x20000010      0x11c ./source/AdminID.o
 .bss.fsm       0x2000012c       0x14 ./source/App.o
 .bss.nextstate
                0x20000140       0x10 ./source/App.o
 .bss.userData  0x20000150       0xec ./source/App.o
 .bss.data_counter
                0x2000023c        0x4 ./source/CardReaderHAL.o
 .bss.reader_queue
                0x20000240      0x508 ./source/CardReaderHAL.o
 .bss.systick_irqfun
                0x20000748        0x4 ./source/SysTick.o
                0x20000748                systick_irqfun
 .bss.blinking  0x2000074c        0x3 ./source/displayLed.o
 *fill*         0x2000074f        0x1 
 .bss.blink_cleared
                0x20000750        0x3 ./source/displayLed.o
 *fill*         0x20000753        0x1 
 .bss.brightness
                0x20000754        0xc ./source/displayLed.o
 .bss.led_displaying
                0x20000760        0x3 ./source/displayLed.o
 *fill*         0x20000763        0x1 
 .bss.bright_counter
                0x20000764        0xc ./source/displayLed.o
 .bss.blink_counter.5709
                0x20000770        0xc ./source/displayLed.o
 .bss.current_string
                0x2000077c        0x4 ./source/displayManager.o
 .bss.string_pos
                0x20000780        0x4 ./source/displayManager.o
 .bss.display_pos
                0x20000784        0x4 ./source/displayManager.o
 .bss.string_size
                0x20000788        0x4 ./source/displayManager.o
 .bss.pos.5664  0x2000078c        0x4 ./source/displayManager.o
 .bss.encoderQueue
                0x20000790      0x320 ./source/encoder.o
 .bss.encoder   0x20000ab0        0x6 ./source/encoderEvent.o
 *fill*         0x20000ab6        0x2 
 .bss.irqFuns   0x20000ab8      0x280 ./source/gpio.o
                0x20000ab8                irqFuns
 .bss.timers    0x20000d38       0x70 ./source/timer.o
 .bss.queue     0x20000da8       0x38 ./source/timerqueue.o
 .bss.__LDM_interruptDisableCount
                0x20000de0        0x4 ./SDK/startup/hardware.o
 .bss.changestate
                0x20000de4        0x1 ./source/App.o
 .bss.event     0x20000de5        0x1 ./source/App.o
 .bss.read_enable
                0x20000de6        0x1 ./source/CardReaderHAL.o
 .bss.save_items
                0x20000de7        0x1 ./source/CardReaderHAL.o
 .bss.hw_Init.5005
                0x20000de8        0x1 ./source/CardReaderHAL.o
 .bss.initialized
                0x20000de9        0x1 ./source/displayLed.o
 .bss.brigthness
                0x20000dea        0x1 ./source/displayManager.o
 .bss.initialized
                0x20000deb        0x1 ./source/displayManager.o
 .bss.initialized
                0x20000dec        0x1 ./source/displaySegment.o
 .bss.encoderInitialized
                0x20000ded        0x1 ./source/encoder.o
                0x20000ded                encoderInitialized
 .bss.inicioEncoder
                0x20000dee        0x1 ./source/encoderHal.o
 .bss.encoderTimerCount
                0x20000def        0x1 ./source/encoderHal.o
 .bss.yaInit.5610
                0x20000df0        0x1 ./source/timer.o
 *(SORT_BY_ALIGNMENT(COMMON))
                0x20000df8                . = ALIGN (0x8)
 *fill*         0x20000df1        0x7 
                0x20000df8                _ebss = .
                [!provide]                PROVIDE (end, .)

.noinit_RAM2    0x1fff0000        0x0
 *(SORT_BY_ALIGNMENT(.noinit.$RAM2*))
 *(SORT_BY_ALIGNMENT(.noinit.$SRAM_LOWER*))
                0x1fff0000                . = ALIGN (0x8)

.noinit_RAM3    0x14000000        0x0
 *(SORT_BY_ALIGNMENT(.noinit.$RAM3*))
 *(SORT_BY_ALIGNMENT(.noinit.$FLEX_RAM*))
                0x14000000                . = ALIGN (0x8)

.noinit         0x20000df8        0x0
                0x20000df8                _noinit = .
 *(SORT_BY_ALIGNMENT(.noinit*))
                0x20000df8                . = ALIGN (0x8)
                0x20000df8                _end_noinit = .
                0x00001000                _HeapSize = 0x1000

.heap           0x20000df8     0x1000
                0x20000df8                _pvHeapStart = .
                0x20001df8                . = (. + _HeapSize)
 *fill*         0x20000df8     0x1000 
                0x20001df8                . = ALIGN (0x8)
                0x20001df8                _pvHeapLimit = .
                0x00001000                _StackSize = 0x1000

.heap2stackfill
                0x20001df8     0x1000
                0x20002df8                . = (. + _StackSize)
 *fill*         0x20001df8     0x1000 

.stack          0x2002f000        0x0
                0x2002f000                _vStackBase = .
                0x2002f000                . = ALIGN (0x8)
                0x20030000                _vStackTop = (. + _StackSize)
                0x00000000                _image_start = LOADADDR (.text)
                0x00002cf8                _image_end = (LOADADDR (.data) + SIZEOF (.data))
                0x00002cf8                _image_size = (_image_end - _image_start)
OUTPUT(Entrega Final.axf elf32-littlearm)

.debug_info     0x00000000     0xaae0
 .debug_info    0x00000000      0xc75 ./source/AdminID.o
 .debug_info    0x00000c75      0xbfb ./source/App.o
 .debug_info    0x00001870      0x115 ./source/CardReader.o
 .debug_info    0x00001985      0x484 ./source/CardReaderDecoder.o
 .debug_info    0x00001e09      0x24f ./source/CardReaderHAL.o
 .debug_info    0x00002058      0xb11 ./source/EventQueue.o
 .debug_info    0x00002b69      0xb60 ./source/FSM.o
 .debug_info    0x000036c9      0x160 ./source/SysTick.o
 .debug_info    0x00003829      0xb18 ./source/displayLed.o
 .debug_info    0x00004341      0xa82 ./source/displayManager.o
 .debug_info    0x00004dc3      0x1c1 ./source/displaySegment.o
 .debug_info    0x00004f84      0x96f ./source/door.o
 .debug_info    0x000058f3      0x28a ./source/encoder.o
 .debug_info    0x00005b7d      0x1e8 ./source/encoderEvent.o
 .debug_info    0x00005d65      0xa6e ./source/encoderHal.o
 .debug_info    0x000067d3      0xc32 ./source/fsmState_Menu.o
 .debug_info    0x00007405      0xbee ./source/gpio.o
 .debug_info    0x00007ff3      0xb03 ./source/timer.o
 .debug_info    0x00008af6      0x9d7 ./source/timerqueue.o
 .debug_info    0x000094cd      0x675 ./SDK/startup/hardware.o
 .debug_info    0x00009b42       0xb7 ./SDK/startup/main.o
 .debug_info    0x00009bf9       0x3b ./SDK/startup/semihost_hardfault.o
 .debug_info    0x00009c34      0x8b0 ./SDK/startup/startup_mk64f12.o
 .debug_info    0x0000a4e4      0x5fc ./SDK/CMSIS/system_MK64F12.o

.debug_abbrev   0x00000000     0x265b
 .debug_abbrev  0x00000000      0x24e ./source/AdminID.o
 .debug_abbrev  0x0000024e      0x1f2 ./source/App.o
 .debug_abbrev  0x00000440       0xc5 ./source/CardReader.o
 .debug_abbrev  0x00000505      0x108 ./source/CardReaderDecoder.o
 .debug_abbrev  0x0000060d      0x137 ./source/CardReaderHAL.o
 .debug_abbrev  0x00000744      0x225 ./source/EventQueue.o
 .debug_abbrev  0x00000969      0x1de ./source/FSM.o
 .debug_abbrev  0x00000b47      0x102 ./source/SysTick.o
 .debug_abbrev  0x00000c49      0x26f ./source/displayLed.o
 .debug_abbrev  0x00000eb8      0x27a ./source/displayManager.o
 .debug_abbrev  0x00001132       0xb9 ./source/displaySegment.o
 .debug_abbrev  0x000011eb      0x1cd ./source/door.o
 .debug_abbrev  0x000013b8      0x17b ./source/encoder.o
 .debug_abbrev  0x00001533      0x122 ./source/encoderEvent.o
 .debug_abbrev  0x00001655      0x26b ./source/encoderHal.o
 .debug_abbrev  0x000018c0      0x22c ./source/fsmState_Menu.o
 .debug_abbrev  0x00001aec      0x249 ./source/gpio.o
 .debug_abbrev  0x00001d35      0x277 ./source/timer.o
 .debug_abbrev  0x00001fac      0x230 ./source/timerqueue.o
 .debug_abbrev  0x000021dc      0x138 ./SDK/startup/hardware.o
 .debug_abbrev  0x00002314       0x7d ./SDK/startup/main.o
 .debug_abbrev  0x00002391       0x2f ./SDK/startup/semihost_hardfault.o
 .debug_abbrev  0x000023c0      0x15c ./SDK/startup/startup_mk64f12.o
 .debug_abbrev  0x0000251c      0x13f ./SDK/CMSIS/system_MK64F12.o

.debug_aranges  0x00000000      0x920
 .debug_aranges
                0x00000000       0x60 ./source/AdminID.o
 .debug_aranges
                0x00000060       0x30 ./source/App.o
 .debug_aranges
                0x00000090       0x30 ./source/CardReader.o
 .debug_aranges
                0x000000c0       0x40 ./source/CardReaderDecoder.o
 .debug_aranges
                0x00000100       0x48 ./source/CardReaderHAL.o
 .debug_aranges
                0x00000148       0x28 ./source/EventQueue.o
 .debug_aranges
                0x00000170       0x20 ./source/FSM.o
 .debug_aranges
                0x00000190       0x28 ./source/SysTick.o
 .debug_aranges
                0x000001b8       0x68 ./source/displayLed.o
 .debug_aranges
                0x00000220       0x68 ./source/displayManager.o
 .debug_aranges
                0x00000288       0x38 ./source/displaySegment.o
 .debug_aranges
                0x000002c0       0x48 ./source/door.o
 .debug_aranges
                0x00000308       0x50 ./source/encoder.o
 .debug_aranges
                0x00000358       0x40 ./source/encoderEvent.o
 .debug_aranges
                0x00000398       0x48 ./source/encoderHal.o
 .debug_aranges
                0x000003e0       0x30 ./source/fsmState_Menu.o
 .debug_aranges
                0x00000410       0xb8 ./source/gpio.o
 .debug_aranges
                0x000004c8       0x50 ./source/timer.o
 .debug_aranges
                0x00000518       0x38 ./source/timerqueue.o
 .debug_aranges
                0x00000550       0x30 ./SDK/startup/hardware.o
 .debug_aranges
                0x00000580       0x20 ./SDK/startup/main.o
 .debug_aranges
                0x000005a0       0x20 ./SDK/startup/semihost_hardfault.o
 .debug_aranges
                0x000005c0      0x330 ./SDK/startup/startup_mk64f12.o
 .debug_aranges
                0x000008f0       0x30 ./SDK/CMSIS/system_MK64F12.o

.debug_ranges   0x00000000      0x7a0
 .debug_ranges  0x00000000       0x50 ./source/AdminID.o
 .debug_ranges  0x00000050       0x20 ./source/App.o
 .debug_ranges  0x00000070       0x20 ./source/CardReader.o
 .debug_ranges  0x00000090       0x30 ./source/CardReaderDecoder.o
 .debug_ranges  0x000000c0       0x38 ./source/CardReaderHAL.o
 .debug_ranges  0x000000f8       0x18 ./source/EventQueue.o
 .debug_ranges  0x00000110       0x10 ./source/FSM.o
 .debug_ranges  0x00000120       0x18 ./source/SysTick.o
 .debug_ranges  0x00000138       0x58 ./source/displayLed.o
 .debug_ranges  0x00000190       0x58 ./source/displayManager.o
 .debug_ranges  0x000001e8       0x28 ./source/displaySegment.o
 .debug_ranges  0x00000210       0x38 ./source/door.o
 .debug_ranges  0x00000248       0x40 ./source/encoder.o
 .debug_ranges  0x00000288       0x30 ./source/encoderEvent.o
 .debug_ranges  0x000002b8       0x38 ./source/encoderHal.o
 .debug_ranges  0x000002f0       0x20 ./source/fsmState_Menu.o
 .debug_ranges  0x00000310       0xa8 ./source/gpio.o
 .debug_ranges  0x000003b8       0x40 ./source/timer.o
 .debug_ranges  0x000003f8       0x28 ./source/timerqueue.o
 .debug_ranges  0x00000420       0x20 ./SDK/startup/hardware.o
 .debug_ranges  0x00000440       0x10 ./SDK/startup/main.o
 .debug_ranges  0x00000450       0x10 ./SDK/startup/semihost_hardfault.o
 .debug_ranges  0x00000460      0x320 ./SDK/startup/startup_mk64f12.o
 .debug_ranges  0x00000780       0x20 ./SDK/CMSIS/system_MK64F12.o

.debug_macro    0x00000000    0x13b2e
 .debug_macro   0x00000000      0x15c ./source/AdminID.o
 .debug_macro   0x0000015c      0xa5a ./source/AdminID.o
 .debug_macro   0x00000bb6      0x34e ./source/AdminID.o
 .debug_macro   0x00000f04       0x22 ./source/AdminID.o
 .debug_macro   0x00000f26       0x10 ./source/AdminID.o
 .debug_macro   0x00000f36       0x40 ./source/AdminID.o
 .debug_macro   0x00000f76       0x10 ./source/AdminID.o
 .debug_macro   0x00000f86       0x17 ./source/AdminID.o
 .debug_macro   0x00000f9d       0x22 ./source/AdminID.o
 .debug_macro   0x00000fbf       0x52 ./source/AdminID.o
 .debug_macro   0x00001011       0x8d ./source/AdminID.o
 .debug_macro   0x0000109e       0x35 ./source/AdminID.o
 .debug_macro   0x000010d3       0x9c ./source/AdminID.o
 .debug_macro   0x0000116f       0x16 ./source/AdminID.o
 .debug_macro   0x00001185      0x10e ./source/AdminID.o
 .debug_macro   0x00001293       0x8d ./source/AdminID.o
 .debug_macro   0x00001320       0x57 ./source/AdminID.o
 .debug_macro   0x00001377       0x58 ./source/AdminID.o
 .debug_macro   0x000013cf       0x1f ./source/AdminID.o
 .debug_macro   0x000013ee       0x43 ./source/AdminID.o
 .debug_macro   0x00001431       0x20 ./source/AdminID.o
 .debug_macro   0x00001451      0x18e ./source/AdminID.o
 .debug_macro   0x000015df      0x330 ./source/AdminID.o
 .debug_macro   0x0000190f       0x16 ./source/AdminID.o
 .debug_macro   0x00001925       0x29 ./source/AdminID.o
 .debug_macro   0x0000194e       0x16 ./source/AdminID.o
 .debug_macro   0x00001964      0x2b5 ./source/App.o
 .debug_macro   0x00001c19       0x10 ./source/App.o
 .debug_macro   0x00001c29       0x16 ./source/App.o
 .debug_macro   0x00001c3f       0x10 ./source/App.o
 .debug_macro   0x00001c4f       0x10 ./source/App.o
 .debug_macro   0x00001c5f       0x5c ./source/App.o
 .debug_macro   0x00001cbb       0x1c ./source/App.o
 .debug_macro   0x00001cd7       0x22 ./source/App.o
 .debug_macro   0x00001cf9       0xd9 ./source/App.o
 .debug_macro   0x00001dd2      0xecf ./source/App.o
 .debug_macro   0x00002ca1       0x48 ./source/App.o
 .debug_macro   0x00002ce9     0xe07b ./source/App.o
 .debug_macro   0x00010d64     0x122b ./source/App.o
 .debug_macro   0x00011f8f       0x1c ./source/App.o
 .debug_macro   0x00011fab       0x35 ./source/App.o
 .debug_macro   0x00011fe0       0x10 ./source/App.o
 .debug_macro   0x00011ff0       0x10 ./source/App.o
 .debug_macro   0x00012000       0x6a ./source/App.o
 .debug_macro   0x0001206a       0x1c ./source/App.o
 .debug_macro   0x00012086       0x52 ./source/App.o
 .debug_macro   0x000120d8       0x40 ./source/App.o
 .debug_macro   0x00012118       0x10 ./source/App.o
 .debug_macro   0x00012128       0x40 ./source/App.o
 .debug_macro   0x00012168       0xd7 ./source/App.o
 .debug_macro   0x0001223f       0x1c ./source/App.o
 .debug_macro   0x0001225b       0x3d ./source/App.o
 .debug_macro   0x00012298       0x16 ./source/App.o
 .debug_macro   0x000122ae      0x16f ./source/App.o
 .debug_macro   0x0001241d       0x4e ./source/CardReader.o
 .debug_macro   0x0001246b       0x10 ./source/CardReader.o
 .debug_macro   0x0001247b       0x28 ./source/CardReader.o
 .debug_macro   0x000124a3       0x72 ./source/CardReaderDecoder.o
 .debug_macro   0x00012515       0xf4 ./source/CardReaderDecoder.o
 .debug_macro   0x00012609       0x22 ./source/CardReaderDecoder.o
 .debug_macro   0x0001262b      0x174 ./source/CardReaderDecoder.o
 .debug_macro   0x0001279f       0x66 ./source/CardReaderHAL.o
 .debug_macro   0x00012805       0x3a ./source/CardReaderHAL.o
 .debug_macro   0x0001283f      0x16f ./source/EventQueue.o
 .debug_macro   0x000129ae      0x17f ./source/FSM.o
 .debug_macro   0x00012b2d       0xc8 ./source/SysTick.o
 .debug_macro   0x00012bf5       0xdf ./source/SysTick.o
 .debug_macro   0x00012cd4       0x3a ./source/SysTick.o
 .debug_macro   0x00012d0e       0x10 ./source/SysTick.o
 .debug_macro   0x00012d1e       0x16 ./source/SysTick.o
 .debug_macro   0x00012d34      0x164 ./source/displayLed.o
 .debug_macro   0x00012e98       0x10 ./source/displayLed.o
 .debug_macro   0x00012ea8      0x156 ./source/displayManager.o
 .debug_macro   0x00012ffe       0x16 ./source/displayManager.o
 .debug_macro   0x00013014       0xd0 ./source/displaySegment.o
 .debug_macro   0x000130e4      0x146 ./source/door.o
 .debug_macro   0x0001322a       0x70 ./source/encoder.o
 .debug_macro   0x0001329a       0x22 ./source/encoder.o
 .debug_macro   0x000132bc       0x3c ./source/encoderEvent.o
 .debug_macro   0x000132f8       0x1c ./source/encoderEvent.o
 .debug_macro   0x00013314      0x14d ./source/encoderHal.o
 .debug_macro   0x00013461      0x18d ./source/fsmState_Menu.o
 .debug_macro   0x000135ee       0x10 ./source/fsmState_Menu.o
 .debug_macro   0x000135fe       0xc5 ./source/gpio.o
 .debug_macro   0x000136c3      0x13d ./source/timer.o
 .debug_macro   0x00013800       0x10 ./source/timer.o
 .debug_macro   0x00013810      0x12c ./source/timerqueue.o
 .debug_macro   0x0001393c       0x9c ./SDK/startup/hardware.o
 .debug_macro   0x000139d8       0x9c ./SDK/startup/main.o
 .debug_macro   0x00013a74       0x11 ./SDK/startup/semihost_hardfault.o
 .debug_macro   0x00013a85       0x29 ./SDK/startup/startup_mk64f12.o
 .debug_macro   0x00013aae       0x80 ./SDK/CMSIS/system_MK64F12.o

.debug_line     0x00000000     0x3ebf
 .debug_line    0x00000000      0x3a2 ./source/AdminID.o
 .debug_line    0x000003a2      0x473 ./source/App.o
 .debug_line    0x00000815      0x11f ./source/CardReader.o
 .debug_line    0x00000934      0x281 ./source/CardReaderDecoder.o
 .debug_line    0x00000bb5      0x165 ./source/CardReaderHAL.o
 .debug_line    0x00000d1a      0x2f9 ./source/EventQueue.o
 .debug_line    0x00001013      0x2d0 ./source/FSM.o
 .debug_line    0x000012e3      0x1b2 ./source/SysTick.o
 .debug_line    0x00001495      0x3a1 ./source/displayLed.o
 .debug_line    0x00001836      0x3af ./source/displayManager.o
 .debug_line    0x00001be5      0x15b ./source/displaySegment.o
 .debug_line    0x00001d40      0x2cb ./source/door.o
 .debug_line    0x0000200b      0x1bc ./source/encoder.o
 .debug_line    0x000021c7      0x14c ./source/encoderEvent.o
 .debug_line    0x00002313      0x2ec ./source/encoderHal.o
 .debug_line    0x000025ff      0x358 ./source/fsmState_Menu.o
 .debug_line    0x00002957      0x35b ./source/gpio.o
 .debug_line    0x00002cb2      0x31a ./source/timer.o
 .debug_line    0x00002fcc      0x2b2 ./source/timerqueue.o
 .debug_line    0x0000327e      0x1d4 ./SDK/startup/hardware.o
 .debug_line    0x00003452      0x175 ./SDK/startup/main.o
 .debug_line    0x000035c7       0x59 ./SDK/startup/semihost_hardfault.o
 .debug_line    0x00003620      0x6d8 ./SDK/startup/startup_mk64f12.o
 .debug_line    0x00003cf8      0x1c7 ./SDK/CMSIS/system_MK64F12.o

.debug_str      0x00000000    0x7e4e3
 .debug_str     0x00000000     0x6ca0 ./source/AdminID.o
                               0x6ef8 (size before relaxing)
 .debug_str     0x00006ca0    0x74d01 ./source/App.o
                              0x7badf (size before relaxing)
 .debug_str     0x0007b9a1       0xc4 ./source/CardReader.o
                               0x390f (size before relaxing)
 .debug_str     0x0007ba65      0x817 ./source/CardReaderDecoder.o
                               0x43cc (size before relaxing)
 .debug_str     0x0007c27c      0x1f5 ./source/CardReaderHAL.o
                               0x3e01 (size before relaxing)
 .debug_str     0x0007c471       0x59 ./source/EventQueue.o
                               0x6f16 (size before relaxing)
 .debug_str     0x0007c4ca       0x2a ./source/FSM.o
                               0x6f72 (size before relaxing)
 .debug_str     0x0007c4f4      0x20b ./source/SysTick.o
                              0x771af (size before relaxing)
 .debug_str     0x0007c6ff      0x1c2 ./source/displayLed.o
                               0x6e9b (size before relaxing)
 .debug_str     0x0007c8c1      0x16f ./source/displayManager.o
                               0x6e45 (size before relaxing)
 .debug_str     0x0007ca30      0x223 ./source/displaySegment.o
                               0x3adc (size before relaxing)
 .debug_str     0x0007cc53       0x97 ./source/door.o
                               0x6dab (size before relaxing)
 .debug_str     0x0007ccea      0x19c ./source/encoder.o
                               0x3a82 (size before relaxing)
 .debug_str     0x0007ce86       0x9a ./source/encoderEvent.o
                               0x3912 (size before relaxing)
 .debug_str     0x0007cf20      0x137 ./source/encoderHal.o
                               0x6f55 (size before relaxing)
 .debug_str     0x0007d057       0xb4 ./source/fsmState_Menu.o
                               0x7016 (size before relaxing)
 .debug_str     0x0007d10b      0x78c ./source/gpio.o
                              0x7790c (size before relaxing)
 .debug_str     0x0007d897      0x140 ./source/timer.o
                               0x6e10 (size before relaxing)
 .debug_str     0x0007d9d7       0x6d ./source/timerqueue.o
                               0x6d13 (size before relaxing)
 .debug_str     0x0007da44      0x217 ./SDK/startup/hardware.o
                              0x771ea (size before relaxing)
 .debug_str     0x0007dc5b       0x1b ./SDK/startup/main.o
                              0x76fbe (size before relaxing)
 .debug_str     0x0007dc76       0x36 ./SDK/startup/semihost_hardfault.o
                               0x2d28 (size before relaxing)
 .debug_str     0x0007dcac      0x7d5 ./SDK/startup/startup_mk64f12.o
                               0x3596 (size before relaxing)
 .debug_str     0x0007e481       0x62 ./SDK/CMSIS/system_MK64F12.o
                              0x770f9 (size before relaxing)

.comment        0x00000000       0x7e
 .comment       0x00000000       0x7e ./source/AdminID.o
                                 0x7f (size before relaxing)
 .comment       0x0000007e       0x7f ./source/App.o
 .comment       0x0000007e       0x7f ./source/CardReader.o
 .comment       0x0000007e       0x7f ./source/CardReaderDecoder.o
 .comment       0x0000007e       0x7f ./source/CardReaderHAL.o
 .comment       0x0000007e       0x7f ./source/EventQueue.o
 .comment       0x0000007e       0x7f ./source/FSM.o
 .comment       0x0000007e       0x7f ./source/SysTick.o
 .comment       0x0000007e       0x7f ./source/displayLed.o
 .comment       0x0000007e       0x7f ./source/displayManager.o
 .comment       0x0000007e       0x7f ./source/displaySegment.o
 .comment       0x0000007e       0x7f ./source/door.o
 .comment       0x0000007e       0x7f ./source/encoder.o
 .comment       0x0000007e       0x7f ./source/encoderEvent.o
 .comment       0x0000007e       0x7f ./source/encoderHal.o
 .comment       0x0000007e       0x7f ./source/fsmState_Menu.o
 .comment       0x0000007e       0x7f ./source/gpio.o
 .comment       0x0000007e       0x7f ./source/timer.o
 .comment       0x0000007e       0x7f ./source/timerqueue.o
 .comment       0x0000007e       0x7f ./SDK/startup/hardware.o
 .comment       0x0000007e       0x7f ./SDK/startup/main.o
 .comment       0x0000007e       0x7f ./SDK/startup/semihost_hardfault.o
 .comment       0x0000007e       0x7f ./SDK/startup/startup_mk64f12.o
 .comment       0x0000007e       0x7f ./SDK/CMSIS/system_MK64F12.o
 .comment       0x0000007e       0x7f c:/nxp/mcuxpressoide_10.2.0_759/ide/tools/bin/../lib/gcc/arm-none-eabi/7.2.1/../../../../arm-none-eabi/lib/thumb/v7e-m/fpv4-sp/hard\libcr_c.a(memcpy.o)

.ARM.attributes
                0x00000000       0x37
 .ARM.attributes
                0x00000000       0x39 ./source/AdminID.o
 .ARM.attributes
                0x00000039       0x39 ./source/App.o
 .ARM.attributes
                0x00000072       0x39 ./source/CardReader.o
 .ARM.attributes
                0x000000ab       0x39 ./source/CardReaderDecoder.o
 .ARM.attributes
                0x000000e4       0x39 ./source/CardReaderHAL.o
 .ARM.attributes
                0x0000011d       0x39 ./source/EventQueue.o
 .ARM.attributes
                0x00000156       0x39 ./source/FSM.o
 .ARM.attributes
                0x0000018f       0x39 ./source/SysTick.o
 .ARM.attributes
                0x000001c8       0x39 ./source/displayLed.o
 .ARM.attributes
                0x00000201       0x39 ./source/displayManager.o
 .ARM.attributes
                0x0000023a       0x39 ./source/displaySegment.o
 .ARM.attributes
                0x00000273       0x39 ./source/door.o
 .ARM.attributes
                0x000002ac       0x39 ./source/encoder.o
 .ARM.attributes
                0x000002e5       0x39 ./source/encoderEvent.o
 .ARM.attributes
                0x0000031e       0x39 ./source/encoderHal.o
 .ARM.attributes
                0x00000357       0x39 ./source/fsmState_Menu.o
 .ARM.attributes
                0x00000390       0x39 ./source/gpio.o
 .ARM.attributes
                0x000003c9       0x39 ./source/timer.o
 .ARM.attributes
                0x00000402       0x39 ./source/timerqueue.o
 .ARM.attributes
                0x0000043b       0x39 ./SDK/startup/hardware.o
 .ARM.attributes
                0x00000474       0x39 ./SDK/startup/main.o
 .ARM.attributes
                0x000004ad       0x39 ./SDK/startup/semihost_hardfault.o
 .ARM.attributes
                0x000004e6       0x39 ./SDK/startup/startup_mk64f12.o
 .ARM.attributes
                0x0000051f       0x39 ./SDK/CMSIS/system_MK64F12.o
 .ARM.attributes
                0x00000558       0x39 c:/nxp/mcuxpressoide_10.2.0_759/ide/tools/bin/../lib/gcc/arm-none-eabi/7.2.1/../../../../arm-none-eabi/lib/thumb/v7e-m/fpv4-sp/hard\libcr_c.a(memcpy.o)
 .ARM.attributes
                0x00000591       0x25 c:/nxp/mcuxpressoide_10.2.0_759/ide/tools/bin/../lib/gcc/arm-none-eabi/7.2.1/thumb/v7e-m/fpv4-sp/hard\libcr_eabihelpers.a(memcpy.o)

.debug_frame    0x00000000     0x1b8c
 .debug_frame   0x00000000      0x164 ./source/AdminID.o
 .debug_frame   0x00000164       0x78 ./source/App.o
 .debug_frame   0x000001dc       0x6c ./source/CardReader.o
 .debug_frame   0x00000248       0xd4 ./source/CardReaderDecoder.o
 .debug_frame   0x0000031c       0xcc ./source/CardReaderHAL.o
 .debug_frame   0x000003e8       0x64 ./source/EventQueue.o
 .debug_frame   0x0000044c       0x34 ./source/FSM.o
 .debug_frame   0x00000480       0x64 ./source/SysTick.o
 .debug_frame   0x000004e4      0x18c ./source/displayLed.o
 .debug_frame   0x00000670      0x154 ./source/displayManager.o
 .debug_frame   0x000007c4       0x98 ./source/displaySegment.o
 .debug_frame   0x0000085c       0xb8 ./source/door.o
 .debug_frame   0x00000914      0x10c ./source/encoder.o
 .debug_frame   0x00000a20       0xd0 ./source/encoderEvent.o
 .debug_frame   0x00000af0       0xd8 ./source/encoderHal.o
 .debug_frame   0x00000bc8       0x88 ./source/fsmState_Menu.o
 .debug_frame   0x00000c50      0x34c ./source/gpio.o
 .debug_frame   0x00000f9c      0x11c ./source/timer.o
 .debug_frame   0x000010b8       0xa0 ./source/timerqueue.o
 .debug_frame   0x00001158       0x70 ./SDK/startup/hardware.o
 .debug_frame   0x000011c8       0x2c ./SDK/startup/main.o
 .debug_frame   0x000011f4       0x20 ./SDK/startup/semihost_hardfault.o
 .debug_frame   0x00001214      0x904 ./SDK/startup/startup_mk64f12.o
 .debug_frame   0x00001b18       0x74 ./SDK/CMSIS/system_MK64F12.o
