Archive member included to satisfy reference by file (symbol)

c:/nxp/mcuxpressoide_10.2.0_759/ide/tools/bin/../lib/gcc/arm-none-eabi/7.2.1/../../../../arm-none-eabi/lib/thumb/v7e-m/fpv4-sp/hard\libcr_c.a(fpprintf.o)
                              ./source/FSMTABLE.o (printf)
c:/nxp/mcuxpressoide_10.2.0_759/ide/tools/bin/../lib/gcc/arm-none-eabi/7.2.1/../../../../arm-none-eabi/lib/thumb/v7e-m/fpv4-sp/hard\libcr_c.a(printf.o)
                              c:/nxp/mcuxpressoide_10.2.0_759/ide/tools/bin/../lib/gcc/arm-none-eabi/7.2.1/../../../../arm-none-eabi/lib/thumb/v7e-m/fpv4-sp/hard\libcr_c.a(fpprintf.o) (__vfprintf)
c:/nxp/mcuxpressoide_10.2.0_759/ide/tools/bin/../lib/gcc/arm-none-eabi/7.2.1/../../../../arm-none-eabi/lib/thumb/v7e-m/fpv4-sp/hard\libcr_c.a(strlen.o)
                              c:/nxp/mcuxpressoide_10.2.0_759/ide/tools/bin/../lib/gcc/arm-none-eabi/7.2.1/../../../../arm-none-eabi/lib/thumb/v7e-m/fpv4-sp/hard\libcr_c.a(printf.o) (strlen)
c:/nxp/mcuxpressoide_10.2.0_759/ide/tools/bin/../lib/gcc/arm-none-eabi/7.2.1/../../../../arm-none-eabi/lib/thumb/v7e-m/fpv4-sp/hard\libcr_c.a(memset.o)
                              c:/nxp/mcuxpressoide_10.2.0_759/ide/tools/bin/../lib/gcc/arm-none-eabi/7.2.1/../../../../arm-none-eabi/lib/thumb/v7e-m/fpv4-sp/hard\libcr_c.a(fpprintf.o) (memset)
c:/nxp/mcuxpressoide_10.2.0_759/ide/tools/bin/../lib/gcc/arm-none-eabi/7.2.1/../../../../arm-none-eabi/lib/thumb/v7e-m/fpv4-sp/hard\libcr_c.a(_deferredlazyseek.o)
                              c:/nxp/mcuxpressoide_10.2.0_759/ide/tools/bin/../lib/gcc/arm-none-eabi/7.2.1/../../../../arm-none-eabi/lib/thumb/v7e-m/fpv4-sp/hard\libcr_c.a(fpprintf.o) (__flsbuf)
c:/nxp/mcuxpressoide_10.2.0_759/ide/tools/bin/../lib/gcc/arm-none-eabi/7.2.1/../../../../arm-none-eabi/lib/thumb/v7e-m/fpv4-sp/hard\libcr_c.a(_fflush.o)
                              c:/nxp/mcuxpressoide_10.2.0_759/ide/tools/bin/../lib/gcc/arm-none-eabi/7.2.1/../../../../arm-none-eabi/lib/thumb/v7e-m/fpv4-sp/hard\libcr_c.a(_deferredlazyseek.o) (_fflush)
c:/nxp/mcuxpressoide_10.2.0_759/ide/tools/bin/../lib/gcc/arm-none-eabi/7.2.1/../../../../arm-none-eabi/lib/thumb/v7e-m/fpv4-sp/hard\libcr_c.a(_frexpl.o)
                              c:/nxp/mcuxpressoide_10.2.0_759/ide/tools/bin/../lib/gcc/arm-none-eabi/7.2.1/../../../../arm-none-eabi/lib/thumb/v7e-m/fpv4-sp/hard\libcr_c.a(fpprintf.o) (_frexpl)
c:/nxp/mcuxpressoide_10.2.0_759/ide/tools/bin/../lib/gcc/arm-none-eabi/7.2.1/../../../../arm-none-eabi/lib/thumb/v7e-m/fpv4-sp/hard\libcr_c.a(_ldexpl.o)
                              c:/nxp/mcuxpressoide_10.2.0_759/ide/tools/bin/../lib/gcc/arm-none-eabi/7.2.1/../../../../arm-none-eabi/lib/thumb/v7e-m/fpv4-sp/hard\libcr_c.a(fpprintf.o) (_ldexpl)
c:/nxp/mcuxpressoide_10.2.0_759/ide/tools/bin/../lib/gcc/arm-none-eabi/7.2.1/../../../../arm-none-eabi/lib/thumb/v7e-m/fpv4-sp/hard\libcr_c.a(_writebuf.o)
                              c:/nxp/mcuxpressoide_10.2.0_759/ide/tools/bin/../lib/gcc/arm-none-eabi/7.2.1/../../../../arm-none-eabi/lib/thumb/v7e-m/fpv4-sp/hard\libcr_c.a(_deferredlazyseek.o) (_Cwritebuf)
c:/nxp/mcuxpressoide_10.2.0_759/ide/tools/bin/../lib/gcc/arm-none-eabi/7.2.1/../../../../arm-none-eabi/lib/thumb/v7e-m/fpv4-sp/hard\libcr_c.a(alloc.o)
                              c:/nxp/mcuxpressoide_10.2.0_759/ide/tools/bin/../lib/gcc/arm-none-eabi/7.2.1/../../../../arm-none-eabi/lib/thumb/v7e-m/fpv4-sp/hard\libcr_c.a(fpprintf.o) (malloc)
c:/nxp/mcuxpressoide_10.2.0_759/ide/tools/bin/../lib/gcc/arm-none-eabi/7.2.1/../../../../arm-none-eabi/lib/thumb/v7e-m/fpv4-sp/hard\libcr_c.a(errno.o)
                              c:/nxp/mcuxpressoide_10.2.0_759/ide/tools/bin/../lib/gcc/arm-none-eabi/7.2.1/../../../../arm-none-eabi/lib/thumb/v7e-m/fpv4-sp/hard\libcr_c.a(_ldexpl.o) (errno)
c:/nxp/mcuxpressoide_10.2.0_759/ide/tools/bin/../lib/gcc/arm-none-eabi/7.2.1/../../../../arm-none-eabi/lib/thumb/v7e-m/fpv4-sp/hard\libcr_c.a(fseek.o)
                              c:/nxp/mcuxpressoide_10.2.0_759/ide/tools/bin/../lib/gcc/arm-none-eabi/7.2.1/../../../../arm-none-eabi/lib/thumb/v7e-m/fpv4-sp/hard\libcr_c.a(_deferredlazyseek.o) (fseek)
c:/nxp/mcuxpressoide_10.2.0_759/ide/tools/bin/../lib/gcc/arm-none-eabi/7.2.1/../../../../arm-none-eabi/lib/thumb/v7e-m/fpv4-sp/hard\libcr_c.a(ftell.o)
                              c:/nxp/mcuxpressoide_10.2.0_759/ide/tools/bin/../lib/gcc/arm-none-eabi/7.2.1/../../../../arm-none-eabi/lib/thumb/v7e-m/fpv4-sp/hard\libcr_c.a(fseek.o) (ftell)
c:/nxp/mcuxpressoide_10.2.0_759/ide/tools/bin/../lib/gcc/arm-none-eabi/7.2.1/../../../../arm-none-eabi/lib/thumb/v7e-m/fpv4-sp/hard\libcr_c.a(memcpy.o)
                              c:/nxp/mcuxpressoide_10.2.0_759/ide/tools/bin/../lib/gcc/arm-none-eabi/7.2.1/../../../../arm-none-eabi/lib/thumb/v7e-m/fpv4-sp/hard\libcr_c.a(alloc.o) (memcpy)
c:/nxp/mcuxpressoide_10.2.0_759/ide/tools/bin/../lib/gcc/arm-none-eabi/7.2.1/../../../../arm-none-eabi/lib/thumb/v7e-m/fpv4-sp/hard\libcr_c.a(__init_alloc.o)
[...]
Memory Configuration

Name             Origin             Length             Attributes
PROGRAM_FLASH    0x00000000         0x00100000         xr
SRAM_UPPER       0x20000000         0x00030000         xrw
SRAM_LOWER       0x1fff0000         0x00010000         xrw
FLEX_RAM         0x14000000         0x00001000         xrw
*default*        0x00000000         0xffffffff

Linker script and memory map

LOAD ./source/AdminID.o
LOAD ./source/App.o
LOAD ./source/FSM.o
LOAD ./source/FSMTABLE.o
LOAD ./source/SysTick.o
LOAD ./source/boardLed.o
LOAD ./source/displayLed.o
LOAD ./source/displayManager.o
LOAD ./source/displaySegment.o
LOAD ./source/gpio.o
LOAD ./source/timer.o
LOAD ./SDK/startup/hardware.o
LOAD ./SDK/startup/main.o
LOAD ./SDK/startup/semihost_hardfault.o
LOAD ./SDK/startup/startup_mk64f12.o
LOAD ./SDK/CMSIS/system_MK64F12.o
START GROUP
LOAD c:/nxp/mcuxpressoide_10.2.0_759/ide/tools/bin/../lib/gcc/arm-none-eabi/7.2.1/../../../../arm-none-eabi/lib/thumb/v7e-m/fpv4-sp/hard\libcr_c.a
LOAD c:/nxp/mcuxpressoide_10.2.0_759/ide/tools/bin/../lib/gcc/arm-none-eabi/7.2.1/thumb/v7e-m/fpv4-sp/hard\libcr_eabihelpers.a
END GROUP
                0x00000000                __base_PROGRAM_FLASH = 0x0
                0x00000000                __base_Flash = 0x0
                0x00100000                __top_PROGRAM_FLASH = 0x100000
                0x00100000                __top_Flash = 0x100000
                0x20000000                __base_SRAM_UPPER = 0x20000000
                0x20000000                __base_RAM = 0x20000000
                0x20030000                __top_SRAM_UPPER = 0x20030000
                0x20030000                __top_RAM = 0x20030000
                0x1fff0000                __base_SRAM_LOWER = 0x1fff0000
                0x1fff0000                __base_RAM2 = 0x1fff0000
                0x20000000                __top_SRAM_LOWER = 0x20000000
                0x20000000                __top_RAM2 = 0x20000000
                0x14000000                __base_FLEX_RAM = 0x14000000
                0x14000000                __base_RAM3 = 0x14000000
                0x14001000                __top_FLEX_RAM = 0x14001000
                0x14001000                __top_RAM3 = 0x14001000

.text           0x00000000      0xcc8
 FILL mask 0xff
                0x00000000                __vectors_start__ = ABSOLUTE (.)
 *(SORT_BY_ALIGNMENT(.isr_vector))
 .isr_vector    0x00000000      0x198 ./SDK/startup/startup_mk64f12.o
                0x00000000                g_pfnVectors
                0x00000000                __Vectors
                0x00000198                . = ALIGN (0x4)
                0x00000198                __section_table_start = .
                0x00000198                __data_section_table = .
                0x00000198        0x4 LONG 0xcc8 LOADADDR (.data)
                0x0000019c        0x4 LONG 0x20000000 ADDR (.data)
                0x000001a0        0x4 LONG 0x0 SIZEOF (.data)
                0x000001a4        0x4 LONG 0xcc8 LOADADDR (.data_RAM2)
                0x000001a8        0x4 LONG 0x1fff0000 ADDR (.data_RAM2)
                0x000001ac        0x4 LONG 0x0 SIZEOF (.data_RAM2)
                0x000001b0        0x4 LONG 0xcc8 LOADADDR (.data_RAM3)
                0x000001b4        0x4 LONG 0x14000000 ADDR (.data_RAM3)
                0x000001b8        0x4 LONG 0x0 SIZEOF (.data_RAM3)
                0x000001bc                __data_section_table_end = .
                0x000001bc                __bss_section_table = .
                0x000001bc        0x4 LONG 0x20000000 ADDR (.bss)
                0x000001c0        0x4 LONG 0x28 SIZEOF (.bss)
                0x000001c4        0x4 LONG 0x1fff0000 ADDR (.bss_RAM2)
                0x000001c8        0x4 LONG 0x0 SIZEOF (.bss_RAM2)
                0x000001cc        0x4 LONG 0x14000000 ADDR (.bss_RAM3)
                0x000001d0        0x4 LONG 0x0 SIZEOF (.bss_RAM3)
                0x000001d4                __bss_section_table_end = .
                0x000001d4                __section_table_end = .
 *(SORT_BY_ALIGNMENT(.after_vectors*))
 .after_vectors.reset
                0x000001d4       0x4c ./SDK/startup/startup_mk64f12.o
                0x000001d4                ResetISR
 .after_vectors.init_data
                0x00000220       0x1e ./SDK/startup/startup_mk64f12.o
                0x00000220                data_init
 .after_vectors.init_bss
                0x0000023e       0x12 ./SDK/startup/startup_mk64f12.o
                0x0000023e                bss_init
 .after_vectors
                0x00000250       0x14 ./SDK/startup/startup_mk64f12.o
                0x00000250                NMI_Handler
                0x00000254                MemManage_Handler
                0x00000256                BusFault_Handler
                0x00000258                UsageFault_Handler
                0x0000025a                SVC_Handler
                0x0000025c                DebugMon_Handler
                0x0000025e                PendSV_Handler
                0x00000262                DMA_Error_DriverIRQHandler
                0x00000262                LPTMR0_DriverIRQHandler
                0x00000262                FTM1_DriverIRQHandler
                0x00000262                FTM2_DriverIRQHandler
                0x00000262                PIT2_DriverIRQHandler
                0x00000262                SDHC_DriverIRQHandler
                0x00000262                I2S0_Tx_DriverIRQHandler
                0x00000262                RTC_Seconds_DriverIRQHandler
                0x00000262                DMA6_DriverIRQHandler
                0x00000262                LLWU_DriverIRQHandler
                0x00000262                MCM_DriverIRQHandler
                0x00000262                MCG_DriverIRQHandler
                0x00000262                ENET_1588_Timer_DriverIRQHandler
                0x00000262                I2C2_DriverIRQHandler
                0x00000262                DAC1_DriverIRQHandler
                0x00000262                SPI1_DriverIRQHandler
                0x00000262                CMP1_DriverIRQHandler
                0x00000262                UART5_RX_TX_DriverIRQHandler
                0x00000262                FTM0_DriverIRQHandler
                0x00000262                IntDefaultHandler
                0x00000262                USB0_DriverIRQHandler
                0x00000262                UART5_ERR_DriverIRQHandler
                0x00000262                PORTC_DriverIRQHandler
                0x00000262                DMA11_DriverIRQHandler
                0x00000262                DAC0_DriverIRQHandler
                0x00000262                DMA10_DriverIRQHandler
                0x00000262                CMP2_DriverIRQHandler
                0x00000262                UART2_ERR_DriverIRQHandler
                0x00000262                SPI2_DriverIRQHandler
                0x00000262                LVD_LVW_DriverIRQHandler
                0x00000262                PIT0_DriverIRQHandler
                0x00000262                RNG_DriverIRQHandler
                0x00000262                DMA5_DriverIRQHandler
                0x00000262                DMA12_DriverIRQHandler
                0x00000262                UART2_RX_TX_DriverIRQHandler
                0x00000262                USBDCD_DriverIRQHandler
                0x00000262                UART3_ERR_DriverIRQHandler
                0x00000262                DMA3_DriverIRQHandler
                0x00000262                DMA8_DriverIRQHandler
                0x00000262                DMA9_DriverIRQHandler
                0x00000262                UART0_ERR_DriverIRQHandler
                0x00000262                CMT_DriverIRQHandler
                0x00000262                Reserved71_DriverIRQHandler
                0x00000262                ADC1_DriverIRQHandler
                0x00000262                PORTA_DriverIRQHandler
                0x00000262                DMA14_DriverIRQHandler
                0x00000262                PIT3_DriverIRQHandler
                0x00000262                PIT1_DriverIRQHandler
                0x00000262                WDOG_EWM_DriverIRQHandler
                0x00000262                PDB0_DriverIRQHandler
                0x00000262                RTC_DriverIRQHandler
                0x00000262                I2S0_Rx_DriverIRQHandler
                0x00000262                Read_Collision_DriverIRQHandler
                0x00000262                SWI_DriverIRQHandler
                0x00000262                UART4_RX_TX_DriverIRQHandler
                0x00000262                UART4_ERR_DriverIRQHandler
                0x00000262                PORTB_DriverIRQHandler
                0x00000262                UART0_LON_DriverIRQHandler
                0x00000262                DMA0_DriverIRQHandler
                0x00000262                DMA1_DriverIRQHandler
                0x00000262                I2C1_DriverIRQHandler
                0x00000262                UART3_RX_TX_DriverIRQHandler
                0x00000262                ENET_Receive_DriverIRQHandler
                0x00000262                DMA13_DriverIRQHandler
                0x00000262                ENET_Error_DriverIRQHandler
                0x00000262                DMA15_DriverIRQHandler
                0x00000262                UART0_RX_TX_DriverIRQHandler
                0x00000262                SPI0_DriverIRQHandler
                0x00000262                ADC0_DriverIRQHandler
                0x00000262                CMP0_DriverIRQHandler
                0x00000262                CAN0_DriverIRQHandler
                0x00000262                FTM3_DriverIRQHandler
                0x00000262                DMA4_DriverIRQHandler
                0x00000262                UART1_ERR_DriverIRQHandler
                0x00000262                DMA2_DriverIRQHandler
                0x00000262                ENET_Transmit_DriverIRQHandler
                0x00000262                PORTD_DriverIRQHandler
                0x00000262                PORTE_DriverIRQHandler
                0x00000262                FTFE_DriverIRQHandler
                0x00000262                I2C0_DriverIRQHandler
                0x00000262                DMA7_DriverIRQHandler
                0x00000262                UART1_RX_TX_DriverIRQHandler
                0x00000400                . = 0x400
 *fill*         0x00000264      0x19c ff
                0x00000400                PROVIDE (__FLASH_CONFIG_START__, .)
 *(SORT_BY_ALIGNMENT(.FlashConfig))
 .FlashConfig   0x00000400       0x10 ./SDK/startup/startup_mk64f12.o
                0x00000400                Flash_Config
                0x00000410                PROVIDE (__FLASH_CONFIG_END__, .)
                0x00000001                ASSERT (! ((__FLASH_CONFIG_START__ == __FLASH_CONFIG_END__)), Linker Flash Config Support Enabled, but no .FlashConfig section provided within application)
 *(SORT_BY_ALIGNMENT(.text*))
 .text.SysTick_Handler
                0x00000410       0x24 ./source/SysTick.o
                0x00000410                SysTick_Handler
 .text.gpioMode
                0x00000434      0x290 ./source/gpio.o
                0x00000434                gpioMode
 .text.PORTA_IRQHandler
                0x000006c4       0x48 ./source/gpio.o
                0x000006c4                PORTA_IRQHandler
 .text.PORTB_IRQHandler
                0x0000070c       0x48 ./source/gpio.o
                0x0000070c                PORTB_IRQHandler
 .text.PORTC_IRQHandler
                0x00000754       0x48 ./source/gpio.o
                0x00000754                PORTC_IRQHandler
 .text.PORTD_IRQHandler
                0x0000079c       0x48 ./source/gpio.o
                0x0000079c                PORTD_IRQHandler
 .text.PORTE_IRQHandler
                0x000007e4       0x48 ./source/gpio.o
                0x000007e4                PORTE_IRQHandler
 .text.hw_Init  0x0000082c      0x10c ./SDK/startup/hardware.o
                0x0000082c                hw_Init
 .text.hw_EnableInterrupts
                0x00000938       0x30 ./SDK/startup/hardware.o
                0x00000938                hw_EnableInterrupts
 .text.hw_DisableInterrupts
                0x00000968       0x20 ./SDK/startup/hardware.o
                0x00000968                hw_DisableInterrupts
 .text.SystemInit
                0x00000988       0x3c ./SDK/CMSIS/system_MK64F12.o
                0x00000988                SystemInit
 .text.App_Init
                0x000009c4       0x18 ./source/App.o
                0x000009c4                App_Init
 .text.App_Run  0x000009dc        0xe ./source/App.o
                0x000009dc                App_Run
 .text.main     0x000009ea       0x1a ./SDK/startup/main.o
                0x000009ea                main
 .text.HardFault_Handler
                0x00000a04       0x2c ./SDK/startup/semihost_hardfault.o
                0x00000a04                HardFault_Handler
 .text.DMA0_IRQHandler
                0x00000a30        0x8 ./SDK/startup/startup_mk64f12.o
                0x00000a30                DMA0_IRQHandler
 .text.DMA1_IRQHandler
                0x00000a38        0x8 ./SDK/startup/startup_mk64f12.o
                0x00000a38                DMA1_IRQHandler
 .text.DMA2_IRQHandler
                0x00000a40        0x8 ./SDK/startup/startup_mk64f12.o
                0x00000a40                DMA2_IRQHandler
 .text.DMA3_IRQHandler
                0x00000a48        0x8 ./SDK/startup/startup_mk64f12.o
                0x00000a48                DMA3_IRQHandler
 .text.DMA4_IRQHandler
                0x00000a50        0x8 ./SDK/startup/startup_mk64f12.o
                0x00000a50                DMA4_IRQHandler
 .text.DMA5_IRQHandler
                0x00000a58        0x8 ./SDK/startup/startup_mk64f12.o
                0x00000a58                DMA5_IRQHandler
 .text.DMA6_IRQHandler
                0x00000a60        0x8 ./SDK/startup/startup_mk64f12.o
                0x00000a60                DMA6_IRQHandler
 .text.DMA7_IRQHandler
                0x00000a68        0x8 ./SDK/startup/startup_mk64f12.o
                0x00000a68                DMA7_IRQHandler
 .text.DMA8_IRQHandler
                0x00000a70        0x8 ./SDK/startup/startup_mk64f12.o
                0x00000a70                DMA8_IRQHandler
 .text.DMA9_IRQHandler
                0x00000a78        0x8 ./SDK/startup/startup_mk64f12.o
                0x00000a78                DMA9_IRQHandler
 .text.DMA10_IRQHandler
                0x00000a80        0x8 ./SDK/startup/startup_mk64f12.o
                0x00000a80                DMA10_IRQHandler
 .text.DMA11_IRQHandler
                0x00000a88        0x8 ./SDK/startup/startup_mk64f12.o
                0x00000a88                DMA11_IRQHandler
 .text.DMA12_IRQHandler
                0x00000a90        0x8 ./SDK/startup/startup_mk64f12.o
                0x00000a90                DMA12_IRQHandler
 .text.DMA13_IRQHandler
                0x00000a98        0x8 ./SDK/startup/startup_mk64f12.o
                0x00000a98                DMA13_IRQHandler
 .text.DMA14_IRQHandler
                0x00000aa0        0x8 ./SDK/startup/startup_mk64f12.o
                0x00000aa0                DMA14_IRQHandler
 .text.DMA15_IRQHandler
                0x00000aa8        0x8 ./SDK/startup/startup_mk64f12.o
                0x00000aa8                DMA15_IRQHandler
 .text.DMA_Error_IRQHandler
                0x00000ab0        0x8 ./SDK/startup/startup_mk64f12.o
                0x00000ab0                DMA_Error_IRQHandler
 .text.MCM_IRQHandler
                0x00000ab8        0x8 ./SDK/startup/startup_mk64f12.o
                0x00000ab8                MCM_IRQHandler
 .text.FTFE_IRQHandler
                0x00000ac0        0x8 ./SDK/startup/startup_mk64f12.o
                0x00000ac0                FTFE_IRQHandler
 .text.Read_Collision_IRQHandler
                0x00000ac8        0x8 ./SDK/startup/startup_mk64f12.o
                0x00000ac8                Read_Collision_IRQHandler
 .text.LVD_LVW_IRQHandler
                0x00000ad0        0x8 ./SDK/startup/startup_mk64f12.o
                0x00000ad0                LVD_LVW_IRQHandler
 .text.LLWU_IRQHandler
                0x00000ad8        0x8 ./SDK/startup/startup_mk64f12.o
                0x00000ad8                LLWU_IRQHandler
 .text.WDOG_EWM_IRQHandler
                0x00000ae0        0x8 ./SDK/startup/startup_mk64f12.o
                0x00000ae0                WDOG_EWM_IRQHandler
 .text.RNG_IRQHandler
                0x00000ae8        0x8 ./SDK/startup/startup_mk64f12.o
                0x00000ae8                RNG_IRQHandler
 .text.I2C0_IRQHandler
                0x00000af0        0x8 ./SDK/startup/startup_mk64f12.o
                0x00000af0                I2C0_IRQHandler
 .text.I2C1_IRQHandler
                0x00000af8        0x8 ./SDK/startup/startup_mk64f12.o
                0x00000af8                I2C1_IRQHandler
 .text.SPI0_IRQHandler
                0x00000b00        0x8 ./SDK/startup/startup_mk64f12.o
                0x00000b00                SPI0_IRQHandler
 .text.SPI1_IRQHandler
                0x00000b08        0x8 ./SDK/startup/startup_mk64f12.o
                0x00000b08                SPI1_IRQHandler
 .text.I2S0_Tx_IRQHandler
                0x00000b10        0x8 ./SDK/startup/startup_mk64f12.o
                0x00000b10                I2S0_Tx_IRQHandler
 .text.I2S0_Rx_IRQHandler
                0x00000b18        0x8 ./SDK/startup/startup_mk64f12.o
                0x00000b18                I2S0_Rx_IRQHandler
 .text.UART0_LON_IRQHandler
                0x00000b20        0x8 ./SDK/startup/startup_mk64f12.o
                0x00000b20                UART0_LON_IRQHandler
 .text.UART0_RX_TX_IRQHandler
                0x00000b28        0x8 ./SDK/startup/startup_mk64f12.o
                0x00000b28                UART0_RX_TX_IRQHandler
 .text.UART0_ERR_IRQHandler
                0x00000b30        0x8 ./SDK/startup/startup_mk64f12.o
                0x00000b30                UART0_ERR_IRQHandler
 .text.UART1_RX_TX_IRQHandler
                0x00000b38        0x8 ./SDK/startup/startup_mk64f12.o
                0x00000b38                UART1_RX_TX_IRQHandler
 .text.UART1_ERR_IRQHandler
                0x00000b40        0x8 ./SDK/startup/startup_mk64f12.o
                0x00000b40                UART1_ERR_IRQHandler
 .text.UART2_RX_TX_IRQHandler
                0x00000b48        0x8 ./SDK/startup/startup_mk64f12.o
                0x00000b48                UART2_RX_TX_IRQHandler
 .text.UART2_ERR_IRQHandler
                0x00000b50        0x8 ./SDK/startup/startup_mk64f12.o
                0x00000b50                UART2_ERR_IRQHandler
 .text.UART3_RX_TX_IRQHandler
                0x00000b58        0x8 ./SDK/startup/startup_mk64f12.o
                0x00000b58                UART3_RX_TX_IRQHandler
 .text.UART3_ERR_IRQHandler
                0x00000b60        0x8 ./SDK/startup/startup_mk64f12.o
                0x00000b60                UART3_ERR_IRQHandler
 .text.ADC0_IRQHandler
                0x00000b68        0x8 ./SDK/startup/startup_mk64f12.o
                0x00000b68                ADC0_IRQHandler
 .text.CMP0_IRQHandler
                0x00000b70        0x8 ./SDK/startup/startup_mk64f12.o
                0x00000b70                CMP0_IRQHandler
 .text.CMP1_IRQHandler
                0x00000b78        0x8 ./SDK/startup/startup_mk64f12.o
                0x00000b78                CMP1_IRQHandler
 .text.FTM0_IRQHandler
                0x00000b80        0x8 ./SDK/startup/startup_mk64f12.o
                0x00000b80                FTM0_IRQHandler
 .text.FTM1_IRQHandler
                0x00000b88        0x8 ./SDK/startup/startup_mk64f12.o
                0x00000b88                FTM1_IRQHandler
 .text.FTM2_IRQHandler
                0x00000b90        0x8 ./SDK/startup/startup_mk64f12.o
                0x00000b90                FTM2_IRQHandler
 .text.CMT_IRQHandler
                0x00000b98        0x8 ./SDK/startup/startup_mk64f12.o
                0x00000b98                CMT_IRQHandler
 .text.RTC_IRQHandler
                0x00000ba0        0x8 ./SDK/startup/startup_mk64f12.o
                0x00000ba0                RTC_IRQHandler
 .text.RTC_Seconds_IRQHandler
                0x00000ba8        0x8 ./SDK/startup/startup_mk64f12.o
                0x00000ba8                RTC_Seconds_IRQHandler
 .text.PIT0_IRQHandler
                0x00000bb0        0x8 ./SDK/startup/startup_mk64f12.o
                0x00000bb0                PIT0_IRQHandler
 .text.PIT1_IRQHandler
                0x00000bb8        0x8 ./SDK/startup/startup_mk64f12.o
                0x00000bb8                PIT1_IRQHandler
 .text.PIT2_IRQHandler
                0x00000bc0        0x8 ./SDK/startup/startup_mk64f12.o
                0x00000bc0                PIT2_IRQHandler
 .text.PIT3_IRQHandler
                0x00000bc8        0x8 ./SDK/startup/startup_mk64f12.o
                0x00000bc8                PIT3_IRQHandler
 .text.PDB0_IRQHandler
                0x00000bd0        0x8 ./SDK/startup/startup_mk64f12.o
                0x00000bd0                PDB0_IRQHandler
 .text.USB0_IRQHandler
                0x00000bd8        0x8 ./SDK/startup/startup_mk64f12.o
                0x00000bd8                USB0_IRQHandler
 .text.USBDCD_IRQHandler
                0x00000be0        0x8 ./SDK/startup/startup_mk64f12.o
                0x00000be0                USBDCD_IRQHandler
 .text.Reserved71_IRQHandler
                0x00000be8        0x8 ./SDK/startup/startup_mk64f12.o
                0x00000be8                Reserved71_IRQHandler
 .text.DAC0_IRQHandler
                0x00000bf0        0x8 ./SDK/startup/startup_mk64f12.o
                0x00000bf0                DAC0_IRQHandler
 .text.MCG_IRQHandler
                0x00000bf8        0x8 ./SDK/startup/startup_mk64f12.o
                0x00000bf8                MCG_IRQHandler
 .text.LPTMR0_IRQHandler
                0x00000c00        0x8 ./SDK/startup/startup_mk64f12.o
                0x00000c00                LPTMR0_IRQHandler
 .text.SWI_IRQHandler
                0x00000c08        0x8 ./SDK/startup/startup_mk64f12.o
                0x00000c08                SWI_IRQHandler
 .text.SPI2_IRQHandler
                0x00000c10        0x8 ./SDK/startup/startup_mk64f12.o
                0x00000c10                SPI2_IRQHandler
 .text.UART4_RX_TX_IRQHandler
                0x00000c18        0x8 ./SDK/startup/startup_mk64f12.o
                0x00000c18                UART4_RX_TX_IRQHandler
 .text.UART4_ERR_IRQHandler
                0x00000c20        0x8 ./SDK/startup/startup_mk64f12.o
                0x00000c20                UART4_ERR_IRQHandler
 .text.UART5_RX_TX_IRQHandler
                0x00000c28        0x8 ./SDK/startup/startup_mk64f12.o
                0x00000c28                UART5_RX_TX_IRQHandler
 .text.UART5_ERR_IRQHandler
                0x00000c30        0x8 ./SDK/startup/startup_mk64f12.o
                0x00000c30                UART5_ERR_IRQHandler
 .text.CMP2_IRQHandler
                0x00000c38        0x8 ./SDK/startup/startup_mk64f12.o
                0x00000c38                CMP2_IRQHandler
 .text.FTM3_IRQHandler
                0x00000c40        0x8 ./SDK/startup/startup_mk64f12.o
                0x00000c40                FTM3_IRQHandler
 .text.DAC1_IRQHandler
                0x00000c48        0x8 ./SDK/startup/startup_mk64f12.o
                0x00000c48                DAC1_IRQHandler
 .text.ADC1_IRQHandler
                0x00000c50        0x8 ./SDK/startup/startup_mk64f12.o
                0x00000c50                ADC1_IRQHandler
 .text.I2C2_IRQHandler
                0x00000c58        0x8 ./SDK/startup/startup_mk64f12.o
                0x00000c58                I2C2_IRQHandler
 .text.CAN0_ORed_Message_buffer_IRQHandler
                0x00000c60        0x8 ./SDK/startup/startup_mk64f12.o
                0x00000c60                CAN0_ORed_Message_buffer_IRQHandler
 .text.CAN0_Bus_Off_IRQHandler
                0x00000c68        0x8 ./SDK/startup/startup_mk64f12.o
                0x00000c68                CAN0_Bus_Off_IRQHandler
 .text.CAN0_Error_IRQHandler
                0x00000c70        0x8 ./SDK/startup/startup_mk64f12.o
                0x00000c70                CAN0_Error_IRQHandler
 .text.CAN0_Tx_Warning_IRQHandler
                0x00000c78        0x8 ./SDK/startup/startup_mk64f12.o
                0x00000c78                CAN0_Tx_Warning_IRQHandler
 .text.CAN0_Rx_Warning_IRQHandler
                0x00000c80        0x8 ./SDK/startup/startup_mk64f12.o
                0x00000c80                CAN0_Rx_Warning_IRQHandler
 .text.CAN0_Wake_Up_IRQHandler
                0x00000c88        0x8 ./SDK/startup/startup_mk64f12.o
                0x00000c88                CAN0_Wake_Up_IRQHandler
 .text.SDHC_IRQHandler
                0x00000c90        0x8 ./SDK/startup/startup_mk64f12.o
                0x00000c90                SDHC_IRQHandler
 .text.ENET_1588_Timer_IRQHandler
                0x00000c98        0x8 ./SDK/startup/startup_mk64f12.o
                0x00000c98                ENET_1588_Timer_IRQHandler
 .text.ENET_Transmit_IRQHandler
                0x00000ca0        0x8 ./SDK/startup/startup_mk64f12.o
                0x00000ca0                ENET_Transmit_IRQHandler
 .text.ENET_Receive_IRQHandler
                0x00000ca8        0x8 ./SDK/startup/startup_mk64f12.o
                0x00000ca8                ENET_Receive_IRQHandler
 .text.ENET_Error_IRQHandler
                0x00000cb0        0x8 ./SDK/startup/startup_mk64f12.o
                0x00000cb0                ENET_Error_IRQHandler
 .text.SystemInitHook
                0x00000cb8        0xe ./SDK/CMSIS/system_MK64F12.o
                0x00000cb8                SystemInitHook
 *(SORT_BY_ALIGNMENT(.rodata) SORT_BY_ALIGNMENT(.rodata.*) SORT_BY_ALIGNMENT(.constdata) SORT_BY_ALIGNMENT(.constdata.*))
                0x00000cc8                . = ALIGN (0x8)
 *fill*         0x00000cc6        0x2 ff

.glue_7         0x00000cc8        0x0
 .glue_7        0x00000cc8        0x0 linker stubs

.glue_7t        0x00000cc8        0x0
 .glue_7t       0x00000cc8        0x0 linker stubs

.vfp11_veneer   0x00000cc8        0x0
 .vfp11_veneer  0x00000cc8        0x0 linker stubs

.v4_bx          0x00000cc8        0x0
 .v4_bx         0x00000cc8        0x0 linker stubs

.iplt           0x00000cc8        0x0
 .iplt          0x00000cc8        0x0 ./source/App.o

.rel.dyn        0x00000cc8        0x0
 .rel.iplt      0x00000cc8        0x0 ./source/App.o

.ARM.extab
 *(SORT_BY_ALIGNMENT(.ARM.extab*) SORT_BY_ALIGNMENT(.gnu.linkonce.armextab.*))
                0x00000cc8                __exidx_start = .

.ARM.exidx
 *(SORT_BY_ALIGNMENT(.ARM.exidx*) SORT_BY_ALIGNMENT(.gnu.linkonce.armexidx.*))
                0x00000cc8                __exidx_end = .
                0x00000cc8                _etext = .

.m_usb_data
 *(SORT_BY_ALIGNMENT(m_usb_bdt))

.data_RAM2      0x1fff0000        0x0 load address 0x00000cc8
 FILL mask 0xff
                [!provide]                PROVIDE (__start_data_RAM2, .)
 *(SORT_BY_ALIGNMENT(.ramfunc.$RAM2))
 *(SORT_BY_ALIGNMENT(.ramfunc.$SRAM_LOWER))
 *(SORT_BY_ALIGNMENT(.data.$RAM2*))
 *(SORT_BY_ALIGNMENT(.data.$SRAM_LOWER*))
                0x1fff0000                . = ALIGN (0x8)
                [!provide]                PROVIDE (__end_data_RAM2, .)

.data_RAM3      0x14000000        0x0 load address 0x00000cc8
 FILL mask 0xff
                [!provide]                PROVIDE (__start_data_RAM3, .)
 *(SORT_BY_ALIGNMENT(.ramfunc.$RAM3))
 *(SORT_BY_ALIGNMENT(.ramfunc.$FLEX_RAM))
 *(SORT_BY_ALIGNMENT(.data.$RAM3*))
 *(SORT_BY_ALIGNMENT(.data.$FLEX_RAM*))
                0x14000000                . = ALIGN (0x8)
                [!provide]                PROVIDE (__end_data_RAM3, .)

.uninit_RESERVED
                0x20000000        0x0
 *(SORT_BY_ALIGNMENT(.bss.$RESERVED*))
                0x20000000                . = ALIGN (0x4)
                0x20000000                _end_uninit_RESERVED = .

.data           0x20000000        0x0 load address 0x00000cc8
 FILL mask 0xff
                0x20000000                _data = .
 *(SORT_BY_ALIGNMENT(vtable))
 *(SORT_BY_ALIGNMENT(.ramfunc*))
 *(SORT_BY_ALIGNMENT(.data*))
                0x20000000                . = ALIGN (0x8)
                0x20000000                _edata = .

.igot.plt       0x20000000        0x0 load address 0x00000cc8
 .igot.plt      0x20000000        0x0 ./source/App.o

.bss_RAM2       0x1fff0000        0x0
                [!provide]                PROVIDE (__start_bss_RAM2, .)
 *(SORT_BY_ALIGNMENT(.bss.$RAM2*))
 *(SORT_BY_ALIGNMENT(.bss.$SRAM_LOWER*))
                0x1fff0000                . = ALIGN ((. != 0x0)?0x8:0x1)
                [!provide]                PROVIDE (__end_bss_RAM2, .)

.bss_RAM3       0x14000000        0x0
                [!provide]                PROVIDE (__start_bss_RAM3, .)
 *(SORT_BY_ALIGNMENT(.bss.$RAM3*))
 *(SORT_BY_ALIGNMENT(.bss.$FLEX_RAM*))
                0x14000000                . = ALIGN ((. != 0x0)?0x8:0x1)
                [!provide]                PROVIDE (__end_bss_RAM3, .)

.bss            0x20000000       0x28
                0x20000000                _bss = .
 *(SORT_BY_ALIGNMENT(.bss*))
 .bss.systick_irqfun
                0x20000000        0x4 ./source/SysTick.o
                0x20000000                systick_irqfun
 .bss.irq_data  0x20000004       0x1c ./source/gpio.o
                0x20000004                irq_data
 .bss.__LDM_interruptDisableCount
                0x20000020        0x4 ./SDK/startup/hardware.o
 *(SORT_BY_ALIGNMENT(COMMON))
                0x20000028                . = ALIGN (0x8)
 *fill*         0x20000024        0x4 
                0x20000028                _ebss = .
                [!provide]                PROVIDE (end, .)

.noinit_RAM2    0x1fff0000        0x0
 *(SORT_BY_ALIGNMENT(.noinit.$RAM2*))
 *(SORT_BY_ALIGNMENT(.noinit.$SRAM_LOWER*))
                0x1fff0000                . = ALIGN (0x8)

.noinit_RAM3    0x14000000        0x0
 *(SORT_BY_ALIGNMENT(.noinit.$RAM3*))
 *(SORT_BY_ALIGNMENT(.noinit.$FLEX_RAM*))
                0x14000000                . = ALIGN (0x8)

.noinit         0x20000028        0x0
                0x20000028                _noinit = .
 *(SORT_BY_ALIGNMENT(.noinit*))
                0x20000028                . = ALIGN (0x8)
                0x20000028                _end_noinit = .
                0x00001000                _HeapSize = 0x1000

.heap           0x20000028     0x1000
                0x20000028                _pvHeapStart = .
                0x20001028                . = (. + _HeapSize)
 *fill*         0x20000028     0x1000 
                0x20001028                . = ALIGN (0x8)
                0x20001028                _pvHeapLimit = .
                0x00001000                _StackSize = 0x1000

.heap2stackfill
                0x20001028     0x1000
                0x20002028                . = (. + _StackSize)
 *fill*         0x20001028     0x1000 

.stack          0x2002f000        0x0
                0x2002f000                _vStackBase = .
                0x2002f000                . = ALIGN (0x8)
                0x20030000                _vStackTop = (. + _StackSize)
                0x00000000                _image_start = LOADADDR (.text)
                0x00000cc8                _image_end = (LOADADDR (.data) + SIZEOF (.data))
                0x00000cc8                _image_size = (_image_end - _image_start)
OUTPUT(Entrega Final.axf elf32-littlearm)

.debug_info     0x00000000     0x2a60
 .debug_info    0x00000000      0x986 ./source/App.o
 .debug_info    0x00000986      0x160 ./source/SysTick.o
 .debug_info    0x00000ae6      0x967 ./source/gpio.o
 .debug_info    0x0000144d      0x675 ./SDK/startup/hardware.o
 .debug_info    0x00001ac2       0xb7 ./SDK/startup/main.o
 .debug_info    0x00001b79       0x3b ./SDK/startup/semihost_hardfault.o
 .debug_info    0x00001bb4      0x8b0 ./SDK/startup/startup_mk64f12.o
 .debug_info    0x00002464      0x5fc ./SDK/CMSIS/system_MK64F12.o

.debug_abbrev   0x00000000      0x9f1
 .debug_abbrev  0x00000000      0x247 ./source/App.o
 .debug_abbrev  0x00000247      0x102 ./source/SysTick.o
 .debug_abbrev  0x00000349      0x229 ./source/gpio.o
 .debug_abbrev  0x00000572      0x138 ./SDK/startup/hardware.o
 .debug_abbrev  0x000006aa       0x7d ./SDK/startup/main.o
 .debug_abbrev  0x00000727       0x2f ./SDK/startup/semihost_hardfault.o
 .debug_abbrev  0x00000756      0x15c ./SDK/startup/startup_mk64f12.o
 .debug_abbrev  0x000008b2      0x13f ./SDK/CMSIS/system_MK64F12.o

.debug_aranges  0x00000000      0x4a8
 .debug_aranges
                0x00000000       0x40 ./source/App.o
 .debug_aranges
                0x00000040       0x28 ./source/SysTick.o
 .debug_aranges
                0x00000068       0x70 ./source/gpio.o
 .debug_aranges
                0x000000d8       0x30 ./SDK/startup/hardware.o
 .debug_aranges
                0x00000108       0x20 ./SDK/startup/main.o
 .debug_aranges
                0x00000128       0x20 ./SDK/startup/semihost_hardfault.o
 .debug_aranges
                0x00000148      0x330 ./SDK/startup/startup_mk64f12.o
 .debug_aranges
                0x00000478       0x30 ./SDK/CMSIS/system_MK64F12.o

.debug_ranges   0x00000000      0x428
 .debug_ranges  0x00000000       0x30 ./source/App.o
 .debug_ranges  0x00000030       0x18 ./source/SysTick.o
 .debug_ranges  0x00000048       0x60 ./source/gpio.o
 .debug_ranges  0x000000a8       0x20 ./SDK/startup/hardware.o
 .debug_ranges  0x000000c8       0x10 ./SDK/startup/main.o
 .debug_ranges  0x000000d8       0x10 ./SDK/startup/semihost_hardfault.o
 .debug_ranges  0x000000e8      0x320 ./SDK/startup/startup_mk64f12.o
 .debug_ranges  0x00000408       0x20 ./SDK/CMSIS/system_MK64F12.o

.debug_macro    0x00000000    0x117ca
 .debug_macro   0x00000000      0x250 ./source/App.o
 .debug_macro   0x00000250       0x3a ./source/App.o
 .debug_macro   0x0000028a       0x34 ./source/App.o
 .debug_macro   0x000002be       0x10 ./source/App.o
 .debug_macro   0x000002ce       0x10 ./source/App.o
 .debug_macro   0x000002de       0x5c ./source/App.o
 .debug_macro   0x0000033a       0x1c ./source/App.o
 .debug_macro   0x00000356       0x22 ./source/App.o
 .debug_macro   0x00000378       0xdf ./source/App.o
 .debug_macro   0x00000457      0xecf ./source/App.o
 .debug_macro   0x00001326       0x48 ./source/App.o
 .debug_macro   0x0000136e     0xe07b ./source/App.o
 .debug_macro   0x0000f3e9     0x122b ./source/App.o
 .debug_macro   0x00010614       0x16 ./source/App.o
 .debug_macro   0x0001062a       0x22 ./source/App.o
 .debug_macro   0x0001064c       0x52 ./source/App.o
 .debug_macro   0x0001069e       0x17 ./source/App.o
 .debug_macro   0x000106b5       0x8d ./source/App.o
 .debug_macro   0x00010742       0x35 ./source/App.o
 .debug_macro   0x00010777       0x9c ./source/App.o
 .debug_macro   0x00010813       0x16 ./source/App.o
 .debug_macro   0x00010829       0x57 ./source/App.o
 .debug_macro   0x00010880       0x97 ./source/App.o
 .debug_macro   0x00010917      0x32a ./source/App.o
 .debug_macro   0x00010c41       0xfd ./source/App.o
 .debug_macro   0x00010d3e       0x10 ./source/App.o
 .debug_macro   0x00010d4e       0x58 ./source/App.o
 .debug_macro   0x00010da6       0x1f ./source/App.o
 .debug_macro   0x00010dc5       0x43 ./source/App.o
 .debug_macro   0x00010e08       0x20 ./source/App.o
 .debug_macro   0x00010e28      0x18e ./source/App.o
 .debug_macro   0x00010fb6       0x10 ./source/App.o
 .debug_macro   0x00010fc6       0x6a ./source/App.o
 .debug_macro   0x00011030       0x1c ./source/App.o
 .debug_macro   0x0001104c       0x52 ./source/App.o
 .debug_macro   0x0001109e       0x40 ./source/App.o
 .debug_macro   0x000110de       0x10 ./source/App.o
 .debug_macro   0x000110ee       0x40 ./source/App.o
 .debug_macro   0x0001112e       0xd7 ./source/App.o
 .debug_macro   0x00011205       0x1c ./source/App.o
 .debug_macro   0x00011221       0x3d ./source/App.o
 .debug_macro   0x0001125e       0x16 ./source/App.o
 .debug_macro   0x00011274      0x16f ./source/App.o
 .debug_macro   0x000113e3       0xc8 ./source/SysTick.o
 .debug_macro   0x000114ab       0x40 ./source/SysTick.o
 .debug_macro   0x000114eb       0x3a ./source/SysTick.o
 .debug_macro   0x00011525       0xb3 ./source/gpio.o
 .debug_macro   0x000115d8       0x9c ./SDK/startup/hardware.o
 .debug_macro   0x00011674       0x9c ./SDK/startup/main.o
 .debug_macro   0x00011710       0x11 ./SDK/startup/semihost_hardfault.o
 .debug_macro   0x00011721       0x29 ./SDK/startup/startup_mk64f12.o
 .debug_macro   0x0001174a       0x80 ./SDK/CMSIS/system_MK64F12.o

.debug_line     0x00000000     0x1507
 .debug_line    0x00000000      0x420 ./source/App.o
 .debug_line    0x00000420      0x1b2 ./source/SysTick.o
 .debug_line    0x000005d2      0x2f4 ./source/gpio.o
 .debug_line    0x000008c6      0x1d4 ./SDK/startup/hardware.o
 .debug_line    0x00000a9a      0x175 ./SDK/startup/main.o
 .debug_line    0x00000c0f       0x59 ./SDK/startup/semihost_hardfault.o
 .debug_line    0x00000c68      0x6d8 ./SDK/startup/startup_mk64f12.o
 .debug_line    0x00001340      0x1c7 ./SDK/CMSIS/system_MK64F12.o

.debug_str      0x00000000    0x7c7b9
 .debug_str     0x00000000    0x7b5e1 ./source/App.o
                              0x7b884 (size before relaxing)
 .debug_str     0x0007b5e1       0x69 ./source/SysTick.o
                              0x771d4 (size before relaxing)
 .debug_str     0x0007b64a      0x76f ./source/gpio.o
                              0x77820 (size before relaxing)
 .debug_str     0x0007bdb9      0x178 ./SDK/startup/hardware.o
                              0x7720f (size before relaxing)
 .debug_str     0x0007bf31       0x1b ./SDK/startup/main.o
                              0x76fe3 (size before relaxing)
 .debug_str     0x0007bf4c       0x36 ./SDK/startup/semihost_hardfault.o
                               0x2d4d (size before relaxing)
 .debug_str     0x0007bf82      0x7d5 ./SDK/startup/startup_mk64f12.o
                               0x35bb (size before relaxing)
 .debug_str     0x0007c757       0x62 ./SDK/CMSIS/system_MK64F12.o
                              0x7711e (size before relaxing)

.comment        0x00000000       0x7e
 .comment       0x00000000       0x7e ./source/App.o
                                 0x7f (size before relaxing)
 .comment       0x0000007e       0x7f ./source/SysTick.o
 .comment       0x0000007e       0x7f ./source/gpio.o
 .comment       0x0000007e       0x7f ./SDK/startup/hardware.o
 .comment       0x0000007e       0x7f ./SDK/startup/main.o
 .comment       0x0000007e       0x7f ./SDK/startup/semihost_hardfault.o
 .comment       0x0000007e       0x7f ./SDK/startup/startup_mk64f12.o
 .comment       0x0000007e       0x7f ./SDK/CMSIS/system_MK64F12.o

.ARM.attributes
                0x00000000       0x37
 .ARM.attributes
                0x00000000       0x39 ./source/App.o
 .ARM.attributes
                0x00000039       0x39 ./source/SysTick.o
 .ARM.attributes
                0x00000072       0x39 ./source/gpio.o
 .ARM.attributes
                0x000000ab       0x39 ./SDK/startup/hardware.o
 .ARM.attributes
                0x000000e4       0x39 ./SDK/startup/main.o
 .ARM.attributes
                0x0000011d       0x39 ./SDK/startup/semihost_hardfault.o
 .ARM.attributes
                0x00000156       0x39 ./SDK/startup/startup_mk64f12.o
 .ARM.attributes
                0x0000018f       0x39 ./SDK/CMSIS/system_MK64F12.o

.debug_frame    0x00000000      0xd1c
 .debug_frame   0x00000000       0xac ./source/App.o
 .debug_frame   0x000000ac       0x64 ./source/SysTick.o
 .debug_frame   0x00000110      0x1d8 ./source/gpio.o
 .debug_frame   0x000002e8       0x70 ./SDK/startup/hardware.o
 .debug_frame   0x00000358       0x2c ./SDK/startup/main.o
 .debug_frame   0x00000384       0x20 ./SDK/startup/semihost_hardfault.o
 .debug_frame   0x000003a4      0x904 ./SDK/startup/startup_mk64f12.o
 .debug_frame   0x00000ca8       0x74 ./SDK/CMSIS/system_MK64F12.o
