Archive member included to satisfy reference by file (symbol)

c:/nxp/mcuxpressoide_10.2.0_759/ide/tools/bin/../lib/gcc/arm-none-eabi/7.2.1/../../../../arm-none-eabi/lib/thumb/v7e-m/fpv4-sp/hard\libcr_c.a(memcpy.o)
                              ./source/CardReader.o (memcpy)
c:/nxp/mcuxpressoide_10.2.0_759/ide/tools/bin/../lib/gcc/arm-none-eabi/7.2.1/../../../../arm-none-eabi/lib/thumb/v7e-m/fpv4-sp/hard\libcr_c.a(fpprintf.o)
                              ./source/FSM_actions.o (printf)
c:/nxp/mcuxpressoide_10.2.0_759/ide/tools/bin/../lib/gcc/arm-none-eabi/7.2.1/../../../../arm-none-eabi/lib/thumb/v7e-m/fpv4-sp/hard\libcr_c.a(printf.o)
                              c:/nxp/mcuxpressoide_10.2.0_759/ide/tools/bin/../lib/gcc/arm-none-eabi/7.2.1/../../../../arm-none-eabi/lib/thumb/v7e-m/fpv4-sp/hard\libcr_c.a(fpprintf.o) (__vfprintf)
c:/nxp/mcuxpressoide_10.2.0_759/ide/tools/bin/../lib/gcc/arm-none-eabi/7.2.1/../../../../arm-none-eabi/lib/thumb/v7e-m/fpv4-sp/hard\libcr_c.a(strlen.o)
                              c:/nxp/mcuxpressoide_10.2.0_759/ide/tools/bin/../lib/gcc/arm-none-eabi/7.2.1/../../../../arm-none-eabi/lib/thumb/v7e-m/fpv4-sp/hard\libcr_c.a(printf.o) (strlen)
c:/nxp/mcuxpressoide_10.2.0_759/ide/tools/bin/../lib/gcc/arm-none-eabi/7.2.1/../../../../arm-none-eabi/lib/thumb/v7e-m/fpv4-sp/hard\libcr_c.a(memset.o)
                              c:/nxp/mcuxpressoide_10.2.0_759/ide/tools/bin/../lib/gcc/arm-none-eabi/7.2.1/../../../../arm-none-eabi/lib/thumb/v7e-m/fpv4-sp/hard\libcr_c.a(fpprintf.o) (memset)
c:/nxp/mcuxpressoide_10.2.0_759/ide/tools/bin/../lib/gcc/arm-none-eabi/7.2.1/../../../../arm-none-eabi/lib/thumb/v7e-m/fpv4-sp/hard\libcr_c.a(_deferredlazyseek.o)
                              c:/nxp/mcuxpressoide_10.2.0_759/ide/tools/bin/../lib/gcc/arm-none-eabi/7.2.1/../../../../arm-none-eabi/lib/thumb/v7e-m/fpv4-sp/hard\libcr_c.a(fpprintf.o) (__flsbuf)
c:/nxp/mcuxpressoide_10.2.0_759/ide/tools/bin/../lib/gcc/arm-none-eabi/7.2.1/../../../../arm-none-eabi/lib/thumb/v7e-m/fpv4-sp/hard\libcr_c.a(_fflush.o)
                              c:/nxp/mcuxpressoide_10.2.0_759/ide/tools/bin/../lib/gcc/arm-none-eabi/7.2.1/../../../../arm-none-eabi/lib/thumb/v7e-m/fpv4-sp/hard\libcr_c.a(_deferredlazyseek.o) (_fflush)
c:/nxp/mcuxpressoide_10.2.0_759/ide/tools/bin/../lib/gcc/arm-none-eabi/7.2.1/../../../../arm-none-eabi/lib/thumb/v7e-m/fpv4-sp/hard\libcr_c.a(_frexpl.o)
                              c:/nxp/mcuxpressoide_10.2.0_759/ide/tools/bin/../lib/gcc/arm-none-eabi/7.2.1/../../../../arm-none-eabi/lib/thumb/v7e-m/fpv4-sp/hard\libcr_c.a(fpprintf.o) (_frexpl)
c:/nxp/mcuxpressoide_10.2.0_759/ide/tools/bin/../lib/gcc/arm-none-eabi/7.2.1/../../../../arm-none-eabi/lib/thumb/v7e-m/fpv4-sp/hard\libcr_c.a(_ldexpl.o)
                              c:/nxp/mcuxpressoide_10.2.0_759/ide/tools/bin/../lib/gcc/arm-none-eabi/7.2.1/../../../../arm-none-eabi/lib/thumb/v7e-m/fpv4-sp/hard\libcr_c.a(fpprintf.o) (_ldexpl)
c:/nxp/mcuxpressoide_10.2.0_759/ide/tools/bin/../lib/gcc/arm-none-eabi/7.2.1/../../../../arm-none-eabi/lib/thumb/v7e-m/fpv4-sp/hard\libcr_c.a(_writebuf.o)
                              c:/nxp/mcuxpressoide_10.2.0_759/ide/tools/bin/../lib/gcc/arm-none-eabi/7.2.1/../../../../arm-none-eabi/lib/thumb/v7e-m/fpv4-sp/hard\libcr_c.a(_deferredlazyseek.o) (_Cwritebuf)
c:/nxp/mcuxpressoide_10.2.0_759/ide/tools/bin/../lib/gcc/arm-none-eabi/7.2.1/../../../../arm-none-eabi/lib/thumb/v7e-m/fpv4-sp/hard\libcr_c.a(alloc.o)
                              c:/nxp/mcuxpressoide_10.2.0_759/ide/tools/bin/../lib/gcc/arm-none-eabi/7.2.1/../../../../arm-none-eabi/lib/thumb/v7e-m/fpv4-sp/hard\libcr_c.a(fpprintf.o) (malloc)
c:/nxp/mcuxpressoide_10.2.0_759/ide/tools/bin/../lib/gcc/arm-none-eabi/7.2.1/../../../../arm-none-eabi/lib/thumb/v7e-m/fpv4-sp/hard\libcr_c.a(errno.o)
                              c:/nxp/mcuxpressoide_10.2.0_759/ide/tools/bin/../lib/gcc/arm-none-eabi/7.2.1/../../../../arm-none-eabi/lib/thumb/v7e-m/fpv4-sp/hard\libcr_c.a(_ldexpl.o) (errno)
c:/nxp/mcuxpressoide_10.2.0_759/ide/tools/bin/../lib/gcc/arm-none-eabi/7.2.1/../../../../arm-none-eabi/lib/thumb/v7e-m/fpv4-sp/hard\libcr_c.a(fseek.o)
                              c:/nxp/mcuxpressoide_10.2.0_759/ide/tools/bin/../lib/gcc/arm-none-eabi/7.2.1/../../../../arm-none-eabi/lib/thumb/v7e-m/fpv4-sp/hard\libcr_c.a(_deferredlazyseek.o) (fseek)
c:/nxp/mcuxpressoide_10.2.0_759/ide/tools/bin/../lib/gcc/arm-none-eabi/7.2.1/../../../../arm-none-eabi/lib/thumb/v7e-m/fpv4-sp/hard\libcr_c.a(ftell.o)
                              c:/nxp/mcuxpressoide_10.2.0_759/ide/tools/bin/../lib/gcc/arm-none-eabi/7.2.1/../../../../arm-none-eabi/lib/thumb/v7e-m/fpv4-sp/hard\libcr_c.a(fseek.o) (ftell)
c:/nxp/mcuxpressoide_10.2.0_759/ide/tools/bin/../lib/gcc/arm-none-eabi/7.2.1/../../../../arm-none-eabi/lib/thumb/v7e-m/fpv4-sp/hard\libcr_c.a(__init_alloc.o)
[...]
Memory Configuration

Name             Origin             Length             Attributes
PROGRAM_FLASH    0x00000000         0x00100000         xr
SRAM_UPPER       0x20000000         0x00030000         xrw
SRAM_LOWER       0x1fff0000         0x00010000         xrw
FLEX_RAM         0x14000000         0x00001000         xrw
*default*        0x00000000         0xffffffff

Linker script and memory map

LOAD ./source/AdminID.o
LOAD ./source/App.o
LOAD ./source/CardReader.o
LOAD ./source/CardReaderDecoder.o
LOAD ./source/CardReaderHAL.o
LOAD ./source/EncoderHandler.o
LOAD ./source/FSM.o
LOAD ./source/FSMTABLE.o
LOAD ./source/FSM_actions.o
LOAD ./source/SysTick.o
LOAD ./source/boardLed.o
LOAD ./source/displayLed.o
LOAD ./source/displayManager.o
LOAD ./source/displaySegment.o
LOAD ./source/door.o
LOAD ./source/encoder.o
LOAD ./source/encoderEvent.o
LOAD ./source/encoderHal.o
LOAD ./source/gpio.o
LOAD ./source/timer.o
LOAD ./SDK/startup/hardware.o
LOAD ./SDK/startup/main.o
LOAD ./SDK/startup/semihost_hardfault.o
LOAD ./SDK/startup/startup_mk64f12.o
LOAD ./SDK/CMSIS/system_MK64F12.o
START GROUP
LOAD c:/nxp/mcuxpressoide_10.2.0_759/ide/tools/bin/../lib/gcc/arm-none-eabi/7.2.1/../../../../arm-none-eabi/lib/thumb/v7e-m/fpv4-sp/hard\libcr_c.a
LOAD c:/nxp/mcuxpressoide_10.2.0_759/ide/tools/bin/../lib/gcc/arm-none-eabi/7.2.1/thumb/v7e-m/fpv4-sp/hard\libcr_eabihelpers.a
END GROUP
                0x00000000                __base_PROGRAM_FLASH = 0x0
                0x00000000                __base_Flash = 0x0
                0x00100000                __top_PROGRAM_FLASH = 0x100000
                0x00100000                __top_Flash = 0x100000
                0x20000000                __base_SRAM_UPPER = 0x20000000
                0x20000000                __base_RAM = 0x20000000
                0x20030000                __top_SRAM_UPPER = 0x20030000
                0x20030000                __top_RAM = 0x20030000
                0x1fff0000                __base_SRAM_LOWER = 0x1fff0000
                0x1fff0000                __base_RAM2 = 0x1fff0000
                0x20000000                __top_SRAM_LOWER = 0x20000000
                0x20000000                __top_RAM2 = 0x20000000
                0x14000000                __base_FLEX_RAM = 0x14000000
                0x14000000                __base_RAM3 = 0x14000000
                0x14001000                __top_FLEX_RAM = 0x14001000
                0x14001000                __top_RAM3 = 0x14001000

.text           0x00000000      0xc88
 FILL mask 0xff
                0x00000000                __vectors_start__ = ABSOLUTE (.)
 *(SORT_BY_ALIGNMENT(.isr_vector))
 .isr_vector    0x00000000      0x198 ./SDK/startup/startup_mk64f12.o
                0x00000000                g_pfnVectors
                0x00000000                __Vectors
                0x00000198                . = ALIGN (0x4)
                0x00000198                __section_table_start = .
                0x00000198                __data_section_table = .
                0x00000198        0x4 LONG 0xc88 LOADADDR (.data)
                0x0000019c        0x4 LONG 0x20000000 ADDR (.data)
                0x000001a0        0x4 LONG 0x0 SIZEOF (.data)
                0x000001a4        0x4 LONG 0xc88 LOADADDR (.data_RAM2)
                0x000001a8        0x4 LONG 0x1fff0000 ADDR (.data_RAM2)
                0x000001ac        0x4 LONG 0x0 SIZEOF (.data_RAM2)
                0x000001b0        0x4 LONG 0xc88 LOADADDR (.data_RAM3)
                0x000001b4        0x4 LONG 0x14000000 ADDR (.data_RAM3)
                0x000001b8        0x4 LONG 0x0 SIZEOF (.data_RAM3)
                0x000001bc                __data_section_table_end = .
                0x000001bc                __bss_section_table = .
                0x000001bc        0x4 LONG 0x20000000 ADDR (.bss)
                0x000001c0        0x4 LONG 0x288 SIZEOF (.bss)
                0x000001c4        0x4 LONG 0x1fff0000 ADDR (.bss_RAM2)
                0x000001c8        0x4 LONG 0x0 SIZEOF (.bss_RAM2)
                0x000001cc        0x4 LONG 0x14000000 ADDR (.bss_RAM3)
                0x000001d0        0x4 LONG 0x0 SIZEOF (.bss_RAM3)
                0x000001d4                __bss_section_table_end = .
                0x000001d4                __section_table_end = .
 *(SORT_BY_ALIGNMENT(.after_vectors*))
 .after_vectors.reset
                0x000001d4       0x4c ./SDK/startup/startup_mk64f12.o
                0x000001d4                ResetISR
 .after_vectors.init_data
                0x00000220       0x1e ./SDK/startup/startup_mk64f12.o
                0x00000220                data_init
 .after_vectors.init_bss
                0x0000023e       0x12 ./SDK/startup/startup_mk64f12.o
                0x0000023e                bss_init
 .after_vectors
                0x00000250       0x14 ./SDK/startup/startup_mk64f12.o
                0x00000250                NMI_Handler
                0x00000254                MemManage_Handler
                0x00000256                BusFault_Handler
                0x00000258                UsageFault_Handler
                0x0000025a                SVC_Handler
                0x0000025c                DebugMon_Handler
                0x0000025e                PendSV_Handler
                0x00000262                DMA_Error_DriverIRQHandler
                0x00000262                LPTMR0_DriverIRQHandler
                0x00000262                FTM1_DriverIRQHandler
                0x00000262                FTM2_DriverIRQHandler
                0x00000262                PIT2_DriverIRQHandler
                0x00000262                SDHC_DriverIRQHandler
                0x00000262                I2S0_Tx_DriverIRQHandler
                0x00000262                RTC_Seconds_DriverIRQHandler
                0x00000262                DMA6_DriverIRQHandler
                0x00000262                LLWU_DriverIRQHandler
                0x00000262                MCM_DriverIRQHandler
                0x00000262                MCG_DriverIRQHandler
                0x00000262                ENET_1588_Timer_DriverIRQHandler
                0x00000262                I2C2_DriverIRQHandler
                0x00000262                DAC1_DriverIRQHandler
                0x00000262                SPI1_DriverIRQHandler
                0x00000262                CMP1_DriverIRQHandler
                0x00000262                UART5_RX_TX_DriverIRQHandler
                0x00000262                FTM0_DriverIRQHandler
                0x00000262                IntDefaultHandler
                0x00000262                USB0_DriverIRQHandler
                0x00000262                UART5_ERR_DriverIRQHandler
                0x00000262                PORTC_DriverIRQHandler
                0x00000262                DMA11_DriverIRQHandler
                0x00000262                DAC0_DriverIRQHandler
                0x00000262                DMA10_DriverIRQHandler
                0x00000262                CMP2_DriverIRQHandler
                0x00000262                UART2_ERR_DriverIRQHandler
                0x00000262                SPI2_DriverIRQHandler
                0x00000262                LVD_LVW_DriverIRQHandler
                0x00000262                PIT0_DriverIRQHandler
                0x00000262                RNG_DriverIRQHandler
                0x00000262                DMA5_DriverIRQHandler
                0x00000262                DMA12_DriverIRQHandler
                0x00000262                UART2_RX_TX_DriverIRQHandler
                0x00000262                USBDCD_DriverIRQHandler
                0x00000262                UART3_ERR_DriverIRQHandler
                0x00000262                DMA3_DriverIRQHandler
                0x00000262                DMA8_DriverIRQHandler
                0x00000262                DMA9_DriverIRQHandler
                0x00000262                UART0_ERR_DriverIRQHandler
                0x00000262                CMT_DriverIRQHandler
                0x00000262                Reserved71_DriverIRQHandler
                0x00000262                ADC1_DriverIRQHandler
                0x00000262                PORTA_DriverIRQHandler
                0x00000262                DMA14_DriverIRQHandler
                0x00000262                PIT3_DriverIRQHandler
                0x00000262                PIT1_DriverIRQHandler
                0x00000262                WDOG_EWM_DriverIRQHandler
                0x00000262                PDB0_DriverIRQHandler
                0x00000262                RTC_DriverIRQHandler
                0x00000262                I2S0_Rx_DriverIRQHandler
                0x00000262                Read_Collision_DriverIRQHandler
                0x00000262                SWI_DriverIRQHandler
                0x00000262                UART4_RX_TX_DriverIRQHandler
                0x00000262                UART4_ERR_DriverIRQHandler
                0x00000262                PORTB_DriverIRQHandler
                0x00000262                UART0_LON_DriverIRQHandler
                0x00000262                DMA0_DriverIRQHandler
                0x00000262                DMA1_DriverIRQHandler
                0x00000262                I2C1_DriverIRQHandler
                0x00000262                UART3_RX_TX_DriverIRQHandler
                0x00000262                ENET_Receive_DriverIRQHandler
                0x00000262                DMA13_DriverIRQHandler
                0x00000262                ENET_Error_DriverIRQHandler
                0x00000262                DMA15_DriverIRQHandler
                0x00000262                UART0_RX_TX_DriverIRQHandler
                0x00000262                SPI0_DriverIRQHandler
                0x00000262                ADC0_DriverIRQHandler
                0x00000262                CMP0_DriverIRQHandler
                0x00000262                CAN0_DriverIRQHandler
                0x00000262                FTM3_DriverIRQHandler
                0x00000262                DMA4_DriverIRQHandler
                0x00000262                UART1_ERR_DriverIRQHandler
                0x00000262                DMA2_DriverIRQHandler
                0x00000262                ENET_Transmit_DriverIRQHandler
                0x00000262                PORTD_DriverIRQHandler
                0x00000262                PORTE_DriverIRQHandler
                0x00000262                FTFE_DriverIRQHandler
                0x00000262                I2C0_DriverIRQHandler
                0x00000262                DMA7_DriverIRQHandler
                0x00000262                UART1_RX_TX_DriverIRQHandler
                0x00000400                . = 0x400
 *fill*         0x00000264      0x19c ff
                0x00000400                PROVIDE (__FLASH_CONFIG_START__, .)
 *(SORT_BY_ALIGNMENT(.FlashConfig))
 .FlashConfig   0x00000400       0x10 ./SDK/startup/startup_mk64f12.o
                0x00000400                Flash_Config
                0x00000410                PROVIDE (__FLASH_CONFIG_END__, .)
                0x00000001                ASSERT (! ((__FLASH_CONFIG_START__ == __FLASH_CONFIG_END__)), Linker Flash Config Support Enabled, but no .FlashConfig section provided within application)
 *(SORT_BY_ALIGNMENT(.text*))
 .text.SysTick_Handler
                0x00000410       0x24 ./source/SysTick.o
                0x00000410                SysTick_Handler
 .text.gpioMode
                0x00000434      0x104 ./source/gpio.o
                0x00000434                gpioMode
 .text.IRQHandler
                0x00000538       0xbc ./source/gpio.o
                0x00000538                IRQHandler
 .text.hw_Init  0x000005f4      0x10c ./SDK/startup/hardware.o
                0x000005f4                hw_Init
 .text.hw_EnableInterrupts
                0x00000700       0x30 ./SDK/startup/hardware.o
                0x00000700                hw_EnableInterrupts
 .text.hw_DisableInterrupts
                0x00000730       0x20 ./SDK/startup/hardware.o
                0x00000730                hw_DisableInterrupts
 .text.SystemInit
                0x00000750       0x3c ./SDK/CMSIS/system_MK64F12.o
                0x00000750                SystemInit
 .text.App_Init
                0x0000078c       0x18 ./source/App.o
                0x0000078c                App_Init
 .text.App_Run  0x000007a4        0xe ./source/App.o
                0x000007a4                App_Run
 .text.validPin
                0x000007b2       0x26 ./source/gpio.o
                0x000007b2                validPin
 .text.setPCRmux
                0x000007d8       0x46 ./source/gpio.o
                0x000007d8                setPCRmux
 .text.setPCRpullEnable
                0x0000081e       0x30 ./source/gpio.o
                0x0000081e                setPCRpullEnable
 .text.setPCRpullUp
                0x0000084e       0x30 ./source/gpio.o
                0x0000084e                setPCRpullUp
 .text.setPCRpullDown
                0x0000087e       0x32 ./source/gpio.o
                0x0000087e                setPCRpullDown
 .text.setGPIOddr
                0x000008b0       0x30 ./source/gpio.o
                0x000008b0                setGPIOddr
 .text.PORTA_IRQHandler
                0x000008e0       0x1e ./source/gpio.o
                0x000008e0                PORTA_IRQHandler
 .text.PORTB_IRQHandler
                0x000008fe       0x1e ./source/gpio.o
                0x000008fe                PORTB_IRQHandler
 .text.PORTC_IRQHandler
                0x0000091c       0x1e ./source/gpio.o
                0x0000091c                PORTC_IRQHandler
 .text.PORTD_IRQHandler
                0x0000093a       0x1e ./source/gpio.o
                0x0000093a                PORTD_IRQHandler
 .text.PORTE_IRQHandler
                0x00000958       0x1e ./source/gpio.o
                0x00000958                PORTE_IRQHandler
 .text.main     0x00000976       0x1a ./SDK/startup/main.o
                0x00000976                main
 .text.HardFault_Handler
                0x00000990       0x2c ./SDK/startup/semihost_hardfault.o
                0x00000990                HardFault_Handler
 .text.DMA0_IRQHandler
                0x000009bc        0x8 ./SDK/startup/startup_mk64f12.o
                0x000009bc                DMA0_IRQHandler
 .text.DMA1_IRQHandler
                0x000009c4        0x8 ./SDK/startup/startup_mk64f12.o
                0x000009c4                DMA1_IRQHandler
 .text.DMA2_IRQHandler
                0x000009cc        0x8 ./SDK/startup/startup_mk64f12.o
                0x000009cc                DMA2_IRQHandler
 .text.DMA3_IRQHandler
                0x000009d4        0x8 ./SDK/startup/startup_mk64f12.o
                0x000009d4                DMA3_IRQHandler
 .text.DMA4_IRQHandler
                0x000009dc        0x8 ./SDK/startup/startup_mk64f12.o
                0x000009dc                DMA4_IRQHandler
 .text.DMA5_IRQHandler
                0x000009e4        0x8 ./SDK/startup/startup_mk64f12.o
                0x000009e4                DMA5_IRQHandler
 .text.DMA6_IRQHandler
                0x000009ec        0x8 ./SDK/startup/startup_mk64f12.o
                0x000009ec                DMA6_IRQHandler
 .text.DMA7_IRQHandler
                0x000009f4        0x8 ./SDK/startup/startup_mk64f12.o
                0x000009f4                DMA7_IRQHandler
 .text.DMA8_IRQHandler
                0x000009fc        0x8 ./SDK/startup/startup_mk64f12.o
                0x000009fc                DMA8_IRQHandler
 .text.DMA9_IRQHandler
                0x00000a04        0x8 ./SDK/startup/startup_mk64f12.o
                0x00000a04                DMA9_IRQHandler
 .text.DMA10_IRQHandler
                0x00000a0c        0x8 ./SDK/startup/startup_mk64f12.o
                0x00000a0c                DMA10_IRQHandler
 .text.DMA11_IRQHandler
                0x00000a14        0x8 ./SDK/startup/startup_mk64f12.o
                0x00000a14                DMA11_IRQHandler
 .text.DMA12_IRQHandler
                0x00000a1c        0x8 ./SDK/startup/startup_mk64f12.o
                0x00000a1c                DMA12_IRQHandler
 .text.DMA13_IRQHandler
                0x00000a24        0x8 ./SDK/startup/startup_mk64f12.o
                0x00000a24                DMA13_IRQHandler
 .text.DMA14_IRQHandler
                0x00000a2c        0x8 ./SDK/startup/startup_mk64f12.o
                0x00000a2c                DMA14_IRQHandler
 .text.DMA15_IRQHandler
                0x00000a34        0x8 ./SDK/startup/startup_mk64f12.o
                0x00000a34                DMA15_IRQHandler
 .text.DMA_Error_IRQHandler
                0x00000a3c        0x8 ./SDK/startup/startup_mk64f12.o
                0x00000a3c                DMA_Error_IRQHandler
 .text.MCM_IRQHandler
                0x00000a44        0x8 ./SDK/startup/startup_mk64f12.o
                0x00000a44                MCM_IRQHandler
 .text.FTFE_IRQHandler
                0x00000a4c        0x8 ./SDK/startup/startup_mk64f12.o
                0x00000a4c                FTFE_IRQHandler
 .text.Read_Collision_IRQHandler
                0x00000a54        0x8 ./SDK/startup/startup_mk64f12.o
                0x00000a54                Read_Collision_IRQHandler
 .text.LVD_LVW_IRQHandler
                0x00000a5c        0x8 ./SDK/startup/startup_mk64f12.o
                0x00000a5c                LVD_LVW_IRQHandler
 .text.LLWU_IRQHandler
                0x00000a64        0x8 ./SDK/startup/startup_mk64f12.o
                0x00000a64                LLWU_IRQHandler
 .text.WDOG_EWM_IRQHandler
                0x00000a6c        0x8 ./SDK/startup/startup_mk64f12.o
                0x00000a6c                WDOG_EWM_IRQHandler
 .text.RNG_IRQHandler
                0x00000a74        0x8 ./SDK/startup/startup_mk64f12.o
                0x00000a74                RNG_IRQHandler
 .text.I2C0_IRQHandler
                0x00000a7c        0x8 ./SDK/startup/startup_mk64f12.o
                0x00000a7c                I2C0_IRQHandler
 .text.I2C1_IRQHandler
                0x00000a84        0x8 ./SDK/startup/startup_mk64f12.o
                0x00000a84                I2C1_IRQHandler
 .text.SPI0_IRQHandler
                0x00000a8c        0x8 ./SDK/startup/startup_mk64f12.o
                0x00000a8c                SPI0_IRQHandler
 .text.SPI1_IRQHandler
                0x00000a94        0x8 ./SDK/startup/startup_mk64f12.o
                0x00000a94                SPI1_IRQHandler
 .text.I2S0_Tx_IRQHandler
                0x00000a9c        0x8 ./SDK/startup/startup_mk64f12.o
                0x00000a9c                I2S0_Tx_IRQHandler
 .text.I2S0_Rx_IRQHandler
                0x00000aa4        0x8 ./SDK/startup/startup_mk64f12.o
                0x00000aa4                I2S0_Rx_IRQHandler
 .text.UART0_LON_IRQHandler
                0x00000aac        0x8 ./SDK/startup/startup_mk64f12.o
                0x00000aac                UART0_LON_IRQHandler
 .text.UART0_RX_TX_IRQHandler
                0x00000ab4        0x8 ./SDK/startup/startup_mk64f12.o
                0x00000ab4                UART0_RX_TX_IRQHandler
 .text.UART0_ERR_IRQHandler
                0x00000abc        0x8 ./SDK/startup/startup_mk64f12.o
                0x00000abc                UART0_ERR_IRQHandler
 .text.UART1_RX_TX_IRQHandler
                0x00000ac4        0x8 ./SDK/startup/startup_mk64f12.o
                0x00000ac4                UART1_RX_TX_IRQHandler
 .text.UART1_ERR_IRQHandler
                0x00000acc        0x8 ./SDK/startup/startup_mk64f12.o
                0x00000acc                UART1_ERR_IRQHandler
 .text.UART2_RX_TX_IRQHandler
                0x00000ad4        0x8 ./SDK/startup/startup_mk64f12.o
                0x00000ad4                UART2_RX_TX_IRQHandler
 .text.UART2_ERR_IRQHandler
                0x00000adc        0x8 ./SDK/startup/startup_mk64f12.o
                0x00000adc                UART2_ERR_IRQHandler
 .text.UART3_RX_TX_IRQHandler
                0x00000ae4        0x8 ./SDK/startup/startup_mk64f12.o
                0x00000ae4                UART3_RX_TX_IRQHandler
 .text.UART3_ERR_IRQHandler
                0x00000aec        0x8 ./SDK/startup/startup_mk64f12.o
                0x00000aec                UART3_ERR_IRQHandler
 .text.ADC0_IRQHandler
                0x00000af4        0x8 ./SDK/startup/startup_mk64f12.o
                0x00000af4                ADC0_IRQHandler
 .text.CMP0_IRQHandler
                0x00000afc        0x8 ./SDK/startup/startup_mk64f12.o
                0x00000afc                CMP0_IRQHandler
 .text.CMP1_IRQHandler
                0x00000b04        0x8 ./SDK/startup/startup_mk64f12.o
                0x00000b04                CMP1_IRQHandler
 .text.FTM0_IRQHandler
                0x00000b0c        0x8 ./SDK/startup/startup_mk64f12.o
                0x00000b0c                FTM0_IRQHandler
 .text.FTM1_IRQHandler
                0x00000b14        0x8 ./SDK/startup/startup_mk64f12.o
                0x00000b14                FTM1_IRQHandler
 .text.FTM2_IRQHandler
                0x00000b1c        0x8 ./SDK/startup/startup_mk64f12.o
                0x00000b1c                FTM2_IRQHandler
 .text.CMT_IRQHandler
                0x00000b24        0x8 ./SDK/startup/startup_mk64f12.o
                0x00000b24                CMT_IRQHandler
 .text.RTC_IRQHandler
                0x00000b2c        0x8 ./SDK/startup/startup_mk64f12.o
                0x00000b2c                RTC_IRQHandler
 .text.RTC_Seconds_IRQHandler
                0x00000b34        0x8 ./SDK/startup/startup_mk64f12.o
                0x00000b34                RTC_Seconds_IRQHandler
 .text.PIT0_IRQHandler
                0x00000b3c        0x8 ./SDK/startup/startup_mk64f12.o
                0x00000b3c                PIT0_IRQHandler
 .text.PIT1_IRQHandler
                0x00000b44        0x8 ./SDK/startup/startup_mk64f12.o
                0x00000b44                PIT1_IRQHandler
 .text.PIT2_IRQHandler
                0x00000b4c        0x8 ./SDK/startup/startup_mk64f12.o
                0x00000b4c                PIT2_IRQHandler
 .text.PIT3_IRQHandler
                0x00000b54        0x8 ./SDK/startup/startup_mk64f12.o
                0x00000b54                PIT3_IRQHandler
 .text.PDB0_IRQHandler
                0x00000b5c        0x8 ./SDK/startup/startup_mk64f12.o
                0x00000b5c                PDB0_IRQHandler
 .text.USB0_IRQHandler
                0x00000b64        0x8 ./SDK/startup/startup_mk64f12.o
                0x00000b64                USB0_IRQHandler
 .text.USBDCD_IRQHandler
                0x00000b6c        0x8 ./SDK/startup/startup_mk64f12.o
                0x00000b6c                USBDCD_IRQHandler
 .text.Reserved71_IRQHandler
                0x00000b74        0x8 ./SDK/startup/startup_mk64f12.o
                0x00000b74                Reserved71_IRQHandler
 .text.DAC0_IRQHandler
                0x00000b7c        0x8 ./SDK/startup/startup_mk64f12.o
                0x00000b7c                DAC0_IRQHandler
 .text.MCG_IRQHandler
                0x00000b84        0x8 ./SDK/startup/startup_mk64f12.o
                0x00000b84                MCG_IRQHandler
 .text.LPTMR0_IRQHandler
                0x00000b8c        0x8 ./SDK/startup/startup_mk64f12.o
                0x00000b8c                LPTMR0_IRQHandler
 .text.SWI_IRQHandler
                0x00000b94        0x8 ./SDK/startup/startup_mk64f12.o
                0x00000b94                SWI_IRQHandler
 .text.SPI2_IRQHandler
                0x00000b9c        0x8 ./SDK/startup/startup_mk64f12.o
                0x00000b9c                SPI2_IRQHandler
 .text.UART4_RX_TX_IRQHandler
                0x00000ba4        0x8 ./SDK/startup/startup_mk64f12.o
                0x00000ba4                UART4_RX_TX_IRQHandler
 .text.UART4_ERR_IRQHandler
                0x00000bac        0x8 ./SDK/startup/startup_mk64f12.o
                0x00000bac                UART4_ERR_IRQHandler
 .text.UART5_RX_TX_IRQHandler
                0x00000bb4        0x8 ./SDK/startup/startup_mk64f12.o
                0x00000bb4                UART5_RX_TX_IRQHandler
 .text.UART5_ERR_IRQHandler
                0x00000bbc        0x8 ./SDK/startup/startup_mk64f12.o
                0x00000bbc                UART5_ERR_IRQHandler
 .text.CMP2_IRQHandler
                0x00000bc4        0x8 ./SDK/startup/startup_mk64f12.o
                0x00000bc4                CMP2_IRQHandler
 .text.FTM3_IRQHandler
                0x00000bcc        0x8 ./SDK/startup/startup_mk64f12.o
                0x00000bcc                FTM3_IRQHandler
 .text.DAC1_IRQHandler
                0x00000bd4        0x8 ./SDK/startup/startup_mk64f12.o
                0x00000bd4                DAC1_IRQHandler
 .text.ADC1_IRQHandler
                0x00000bdc        0x8 ./SDK/startup/startup_mk64f12.o
                0x00000bdc                ADC1_IRQHandler
 .text.I2C2_IRQHandler
                0x00000be4        0x8 ./SDK/startup/startup_mk64f12.o
                0x00000be4                I2C2_IRQHandler
 .text.CAN0_ORed_Message_buffer_IRQHandler
                0x00000bec        0x8 ./SDK/startup/startup_mk64f12.o
                0x00000bec                CAN0_ORed_Message_buffer_IRQHandler
 .text.CAN0_Bus_Off_IRQHandler
                0x00000bf4        0x8 ./SDK/startup/startup_mk64f12.o
                0x00000bf4                CAN0_Bus_Off_IRQHandler
 .text.CAN0_Error_IRQHandler
                0x00000bfc        0x8 ./SDK/startup/startup_mk64f12.o
                0x00000bfc                CAN0_Error_IRQHandler
 .text.CAN0_Tx_Warning_IRQHandler
                0x00000c04        0x8 ./SDK/startup/startup_mk64f12.o
                0x00000c04                CAN0_Tx_Warning_IRQHandler
 .text.CAN0_Rx_Warning_IRQHandler
                0x00000c0c        0x8 ./SDK/startup/startup_mk64f12.o
                0x00000c0c                CAN0_Rx_Warning_IRQHandler
 .text.CAN0_Wake_Up_IRQHandler
                0x00000c14        0x8 ./SDK/startup/startup_mk64f12.o
                0x00000c14                CAN0_Wake_Up_IRQHandler
 .text.SDHC_IRQHandler
                0x00000c1c        0x8 ./SDK/startup/startup_mk64f12.o
                0x00000c1c                SDHC_IRQHandler
 .text.ENET_1588_Timer_IRQHandler
                0x00000c24        0x8 ./SDK/startup/startup_mk64f12.o
                0x00000c24                ENET_1588_Timer_IRQHandler
 .text.ENET_Transmit_IRQHandler
                0x00000c2c        0x8 ./SDK/startup/startup_mk64f12.o
                0x00000c2c                ENET_Transmit_IRQHandler
 .text.ENET_Receive_IRQHandler
                0x00000c34        0x8 ./SDK/startup/startup_mk64f12.o
                0x00000c34                ENET_Receive_IRQHandler
 .text.ENET_Error_IRQHandler
                0x00000c3c        0x8 ./SDK/startup/startup_mk64f12.o
                0x00000c3c                ENET_Error_IRQHandler
 .text.SystemInitHook
                0x00000c44        0xe ./SDK/CMSIS/system_MK64F12.o
                0x00000c44                SystemInitHook
 *(SORT_BY_ALIGNMENT(.rodata) SORT_BY_ALIGNMENT(.rodata.*) SORT_BY_ALIGNMENT(.constdata) SORT_BY_ALIGNMENT(.constdata.*))
 *fill*         0x00000c52        0x2 ff
 .rodata        0x00000c54       0x2d ./source/gpio.o
                0x00000c88                . = ALIGN (0x8)
 *fill*         0x00000c81        0x7 ff

.glue_7         0x00000c88        0x0
 .glue_7        0x00000c88        0x0 linker stubs

.glue_7t        0x00000c88        0x0
 .glue_7t       0x00000c88        0x0 linker stubs

.vfp11_veneer   0x00000c88        0x0
 .vfp11_veneer  0x00000c88        0x0 linker stubs

.v4_bx          0x00000c88        0x0
 .v4_bx         0x00000c88        0x0 linker stubs

.iplt           0x00000c88        0x0
 .iplt          0x00000c88        0x0 ./source/App.o

.rel.dyn        0x00000c88        0x0
 .rel.iplt      0x00000c88        0x0 ./source/App.o

.ARM.extab
 *(SORT_BY_ALIGNMENT(.ARM.extab*) SORT_BY_ALIGNMENT(.gnu.linkonce.armextab.*))
                0x00000c88                __exidx_start = .

.ARM.exidx
 *(SORT_BY_ALIGNMENT(.ARM.exidx*) SORT_BY_ALIGNMENT(.gnu.linkonce.armexidx.*))
                0x00000c88                __exidx_end = .
                0x00000c88                _etext = .

.m_usb_data
 *(SORT_BY_ALIGNMENT(m_usb_bdt))

.data_RAM2      0x1fff0000        0x0 load address 0x00000c88
 FILL mask 0xff
                [!provide]                PROVIDE (__start_data_RAM2, .)
 *(SORT_BY_ALIGNMENT(.ramfunc.$RAM2))
 *(SORT_BY_ALIGNMENT(.ramfunc.$SRAM_LOWER))
 *(SORT_BY_ALIGNMENT(.data.$RAM2*))
 *(SORT_BY_ALIGNMENT(.data.$SRAM_LOWER*))
                0x1fff0000                . = ALIGN (0x8)
                [!provide]                PROVIDE (__end_data_RAM2, .)

.data_RAM3      0x14000000        0x0 load address 0x00000c88
 FILL mask 0xff
                [!provide]                PROVIDE (__start_data_RAM3, .)
 *(SORT_BY_ALIGNMENT(.ramfunc.$RAM3))
 *(SORT_BY_ALIGNMENT(.ramfunc.$FLEX_RAM))
 *(SORT_BY_ALIGNMENT(.data.$RAM3*))
 *(SORT_BY_ALIGNMENT(.data.$FLEX_RAM*))
                0x14000000                . = ALIGN (0x8)
                [!provide]                PROVIDE (__end_data_RAM3, .)

.uninit_RESERVED
                0x20000000        0x0
 *(SORT_BY_ALIGNMENT(.bss.$RESERVED*))
                0x20000000                . = ALIGN (0x4)
                0x20000000                _end_uninit_RESERVED = .

.data           0x20000000        0x0 load address 0x00000c88
 FILL mask 0xff
                0x20000000                _data = .
 *(SORT_BY_ALIGNMENT(vtable))
 *(SORT_BY_ALIGNMENT(.ramfunc*))
 *(SORT_BY_ALIGNMENT(.data*))
                0x20000000                . = ALIGN (0x8)
                0x20000000                _edata = .

.igot.plt       0x20000000        0x0 load address 0x00000c88
 .igot.plt      0x20000000        0x0 ./source/App.o

.bss_RAM2       0x1fff0000        0x0
                [!provide]                PROVIDE (__start_bss_RAM2, .)
 *(SORT_BY_ALIGNMENT(.bss.$RAM2*))
 *(SORT_BY_ALIGNMENT(.bss.$SRAM_LOWER*))
                0x1fff0000                . = ALIGN ((. != 0x0)?0x8:0x1)
                [!provide]                PROVIDE (__end_bss_RAM2, .)

.bss_RAM3       0x14000000        0x0
                [!provide]                PROVIDE (__start_bss_RAM3, .)
 *(SORT_BY_ALIGNMENT(.bss.$RAM3*))
 *(SORT_BY_ALIGNMENT(.bss.$FLEX_RAM*))
                0x14000000                . = ALIGN ((. != 0x0)?0x8:0x1)
                [!provide]                PROVIDE (__end_bss_RAM3, .)

.bss            0x20000000      0x288
                0x20000000                _bss = .
 *(SORT_BY_ALIGNMENT(.bss*))
 .bss.systick_irqfun
                0x20000000        0x4 ./source/SysTick.o
                0x20000000                systick_irqfun
 .bss.irqFuns   0x20000004      0x280 ./source/gpio.o
                0x20000004                irqFuns
 .bss.__LDM_interruptDisableCount
                0x20000284        0x4 ./SDK/startup/hardware.o
 *(SORT_BY_ALIGNMENT(COMMON))
                0x20000288                . = ALIGN (0x8)
                0x20000288                _ebss = .
                [!provide]                PROVIDE (end, .)

.noinit_RAM2    0x1fff0000        0x0
 *(SORT_BY_ALIGNMENT(.noinit.$RAM2*))
 *(SORT_BY_ALIGNMENT(.noinit.$SRAM_LOWER*))
                0x1fff0000                . = ALIGN (0x8)

.noinit_RAM3    0x14000000        0x0
 *(SORT_BY_ALIGNMENT(.noinit.$RAM3*))
 *(SORT_BY_ALIGNMENT(.noinit.$FLEX_RAM*))
                0x14000000                . = ALIGN (0x8)

.noinit         0x20000288        0x0
                0x20000288                _noinit = .
 *(SORT_BY_ALIGNMENT(.noinit*))
                0x20000288                . = ALIGN (0x8)
                0x20000288                _end_noinit = .
                0x00001000                _HeapSize = 0x1000

.heap           0x20000288     0x1000
                0x20000288                _pvHeapStart = .
                0x20001288                . = (. + _HeapSize)
 *fill*         0x20000288     0x1000 
                0x20001288                . = ALIGN (0x8)
                0x20001288                _pvHeapLimit = .
                0x00001000                _StackSize = 0x1000

.heap2stackfill
                0x20001288     0x1000
                0x20002288                . = (. + _StackSize)
 *fill*         0x20001288     0x1000 

.stack          0x2002f000        0x0
                0x2002f000                _vStackBase = .
                0x2002f000                . = ALIGN (0x8)
                0x20030000                _vStackTop = (. + _StackSize)
                0x00000000                _image_start = LOADADDR (.text)
                0x00000c88                _image_end = (LOADADDR (.data) + SIZEOF (.data))
                0x00000c88                _image_size = (_image_end - _image_start)
OUTPUT(Entrega Final.axf elf32-littlearm)

.debug_info     0x00000000     0x2ce7
 .debug_info    0x00000000      0x986 ./source/App.o
 .debug_info    0x00000986      0x160 ./source/SysTick.o
 .debug_info    0x00000ae6      0xbee ./source/gpio.o
 .debug_info    0x000016d4      0x675 ./SDK/startup/hardware.o
 .debug_info    0x00001d49       0xb7 ./SDK/startup/main.o
 .debug_info    0x00001e00       0x3b ./SDK/startup/semihost_hardfault.o
 .debug_info    0x00001e3b      0x8b0 ./SDK/startup/startup_mk64f12.o
 .debug_info    0x000026eb      0x5fc ./SDK/CMSIS/system_MK64F12.o

.debug_abbrev   0x00000000      0xa11
 .debug_abbrev  0x00000000      0x247 ./source/App.o
 .debug_abbrev  0x00000247      0x102 ./source/SysTick.o
 .debug_abbrev  0x00000349      0x249 ./source/gpio.o
 .debug_abbrev  0x00000592      0x138 ./SDK/startup/hardware.o
 .debug_abbrev  0x000006ca       0x7d ./SDK/startup/main.o
 .debug_abbrev  0x00000747       0x2f ./SDK/startup/semihost_hardfault.o
 .debug_abbrev  0x00000776      0x15c ./SDK/startup/startup_mk64f12.o
 .debug_abbrev  0x000008d2      0x13f ./SDK/CMSIS/system_MK64F12.o

.debug_aranges  0x00000000      0x4f0
 .debug_aranges
                0x00000000       0x40 ./source/App.o
 .debug_aranges
                0x00000040       0x28 ./source/SysTick.o
 .debug_aranges
                0x00000068       0xb8 ./source/gpio.o
 .debug_aranges
                0x00000120       0x30 ./SDK/startup/hardware.o
 .debug_aranges
                0x00000150       0x20 ./SDK/startup/main.o
 .debug_aranges
                0x00000170       0x20 ./SDK/startup/semihost_hardfault.o
 .debug_aranges
                0x00000190      0x330 ./SDK/startup/startup_mk64f12.o
 .debug_aranges
                0x000004c0       0x30 ./SDK/CMSIS/system_MK64F12.o

.debug_ranges   0x00000000      0x470
 .debug_ranges  0x00000000       0x30 ./source/App.o
 .debug_ranges  0x00000030       0x18 ./source/SysTick.o
 .debug_ranges  0x00000048       0xa8 ./source/gpio.o
 .debug_ranges  0x000000f0       0x20 ./SDK/startup/hardware.o
 .debug_ranges  0x00000110       0x10 ./SDK/startup/main.o
 .debug_ranges  0x00000120       0x10 ./SDK/startup/semihost_hardfault.o
 .debug_ranges  0x00000130      0x320 ./SDK/startup/startup_mk64f12.o
 .debug_ranges  0x00000450       0x20 ./SDK/CMSIS/system_MK64F12.o

.debug_macro    0x00000000    0x117dc
 .debug_macro   0x00000000      0x250 ./source/App.o
 .debug_macro   0x00000250       0x3a ./source/App.o
 .debug_macro   0x0000028a       0x34 ./source/App.o
 .debug_macro   0x000002be       0x10 ./source/App.o
 .debug_macro   0x000002ce       0x10 ./source/App.o
 .debug_macro   0x000002de       0x5c ./source/App.o
 .debug_macro   0x0000033a       0x1c ./source/App.o
 .debug_macro   0x00000356       0x22 ./source/App.o
 .debug_macro   0x00000378       0xdf ./source/App.o
 .debug_macro   0x00000457      0xecf ./source/App.o
 .debug_macro   0x00001326       0x48 ./source/App.o
 .debug_macro   0x0000136e     0xe07b ./source/App.o
 .debug_macro   0x0000f3e9     0x122b ./source/App.o
 .debug_macro   0x00010614       0x16 ./source/App.o
 .debug_macro   0x0001062a       0x22 ./source/App.o
 .debug_macro   0x0001064c       0x52 ./source/App.o
 .debug_macro   0x0001069e       0x17 ./source/App.o
 .debug_macro   0x000106b5       0x8d ./source/App.o
 .debug_macro   0x00010742       0x35 ./source/App.o
 .debug_macro   0x00010777       0x9c ./source/App.o
 .debug_macro   0x00010813       0x16 ./source/App.o
 .debug_macro   0x00010829       0x57 ./source/App.o
 .debug_macro   0x00010880       0x97 ./source/App.o
 .debug_macro   0x00010917      0x32a ./source/App.o
 .debug_macro   0x00010c41       0xfd ./source/App.o
 .debug_macro   0x00010d3e       0x10 ./source/App.o
 .debug_macro   0x00010d4e       0x58 ./source/App.o
 .debug_macro   0x00010da6       0x1f ./source/App.o
 .debug_macro   0x00010dc5       0x43 ./source/App.o
 .debug_macro   0x00010e08       0x20 ./source/App.o
 .debug_macro   0x00010e28      0x18e ./source/App.o
 .debug_macro   0x00010fb6       0x10 ./source/App.o
 .debug_macro   0x00010fc6       0x6a ./source/App.o
 .debug_macro   0x00011030       0x1c ./source/App.o
 .debug_macro   0x0001104c       0x52 ./source/App.o
 .debug_macro   0x0001109e       0x40 ./source/App.o
 .debug_macro   0x000110de       0x10 ./source/App.o
 .debug_macro   0x000110ee       0x40 ./source/App.o
 .debug_macro   0x0001112e       0xd7 ./source/App.o
 .debug_macro   0x00011205       0x1c ./source/App.o
 .debug_macro   0x00011221       0x3d ./source/App.o
 .debug_macro   0x0001125e       0x16 ./source/App.o
 .debug_macro   0x00011274      0x16f ./source/App.o
 .debug_macro   0x000113e3       0xc8 ./source/SysTick.o
 .debug_macro   0x000114ab       0x40 ./source/SysTick.o
 .debug_macro   0x000114eb       0x3a ./source/SysTick.o
 .debug_macro   0x00011525       0xc5 ./source/gpio.o
 .debug_macro   0x000115ea       0x9c ./SDK/startup/hardware.o
 .debug_macro   0x00011686       0x9c ./SDK/startup/main.o
 .debug_macro   0x00011722       0x11 ./SDK/startup/semihost_hardfault.o
 .debug_macro   0x00011733       0x29 ./SDK/startup/startup_mk64f12.o
 .debug_macro   0x0001175c       0x80 ./SDK/CMSIS/system_MK64F12.o

.debug_line     0x00000000     0x156e
 .debug_line    0x00000000      0x420 ./source/App.o
 .debug_line    0x00000420      0x1b2 ./source/SysTick.o
 .debug_line    0x000005d2      0x35b ./source/gpio.o
 .debug_line    0x0000092d      0x1d4 ./SDK/startup/hardware.o
 .debug_line    0x00000b01      0x175 ./SDK/startup/main.o
 .debug_line    0x00000c76       0x59 ./SDK/startup/semihost_hardfault.o
 .debug_line    0x00000ccf      0x6d8 ./SDK/startup/startup_mk64f12.o
 .debug_line    0x000013a7      0x1c7 ./SDK/CMSIS/system_MK64F12.o

.debug_str      0x00000000    0x7c980
 .debug_str     0x00000000    0x7b5bc ./source/App.o
                              0x7b85f (size before relaxing)
 .debug_str     0x0007b5bc       0xb3 ./source/SysTick.o
                              0x771bb (size before relaxing)
 .debug_str     0x0007b66f      0x86a ./source/gpio.o
                              0x77918 (size before relaxing)
 .debug_str     0x0007bed9      0x21f ./SDK/startup/hardware.o
                              0x771f6 (size before relaxing)
 .debug_str     0x0007c0f8       0x1b ./SDK/startup/main.o
                              0x76fca (size before relaxing)
 .debug_str     0x0007c113       0x36 ./SDK/startup/semihost_hardfault.o
                               0x2d34 (size before relaxing)
 .debug_str     0x0007c149      0x7d5 ./SDK/startup/startup_mk64f12.o
                               0x35a2 (size before relaxing)
 .debug_str     0x0007c91e       0x62 ./SDK/CMSIS/system_MK64F12.o
                              0x77105 (size before relaxing)

.comment        0x00000000       0x7e
 .comment       0x00000000       0x7e ./source/App.o
                                 0x7f (size before relaxing)
 .comment       0x0000007e       0x7f ./source/SysTick.o
 .comment       0x0000007e       0x7f ./source/gpio.o
 .comment       0x0000007e       0x7f ./SDK/startup/hardware.o
 .comment       0x0000007e       0x7f ./SDK/startup/main.o
 .comment       0x0000007e       0x7f ./SDK/startup/semihost_hardfault.o
 .comment       0x0000007e       0x7f ./SDK/startup/startup_mk64f12.o
 .comment       0x0000007e       0x7f ./SDK/CMSIS/system_MK64F12.o

.ARM.attributes
                0x00000000       0x37
 .ARM.attributes
                0x00000000       0x39 ./source/App.o
 .ARM.attributes
                0x00000039       0x39 ./source/SysTick.o
 .ARM.attributes
                0x00000072       0x39 ./source/gpio.o
 .ARM.attributes
                0x000000ab       0x39 ./SDK/startup/hardware.o
 .ARM.attributes
                0x000000e4       0x39 ./SDK/startup/main.o
 .ARM.attributes
                0x0000011d       0x39 ./SDK/startup/semihost_hardfault.o
 .ARM.attributes
                0x00000156       0x39 ./SDK/startup/startup_mk64f12.o
 .ARM.attributes
                0x0000018f       0x39 ./SDK/CMSIS/system_MK64F12.o

.debug_frame    0x00000000      0xe90
 .debug_frame   0x00000000       0xac ./source/App.o
 .debug_frame   0x000000ac       0x64 ./source/SysTick.o
 .debug_frame   0x00000110      0x34c ./source/gpio.o
 .debug_frame   0x0000045c       0x70 ./SDK/startup/hardware.o
 .debug_frame   0x000004cc       0x2c ./SDK/startup/main.o
 .debug_frame   0x000004f8       0x20 ./SDK/startup/semihost_hardfault.o
 .debug_frame   0x00000518      0x904 ./SDK/startup/startup_mk64f12.o
 .debug_frame   0x00000e1c       0x74 ./SDK/CMSIS/system_MK64F12.o
