Archive member included to satisfy reference by file (symbol)

c:/nxp/mcuxpressoide_10.2.0_759/ide/tools/bin/../lib/gcc/arm-none-eabi/7.2.1/../../../../arm-none-eabi/lib/thumb/v7e-m/fpv4-sp/hard\libcr_c.a(memcpy.o)
                              ./source/CardReader.o (memcpy)
c:/nxp/mcuxpressoide_10.2.0_759/ide/tools/bin/../lib/gcc/arm-none-eabi/7.2.1/thumb/v7e-m/fpv4-sp/hard\libcr_eabihelpers.a(memcpy.o)
                              c:/nxp/mcuxpressoide_10.2.0_759/ide/tools/bin/../lib/gcc/arm-none-eabi/7.2.1/../../../../arm-none-eabi/lib/thumb/v7e-m/fpv4-sp/hard\libcr_c.a(memcpy.o) (__aeabi_memcpy)

Discarded input sections

 .group         0x00000000        0xc ./source/AdminID.o
 .group         0x00000000        0xc ./source/AdminID.o
 .group         0x00000000        0xc ./source/AdminID.o
 .group         0x00000000        0xc ./source/AdminID.o
 .group         0x00000000        0xc ./source/AdminID.o
 .group         0x00000000        0xc ./source/AdminID.o
 .group         0x00000000        0xc ./source/AdminID.o
 .group         0x00000000        0xc ./source/AdminID.o
 .group         0x00000000        0xc ./source/AdminID.o
 .group         0x00000000        0xc ./source/AdminID.o
 .group         0x00000000        0xc ./source/AdminID.o
 .group         0x00000000        0xc ./source/AdminID.o
 .group         0x00000000        0xc ./source/AdminID.o
 .group         0x00000000        0xc ./source/AdminID.o
 .group         0x00000000        0xc ./source/AdminID.o
 .group         0x00000000        0xc ./source/AdminID.o
 .group         0x00000000        0xc ./source/AdminID.o
 .group         0x00000000        0xc ./source/AdminID.o
 .group         0x00000000        0xc ./source/AdminID.o
 .group         0x00000000        0xc ./source/AdminID.o
 .group         0x00000000        0xc ./source/AdminID.o
 .group         0x00000000        0xc ./source/AdminID.o
 .group         0x00000000        0xc ./source/AdminID.o
 .group         0x00000000        0xc ./source/AdminID.o
 .group         0x00000000        0xc ./source/AdminID.o
 .text          0x00000000        0x0 ./source/AdminID.o
 .data          0x00000000        0x0 ./source/AdminID.o
 .bss           0x00000000        0x0 ./source/AdminID.o
 .text.eliminoUsuario
                0x00000000       0xe8 ./source/AdminID.o
 .text.buscoID  0x00000000       0x80 ./source/AdminID.o
 .text.cambioCategory
                0x00000000       0x78 ./source/AdminID.o
 .group         0x00000000        0xc ./source/App.o
 .group         0x00000000        0xc ./source/App.o
 .group         0x00000000        0xc ./source/App.o
 .group         0x00000000        0xc ./source/App.o
 .group         0x00000000        0xc ./source/App.o
 .group         0x00000000        0xc ./source/App.o
 .group         0x00000000        0xc ./source/App.o
 .group         0x00000000        0xc ./source/App.o
 .group         0x00000000        0xc ./source/App.o
 .group         0x00000000        0xc ./source/App.o
 .group         0x00000000        0xc ./source/App.o
 .group         0x00000000        0xc ./source/App.o
 .group         0x00000000        0xc ./source/App.o
 .group         0x00000000        0xc ./source/App.o
 .group         0x00000000        0xc ./source/App.o
 .group         0x00000000        0xc ./source/App.o
 .group         0x00000000        0xc ./source/App.o
 .group         0x00000000        0xc ./source/App.o
 .group         0x00000000        0xc ./source/App.o
 .group         0x00000000        0xc ./source/App.o
 .group         0x00000000        0xc ./source/App.o
 .group         0x00000000        0xc ./source/App.o
 .group         0x00000000        0xc ./source/App.o
 .group         0x00000000        0xc ./source/App.o
 .group         0x00000000        0xc ./source/App.o
 .group         0x00000000        0xc ./source/App.o
 .group         0x00000000        0xc ./source/App.o
 .group         0x00000000        0xc ./source/App.o
 .group         0x00000000        0xc ./source/App.o
 .group         0x00000000        0xc ./source/App.o
 .group         0x00000000        0xc ./source/App.o
 .group         0x00000000        0xc ./source/App.o
 .group         0x00000000        0xc ./source/App.o
 .group         0x00000000        0xc ./source/App.o
 .group         0x00000000        0xc ./source/App.o
 .group         0x00000000        0xc ./source/App.o
 .group         0x00000000        0xc ./source/App.o
 .group         0x00000000        0xc ./source/App.o
 .group         0x00000000        0xc ./source/App.o
 .group         0x00000000        0xc ./source/App.o
 .group         0x00000000        0xc ./source/App.o
 .group         0x00000000        0xc ./source/App.o
 .group         0x00000000        0xc ./source/App.o
 .group         0x00000000        0xc ./source/App.o
 .group         0x00000000        0xc ./source/App.o
 .group         0x00000000        0xc ./source/App.o
 .group         0x00000000        0xc ./source/App.o
 .group         0x00000000        0xc ./source/App.o
[...]
Memory Configuration

Name             Origin             Length             Attributes
PROGRAM_FLASH    0x00000000         0x00100000         xr
SRAM_UPPER       0x20000000         0x00030000         xrw
SRAM_LOWER       0x1fff0000         0x00010000         xrw
FLEX_RAM         0x14000000         0x00001000         xrw
*default*        0x00000000         0xffffffff

Linker script and memory map

LOAD ./source/AdminID.o
LOAD ./source/App.o
LOAD ./source/CardReader.o
LOAD ./source/CardReaderDecoder.o
LOAD ./source/CardReaderHAL.o
LOAD ./source/EventQueue.o
LOAD ./source/FSM.o
LOAD ./source/SysTick.o
LOAD ./source/boardLed.o
LOAD ./source/displayLed.o
LOAD ./source/displayManager.o
LOAD ./source/displaySegment.o
LOAD ./source/door.o
LOAD ./source/encoder.o
LOAD ./source/encoderEvent.o
LOAD ./source/encoderHal.o
LOAD ./source/fsmState_AddPin.o
LOAD ./source/fsmState_AddUser.o
LOAD ./source/fsmState_Admin.o
LOAD ./source/fsmState_Aprovado.o
LOAD ./source/fsmState_ChangePin.o
LOAD ./source/fsmState_Denied.o
LOAD ./source/fsmState_IdIn.o
LOAD ./source/fsmState_Menu.o
LOAD ./source/fsmState_PinIn.o
LOAD ./source/fsmState_RemoveUser.o
LOAD ./source/gpio.o
LOAD ./source/timer.o
LOAD ./source/timerqueue.o
LOAD ./SDK/startup/hardware.o
LOAD ./SDK/startup/main.o
LOAD ./SDK/startup/semihost_hardfault.o
LOAD ./SDK/startup/startup_mk64f12.o
LOAD ./SDK/CMSIS/system_MK64F12.o
START GROUP
LOAD c:/nxp/mcuxpressoide_10.2.0_759/ide/tools/bin/../lib/gcc/arm-none-eabi/7.2.1/../../../../arm-none-eabi/lib/thumb/v7e-m/fpv4-sp/hard\libcr_c.a
LOAD c:/nxp/mcuxpressoide_10.2.0_759/ide/tools/bin/../lib/gcc/arm-none-eabi/7.2.1/thumb/v7e-m/fpv4-sp/hard\libcr_eabihelpers.a
END GROUP
                0x00000000                __base_PROGRAM_FLASH = 0x0
                0x00000000                __base_Flash = 0x0
                0x00100000                __top_PROGRAM_FLASH = 0x100000
                0x00100000                __top_Flash = 0x100000
                0x20000000                __base_SRAM_UPPER = 0x20000000
                0x20000000                __base_RAM = 0x20000000
                0x20030000                __top_SRAM_UPPER = 0x20030000
                0x20030000                __top_RAM = 0x20030000
                0x1fff0000                __base_SRAM_LOWER = 0x1fff0000
                0x1fff0000                __base_RAM2 = 0x1fff0000
                0x20000000                __top_SRAM_LOWER = 0x20000000
                0x20000000                __top_RAM2 = 0x20000000
                0x14000000                __base_FLEX_RAM = 0x14000000
                0x14000000                __base_RAM3 = 0x14000000
                0x14001000                __top_FLEX_RAM = 0x14001000
                0x14001000                __top_RAM3 = 0x14001000

.text           0x00000000     0x5528
 FILL mask 0xff
                0x00000000                __vectors_start__ = ABSOLUTE (.)
 *(SORT_BY_ALIGNMENT(.isr_vector))
 .isr_vector    0x00000000      0x198 ./SDK/startup/startup_mk64f12.o
                0x00000000                g_pfnVectors
                0x00000000                __Vectors
                0x00000198                . = ALIGN (0x4)
                0x00000198                __section_table_start = .
                0x00000198                __data_section_table = .
                0x00000198        0x4 LONG 0x5528 LOADADDR (.data)
                0x0000019c        0x4 LONG 0x20000000 ADDR (.data)
                0x000001a0        0x4 LONG 0x28 SIZEOF (.data)
                0x000001a4        0x4 LONG 0x5528 LOADADDR (.data_RAM2)
                0x000001a8        0x4 LONG 0x1fff0000 ADDR (.data_RAM2)
                0x000001ac        0x4 LONG 0x0 SIZEOF (.data_RAM2)
                0x000001b0        0x4 LONG 0x5528 LOADADDR (.data_RAM3)
                0x000001b4        0x4 LONG 0x14000000 ADDR (.data_RAM3)
                0x000001b8        0x4 LONG 0x0 SIZEOF (.data_RAM3)
                0x000001bc                __data_section_table_end = .
                0x000001bc                __bss_section_table = .
                0x000001bc        0x4 LONG 0x20000028 ADDR (.bss)
                0x000001c0        0x4 LONG 0x1160 SIZEOF (.bss)
                0x000001c4        0x4 LONG 0x1fff0000 ADDR (.bss_RAM2)
                0x000001c8        0x4 LONG 0x0 SIZEOF (.bss_RAM2)
                0x000001cc        0x4 LONG 0x14000000 ADDR (.bss_RAM3)
                0x000001d0        0x4 LONG 0x0 SIZEOF (.bss_RAM3)
                0x000001d4                __bss_section_table_end = .
                0x000001d4                __section_table_end = .
 *(SORT_BY_ALIGNMENT(.after_vectors*))
 .after_vectors.reset
                0x000001d4       0x4c ./SDK/startup/startup_mk64f12.o
                0x000001d4                ResetISR
 .after_vectors.init_data
                0x00000220       0x1e ./SDK/startup/startup_mk64f12.o
                0x00000220                data_init
 .after_vectors.init_bss
                0x0000023e       0x12 ./SDK/startup/startup_mk64f12.o
                0x0000023e                bss_init
 .after_vectors
                0x00000250       0x14 ./SDK/startup/startup_mk64f12.o
                0x00000250                NMI_Handler
                0x00000254                MemManage_Handler
                0x00000256                BusFault_Handler
                0x00000258                UsageFault_Handler
                0x0000025a                SVC_Handler
                0x0000025c                DebugMon_Handler
                0x0000025e                PendSV_Handler
                0x00000262                DMA_Error_DriverIRQHandler
                0x00000262                LPTMR0_DriverIRQHandler
                0x00000262                FTM1_DriverIRQHandler
                0x00000262                FTM2_DriverIRQHandler
                0x00000262                PIT2_DriverIRQHandler
                0x00000262                SDHC_DriverIRQHandler
                0x00000262                I2S0_Tx_DriverIRQHandler
                0x00000262                RTC_Seconds_DriverIRQHandler
                0x00000262                DMA6_DriverIRQHandler
                0x00000262                LLWU_DriverIRQHandler
                0x00000262                MCM_DriverIRQHandler
                0x00000262                MCG_DriverIRQHandler
                0x00000262                ENET_1588_Timer_DriverIRQHandler
                0x00000262                I2C2_DriverIRQHandler
                0x00000262                DAC1_DriverIRQHandler
                0x00000262                SPI1_DriverIRQHandler
                0x00000262                CMP1_DriverIRQHandler
                0x00000262                UART5_RX_TX_DriverIRQHandler
                0x00000262                FTM0_DriverIRQHandler
                0x00000262                IntDefaultHandler
                0x00000262                USB0_DriverIRQHandler
                0x00000262                UART5_ERR_DriverIRQHandler
                0x00000262                PORTC_DriverIRQHandler
                0x00000262                DMA11_DriverIRQHandler
                0x00000262                DAC0_DriverIRQHandler
                0x00000262                DMA10_DriverIRQHandler
                0x00000262                CMP2_DriverIRQHandler
                0x00000262                UART2_ERR_DriverIRQHandler
                0x00000262                SPI2_DriverIRQHandler
                0x00000262                LVD_LVW_DriverIRQHandler
                0x00000262                PIT0_DriverIRQHandler
                0x00000262                RNG_DriverIRQHandler
                0x00000262                DMA5_DriverIRQHandler
                0x00000262                DMA12_DriverIRQHandler
                0x00000262                UART2_RX_TX_DriverIRQHandler
                0x00000262                USBDCD_DriverIRQHandler
                0x00000262                UART3_ERR_DriverIRQHandler
                0x00000262                DMA3_DriverIRQHandler
                0x00000262                DMA8_DriverIRQHandler
                0x00000262                DMA9_DriverIRQHandler
                0x00000262                UART0_ERR_DriverIRQHandler
                0x00000262                CMT_DriverIRQHandler
                0x00000262                Reserved71_DriverIRQHandler
                0x00000262                ADC1_DriverIRQHandler
                0x00000262                PORTA_DriverIRQHandler
                0x00000262                DMA14_DriverIRQHandler
                0x00000262                PIT3_DriverIRQHandler
                0x00000262                PIT1_DriverIRQHandler
                0x00000262                WDOG_EWM_DriverIRQHandler
                0x00000262                PDB0_DriverIRQHandler
                0x00000262                RTC_DriverIRQHandler
                0x00000262                I2S0_Rx_DriverIRQHandler
                0x00000262                Read_Collision_DriverIRQHandler
                0x00000262                SWI_DriverIRQHandler
                0x00000262                UART4_RX_TX_DriverIRQHandler
                0x00000262                UART4_ERR_DriverIRQHandler
                0x00000262                PORTB_DriverIRQHandler
                0x00000262                UART0_LON_DriverIRQHandler
                0x00000262                DMA0_DriverIRQHandler
                0x00000262                DMA1_DriverIRQHandler
                0x00000262                I2C1_DriverIRQHandler
                0x00000262                UART3_RX_TX_DriverIRQHandler
                0x00000262                ENET_Receive_DriverIRQHandler
                0x00000262                DMA13_DriverIRQHandler
                0x00000262                ENET_Error_DriverIRQHandler
                0x00000262                DMA15_DriverIRQHandler
                0x00000262                UART0_RX_TX_DriverIRQHandler
                0x00000262                SPI0_DriverIRQHandler
                0x00000262                ADC0_DriverIRQHandler
                0x00000262                CMP0_DriverIRQHandler
                0x00000262                CAN0_DriverIRQHandler
                0x00000262                FTM3_DriverIRQHandler
                0x00000262                DMA4_DriverIRQHandler
                0x00000262                UART1_ERR_DriverIRQHandler
                0x00000262                DMA2_DriverIRQHandler
                0x00000262                ENET_Transmit_DriverIRQHandler
                0x00000262                PORTD_DriverIRQHandler
                0x00000262                PORTE_DriverIRQHandler
                0x00000262                FTFE_DriverIRQHandler
                0x00000262                I2C0_DriverIRQHandler
                0x00000262                DMA7_DriverIRQHandler
                0x00000262                UART1_RX_TX_DriverIRQHandler
                0x00000400                . = 0x400
 *fill*         0x00000264      0x19c ff
                0x00000400                PROVIDE (__FLASH_CONFIG_START__, .)
 *(SORT_BY_ALIGNMENT(.FlashConfig))
 .FlashConfig   0x00000400       0x10 ./SDK/startup/startup_mk64f12.o
                0x00000400                Flash_Config
                0x00000410                PROVIDE (__FLASH_CONFIG_END__, .)
                0x00000001                ASSERT (! ((__FLASH_CONFIG_START__ == __FLASH_CONFIG_END__)), Linker Flash Config Support Enabled, but no .FlashConfig section provided within application)
 *(SORT_BY_ALIGNMENT(.text*))
 .text.initDataBase
                0x00000410       0x68 ./source/AdminID.o
                0x00000410                initDataBase
 .text.eliminoIDusuario
                0x00000478       0xe0 ./source/AdminID.o
                0x00000478                eliminoIDusuario
 .text.agregoUsuario
                0x00000558       0x74 ./source/AdminID.o
                0x00000558                agregoUsuario
 .text.cambioPIN
                0x000005cc       0xac ./source/AdminID.o
                0x000005cc                cambioPIN
 .text.verificoCategory
                0x00000678       0x8c ./source/AdminID.o
                0x00000678                verificoCategory
 .text.verificoID
                0x00000704       0x80 ./source/AdminID.o
                0x00000704                verificoID
 .text.verificoPIN
                0x00000784       0xbc ./source/AdminID.o
                0x00000784                verificoPIN
 .text.App_Init
                0x00000840       0x54 ./source/App.o
                0x00000840                App_Init
 .text.App_Run  0x00000894       0xe4 ./source/App.o
                0x00000894                App_Run
 .text.dataParser
                0x00000978       0x68 ./source/CardReaderDecoder.o
                0x00000978                dataParser
 .text.CardReaderHW_Init
                0x000009e0       0x50 ./source/CardReaderHAL.o
                0x000009e0                CardReaderHW_Init
 .text.clockfun
                0x00000a30       0x50 ./source/CardReaderHAL.o
                0x00000a30                clockfun
 .text.enablefun
                0x00000a80       0x84 ./source/CardReaderHAL.o
                0x00000a80                enablefun
 .text.Queue_Init
                0x00000b04       0x20 ./source/CardReaderHAL.o
                0x00000b04                Queue_Init
 .text.get_buffer
                0x00000b24       0x68 ./source/CardReaderHAL.o
                0x00000b24                get_buffer
 .text.queue_not_empty
                0x00000b8c       0x30 ./source/CardReaderHAL.o
                0x00000b8c                queue_not_empty
 .text.fsmInit  0x00000bbc       0x40 ./source/FSM.o
                0x00000bbc                fsmInit
 .text.SysTick_Init
                0x00000bfc       0x44 ./source/SysTick.o
                0x00000bfc                SysTick_Init
 .text.SysTick_Handler
                0x00000c40       0x34 ./source/SysTick.o
                0x00000c40                SysTick_Handler
 .text.InitDisplayLeds
                0x00000c74       0x34 ./source/displayLed.o
                0x00000c74                InitDisplayLeds
 .text.ResetDisplayLeds
                0x00000ca8       0x6c ./source/displayLed.o
                0x00000ca8                ResetDisplayLeds
 .text.SetDisplayBrightness
                0x00000d14       0x30 ./source/displayLed.o
                0x00000d14                SetDisplayBrightness
 .text.showDisplayLeds
                0x00000d44       0x54 ./source/displayLed.o
                0x00000d44                showDisplayLeds
 .text.brightnessHandle
                0x00000d98       0x5c ./source/displayLed.o
                0x00000d98                brightnessHandle
 .text.blinkHandle
                0x00000df4       0xa8 ./source/displayLed.o
                0x00000df4                blinkHandle
 .text.InitDisplay
                0x00000e9c       0x84 ./source/displayManager.o
                0x00000e9c                InitDisplay
 .text.ClearDisplay
                0x00000f20       0x3c ./source/displayManager.o
                0x00000f20                ClearDisplay
 .text.PrintMessage
                0x00000f5c       0x94 ./source/displayManager.o
                0x00000f5c                PrintMessage
 .text.SetBrightness
                0x00000ff0       0x38 ./source/displayManager.o
                0x00000ff0                SetBrightness
 .text.UpdateDisplay
                0x00001028      0x10c ./source/displayManager.o
                0x00001028                UpdateDisplay
 .text.ShiftLeft
                0x00001134       0x1c ./source/displayManager.o
                0x00001134                ShiftLeft
 .text.ledDisplayCallback
                0x00001150       0x38 ./source/displayManager.o
                0x00001150                ledDisplayCallback
 .text.InitSegmentDisplay
                0x00001188       0x70 ./source/displaySegment.o
                0x00001188                InitSegmentDisplay
 .text.PrintChar
                0x000011f8       0x9c ./source/displaySegment.o
                0x000011f8                PrintChar
 .text.SelectDigit
                0x00001294       0x78 ./source/displaySegment.o
                0x00001294                SelectDigit
 .text.openDoorTemporally
                0x0000130c       0x1c ./source/door.o
                0x0000130c                openDoorTemporally
 .text.initEncoder
                0x00001328       0x78 ./source/encoder.o
                0x00001328                initEncoder
 .text.pullEncoderEvent
                0x000013a0       0x6c ./source/encoder.o
                0x000013a0                pullEncoderEvent
 .text.pushEncoderEvent
                0x0000140c       0x5c ./source/encoder.o
                0x0000140c                pushEncoderEvent
 .text.isEncoderEventValid
                0x00001468       0x2c ./source/encoder.o
                0x00001468                isEncoderEventValid
 .text.initEncoderQueue
                0x00001494       0x20 ./source/encoder.o
                0x00001494                initEncoderQueue
 .text.updateData
                0x000014b4       0x3c ./source/encoderEvent.o
                0x000014b4                updateData
 .text.encoderRot
                0x000014f0       0x98 ./source/encoderEvent.o
                0x000014f0                encoderRot
 .text.checkRisingEdge
                0x00001588       0x38 ./source/encoderEvent.o
                0x00001588                checkRisingEdge
 .text.checkFallingEdge
                0x000015c0       0x38 ./source/encoderEvent.o
                0x000015c0                checkFallingEdge
 .text.initEncoderHal
                0x000015f8       0x78 ./source/encoderHal.o
                0x000015f8                initEncoderHal
 .text.resetEncoderTimerCount
                0x00001670       0x18 ./source/encoderHal.o
                0x00001670                resetEncoderTimerCount
 .text.getEncoderTimerCount
                0x00001688       0x18 ./source/encoderHal.o
                0x00001688                getEncoderTimerCount
 .text.encoderTimerRoutine
                0x000016a0       0x2c ./source/encoderHal.o
                0x000016a0                encoderTimerRoutine
 .text.createPINString
                0x000016cc       0x70 ./source/fsmState_AddPin.o
 .text.AddPinRoutine_Input
                0x0000173c      0x344 ./source/fsmState_AddPin.o
                0x0000173c                AddPinRoutine_Input
 .text.AddPinRoutine_Timer
                0x00001a80       0x70 ./source/fsmState_AddPin.o
                0x00001a80                AddPinRoutine_Timer
 .text.AddPinRoutine_Card
                0x00001af0       0xf4 ./source/fsmState_AddPin.o
                0x00001af0                AddPinRoutine_Card
 .text.createIDString
                0x00001be4       0x7c ./source/fsmState_AddUser.o
 .text.AddUSerRoutine_Input
                0x00001c60      0x21c ./source/fsmState_AddUser.o
                0x00001c60                AddUSerRoutine_Input
 .text.AddUSerRoutine_Timer
                0x00001e7c       0x70 ./source/fsmState_AddUser.o
                0x00001e7c                AddUSerRoutine_Timer
 .text.AddUSerRoutine_Card
                0x00001eec       0xf4 ./source/fsmState_AddUser.o
                0x00001eec                AddUSerRoutine_Card
 .text.AdminRoutine_Input
                0x00001fe0      0x180 ./source/fsmState_Admin.o
                0x00001fe0                AdminRoutine_Input
 .text.AdminRoutine_Timer
                0x00002160       0x70 ./source/fsmState_Admin.o
                0x00002160                AdminRoutine_Timer
 .text.AdminRoutine_Card
                0x000021d0       0xf4 ./source/fsmState_Admin.o
                0x000021d0                AdminRoutine_Card
 .text.AprovadoRoutine_Input
                0x000022c4      0x1d4 ./source/fsmState_Aprovado.o
                0x000022c4                AprovadoRoutine_Input
 .text.AprovadoRoutine_Timer
                0x00002498       0x70 ./source/fsmState_Aprovado.o
                0x00002498                AprovadoRoutine_Timer
 .text.createPINString
                0x00002508       0x70 ./source/fsmState_ChangePin.o
 .text.pinChangeRoutine_Input
                0x00002578      0x264 ./source/fsmState_ChangePin.o
                0x00002578                pinChangeRoutine_Input
 .text.pinChangeRoutine_Timer
                0x000027dc       0x70 ./source/fsmState_ChangePin.o
                0x000027dc                pinChangeRoutine_Timer
 .text.pinChangeRoutine_Card
                0x0000284c       0xf4 ./source/fsmState_ChangePin.o
                0x0000284c                pinChangeRoutine_Card
 .text.DeniedRoutine_Timer
                0x00002940       0x70 ./source/fsmState_Denied.o
                0x00002940                DeniedRoutine_Timer
 .text.createIDString
                0x000029b0       0x7c ./source/fsmState_IdIn.o
 .text.IDInRoutine_Input
                0x00002a2c      0x230 ./source/fsmState_IdIn.o
                0x00002a2c                IDInRoutine_Input
 .text.IDInMenuRoutine_Timer
                0x00002c5c       0x70 ./source/fsmState_IdIn.o
                0x00002c5c                IDInMenuRoutine_Timer
 .text.IDInMenuRoutine_Card
                0x00002ccc       0xd0 ./source/fsmState_IdIn.o
                0x00002ccc                IDInMenuRoutine_Card
 .text.MenuRoutine_Input
                0x00002d9c      0x11c ./source/fsmState_Menu.o
                0x00002d9c                MenuRoutine_Input
 .text.MenuRoutine_Card
                0x00002eb8       0xd0 ./source/fsmState_Menu.o
                0x00002eb8                MenuRoutine_Card
 .text.createPINString
                0x00002f88       0x70 ./source/fsmState_PinIn.o
 .text.getBlockedTime
                0x00002ff8       0x44 ./source/fsmState_PinIn.o
 .text.PinInRoutine_Input
                0x0000303c      0x358 ./source/fsmState_PinIn.o
                0x0000303c                PinInRoutine_Input
 .text.PinInRoutine_Timer
                0x00003394       0x70 ./source/fsmState_PinIn.o
                0x00003394                PinInRoutine_Timer
 .text.PinInRoutine_Card
                0x00003404       0xe8 ./source/fsmState_PinIn.o
                0x00003404                PinInRoutine_Card
 .text.createIDString
                0x000034ec       0x7c ./source/fsmState_RemoveUser.o
 .text.removeUserRoutine_Input
                0x00003568      0x210 ./source/fsmState_RemoveUser.o
                0x00003568                removeUserRoutine_Input
 .text.removeUserRoutine_Timer
                0x00003778       0x70 ./source/fsmState_RemoveUser.o
                0x00003778                removeUserRoutine_Timer
 .text.removeUserRoutine_Card
                0x000037e8       0xf4 ./source/fsmState_RemoveUser.o
                0x000037e8                removeUserRoutine_Card
 .text.__NVIC_EnableIRQ
                0x000038dc       0x3c ./source/gpio.o
 .text.gpioMode
                0x00003918      0x104 ./source/gpio.o
                0x00003918                gpioMode
 .text.gpioRead
                0x00003a1c       0x68 ./source/gpio.o
                0x00003a1c                gpioRead
 .text.gpioWrite
                0x00003a84       0x80 ./source/gpio.o
                0x00003a84                gpioWrite
 .text.setPassiveFilter
                0x00003b04       0x74 ./source/gpio.o
                0x00003b04                setPassiveFilter
 .text.gpioIRQ  0x00003b78       0xc0 ./source/gpio.o
                0x00003b78                gpioIRQ
 .text.IRQHandler
                0x00003c38       0xbc ./source/gpio.o
                0x00003c38                IRQHandler
 .text.timerInit
                0x00003cf4       0x78 ./source/timer.o
                0x00003cf4                timerInit
 .text.timerStart
                0x00003d6c       0x8c ./source/timer.o
                0x00003d6c                timerStart
 .text.timerRestart
                0x00003df8       0x28 ./source/timer.o
                0x00003df8                timerRestart
 .text.timerEnable
                0x00003e20       0x2c ./source/timer.o
                0x00003e20                timerEnable
 .text.timerDisable
                0x00003e4c       0x2c ./source/timer.o
                0x00003e4c                timerDisable
 .text.timer_isr
                0x00003e78       0x70 ./source/timer.o
 .text.InitializeTimerQueue
                0x00003ee8       0x30 ./source/timerqueue.o
                0x00003ee8                InitializeTimerQueue
 .text.pushTimerEvent
                0x00003f18       0x4c ./source/timerqueue.o
                0x00003f18                pushTimerEvent
 .text.popTimerEvent
                0x00003f64       0x24 ./source/timerqueue.o
                0x00003f64                popTimerEvent
 .text.timerqueueEmpty
                0x00003f88       0x2c ./source/timerqueue.o
                0x00003f88                timerqueueEmpty
 .text.hw_Init  0x00003fb4      0x10c ./SDK/startup/hardware.o
                0x00003fb4                hw_Init
 .text.hw_EnableInterrupts
                0x000040c0       0x30 ./SDK/startup/hardware.o
                0x000040c0                hw_EnableInterrupts
 .text.hw_DisableInterrupts
                0x000040f0       0x20 ./SDK/startup/hardware.o
                0x000040f0                hw_DisableInterrupts
 .text.SystemInit
                0x00004110       0x3c ./SDK/CMSIS/system_MK64F12.o
                0x00004110                SystemInit
 .text.inactivity_callback
                0x0000414c        0xe ./source/App.o
                0x0000414c                inactivity_callback
 .text.Cardreader_Init
                0x0000415a        0xc ./source/CardReader.o
                0x0000415a                Cardreader_Init
 .text.lecture_ready
                0x00004166        0xe ./source/CardReader.o
                0x00004166                lecture_ready
 .text.get_decoded
                0x00004174       0x54 ./source/CardReader.o
                0x00004174                get_decoded
 .text.getShapedTrack
                0x000041c8      0x122 ./source/CardReaderDecoder.o
                0x000041c8                getShapedTrack
 .text.identifySymbol
                0x000042ea       0xa8 ./source/CardReaderDecoder.o
                0x000042ea                identifySymbol
 .text.shapeTrack
                0x00004392       0x4a ./source/CardReaderDecoder.o
                0x00004392                shapeTrack
 .text.decodeTrack
                0x000043dc      0x2ae ./source/CardReaderDecoder.o
                0x000043dc                decodeTrack
 .text.getEvent
                0x0000468a       0x8a ./source/EventQueue.o
                0x0000468a                getEvent
 .text.userDataReset
                0x00004714       0x8e ./source/EventQueue.o
                0x00004714                userDataReset
 .text.setDisplayLedPos
                0x000047a2       0x62 ./source/displayLed.o
                0x000047a2                setDisplayLedPos
 .text.GetStringSize
                0x00004804       0x32 ./source/displayManager.o
                0x00004804                GetStringSize
 .text.GenerateDisplayEv
                0x00004836        0xe ./source/displayManager.o
                0x00004836                GenerateDisplayEv
 .text.setDigit
                0x00004844       0xde ./source/displaySegment.o
                0x00004844                setDigit
 .text.doorInit
                0x00004922       0x18 ./source/door.o
                0x00004922                doorInit
 .text.closeAfterTimeOut
                0x0000493a       0x12 ./source/door.o
                0x0000493a                closeAfterTimeOut
 .text.openDoor
                0x0000494c       0x10 ./source/door.o
                0x0000494c                openDoor
 .text.closeDoor
                0x0000495c       0x10 ./source/door.o
                0x0000495c                closeDoor
 .text.rotationCallback
                0x0000496c       0x6e ./source/encoder.o
                0x0000496c                rotationCallback
 .text.buttonCallback
                0x000049da       0x64 ./source/encoder.o
                0x000049da                buttonCallback
 .text.resetData
                0x00004a3e       0x30 ./source/encoderEvent.o
                0x00004a3e                resetData
 .text.setButtonCallback
                0x00004a6e       0x1a ./source/encoderHal.o
                0x00004a6e                setButtonCallback
 .text.readEncoder
                0x00004a88       0x48 ./source/encoderHal.o
                0x00004a88                readEncoder
 .text.AprovadoRoutine_Card
                0x00004ad0       0x18 ./source/fsmState_Aprovado.o
                0x00004ad0                AprovadoRoutine_Card
 .text.DeniedRoutine_Input
                0x00004ae8       0x26 ./source/fsmState_Denied.o
                0x00004ae8                DeniedRoutine_Input
 .text.DeniedRoutine_Card
                0x00004b0e       0x26 ./source/fsmState_Denied.o
                0x00004b0e                DeniedRoutine_Card
 .text.MenuRoutine_Timer
                0x00004b34       0x30 ./source/fsmState_Menu.o
                0x00004b34                MenuRoutine_Timer
 .text.blockedCallback
                0x00004b64       0x1a ./source/fsmState_PinIn.o
                0x00004b64                blockedCallback
 .text.setGPIOdataOut
                0x00004b7e       0x4a ./source/gpio.o
                0x00004b7e                setGPIOdataOut
 .text.validPin
                0x00004bc8       0x26 ./source/gpio.o
                0x00004bc8                validPin
 .text.setPCRmux
                0x00004bee       0x46 ./source/gpio.o
                0x00004bee                setPCRmux
 .text.setPCRpullEnable
                0x00004c34       0x30 ./source/gpio.o
                0x00004c34                setPCRpullEnable
 .text.setPCRpullUp
                0x00004c64       0x30 ./source/gpio.o
                0x00004c64                setPCRpullUp
 .text.setPCRpullDown
                0x00004c94       0x32 ./source/gpio.o
                0x00004c94                setPCRpullDown
 .text.setGPIOddr
                0x00004cc6       0x30 ./source/gpio.o
                0x00004cc6                setGPIOddr
 .text.setPCRirqc
                0x00004cf6       0x46 ./source/gpio.o
                0x00004cf6                setPCRirqc
 .text.PORTA_IRQHandler
                0x00004d3c       0x1e ./source/gpio.o
                0x00004d3c                PORTA_IRQHandler
 .text.PORTB_IRQHandler
                0x00004d5a       0x1e ./source/gpio.o
                0x00004d5a                PORTB_IRQHandler
 .text.PORTC_IRQHandler
                0x00004d78       0x1e ./source/gpio.o
                0x00004d78                PORTC_IRQHandler
 .text.PORTD_IRQHandler
                0x00004d96       0x1e ./source/gpio.o
                0x00004d96                PORTD_IRQHandler
 .text.PORTE_IRQHandler
                0x00004db4       0x1e ./source/gpio.o
                0x00004db4                PORTE_IRQHandler
 .text.main     0x00004dd2       0x1a ./SDK/startup/main.o
                0x00004dd2                main
 .text.HardFault_Handler
                0x00004dec       0x2c ./SDK/startup/semihost_hardfault.o
                0x00004dec                HardFault_Handler
 .text.DMA0_IRQHandler
                0x00004e18        0x8 ./SDK/startup/startup_mk64f12.o
                0x00004e18                DMA0_IRQHandler
 .text.DMA1_IRQHandler
                0x00004e20        0x8 ./SDK/startup/startup_mk64f12.o
                0x00004e20                DMA1_IRQHandler
 .text.DMA2_IRQHandler
                0x00004e28        0x8 ./SDK/startup/startup_mk64f12.o
                0x00004e28                DMA2_IRQHandler
 .text.DMA3_IRQHandler
                0x00004e30        0x8 ./SDK/startup/startup_mk64f12.o
                0x00004e30                DMA3_IRQHandler
 .text.DMA4_IRQHandler
                0x00004e38        0x8 ./SDK/startup/startup_mk64f12.o
                0x00004e38                DMA4_IRQHandler
 .text.DMA5_IRQHandler
                0x00004e40        0x8 ./SDK/startup/startup_mk64f12.o
                0x00004e40                DMA5_IRQHandler
 .text.DMA6_IRQHandler
                0x00004e48        0x8 ./SDK/startup/startup_mk64f12.o
                0x00004e48                DMA6_IRQHandler
 .text.DMA7_IRQHandler
                0x00004e50        0x8 ./SDK/startup/startup_mk64f12.o
                0x00004e50                DMA7_IRQHandler
 .text.DMA8_IRQHandler
                0x00004e58        0x8 ./SDK/startup/startup_mk64f12.o
                0x00004e58                DMA8_IRQHandler
 .text.DMA9_IRQHandler
                0x00004e60        0x8 ./SDK/startup/startup_mk64f12.o
                0x00004e60                DMA9_IRQHandler
 .text.DMA10_IRQHandler
                0x00004e68        0x8 ./SDK/startup/startup_mk64f12.o
                0x00004e68                DMA10_IRQHandler
 .text.DMA11_IRQHandler
                0x00004e70        0x8 ./SDK/startup/startup_mk64f12.o
                0x00004e70                DMA11_IRQHandler
 .text.DMA12_IRQHandler
                0x00004e78        0x8 ./SDK/startup/startup_mk64f12.o
                0x00004e78                DMA12_IRQHandler
 .text.DMA13_IRQHandler
                0x00004e80        0x8 ./SDK/startup/startup_mk64f12.o
                0x00004e80                DMA13_IRQHandler
 .text.DMA14_IRQHandler
                0x00004e88        0x8 ./SDK/startup/startup_mk64f12.o
                0x00004e88                DMA14_IRQHandler
 .text.DMA15_IRQHandler
                0x00004e90        0x8 ./SDK/startup/startup_mk64f12.o
                0x00004e90                DMA15_IRQHandler
 .text.DMA_Error_IRQHandler
                0x00004e98        0x8 ./SDK/startup/startup_mk64f12.o
                0x00004e98                DMA_Error_IRQHandler
 .text.MCM_IRQHandler
                0x00004ea0        0x8 ./SDK/startup/startup_mk64f12.o
                0x00004ea0                MCM_IRQHandler
 .text.FTFE_IRQHandler
                0x00004ea8        0x8 ./SDK/startup/startup_mk64f12.o
                0x00004ea8                FTFE_IRQHandler
 .text.Read_Collision_IRQHandler
                0x00004eb0        0x8 ./SDK/startup/startup_mk64f12.o
                0x00004eb0                Read_Collision_IRQHandler
 .text.LVD_LVW_IRQHandler
                0x00004eb8        0x8 ./SDK/startup/startup_mk64f12.o
                0x00004eb8                LVD_LVW_IRQHandler
 .text.LLWU_IRQHandler
                0x00004ec0        0x8 ./SDK/startup/startup_mk64f12.o
                0x00004ec0                LLWU_IRQHandler
 .text.WDOG_EWM_IRQHandler
                0x00004ec8        0x8 ./SDK/startup/startup_mk64f12.o
                0x00004ec8                WDOG_EWM_IRQHandler
 .text.RNG_IRQHandler
                0x00004ed0        0x8 ./SDK/startup/startup_mk64f12.o
                0x00004ed0                RNG_IRQHandler
 .text.I2C0_IRQHandler
                0x00004ed8        0x8 ./SDK/startup/startup_mk64f12.o
                0x00004ed8                I2C0_IRQHandler
 .text.I2C1_IRQHandler
                0x00004ee0        0x8 ./SDK/startup/startup_mk64f12.o
                0x00004ee0                I2C1_IRQHandler
 .text.SPI0_IRQHandler
                0x00004ee8        0x8 ./SDK/startup/startup_mk64f12.o
                0x00004ee8                SPI0_IRQHandler
 .text.SPI1_IRQHandler
                0x00004ef0        0x8 ./SDK/startup/startup_mk64f12.o
                0x00004ef0                SPI1_IRQHandler
 .text.I2S0_Tx_IRQHandler
                0x00004ef8        0x8 ./SDK/startup/startup_mk64f12.o
                0x00004ef8                I2S0_Tx_IRQHandler
 .text.I2S0_Rx_IRQHandler
                0x00004f00        0x8 ./SDK/startup/startup_mk64f12.o
                0x00004f00                I2S0_Rx_IRQHandler
 .text.UART0_LON_IRQHandler
                0x00004f08        0x8 ./SDK/startup/startup_mk64f12.o
                0x00004f08                UART0_LON_IRQHandler
 .text.UART0_RX_TX_IRQHandler
                0x00004f10        0x8 ./SDK/startup/startup_mk64f12.o
                0x00004f10                UART0_RX_TX_IRQHandler
 .text.UART0_ERR_IRQHandler
                0x00004f18        0x8 ./SDK/startup/startup_mk64f12.o
                0x00004f18                UART0_ERR_IRQHandler
 .text.UART1_RX_TX_IRQHandler
                0x00004f20        0x8 ./SDK/startup/startup_mk64f12.o
                0x00004f20                UART1_RX_TX_IRQHandler
 .text.UART1_ERR_IRQHandler
                0x00004f28        0x8 ./SDK/startup/startup_mk64f12.o
                0x00004f28                UART1_ERR_IRQHandler
 .text.UART2_RX_TX_IRQHandler
                0x00004f30        0x8 ./SDK/startup/startup_mk64f12.o
                0x00004f30                UART2_RX_TX_IRQHandler
 .text.UART2_ERR_IRQHandler
                0x00004f38        0x8 ./SDK/startup/startup_mk64f12.o
                0x00004f38                UART2_ERR_IRQHandler
 .text.UART3_RX_TX_IRQHandler
                0x00004f40        0x8 ./SDK/startup/startup_mk64f12.o
                0x00004f40                UART3_RX_TX_IRQHandler
 .text.UART3_ERR_IRQHandler
                0x00004f48        0x8 ./SDK/startup/startup_mk64f12.o
                0x00004f48                UART3_ERR_IRQHandler
 .text.ADC0_IRQHandler
                0x00004f50        0x8 ./SDK/startup/startup_mk64f12.o
                0x00004f50                ADC0_IRQHandler
 .text.CMP0_IRQHandler
                0x00004f58        0x8 ./SDK/startup/startup_mk64f12.o
                0x00004f58                CMP0_IRQHandler
 .text.CMP1_IRQHandler
                0x00004f60        0x8 ./SDK/startup/startup_mk64f12.o
                0x00004f60                CMP1_IRQHandler
 .text.FTM0_IRQHandler
                0x00004f68        0x8 ./SDK/startup/startup_mk64f12.o
                0x00004f68                FTM0_IRQHandler
 .text.FTM1_IRQHandler
                0x00004f70        0x8 ./SDK/startup/startup_mk64f12.o
                0x00004f70                FTM1_IRQHandler
 .text.FTM2_IRQHandler
                0x00004f78        0x8 ./SDK/startup/startup_mk64f12.o
                0x00004f78                FTM2_IRQHandler
 .text.CMT_IRQHandler
                0x00004f80        0x8 ./SDK/startup/startup_mk64f12.o
                0x00004f80                CMT_IRQHandler
 .text.RTC_IRQHandler
                0x00004f88        0x8 ./SDK/startup/startup_mk64f12.o
                0x00004f88                RTC_IRQHandler
 .text.RTC_Seconds_IRQHandler
                0x00004f90        0x8 ./SDK/startup/startup_mk64f12.o
                0x00004f90                RTC_Seconds_IRQHandler
 .text.PIT0_IRQHandler
                0x00004f98        0x8 ./SDK/startup/startup_mk64f12.o
                0x00004f98                PIT0_IRQHandler
 .text.PIT1_IRQHandler
                0x00004fa0        0x8 ./SDK/startup/startup_mk64f12.o
                0x00004fa0                PIT1_IRQHandler
 .text.PIT2_IRQHandler
                0x00004fa8        0x8 ./SDK/startup/startup_mk64f12.o
                0x00004fa8                PIT2_IRQHandler
 .text.PIT3_IRQHandler
                0x00004fb0        0x8 ./SDK/startup/startup_mk64f12.o
                0x00004fb0                PIT3_IRQHandler
 .text.PDB0_IRQHandler
                0x00004fb8        0x8 ./SDK/startup/startup_mk64f12.o
                0x00004fb8                PDB0_IRQHandler
 .text.USB0_IRQHandler
                0x00004fc0        0x8 ./SDK/startup/startup_mk64f12.o
                0x00004fc0                USB0_IRQHandler
 .text.USBDCD_IRQHandler
                0x00004fc8        0x8 ./SDK/startup/startup_mk64f12.o
                0x00004fc8                USBDCD_IRQHandler
 .text.Reserved71_IRQHandler
                0x00004fd0        0x8 ./SDK/startup/startup_mk64f12.o
                0x00004fd0                Reserved71_IRQHandler
 .text.DAC0_IRQHandler
                0x00004fd8        0x8 ./SDK/startup/startup_mk64f12.o
                0x00004fd8                DAC0_IRQHandler
 .text.MCG_IRQHandler
                0x00004fe0        0x8 ./SDK/startup/startup_mk64f12.o
                0x00004fe0                MCG_IRQHandler
 .text.LPTMR0_IRQHandler
                0x00004fe8        0x8 ./SDK/startup/startup_mk64f12.o
                0x00004fe8                LPTMR0_IRQHandler
 .text.SWI_IRQHandler
                0x00004ff0        0x8 ./SDK/startup/startup_mk64f12.o
                0x00004ff0                SWI_IRQHandler
 .text.SPI2_IRQHandler
                0x00004ff8        0x8 ./SDK/startup/startup_mk64f12.o
                0x00004ff8                SPI2_IRQHandler
 .text.UART4_RX_TX_IRQHandler
                0x00005000        0x8 ./SDK/startup/startup_mk64f12.o
                0x00005000                UART4_RX_TX_IRQHandler
 .text.UART4_ERR_IRQHandler
                0x00005008        0x8 ./SDK/startup/startup_mk64f12.o
                0x00005008                UART4_ERR_IRQHandler
 .text.UART5_RX_TX_IRQHandler
                0x00005010        0x8 ./SDK/startup/startup_mk64f12.o
                0x00005010                UART5_RX_TX_IRQHandler
 .text.UART5_ERR_IRQHandler
                0x00005018        0x8 ./SDK/startup/startup_mk64f12.o
                0x00005018                UART5_ERR_IRQHandler
 .text.CMP2_IRQHandler
                0x00005020        0x8 ./SDK/startup/startup_mk64f12.o
                0x00005020                CMP2_IRQHandler
 .text.FTM3_IRQHandler
                0x00005028        0x8 ./SDK/startup/startup_mk64f12.o
                0x00005028                FTM3_IRQHandler
 .text.DAC1_IRQHandler
                0x00005030        0x8 ./SDK/startup/startup_mk64f12.o
                0x00005030                DAC1_IRQHandler
 .text.ADC1_IRQHandler
                0x00005038        0x8 ./SDK/startup/startup_mk64f12.o
                0x00005038                ADC1_IRQHandler
 .text.I2C2_IRQHandler
                0x00005040        0x8 ./SDK/startup/startup_mk64f12.o
                0x00005040                I2C2_IRQHandler
 .text.CAN0_ORed_Message_buffer_IRQHandler
                0x00005048        0x8 ./SDK/startup/startup_mk64f12.o
                0x00005048                CAN0_ORed_Message_buffer_IRQHandler
 .text.CAN0_Bus_Off_IRQHandler
                0x00005050        0x8 ./SDK/startup/startup_mk64f12.o
                0x00005050                CAN0_Bus_Off_IRQHandler
 .text.CAN0_Error_IRQHandler
                0x00005058        0x8 ./SDK/startup/startup_mk64f12.o
                0x00005058                CAN0_Error_IRQHandler
 .text.CAN0_Tx_Warning_IRQHandler
                0x00005060        0x8 ./SDK/startup/startup_mk64f12.o
                0x00005060                CAN0_Tx_Warning_IRQHandler
 .text.CAN0_Rx_Warning_IRQHandler
                0x00005068        0x8 ./SDK/startup/startup_mk64f12.o
                0x00005068                CAN0_Rx_Warning_IRQHandler
 .text.CAN0_Wake_Up_IRQHandler
                0x00005070        0x8 ./SDK/startup/startup_mk64f12.o
                0x00005070                CAN0_Wake_Up_IRQHandler
 .text.SDHC_IRQHandler
                0x00005078        0x8 ./SDK/startup/startup_mk64f12.o
                0x00005078                SDHC_IRQHandler
 .text.ENET_1588_Timer_IRQHandler
                0x00005080        0x8 ./SDK/startup/startup_mk64f12.o
                0x00005080                ENET_1588_Timer_IRQHandler
 .text.ENET_Transmit_IRQHandler
                0x00005088        0x8 ./SDK/startup/startup_mk64f12.o
                0x00005088                ENET_Transmit_IRQHandler
 .text.ENET_Receive_IRQHandler
                0x00005090        0x8 ./SDK/startup/startup_mk64f12.o
                0x00005090                ENET_Receive_IRQHandler
 .text.ENET_Error_IRQHandler
                0x00005098        0x8 ./SDK/startup/startup_mk64f12.o
                0x00005098                ENET_Error_IRQHandler
 .text.SystemInitHook
                0x000050a0        0xe ./SDK/CMSIS/system_MK64F12.o
                0x000050a0                SystemInitHook
 .text.memcpy   0x000050ae        0x4 c:/nxp/mcuxpressoide_10.2.0_759/ide/tools/bin/../lib/gcc/arm-none-eabi/7.2.1/../../../../arm-none-eabi/lib/thumb/v7e-m/fpv4-sp/hard\libcr_c.a(memcpy.o)
                0x000050ae                memcpy
 .text.__aeabi_memcpy
                0x000050b2       0x34 c:/nxp/mcuxpressoide_10.2.0_759/ide/tools/bin/../lib/gcc/arm-none-eabi/7.2.1/thumb/v7e-m/fpv4-sp/hard\libcr_eabihelpers.a(memcpy.o)
                0x000050b2                __aeabi_memcpy
                0x000050bc                __aeabi_memcpy8
                0x000050bc                __aeabi_memcpy4
 *(SORT_BY_ALIGNMENT(.rodata) SORT_BY_ALIGNMENT(.rodata.*) SORT_BY_ALIGNMENT(.constdata) SORT_BY_ALIGNMENT(.constdata.*))
 *fill*         0x000050e6        0x2 ff
 .rodata        0x000050e8       0x2e ./source/AdminID.o
 *fill*         0x00005116        0x2 ff
 .rodata.track1
                0x00005118       0x18 ./source/CardReaderDecoder.o
                0x00005118                track1
 .rodata        0x00005130        0x5 ./source/FSM.o
 *fill*         0x00005135        0x3 ff
 .rodata        0x00005138        0x1 ./source/displayManager.o
 *fill*         0x00005139        0x3 ff
 .rodata.num_array
                0x0000513c        0xa ./source/displaySegment.o
 *fill*         0x00005146        0x2 ff
 .rodata.abc_array
                0x00005148       0x1a ./source/displaySegment.o
 *fill*         0x00005162        0x2 ff
 .rodata.pinStrings
                0x00005164        0xd ./source/fsmState_AddPin.o
 *fill*         0x00005171        0x3 ff
 .rodata        0x00005174       0x6b ./source/fsmState_AddPin.o
 *fill*         0x000051df        0x1 ff
 .rodata.idStrings
                0x000051e0        0xc ./source/fsmState_AddUser.o
 .rodata        0x000051ec       0x6f ./source/fsmState_AddUser.o
 *fill*         0x0000525b        0x1 ff
 .rodata        0x0000525c       0x6f ./source/fsmState_Admin.o
 *fill*         0x000052cb        0x1 ff
 .rodata        0x000052cc       0x53 ./source/fsmState_Aprovado.o
 *fill*         0x0000531f        0x1 ff
 .rodata.pinStrings
                0x00005320        0xd ./source/fsmState_ChangePin.o
 *fill*         0x0000532d        0x3 ff
 .rodata        0x00005330       0x43 ./source/fsmState_ChangePin.o
 *fill*         0x00005373        0x1 ff
 .rodata        0x00005374       0x12 ./source/fsmState_Denied.o
 *fill*         0x00005386        0x2 ff
 .rodata.idStrings
                0x00005388        0xc ./source/fsmState_IdIn.o
 .rodata        0x00005394       0x29 ./source/fsmState_IdIn.o
 *fill*         0x000053bd        0x3 ff
 .rodata        0x000053c0       0x53 ./source/fsmState_Menu.o
 *fill*         0x00005413        0x1 ff
 .rodata.pinStrings
                0x00005414        0xd ./source/fsmState_PinIn.o
 *fill*         0x00005421        0x3 ff
 .rodata        0x00005424       0x6f ./source/fsmState_PinIn.o
 *fill*         0x00005493        0x1 ff
 .rodata.idStrings
                0x00005494        0xc ./source/fsmState_RemoveUser.o
 .rodata        0x000054a0       0x57 ./source/fsmState_RemoveUser.o
 *fill*         0x000054f7        0x1 ff
 .rodata        0x000054f8       0x2d ./source/gpio.o
                0x00005528                . = ALIGN (0x8)
 *fill*         0x00005525        0x3 ff

.glue_7         0x00005528        0x0
 .glue_7        0x00005528        0x0 linker stubs

.glue_7t        0x00005528        0x0
 .glue_7t       0x00005528        0x0 linker stubs

.vfp11_veneer   0x00005528        0x0
 .vfp11_veneer  0x00005528        0x0 linker stubs

.v4_bx          0x00005528        0x0
 .v4_bx         0x00005528        0x0 linker stubs

.iplt           0x00005528        0x0
 .iplt          0x00005528        0x0 ./source/AdminID.o

.rel.dyn        0x00005528        0x0
 .rel.iplt      0x00005528        0x0 ./source/AdminID.o

.ARM.extab
 *(SORT_BY_ALIGNMENT(.ARM.extab*) SORT_BY_ALIGNMENT(.gnu.linkonce.armextab.*))
                0x00005528                __exidx_start = .

.ARM.exidx
 *(SORT_BY_ALIGNMENT(.ARM.exidx*) SORT_BY_ALIGNMENT(.gnu.linkonce.armexidx.*))
                0x00005528                __exidx_end = .
                0x00005528                _etext = .

.m_usb_data
 *(SORT_BY_ALIGNMENT(m_usb_bdt))

.data_RAM2      0x1fff0000        0x0 load address 0x00005528
 FILL mask 0xff
                [!provide]                PROVIDE (__start_data_RAM2, .)
 *(SORT_BY_ALIGNMENT(.ramfunc.$RAM2))
 *(SORT_BY_ALIGNMENT(.ramfunc.$SRAM_LOWER))
 *(SORT_BY_ALIGNMENT(.data.$RAM2*))
 *(SORT_BY_ALIGNMENT(.data.$SRAM_LOWER*))
                0x1fff0000                . = ALIGN (0x8)
                [!provide]                PROVIDE (__end_data_RAM2, .)

.data_RAM3      0x14000000        0x0 load address 0x00005528
 FILL mask 0xff
                [!provide]                PROVIDE (__start_data_RAM3, .)
 *(SORT_BY_ALIGNMENT(.ramfunc.$RAM3))
 *(SORT_BY_ALIGNMENT(.ramfunc.$FLEX_RAM))
 *(SORT_BY_ALIGNMENT(.data.$RAM3*))
 *(SORT_BY_ALIGNMENT(.data.$FLEX_RAM*))
                0x14000000                . = ALIGN (0x8)
                [!provide]                PROVIDE (__end_data_RAM3, .)

.uninit_RESERVED
                0x20000000        0x0
 *(SORT_BY_ALIGNMENT(.bss.$RESERVED*))
                0x20000000                . = ALIGN (0x4)
                0x20000000                _end_uninit_RESERVED = .

.data           0x20000000       0x28 load address 0x00005528
 FILL mask 0xff
                0x20000000                _data = .
 *(SORT_BY_ALIGNMENT(vtable))
 *(SORT_BY_ALIGNMENT(.ramfunc*))
 *(SORT_BY_ALIGNMENT(.data*))
 .data.trackarray
                0x20000000        0x4 ./source/CardReaderDecoder.o
                0x20000000                trackarray
 .data.menuStrings
                0x20000004        0x8 ./source/fsmState_Admin.o
                0x20000004                menuStrings
 .data.menuStrings
                0x2000000c        0xc ./source/fsmState_Aprovado.o
 .data.menuStrings
                0x20000018        0x8 ./source/fsmState_Menu.o
 .data.f2       0x20000020        0x4 ./source/fsmState_PinIn.o
                0x20000028                . = ALIGN (0x8)
 *fill*         0x20000024        0x4 ff
                0x20000028                _edata = .

.igot.plt       0x20000028        0x0 load address 0x00005550
 .igot.plt      0x20000028        0x0 ./source/AdminID.o

.bss_RAM2       0x1fff0000        0x0
                [!provide]                PROVIDE (__start_bss_RAM2, .)
 *(SORT_BY_ALIGNMENT(.bss.$RAM2*))
 *(SORT_BY_ALIGNMENT(.bss.$SRAM_LOWER*))
                0x1fff0000                . = ALIGN ((. != 0x0)?0x8:0x1)
                [!provide]                PROVIDE (__end_bss_RAM2, .)

.bss_RAM3       0x14000000        0x0
                [!provide]                PROVIDE (__start_bss_RAM3, .)
 *(SORT_BY_ALIGNMENT(.bss.$RAM3*))
 *(SORT_BY_ALIGNMENT(.bss.$FLEX_RAM*))
                0x14000000                . = ALIGN ((. != 0x0)?0x8:0x1)
                [!provide]                PROVIDE (__end_bss_RAM3, .)

.bss            0x20000028     0x1160
                0x20000028                _bss = .
 *(SORT_BY_ALIGNMENT(.bss*))
 .bss.dataBase  0x20000028      0x11c ./source/AdminID.o
 .bss.fsm       0x20000144       0x14 ./source/App.o
 .bss.nextstate
                0x20000158       0x10 ./source/App.o
 .bss.userData  0x20000168       0xec ./source/App.o
 .bss.data_counter
                0x20000254        0x4 ./source/CardReaderHAL.o
 .bss.reader_queue
                0x20000258      0x508 ./source/CardReaderHAL.o
 .bss.systick_irqfun
                0x20000760        0x4 ./source/SysTick.o
                0x20000760                systick_irqfun
 .bss.blinking  0x20000764        0x3 ./source/displayLed.o
 *fill*         0x20000767        0x1 
 .bss.blink_cleared
                0x20000768        0x3 ./source/displayLed.o
 *fill*         0x2000076b        0x1 
 .bss.brightness
                0x2000076c        0xc ./source/displayLed.o
 .bss.led_displaying
                0x20000778        0x3 ./source/displayLed.o
 *fill*         0x2000077b        0x1 
 .bss.bright_counter
                0x2000077c        0xc ./source/displayLed.o
 .bss.blink_counter.5712
                0x20000788        0xc ./source/displayLed.o
 .bss.current_string
                0x20000794        0x4 ./source/displayManager.o
 .bss.string_pos
                0x20000798        0x4 ./source/displayManager.o
 .bss.display_pos
                0x2000079c        0x4 ./source/displayManager.o
 .bss.string_size
                0x200007a0        0x4 ./source/displayManager.o
 .bss.pos.5680  0x200007a4        0x4 ./source/displayManager.o
 .bss.encoderQueue
                0x200007a8      0x640 ./source/encoder.o
 .bss.encoder   0x20000de8        0x6 ./source/encoderEvent.o
 *fill*         0x20000dee        0x2 
 .bss.PINstring
                0x20000df0        0x6 ./source/fsmState_AddPin.o
 *fill*         0x20000df6        0x2 
 .bss.IDstring  0x20000df8        0x9 ./source/fsmState_AddUser.o
 *fill*         0x20000e01        0x3 
 .bss.PINstring
                0x20000e04        0x6 ./source/fsmState_ChangePin.o
 *fill*         0x20000e0a        0x2 
 .bss.IDstring  0x20000e0c        0x9 ./source/fsmState_IdIn.o
 *fill*         0x20000e15        0x3 
 .bss.PINstring
                0x20000e18        0x6 ./source/fsmState_PinIn.o
 *fill*         0x20000e1e        0x2 
 .bss.tryNro    0x20000e20        0x4 ./source/fsmState_PinIn.o
 .bss.f1        0x20000e24        0x4 ./source/fsmState_PinIn.o
 .bss.f3.5863   0x20000e28        0x4 ./source/fsmState_PinIn.o
 .bss.IDstring  0x20000e2c        0x9 ./source/fsmState_RemoveUser.o
 *fill*         0x20000e35        0x3 
 .bss.irqFuns   0x20000e38      0x280 ./source/gpio.o
                0x20000e38                irqFuns
 .bss.timers    0x200010b8       0x80 ./source/timer.o
 .bss.queue     0x20001138       0x38 ./source/timerqueue.o
 .bss.__LDM_interruptDisableCount
                0x20001170        0x4 ./SDK/startup/hardware.o
 .bss.changestate
                0x20001174        0x1 ./source/App.o
 .bss.event     0x20001175        0x1 ./source/App.o
 .bss.read_enable
                0x20001176        0x1 ./source/CardReaderHAL.o
 .bss.save_items
                0x20001177        0x1 ./source/CardReaderHAL.o
 .bss.hw_Init.5007
                0x20001178        0x1 ./source/CardReaderHAL.o
 .bss.initialized
                0x20001179        0x1 ./source/displayLed.o
 .bss.brigthness
                0x2000117a        0x1 ./source/displayManager.o
 .bss.display_counter
                0x2000117b        0x1 ./source/displayManager.o
 .bss.initialized
                0x2000117c        0x1 ./source/displayManager.o
 .bss.initialized
                0x2000117d        0x1 ./source/displaySegment.o
 .bss.encoderInitialized
                0x2000117e        0x1 ./source/encoder.o
                0x2000117e                encoderInitialized
 .bss.inicioEncoder
                0x2000117f        0x1 ./source/encoderHal.o
 .bss.encoderTimerCount
                0x20001180        0x1 ./source/encoderHal.o
 .bss.yaInit.5611
                0x20001181        0x1 ./source/timer.o
 .bss.yaInit.5605
                0x20001182        0x1 ./source/timerqueue.o
 *(SORT_BY_ALIGNMENT(COMMON))
                0x20001188                . = ALIGN (0x8)
 *fill*         0x20001183        0x5 
                0x20001188                _ebss = .
                [!provide]                PROVIDE (end, .)

.noinit_RAM2    0x1fff0000        0x0
 *(SORT_BY_ALIGNMENT(.noinit.$RAM2*))
 *(SORT_BY_ALIGNMENT(.noinit.$SRAM_LOWER*))
                0x1fff0000                . = ALIGN (0x8)

.noinit_RAM3    0x14000000        0x0
 *(SORT_BY_ALIGNMENT(.noinit.$RAM3*))
 *(SORT_BY_ALIGNMENT(.noinit.$FLEX_RAM*))
                0x14000000                . = ALIGN (0x8)

.noinit         0x20001188        0x0
                0x20001188                _noinit = .
 *(SORT_BY_ALIGNMENT(.noinit*))
                0x20001188                . = ALIGN (0x8)
                0x20001188                _end_noinit = .
                0x00001000                _HeapSize = 0x1000

.heap           0x20001188     0x1000
                0x20001188                _pvHeapStart = .
                0x20002188                . = (. + _HeapSize)
 *fill*         0x20001188     0x1000 
                0x20002188                . = ALIGN (0x8)
                0x20002188                _pvHeapLimit = .
                0x00001000                _StackSize = 0x1000

.heap2stackfill
                0x20002188     0x1000
                0x20003188                . = (. + _StackSize)
 *fill*         0x20002188     0x1000 

.stack          0x2002f000        0x0
                0x2002f000                _vStackBase = .
                0x2002f000                . = ALIGN (0x8)
                0x20030000                _vStackTop = (. + _StackSize)
                0x00000000                _image_start = LOADADDR (.text)
                0x00005550                _image_end = (LOADADDR (.data) + SIZEOF (.data))
                0x00005550                _image_size = (_image_end - _image_start)
OUTPUT(Entrega Final.axf elf32-littlearm)

.debug_info     0x00000000    0x12143
 .debug_info    0x00000000      0xd78 ./source/AdminID.o
 .debug_info    0x00000d78      0xc31 ./source/App.o
 .debug_info    0x000019a9      0x115 ./source/CardReader.o
 .debug_info    0x00001abe      0x484 ./source/CardReaderDecoder.o
 .debug_info    0x00001f42      0x24f ./source/CardReaderHAL.o
 .debug_info    0x00002191      0xb1d ./source/EventQueue.o
 .debug_info    0x00002cae      0xb96 ./source/FSM.o
 .debug_info    0x00003844      0x187 ./source/SysTick.o
 .debug_info    0x000039cb      0xb18 ./source/displayLed.o
 .debug_info    0x000044e3      0xab1 ./source/displayManager.o
 .debug_info    0x00004f94      0x1f3 ./source/displaySegment.o
 .debug_info    0x00005187      0x975 ./source/door.o
 .debug_info    0x00005afc      0x29a ./source/encoder.o
 .debug_info    0x00005d96      0x1e8 ./source/encoderEvent.o
 .debug_info    0x00005f7e      0xa74 ./source/encoderHal.o
 .debug_info    0x000069f2      0xd96 ./source/fsmState_AddPin.o
 .debug_info    0x00007788      0xcfb ./source/fsmState_AddUser.o
 .debug_info    0x00008483      0xc5a ./source/fsmState_Admin.o
 .debug_info    0x000090dd      0xc22 ./source/fsmState_Aprovado.o
 .debug_info    0x00009cff      0xcf7 ./source/fsmState_ChangePin.o
 .debug_info    0x0000a9f6      0xbdb ./source/fsmState_Denied.o
 .debug_info    0x0000b5d1      0xd0d ./source/fsmState_IdIn.o
 .debug_info    0x0000c2de      0xc68 ./source/fsmState_Menu.o
 .debug_info    0x0000cf46      0xd8e ./source/fsmState_PinIn.o
 .debug_info    0x0000dcd4      0xd2a ./source/fsmState_RemoveUser.o
 .debug_info    0x0000e9fe      0xc4c ./source/gpio.o
 .debug_info    0x0000f64a      0xb09 ./source/timer.o
 .debug_info    0x00010153      0x9dd ./source/timerqueue.o
 .debug_info    0x00010b30      0x675 ./SDK/startup/hardware.o
 .debug_info    0x000111a5       0xb7 ./SDK/startup/main.o
 .debug_info    0x0001125c       0x3b ./SDK/startup/semihost_hardfault.o
 .debug_info    0x00011297      0x8b0 ./SDK/startup/startup_mk64f12.o
 .debug_info    0x00011b47      0x5fc ./SDK/CMSIS/system_MK64F12.o

.debug_abbrev   0x00000000     0x3aa7
 .debug_abbrev  0x00000000      0x26f ./source/AdminID.o
 .debug_abbrev  0x0000026f      0x1f2 ./source/App.o
 .debug_abbrev  0x00000461       0xc5 ./source/CardReader.o
 .debug_abbrev  0x00000526      0x108 ./source/CardReaderDecoder.o
 .debug_abbrev  0x0000062e      0x137 ./source/CardReaderHAL.o
 .debug_abbrev  0x00000765      0x225 ./source/EventQueue.o
 .debug_abbrev  0x0000098a      0x1de ./source/FSM.o
 .debug_abbrev  0x00000b68      0x11c ./source/SysTick.o
 .debug_abbrev  0x00000c84      0x26f ./source/displayLed.o
 .debug_abbrev  0x00000ef3      0x2a8 ./source/displayManager.o
 .debug_abbrev  0x0000119b       0xc8 ./source/displaySegment.o
 .debug_abbrev  0x00001263      0x1cd ./source/door.o
 .debug_abbrev  0x00001430      0x17b ./source/encoder.o
 .debug_abbrev  0x000015ab      0x106 ./source/encoderEvent.o
 .debug_abbrev  0x000016b1      0x26b ./source/encoderHal.o
 .debug_abbrev  0x0000191c      0x228 ./source/fsmState_AddPin.o
 .debug_abbrev  0x00001b44      0x21d ./source/fsmState_AddUser.o
 .debug_abbrev  0x00001d61      0x232 ./source/fsmState_Admin.o
 .debug_abbrev  0x00001f93      0x225 ./source/fsmState_Aprovado.o
 .debug_abbrev  0x000021b8      0x21d ./source/fsmState_ChangePin.o
 .debug_abbrev  0x000023d5      0x225 ./source/fsmState_Denied.o
 .debug_abbrev  0x000025fa      0x228 ./source/fsmState_IdIn.o
 .debug_abbrev  0x00002822      0x22c ./source/fsmState_Menu.o
 .debug_abbrev  0x00002a4e      0x298 ./source/fsmState_PinIn.o
 .debug_abbrev  0x00002ce6      0x23a ./source/fsmState_RemoveUser.o
 .debug_abbrev  0x00002f20      0x261 ./source/gpio.o
 .debug_abbrev  0x00003181      0x277 ./source/timer.o
 .debug_abbrev  0x000033f8      0x230 ./source/timerqueue.o
 .debug_abbrev  0x00003628      0x138 ./SDK/startup/hardware.o
 .debug_abbrev  0x00003760       0x7d ./SDK/startup/main.o
 .debug_abbrev  0x000037dd       0x2f ./SDK/startup/semihost_hardfault.o
 .debug_abbrev  0x0000380c      0x15c ./SDK/startup/startup_mk64f12.o
 .debug_abbrev  0x00003968      0x13f ./SDK/CMSIS/system_MK64F12.o

.debug_aranges  0x00000000      0xb28
 .debug_aranges
                0x00000000       0x68 ./source/AdminID.o
 .debug_aranges
                0x00000068       0x30 ./source/App.o
 .debug_aranges
                0x00000098       0x30 ./source/CardReader.o
 .debug_aranges
                0x000000c8       0x40 ./source/CardReaderDecoder.o
 .debug_aranges
                0x00000108       0x48 ./source/CardReaderHAL.o
 .debug_aranges
                0x00000150       0x28 ./source/EventQueue.o
 .debug_aranges
                0x00000178       0x20 ./source/FSM.o
 .debug_aranges
                0x00000198       0x28 ./source/SysTick.o
 .debug_aranges
                0x000001c0       0x68 ./source/displayLed.o
 .debug_aranges
                0x00000228       0x68 ./source/displayManager.o
 .debug_aranges
                0x00000290       0x40 ./source/displaySegment.o
 .debug_aranges
                0x000002d0       0x48 ./source/door.o
 .debug_aranges
                0x00000318       0x50 ./source/encoder.o
 .debug_aranges
                0x00000368       0x40 ./source/encoderEvent.o
 .debug_aranges
                0x000003a8       0x48 ./source/encoderHal.o
 .debug_aranges
                0x000003f0       0x38 ./source/fsmState_AddPin.o
 .debug_aranges
                0x00000428       0x38 ./source/fsmState_AddUser.o
 .debug_aranges
                0x00000460       0x30 ./source/fsmState_Admin.o
 .debug_aranges
                0x00000490       0x30 ./source/fsmState_Aprovado.o
 .debug_aranges
                0x000004c0       0x38 ./source/fsmState_ChangePin.o
 .debug_aranges
                0x000004f8       0x30 ./source/fsmState_Denied.o
 .debug_aranges
                0x00000528       0x38 ./source/fsmState_IdIn.o
 .debug_aranges
                0x00000560       0x30 ./source/fsmState_Menu.o
 .debug_aranges
                0x00000590       0x48 ./source/fsmState_PinIn.o
 .debug_aranges
                0x000005d8       0x38 ./source/fsmState_RemoveUser.o
 .debug_aranges
                0x00000610       0xc0 ./source/gpio.o
 .debug_aranges
                0x000006d0       0x50 ./source/timer.o
 .debug_aranges
                0x00000720       0x38 ./source/timerqueue.o
 .debug_aranges
                0x00000758       0x30 ./SDK/startup/hardware.o
 .debug_aranges
                0x00000788       0x20 ./SDK/startup/main.o
 .debug_aranges
                0x000007a8       0x20 ./SDK/startup/semihost_hardfault.o
 .debug_aranges
                0x000007c8      0x330 ./SDK/startup/startup_mk64f12.o
 .debug_aranges
                0x00000af8       0x30 ./SDK/CMSIS/system_MK64F12.o

.debug_ranges   0x00000000      0x978
 .debug_ranges  0x00000000       0xa0 ./source/AdminID.o
 .debug_ranges  0x000000a0       0x20 ./source/App.o
 .debug_ranges  0x000000c0       0x20 ./source/CardReader.o
 .debug_ranges  0x000000e0       0x30 ./source/CardReaderDecoder.o
 .debug_ranges  0x00000110       0x38 ./source/CardReaderHAL.o
 .debug_ranges  0x00000148       0x18 ./source/EventQueue.o
 .debug_ranges  0x00000160       0x10 ./source/FSM.o
 .debug_ranges  0x00000170       0x18 ./source/SysTick.o
 .debug_ranges  0x00000188       0x58 ./source/displayLed.o
 .debug_ranges  0x000001e0       0x58 ./source/displayManager.o
 .debug_ranges  0x00000238       0x30 ./source/displaySegment.o
 .debug_ranges  0x00000268       0x38 ./source/door.o
 .debug_ranges  0x000002a0       0x40 ./source/encoder.o
 .debug_ranges  0x000002e0       0x30 ./source/encoderEvent.o
 .debug_ranges  0x00000310       0x38 ./source/encoderHal.o
 .debug_ranges  0x00000348       0x28 ./source/fsmState_AddPin.o
 .debug_ranges  0x00000370       0x28 ./source/fsmState_AddUser.o
 .debug_ranges  0x00000398       0x20 ./source/fsmState_Admin.o
 .debug_ranges  0x000003b8       0x20 ./source/fsmState_Aprovado.o
 .debug_ranges  0x000003d8       0x28 ./source/fsmState_ChangePin.o
 .debug_ranges  0x00000400       0x20 ./source/fsmState_Denied.o
 .debug_ranges  0x00000420       0x28 ./source/fsmState_IdIn.o
 .debug_ranges  0x00000448       0x20 ./source/fsmState_Menu.o
 .debug_ranges  0x00000468       0x38 ./source/fsmState_PinIn.o
 .debug_ranges  0x000004a0       0x40 ./source/fsmState_RemoveUser.o
 .debug_ranges  0x000004e0       0xb0 ./source/gpio.o
 .debug_ranges  0x00000590       0x40 ./source/timer.o
 .debug_ranges  0x000005d0       0x28 ./source/timerqueue.o
 .debug_ranges  0x000005f8       0x20 ./SDK/startup/hardware.o
 .debug_ranges  0x00000618       0x10 ./SDK/startup/main.o
 .debug_ranges  0x00000628       0x10 ./SDK/startup/semihost_hardfault.o
 .debug_ranges  0x00000638      0x320 ./SDK/startup/startup_mk64f12.o
 .debug_ranges  0x00000958       0x20 ./SDK/CMSIS/system_MK64F12.o

.debug_macro    0x00000000    0x14b5e
 .debug_macro   0x00000000      0x15c ./source/AdminID.o
 .debug_macro   0x0000015c      0xa5a ./source/AdminID.o
 .debug_macro   0x00000bb6      0x34e ./source/AdminID.o
 .debug_macro   0x00000f04       0x22 ./source/AdminID.o
 .debug_macro   0x00000f26       0x10 ./source/AdminID.o
 .debug_macro   0x00000f36       0x40 ./source/AdminID.o
 .debug_macro   0x00000f76       0x10 ./source/AdminID.o
 .debug_macro   0x00000f86       0x17 ./source/AdminID.o
 .debug_macro   0x00000f9d       0x22 ./source/AdminID.o
 .debug_macro   0x00000fbf       0x52 ./source/AdminID.o
 .debug_macro   0x00001011       0x8d ./source/AdminID.o
 .debug_macro   0x0000109e       0x35 ./source/AdminID.o
 .debug_macro   0x000010d3       0x9c ./source/AdminID.o
 .debug_macro   0x0000116f       0x16 ./source/AdminID.o
 .debug_macro   0x00001185      0x10e ./source/AdminID.o
 .debug_macro   0x00001293       0x8d ./source/AdminID.o
 .debug_macro   0x00001320       0x57 ./source/AdminID.o
 .debug_macro   0x00001377       0x58 ./source/AdminID.o
 .debug_macro   0x000013cf       0x1f ./source/AdminID.o
 .debug_macro   0x000013ee       0x43 ./source/AdminID.o
 .debug_macro   0x00001431       0x20 ./source/AdminID.o
 .debug_macro   0x00001451      0x18e ./source/AdminID.o
 .debug_macro   0x000015df      0x330 ./source/AdminID.o
 .debug_macro   0x0000190f       0x16 ./source/AdminID.o
 .debug_macro   0x00001925       0x29 ./source/AdminID.o
 .debug_macro   0x0000194e       0x16 ./source/AdminID.o
 .debug_macro   0x00001964      0x2b5 ./source/App.o
 .debug_macro   0x00001c19       0x10 ./source/App.o
 .debug_macro   0x00001c29       0x16 ./source/App.o
 .debug_macro   0x00001c3f       0x10 ./source/App.o
 .debug_macro   0x00001c4f       0x10 ./source/App.o
 .debug_macro   0x00001c5f       0x5c ./source/App.o
 .debug_macro   0x00001cbb       0x1c ./source/App.o
 .debug_macro   0x00001cd7       0x22 ./source/App.o
 .debug_macro   0x00001cf9       0xd9 ./source/App.o
 .debug_macro   0x00001dd2      0xecf ./source/App.o
 .debug_macro   0x00002ca1       0x48 ./source/App.o
 .debug_macro   0x00002ce9     0xe07b ./source/App.o
 .debug_macro   0x00010d64     0x122b ./source/App.o
 .debug_macro   0x00011f8f       0x1c ./source/App.o
 .debug_macro   0x00011fab       0x35 ./source/App.o
 .debug_macro   0x00011fe0       0x10 ./source/App.o
 .debug_macro   0x00011ff0       0x10 ./source/App.o
 .debug_macro   0x00012000       0x6a ./source/App.o
 .debug_macro   0x0001206a       0x1c ./source/App.o
 .debug_macro   0x00012086       0x52 ./source/App.o
 .debug_macro   0x000120d8       0x40 ./source/App.o
 .debug_macro   0x00012118       0x10 ./source/App.o
 .debug_macro   0x00012128       0x40 ./source/App.o
 .debug_macro   0x00012168       0xd7 ./source/App.o
 .debug_macro   0x0001223f       0x1c ./source/App.o
 .debug_macro   0x0001225b       0x3d ./source/App.o
 .debug_macro   0x00012298       0x16 ./source/App.o
 .debug_macro   0x000122ae      0x16f ./source/App.o
 .debug_macro   0x0001241d       0x4e ./source/CardReader.o
 .debug_macro   0x0001246b       0x10 ./source/CardReader.o
 .debug_macro   0x0001247b       0x28 ./source/CardReader.o
 .debug_macro   0x000124a3       0x72 ./source/CardReaderDecoder.o
 .debug_macro   0x00012515       0xf4 ./source/CardReaderDecoder.o
 .debug_macro   0x00012609       0x22 ./source/CardReaderDecoder.o
 .debug_macro   0x0001262b      0x174 ./source/CardReaderDecoder.o
 .debug_macro   0x0001279f       0x66 ./source/CardReaderHAL.o
 .debug_macro   0x00012805       0x3a ./source/CardReaderHAL.o
 .debug_macro   0x0001283f      0x16f ./source/EventQueue.o
 .debug_macro   0x000129ae      0x17f ./source/FSM.o
 .debug_macro   0x00012b2d       0xce ./source/SysTick.o
 .debug_macro   0x00012bfb       0xdf ./source/SysTick.o
 .debug_macro   0x00012cda       0x3a ./source/SysTick.o
 .debug_macro   0x00012d14       0x10 ./source/SysTick.o
 .debug_macro   0x00012d24       0x16 ./source/SysTick.o
 .debug_macro   0x00012d3a      0x164 ./source/displayLed.o
 .debug_macro   0x00012e9e       0x10 ./source/displayLed.o
 .debug_macro   0x00012eae      0x15f ./source/displayManager.o
 .debug_macro   0x0001300d       0x10 ./source/displayManager.o
 .debug_macro   0x0001301d       0x16 ./source/displayManager.o
 .debug_macro   0x00013033       0xd0 ./source/displaySegment.o
 .debug_macro   0x00013103      0x146 ./source/door.o
 .debug_macro   0x00013249       0x70 ./source/encoder.o
 .debug_macro   0x000132b9       0x22 ./source/encoder.o
 .debug_macro   0x000132db       0x3c ./source/encoderEvent.o
 .debug_macro   0x00013317       0x1c ./source/encoderEvent.o
 .debug_macro   0x00013333      0x14d ./source/encoderHal.o
 .debug_macro   0x00013480      0x1d4 ./source/fsmState_AddPin.o
 .debug_macro   0x00013654       0x10 ./source/fsmState_AddPin.o
 .debug_macro   0x00013664      0x1d2 ./source/fsmState_AddUser.o
 .debug_macro   0x00013836      0x1bd ./source/fsmState_Admin.o
 .debug_macro   0x000139f3      0x1c6 ./source/fsmState_Aprovado.o
 .debug_macro   0x00013bb9      0x1ce ./source/fsmState_ChangePin.o
 .debug_macro   0x00013d87       0x10 ./source/fsmState_ChangePin.o
 .debug_macro   0x00013d97      0x18d ./source/fsmState_Denied.o
 .debug_macro   0x00013f24      0x1be ./source/fsmState_IdIn.o
 .debug_macro   0x000140e2      0x197 ./source/fsmState_Menu.o
 .debug_macro   0x00014279      0x1ed ./source/fsmState_PinIn.o
 .debug_macro   0x00014466      0x1c8 ./source/fsmState_RemoveUser.o
 .debug_macro   0x0001462e       0xc5 ./source/gpio.o
 .debug_macro   0x000146f3      0x13d ./source/timer.o
 .debug_macro   0x00014830       0x10 ./source/timer.o
 .debug_macro   0x00014840      0x12c ./source/timerqueue.o
 .debug_macro   0x0001496c       0x9c ./SDK/startup/hardware.o
 .debug_macro   0x00014a08       0x9c ./SDK/startup/main.o
 .debug_macro   0x00014aa4       0x11 ./SDK/startup/semihost_hardfault.o
 .debug_macro   0x00014ab5       0x29 ./SDK/startup/startup_mk64f12.o
 .debug_macro   0x00014ade       0x80 ./SDK/CMSIS/system_MK64F12.o

.debug_line     0x00000000     0x62f6
 .debug_line    0x00000000      0x48c ./source/AdminID.o
 .debug_line    0x0000048c      0x473 ./source/App.o
 .debug_line    0x000008ff      0x11f ./source/CardReader.o
 .debug_line    0x00000a1e      0x281 ./source/CardReaderDecoder.o
 .debug_line    0x00000c9f      0x164 ./source/CardReaderHAL.o
 .debug_line    0x00000e03      0x2f9 ./source/EventQueue.o
 .debug_line    0x000010fc      0x2d0 ./source/FSM.o
 .debug_line    0x000013cc      0x1b5 ./source/SysTick.o
 .debug_line    0x00001581      0x3a1 ./source/displayLed.o
 .debug_line    0x00001922      0x3bd ./source/displayManager.o
 .debug_line    0x00001cdf      0x179 ./source/displaySegment.o
 .debug_line    0x00001e58      0x2cc ./source/door.o
 .debug_line    0x00002124      0x1bc ./source/encoder.o
 .debug_line    0x000022e0      0x16e ./source/encoderEvent.o
 .debug_line    0x0000244e      0x2f0 ./source/encoderHal.o
 .debug_line    0x0000273e      0x436 ./source/fsmState_AddPin.o
 .debug_line    0x00002b74      0x3ed ./source/fsmState_AddUser.o
 .debug_line    0x00002f61      0x3d6 ./source/fsmState_Admin.o
 .debug_line    0x00003337      0x3c3 ./source/fsmState_Aprovado.o
 .debug_line    0x000036fa      0x3eb ./source/fsmState_ChangePin.o
 .debug_line    0x00003ae5      0x328 ./source/fsmState_Denied.o
 .debug_line    0x00003e0d      0x3c9 ./source/fsmState_IdIn.o
 .debug_line    0x000041d6      0x36d ./source/fsmState_Menu.o
 .debug_line    0x00004543      0x457 ./source/fsmState_PinIn.o
 .debug_line    0x0000499a      0x3db ./source/fsmState_RemoveUser.o
 .debug_line    0x00004d75      0x374 ./source/gpio.o
 .debug_line    0x000050e9      0x31a ./source/timer.o
 .debug_line    0x00005403      0x2b2 ./source/timerqueue.o
 .debug_line    0x000056b5      0x1d4 ./SDK/startup/hardware.o
 .debug_line    0x00005889      0x175 ./SDK/startup/main.o
 .debug_line    0x000059fe       0x59 ./SDK/startup/semihost_hardfault.o
 .debug_line    0x00005a57      0x6d8 ./SDK/startup/startup_mk64f12.o
 .debug_line    0x0000612f      0x1c7 ./SDK/CMSIS/system_MK64F12.o

.debug_str      0x00000000    0x7ebd5
 .debug_str     0x00000000     0x6c9a ./source/AdminID.o
                               0x6f09 (size before relaxing)
 .debug_str     0x00006c9a    0x74d64 ./source/App.o
                              0x7bb42 (size before relaxing)
 .debug_str     0x0007b9fe       0xc4 ./source/CardReader.o
                               0x390f (size before relaxing)
 .debug_str     0x0007bac2      0x817 ./source/CardReaderDecoder.o
                               0x43cc (size before relaxing)
 .debug_str     0x0007c2d9      0x1f5 ./source/CardReaderHAL.o
                               0x3e01 (size before relaxing)
 .debug_str     0x0007c4ce       0x59 ./source/EventQueue.o
                               0x6f27 (size before relaxing)
 .debug_str     0x0007c527       0x2a ./source/FSM.o
                               0x6fd5 (size before relaxing)
 .debug_str     0x0007c551      0x228 ./source/SysTick.o
                              0x771cc (size before relaxing)
 .debug_str     0x0007c779      0x1c2 ./source/displayLed.o
                               0x6e9b (size before relaxing)
 .debug_str     0x0007c93b      0x194 ./source/displayManager.o
                               0x6e97 (size before relaxing)
 .debug_str     0x0007cacf      0x244 ./source/displaySegment.o
                               0x3afd (size before relaxing)
 .debug_str     0x0007cd13       0x97 ./source/door.o
                               0x6db5 (size before relaxing)
 .debug_str     0x0007cdaa      0x19c ./source/encoder.o
                               0x3a89 (size before relaxing)
 .debug_str     0x0007cf46       0x9a ./source/encoderEvent.o
                               0x3912 (size before relaxing)
 .debug_str     0x0007cfe0      0x137 ./source/encoderHal.o
                               0x6f5f (size before relaxing)
 .debug_str     0x0007d117      0x190 ./source/fsmState_AddPin.o
                               0x71a1 (size before relaxing)
 .debug_str     0x0007d2a7       0xd8 ./source/fsmState_AddUser.o
                               0x714a (size before relaxing)
 .debug_str     0x0007d37f       0xac ./source/fsmState_Admin.o
                               0x70c9 (size before relaxing)
 .debug_str     0x0007d42b       0xb1 ./source/fsmState_Aprovado.o
                               0x70f0 (size before relaxing)
 .debug_str     0x0007d4dc       0x80 ./source/fsmState_ChangePin.o
                               0x715a (size before relaxing)
 .debug_str     0x0007d55c       0x6b ./source/fsmState_Denied.o
                               0x701a (size before relaxing)
 .debug_str     0x0007d5c7       0xca ./source/fsmState_IdIn.o
                               0x713d (size before relaxing)
 .debug_str     0x0007d691       0x48 ./source/fsmState_Menu.o
                               0x7095 (size before relaxing)
 .debug_str     0x0007d6d9       0xb9 ./source/fsmState_PinIn.o
                               0x71d2 (size before relaxing)
 .debug_str     0x0007d792       0x67 ./source/fsmState_RemoveUser.o
                               0x7189 (size before relaxing)
 .debug_str     0x0007d7f9      0x7a5 ./source/gpio.o
                              0x77925 (size before relaxing)
 .debug_str     0x0007df9e      0x140 ./source/timer.o
                               0x6e1a (size before relaxing)
 .debug_str     0x0007e0de       0x58 ./source/timerqueue.o
                               0x6d1d (size before relaxing)
 .debug_str     0x0007e136      0x217 ./SDK/startup/hardware.o
                              0x771ea (size before relaxing)
 .debug_str     0x0007e34d       0x1b ./SDK/startup/main.o
                              0x76fbe (size before relaxing)
 .debug_str     0x0007e368       0x36 ./SDK/startup/semihost_hardfault.o
                               0x2d28 (size before relaxing)
 .debug_str     0x0007e39e      0x7d5 ./SDK/startup/startup_mk64f12.o
                               0x3596 (size before relaxing)
 .debug_str     0x0007eb73       0x62 ./SDK/CMSIS/system_MK64F12.o
                              0x770f9 (size before relaxing)

.comment        0x00000000       0x7e
 .comment       0x00000000       0x7e ./source/AdminID.o
                                 0x7f (size before relaxing)
 .comment       0x0000007e       0x7f ./source/App.o
 .comment       0x0000007e       0x7f ./source/CardReader.o
 .comment       0x0000007e       0x7f ./source/CardReaderDecoder.o
 .comment       0x0000007e       0x7f ./source/CardReaderHAL.o
 .comment       0x0000007e       0x7f ./source/EventQueue.o
 .comment       0x0000007e       0x7f ./source/FSM.o
 .comment       0x0000007e       0x7f ./source/SysTick.o
 .comment       0x0000007e       0x7f ./source/displayLed.o
 .comment       0x0000007e       0x7f ./source/displayManager.o
 .comment       0x0000007e       0x7f ./source/displaySegment.o
 .comment       0x0000007e       0x7f ./source/door.o
 .comment       0x0000007e       0x7f ./source/encoder.o
 .comment       0x0000007e       0x7f ./source/encoderEvent.o
 .comment       0x0000007e       0x7f ./source/encoderHal.o
 .comment       0x0000007e       0x7f ./source/fsmState_AddPin.o
 .comment       0x0000007e       0x7f ./source/fsmState_AddUser.o
 .comment       0x0000007e       0x7f ./source/fsmState_Admin.o
 .comment       0x0000007e       0x7f ./source/fsmState_Aprovado.o
 .comment       0x0000007e       0x7f ./source/fsmState_ChangePin.o
 .comment       0x0000007e       0x7f ./source/fsmState_Denied.o
 .comment       0x0000007e       0x7f ./source/fsmState_IdIn.o
 .comment       0x0000007e       0x7f ./source/fsmState_Menu.o
 .comment       0x0000007e       0x7f ./source/fsmState_PinIn.o
 .comment       0x0000007e       0x7f ./source/fsmState_RemoveUser.o
 .comment       0x0000007e       0x7f ./source/gpio.o
 .comment       0x0000007e       0x7f ./source/timer.o
 .comment       0x0000007e       0x7f ./source/timerqueue.o
 .comment       0x0000007e       0x7f ./SDK/startup/hardware.o
 .comment       0x0000007e       0x7f ./SDK/startup/main.o
 .comment       0x0000007e       0x7f ./SDK/startup/semihost_hardfault.o
 .comment       0x0000007e       0x7f ./SDK/startup/startup_mk64f12.o
 .comment       0x0000007e       0x7f ./SDK/CMSIS/system_MK64F12.o
 .comment       0x0000007e       0x7f c:/nxp/mcuxpressoide_10.2.0_759/ide/tools/bin/../lib/gcc/arm-none-eabi/7.2.1/../../../../arm-none-eabi/lib/thumb/v7e-m/fpv4-sp/hard\libcr_c.a(memcpy.o)

.ARM.attributes
                0x00000000       0x37
 .ARM.attributes
                0x00000000       0x39 ./source/AdminID.o
 .ARM.attributes
                0x00000039       0x39 ./source/App.o
 .ARM.attributes
                0x00000072       0x39 ./source/CardReader.o
 .ARM.attributes
                0x000000ab       0x39 ./source/CardReaderDecoder.o
 .ARM.attributes
                0x000000e4       0x39 ./source/CardReaderHAL.o
 .ARM.attributes
                0x0000011d       0x39 ./source/EventQueue.o
 .ARM.attributes
                0x00000156       0x39 ./source/FSM.o
 .ARM.attributes
                0x0000018f       0x39 ./source/SysTick.o
 .ARM.attributes
                0x000001c8       0x39 ./source/displayLed.o
 .ARM.attributes
                0x00000201       0x39 ./source/displayManager.o
 .ARM.attributes
                0x0000023a       0x39 ./source/displaySegment.o
 .ARM.attributes
                0x00000273       0x39 ./source/door.o
 .ARM.attributes
                0x000002ac       0x39 ./source/encoder.o
 .ARM.attributes
                0x000002e5       0x39 ./source/encoderEvent.o
 .ARM.attributes
                0x0000031e       0x39 ./source/encoderHal.o
 .ARM.attributes
                0x00000357       0x39 ./source/fsmState_AddPin.o
 .ARM.attributes
                0x00000390       0x39 ./source/fsmState_AddUser.o
 .ARM.attributes
                0x000003c9       0x39 ./source/fsmState_Admin.o
 .ARM.attributes
                0x00000402       0x39 ./source/fsmState_Aprovado.o
 .ARM.attributes
                0x0000043b       0x39 ./source/fsmState_ChangePin.o
 .ARM.attributes
                0x00000474       0x39 ./source/fsmState_Denied.o
 .ARM.attributes
                0x000004ad       0x39 ./source/fsmState_IdIn.o
 .ARM.attributes
                0x000004e6       0x39 ./source/fsmState_Menu.o
 .ARM.attributes
                0x0000051f       0x39 ./source/fsmState_PinIn.o
 .ARM.attributes
                0x00000558       0x39 ./source/fsmState_RemoveUser.o
 .ARM.attributes
                0x00000591       0x39 ./source/gpio.o
 .ARM.attributes
                0x000005ca       0x39 ./source/timer.o
 .ARM.attributes
                0x00000603       0x39 ./source/timerqueue.o
 .ARM.attributes
                0x0000063c       0x39 ./SDK/startup/hardware.o
 .ARM.attributes
                0x00000675       0x39 ./SDK/startup/main.o
 .ARM.attributes
                0x000006ae       0x39 ./SDK/startup/semihost_hardfault.o
 .ARM.attributes
                0x000006e7       0x39 ./SDK/startup/startup_mk64f12.o
 .ARM.attributes
                0x00000720       0x39 ./SDK/CMSIS/system_MK64F12.o
 .ARM.attributes
                0x00000759       0x39 c:/nxp/mcuxpressoide_10.2.0_759/ide/tools/bin/../lib/gcc/arm-none-eabi/7.2.1/../../../../arm-none-eabi/lib/thumb/v7e-m/fpv4-sp/hard\libcr_c.a(memcpy.o)
 .ARM.attributes
                0x00000792       0x25 c:/nxp/mcuxpressoide_10.2.0_759/ide/tools/bin/../lib/gcc/arm-none-eabi/7.2.1/thumb/v7e-m/fpv4-sp/hard\libcr_eabihelpers.a(memcpy.o)

.debug_frame    0x00000000     0x220c
 .debug_frame   0x00000000      0x1a4 ./source/AdminID.o
 .debug_frame   0x000001a4       0x78 ./source/App.o
 .debug_frame   0x0000021c       0x6c ./source/CardReader.o
 .debug_frame   0x00000288       0xd4 ./source/CardReaderDecoder.o
 .debug_frame   0x0000035c       0xcc ./source/CardReaderHAL.o
 .debug_frame   0x00000428       0x64 ./source/EventQueue.o
 .debug_frame   0x0000048c       0x34 ./source/FSM.o
 .debug_frame   0x000004c0       0x60 ./source/SysTick.o
 .debug_frame   0x00000520      0x18c ./source/displayLed.o
 .debug_frame   0x000006ac      0x150 ./source/displayManager.o
 .debug_frame   0x000007fc       0xbc ./source/displaySegment.o
 .debug_frame   0x000008b8       0xb8 ./source/door.o
 .debug_frame   0x00000970      0x10c ./source/encoder.o
 .debug_frame   0x00000a7c       0xd4 ./source/encoderEvent.o
 .debug_frame   0x00000b50       0xd8 ./source/encoderHal.o
 .debug_frame   0x00000c28       0xb0 ./source/fsmState_AddPin.o
 .debug_frame   0x00000cd8       0xb0 ./source/fsmState_AddUser.o
 .debug_frame   0x00000d88       0x88 ./source/fsmState_Admin.o
 .debug_frame   0x00000e10       0x88 ./source/fsmState_Aprovado.o
 .debug_frame   0x00000e98       0xb0 ./source/fsmState_ChangePin.o
 .debug_frame   0x00000f48       0x88 ./source/fsmState_Denied.o
 .debug_frame   0x00000fd0       0xb0 ./source/fsmState_IdIn.o
 .debug_frame   0x00001080       0x88 ./source/fsmState_Menu.o
 .debug_frame   0x00001108       0xec ./source/fsmState_PinIn.o
 .debug_frame   0x000011f4       0xb0 ./source/fsmState_RemoveUser.o
 .debug_frame   0x000012a4      0x378 ./source/gpio.o
 .debug_frame   0x0000161c      0x11c ./source/timer.o
 .debug_frame   0x00001738       0xa0 ./source/timerqueue.o
 .debug_frame   0x000017d8       0x70 ./SDK/startup/hardware.o
 .debug_frame   0x00001848       0x2c ./SDK/startup/main.o
 .debug_frame   0x00001874       0x20 ./SDK/startup/semihost_hardfault.o
 .debug_frame   0x00001894      0x904 ./SDK/startup/startup_mk64f12.o
 .debug_frame   0x00002198       0x74 ./SDK/CMSIS/system_MK64F12.o
