Archive member included to satisfy reference by file (symbol)

c:/nxp/mcuxpressoide_10.2.0_759/ide/tools/bin/../lib/gcc/arm-none-eabi/7.2.1/../../../../arm-none-eabi/lib/thumb/v7e-m/fpv4-sp/hard\libcr_c.a(memcpy.o)
                              ./source/CardReader.o (memcpy)
c:/nxp/mcuxpressoide_10.2.0_759/ide/tools/bin/../lib/gcc/arm-none-eabi/7.2.1/../../../../arm-none-eabi/lib/thumb/v7e-m/fpv4-sp/hard\libcr_c.a(fpprintf.o)
                              ./source/FSM_actions.o (printf)
c:/nxp/mcuxpressoide_10.2.0_759/ide/tools/bin/../lib/gcc/arm-none-eabi/7.2.1/../../../../arm-none-eabi/lib/thumb/v7e-m/fpv4-sp/hard\libcr_c.a(printf.o)
                              c:/nxp/mcuxpressoide_10.2.0_759/ide/tools/bin/../lib/gcc/arm-none-eabi/7.2.1/../../../../arm-none-eabi/lib/thumb/v7e-m/fpv4-sp/hard\libcr_c.a(fpprintf.o) (__vfprintf)
c:/nxp/mcuxpressoide_10.2.0_759/ide/tools/bin/../lib/gcc/arm-none-eabi/7.2.1/../../../../arm-none-eabi/lib/thumb/v7e-m/fpv4-sp/hard\libcr_c.a(strlen.o)
                              c:/nxp/mcuxpressoide_10.2.0_759/ide/tools/bin/../lib/gcc/arm-none-eabi/7.2.1/../../../../arm-none-eabi/lib/thumb/v7e-m/fpv4-sp/hard\libcr_c.a(printf.o) (strlen)
c:/nxp/mcuxpressoide_10.2.0_759/ide/tools/bin/../lib/gcc/arm-none-eabi/7.2.1/../../../../arm-none-eabi/lib/thumb/v7e-m/fpv4-sp/hard\libcr_c.a(memset.o)
                              c:/nxp/mcuxpressoide_10.2.0_759/ide/tools/bin/../lib/gcc/arm-none-eabi/7.2.1/../../../../arm-none-eabi/lib/thumb/v7e-m/fpv4-sp/hard\libcr_c.a(fpprintf.o) (memset)
c:/nxp/mcuxpressoide_10.2.0_759/ide/tools/bin/../lib/gcc/arm-none-eabi/7.2.1/../../../../arm-none-eabi/lib/thumb/v7e-m/fpv4-sp/hard\libcr_c.a(_deferredlazyseek.o)
                              c:/nxp/mcuxpressoide_10.2.0_759/ide/tools/bin/../lib/gcc/arm-none-eabi/7.2.1/../../../../arm-none-eabi/lib/thumb/v7e-m/fpv4-sp/hard\libcr_c.a(fpprintf.o) (__flsbuf)
c:/nxp/mcuxpressoide_10.2.0_759/ide/tools/bin/../lib/gcc/arm-none-eabi/7.2.1/../../../../arm-none-eabi/lib/thumb/v7e-m/fpv4-sp/hard\libcr_c.a(_fflush.o)
                              c:/nxp/mcuxpressoide_10.2.0_759/ide/tools/bin/../lib/gcc/arm-none-eabi/7.2.1/../../../../arm-none-eabi/lib/thumb/v7e-m/fpv4-sp/hard\libcr_c.a(_deferredlazyseek.o) (_fflush)
c:/nxp/mcuxpressoide_10.2.0_759/ide/tools/bin/../lib/gcc/arm-none-eabi/7.2.1/../../../../arm-none-eabi/lib/thumb/v7e-m/fpv4-sp/hard\libcr_c.a(_frexpl.o)
                              c:/nxp/mcuxpressoide_10.2.0_759/ide/tools/bin/../lib/gcc/arm-none-eabi/7.2.1/../../../../arm-none-eabi/lib/thumb/v7e-m/fpv4-sp/hard\libcr_c.a(fpprintf.o) (_frexpl)
c:/nxp/mcuxpressoide_10.2.0_759/ide/tools/bin/../lib/gcc/arm-none-eabi/7.2.1/../../../../arm-none-eabi/lib/thumb/v7e-m/fpv4-sp/hard\libcr_c.a(_ldexpl.o)
                              c:/nxp/mcuxpressoide_10.2.0_759/ide/tools/bin/../lib/gcc/arm-none-eabi/7.2.1/../../../../arm-none-eabi/lib/thumb/v7e-m/fpv4-sp/hard\libcr_c.a(fpprintf.o) (_ldexpl)
c:/nxp/mcuxpressoide_10.2.0_759/ide/tools/bin/../lib/gcc/arm-none-eabi/7.2.1/../../../../arm-none-eabi/lib/thumb/v7e-m/fpv4-sp/hard\libcr_c.a(_writebuf.o)
                              c:/nxp/mcuxpressoide_10.2.0_759/ide/tools/bin/../lib/gcc/arm-none-eabi/7.2.1/../../../../arm-none-eabi/lib/thumb/v7e-m/fpv4-sp/hard\libcr_c.a(_deferredlazyseek.o) (_Cwritebuf)
c:/nxp/mcuxpressoide_10.2.0_759/ide/tools/bin/../lib/gcc/arm-none-eabi/7.2.1/../../../../arm-none-eabi/lib/thumb/v7e-m/fpv4-sp/hard\libcr_c.a(alloc.o)
                              c:/nxp/mcuxpressoide_10.2.0_759/ide/tools/bin/../lib/gcc/arm-none-eabi/7.2.1/../../../../arm-none-eabi/lib/thumb/v7e-m/fpv4-sp/hard\libcr_c.a(fpprintf.o) (malloc)
c:/nxp/mcuxpressoide_10.2.0_759/ide/tools/bin/../lib/gcc/arm-none-eabi/7.2.1/../../../../arm-none-eabi/lib/thumb/v7e-m/fpv4-sp/hard\libcr_c.a(errno.o)
                              c:/nxp/mcuxpressoide_10.2.0_759/ide/tools/bin/../lib/gcc/arm-none-eabi/7.2.1/../../../../arm-none-eabi/lib/thumb/v7e-m/fpv4-sp/hard\libcr_c.a(_ldexpl.o) (errno)
c:/nxp/mcuxpressoide_10.2.0_759/ide/tools/bin/../lib/gcc/arm-none-eabi/7.2.1/../../../../arm-none-eabi/lib/thumb/v7e-m/fpv4-sp/hard\libcr_c.a(fseek.o)
                              c:/nxp/mcuxpressoide_10.2.0_759/ide/tools/bin/../lib/gcc/arm-none-eabi/7.2.1/../../../../arm-none-eabi/lib/thumb/v7e-m/fpv4-sp/hard\libcr_c.a(_deferredlazyseek.o) (fseek)
c:/nxp/mcuxpressoide_10.2.0_759/ide/tools/bin/../lib/gcc/arm-none-eabi/7.2.1/../../../../arm-none-eabi/lib/thumb/v7e-m/fpv4-sp/hard\libcr_c.a(ftell.o)
                              c:/nxp/mcuxpressoide_10.2.0_759/ide/tools/bin/../lib/gcc/arm-none-eabi/7.2.1/../../../../arm-none-eabi/lib/thumb/v7e-m/fpv4-sp/hard\libcr_c.a(fseek.o) (ftell)
c:/nxp/mcuxpressoide_10.2.0_759/ide/tools/bin/../lib/gcc/arm-none-eabi/7.2.1/../../../../arm-none-eabi/lib/thumb/v7e-m/fpv4-sp/hard\libcr_c.a(__init_alloc.o)
[...]
Memory Configuration

Name             Origin             Length             Attributes
PROGRAM_FLASH    0x00000000         0x00100000         xr
SRAM_UPPER       0x20000000         0x00030000         xrw
SRAM_LOWER       0x1fff0000         0x00010000         xrw
FLEX_RAM         0x14000000         0x00001000         xrw
*default*        0x00000000         0xffffffff

Linker script and memory map

LOAD ./source/AdminID.o
LOAD ./source/App.o
LOAD ./source/CardReader.o
LOAD ./source/CardReaderDecoder.o
LOAD ./source/CardReaderHAL.o
LOAD ./source/EncoderHandler.o
LOAD ./source/EventQueue.o
LOAD ./source/FSM.o
LOAD ./source/FSMTABLE.o
LOAD ./source/FSM_actions.o
LOAD ./source/SysTick.o
LOAD ./source/boardLed.o
LOAD ./source/displayLed.o
LOAD ./source/displayManager.o
LOAD ./source/displaySegment.o
LOAD ./source/door.o
LOAD ./source/encoder.o
LOAD ./source/encoderEvent.o
LOAD ./source/encoderHal.o
LOAD ./source/fsmState_Aprovado.o
LOAD ./source/fsmState_Denied.o
LOAD ./source/fsmState_IdIn.o
LOAD ./source/fsmState_Menu.o
LOAD ./source/fsmState_PinIn.o
LOAD ./source/gpio.o
LOAD ./source/timer.o
LOAD ./source/timerqueue.o
LOAD ./SDK/startup/hardware.o
LOAD ./SDK/startup/main.o
LOAD ./SDK/startup/semihost_hardfault.o
LOAD ./SDK/startup/startup_mk64f12.o
LOAD ./SDK/CMSIS/system_MK64F12.o
START GROUP
LOAD c:/nxp/mcuxpressoide_10.2.0_759/ide/tools/bin/../lib/gcc/arm-none-eabi/7.2.1/../../../../arm-none-eabi/lib/thumb/v7e-m/fpv4-sp/hard\libcr_c.a
LOAD c:/nxp/mcuxpressoide_10.2.0_759/ide/tools/bin/../lib/gcc/arm-none-eabi/7.2.1/thumb/v7e-m/fpv4-sp/hard\libcr_eabihelpers.a
END GROUP
                0x00000000                __base_PROGRAM_FLASH = 0x0
                0x00000000                __base_Flash = 0x0
                0x00100000                __top_PROGRAM_FLASH = 0x100000
                0x00100000                __top_Flash = 0x100000
                0x20000000                __base_SRAM_UPPER = 0x20000000
                0x20000000                __base_RAM = 0x20000000
                0x20030000                __top_SRAM_UPPER = 0x20030000
                0x20030000                __top_RAM = 0x20030000
                0x1fff0000                __base_SRAM_LOWER = 0x1fff0000
                0x1fff0000                __base_RAM2 = 0x1fff0000
                0x20000000                __top_SRAM_LOWER = 0x20000000
                0x20000000                __top_RAM2 = 0x20000000
                0x14000000                __base_FLEX_RAM = 0x14000000
                0x14000000                __base_RAM3 = 0x14000000
                0x14001000                __top_FLEX_RAM = 0x14001000
                0x14001000                __top_RAM3 = 0x14001000

.text           0x00000000     0x3d00
 FILL mask 0xff
                0x00000000                __vectors_start__ = ABSOLUTE (.)
 *(SORT_BY_ALIGNMENT(.isr_vector))
 .isr_vector    0x00000000      0x198 ./SDK/startup/startup_mk64f12.o
                0x00000000                g_pfnVectors
                0x00000000                __Vectors
                0x00000198                . = ALIGN (0x4)
                0x00000198                __section_table_start = .
                0x00000198                __data_section_table = .
                0x00000198        0x4 LONG 0x3d00 LOADADDR (.data)
                0x0000019c        0x4 LONG 0x20000000 ADDR (.data)
                0x000001a0        0x4 LONG 0x20 SIZEOF (.data)
                0x000001a4        0x4 LONG 0x3d00 LOADADDR (.data_RAM2)
                0x000001a8        0x4 LONG 0x1fff0000 ADDR (.data_RAM2)
                0x000001ac        0x4 LONG 0x0 SIZEOF (.data_RAM2)
                0x000001b0        0x4 LONG 0x3d00 LOADADDR (.data_RAM3)
                0x000001b4        0x4 LONG 0x14000000 ADDR (.data_RAM3)
                0x000001b8        0x4 LONG 0x0 SIZEOF (.data_RAM3)
                0x000001bc                __data_section_table_end = .
                0x000001bc                __bss_section_table = .
                0x000001bc        0x4 LONG 0x20000020 ADDR (.bss)
                0x000001c0        0x4 LONG 0x1138 SIZEOF (.bss)
                0x000001c4        0x4 LONG 0x1fff0000 ADDR (.bss_RAM2)
                0x000001c8        0x4 LONG 0x0 SIZEOF (.bss_RAM2)
                0x000001cc        0x4 LONG 0x14000000 ADDR (.bss_RAM3)
                0x000001d0        0x4 LONG 0x0 SIZEOF (.bss_RAM3)
                0x000001d4                __bss_section_table_end = .
                0x000001d4                __section_table_end = .
 *(SORT_BY_ALIGNMENT(.after_vectors*))
 .after_vectors.reset
                0x000001d4       0x4c ./SDK/startup/startup_mk64f12.o
                0x000001d4                ResetISR
 .after_vectors.init_data
                0x00000220       0x1e ./SDK/startup/startup_mk64f12.o
                0x00000220                data_init
 .after_vectors.init_bss
                0x0000023e       0x12 ./SDK/startup/startup_mk64f12.o
                0x0000023e                bss_init
 .after_vectors
                0x00000250       0x14 ./SDK/startup/startup_mk64f12.o
                0x00000250                NMI_Handler
                0x00000254                MemManage_Handler
                0x00000256                BusFault_Handler
                0x00000258                UsageFault_Handler
                0x0000025a                SVC_Handler
                0x0000025c                DebugMon_Handler
                0x0000025e                PendSV_Handler
                0x00000262                DMA_Error_DriverIRQHandler
                0x00000262                LPTMR0_DriverIRQHandler
                0x00000262                FTM1_DriverIRQHandler
                0x00000262                FTM2_DriverIRQHandler
                0x00000262                PIT2_DriverIRQHandler
                0x00000262                SDHC_DriverIRQHandler
                0x00000262                I2S0_Tx_DriverIRQHandler
                0x00000262                RTC_Seconds_DriverIRQHandler
                0x00000262                DMA6_DriverIRQHandler
                0x00000262                LLWU_DriverIRQHandler
                0x00000262                MCM_DriverIRQHandler
                0x00000262                MCG_DriverIRQHandler
                0x00000262                ENET_1588_Timer_DriverIRQHandler
                0x00000262                I2C2_DriverIRQHandler
                0x00000262                DAC1_DriverIRQHandler
                0x00000262                SPI1_DriverIRQHandler
                0x00000262                CMP1_DriverIRQHandler
                0x00000262                UART5_RX_TX_DriverIRQHandler
                0x00000262                FTM0_DriverIRQHandler
                0x00000262                IntDefaultHandler
                0x00000262                USB0_DriverIRQHandler
                0x00000262                UART5_ERR_DriverIRQHandler
                0x00000262                PORTC_DriverIRQHandler
                0x00000262                DMA11_DriverIRQHandler
                0x00000262                DAC0_DriverIRQHandler
                0x00000262                DMA10_DriverIRQHandler
                0x00000262                CMP2_DriverIRQHandler
                0x00000262                UART2_ERR_DriverIRQHandler
                0x00000262                SPI2_DriverIRQHandler
                0x00000262                LVD_LVW_DriverIRQHandler
                0x00000262                PIT0_DriverIRQHandler
                0x00000262                RNG_DriverIRQHandler
                0x00000262                DMA5_DriverIRQHandler
                0x00000262                DMA12_DriverIRQHandler
                0x00000262                UART2_RX_TX_DriverIRQHandler
                0x00000262                USBDCD_DriverIRQHandler
                0x00000262                UART3_ERR_DriverIRQHandler
                0x00000262                DMA3_DriverIRQHandler
                0x00000262                DMA8_DriverIRQHandler
                0x00000262                DMA9_DriverIRQHandler
                0x00000262                UART0_ERR_DriverIRQHandler
                0x00000262                CMT_DriverIRQHandler
                0x00000262                Reserved71_DriverIRQHandler
                0x00000262                ADC1_DriverIRQHandler
                0x00000262                PORTA_DriverIRQHandler
                0x00000262                DMA14_DriverIRQHandler
                0x00000262                PIT3_DriverIRQHandler
                0x00000262                PIT1_DriverIRQHandler
                0x00000262                WDOG_EWM_DriverIRQHandler
                0x00000262                PDB0_DriverIRQHandler
                0x00000262                RTC_DriverIRQHandler
                0x00000262                I2S0_Rx_DriverIRQHandler
                0x00000262                Read_Collision_DriverIRQHandler
                0x00000262                SWI_DriverIRQHandler
                0x00000262                UART4_RX_TX_DriverIRQHandler
                0x00000262                UART4_ERR_DriverIRQHandler
                0x00000262                PORTB_DriverIRQHandler
                0x00000262                UART0_LON_DriverIRQHandler
                0x00000262                DMA0_DriverIRQHandler
                0x00000262                DMA1_DriverIRQHandler
                0x00000262                I2C1_DriverIRQHandler
                0x00000262                UART3_RX_TX_DriverIRQHandler
                0x00000262                ENET_Receive_DriverIRQHandler
                0x00000262                DMA13_DriverIRQHandler
                0x00000262                ENET_Error_DriverIRQHandler
                0x00000262                DMA15_DriverIRQHandler
                0x00000262                UART0_RX_TX_DriverIRQHandler
                0x00000262                SPI0_DriverIRQHandler
                0x00000262                ADC0_DriverIRQHandler
                0x00000262                CMP0_DriverIRQHandler
                0x00000262                CAN0_DriverIRQHandler
                0x00000262                FTM3_DriverIRQHandler
                0x00000262                DMA4_DriverIRQHandler
                0x00000262                UART1_ERR_DriverIRQHandler
                0x00000262                DMA2_DriverIRQHandler
                0x00000262                ENET_Transmit_DriverIRQHandler
                0x00000262                PORTD_DriverIRQHandler
                0x00000262                PORTE_DriverIRQHandler
                0x00000262                FTFE_DriverIRQHandler
                0x00000262                I2C0_DriverIRQHandler
                0x00000262                DMA7_DriverIRQHandler
                0x00000262                UART1_RX_TX_DriverIRQHandler
                0x00000400                . = 0x400
 *fill*         0x00000264      0x19c ff
                0x00000400                PROVIDE (__FLASH_CONFIG_START__, .)
 *(SORT_BY_ALIGNMENT(.FlashConfig))
 .FlashConfig   0x00000400       0x10 ./SDK/startup/startup_mk64f12.o
                0x00000400                Flash_Config
                0x00000410                PROVIDE (__FLASH_CONFIG_END__, .)
                0x00000001                ASSERT (! ((__FLASH_CONFIG_START__ == __FLASH_CONFIG_END__)), Linker Flash Config Support Enabled, but no .FlashConfig section provided within application)
 *(SORT_BY_ALIGNMENT(.text*))
 .text.initDataBase
                0x00000410       0x68 ./source/AdminID.o
                0x00000410                initDataBase
 .text.agregoUsuario
                0x00000478       0x74 ./source/AdminID.o
                0x00000478                agregoUsuario
 .text.verificoCategory
                0x000004ec       0x8c ./source/AdminID.o
                0x000004ec                verificoCategory
 .text.verificoID
                0x00000578       0x80 ./source/AdminID.o
                0x00000578                verificoID
 .text.verificoPIN
                0x000005f8       0xbc ./source/AdminID.o
                0x000005f8                verificoPIN
 .text.App_Init
                0x000006b4       0x54 ./source/App.o
                0x000006b4                App_Init
 .text.App_Run  0x00000708       0xe4 ./source/App.o
                0x00000708                App_Run
 .text.dataParser
                0x000007ec       0x68 ./source/CardReaderDecoder.o
                0x000007ec                dataParser
 .text.CardReaderHW_Init
                0x00000854       0x50 ./source/CardReaderHAL.o
                0x00000854                CardReaderHW_Init
 .text.clockfun
                0x000008a4       0x50 ./source/CardReaderHAL.o
                0x000008a4                clockfun
 .text.enablefun
                0x000008f4       0x84 ./source/CardReaderHAL.o
                0x000008f4                enablefun
 .text.Queue_Init
                0x00000978       0x20 ./source/CardReaderHAL.o
                0x00000978                Queue_Init
 .text.get_buffer
                0x00000998       0x68 ./source/CardReaderHAL.o
                0x00000998                get_buffer
 .text.queue_not_empty
                0x00000a00       0x30 ./source/CardReaderHAL.o
                0x00000a00                queue_not_empty
 .text.fsmInit  0x00000a30       0x40 ./source/FSM.o
                0x00000a30                fsmInit
 .text.SysTick_Init
                0x00000a70       0x40 ./source/SysTick.o
                0x00000a70                SysTick_Init
 .text.SysTick_Handler
                0x00000ab0       0x24 ./source/SysTick.o
                0x00000ab0                SysTick_Handler
 .text.InitDisplayLeds
                0x00000ad4       0x34 ./source/displayLed.o
                0x00000ad4                InitDisplayLeds
 .text.ResetDisplayLeds
                0x00000b08       0x6c ./source/displayLed.o
                0x00000b08                ResetDisplayLeds
 .text.SetDisplayBrightness
                0x00000b74       0x30 ./source/displayLed.o
                0x00000b74                SetDisplayBrightness
 .text.showDisplayLeds
                0x00000ba4       0x54 ./source/displayLed.o
                0x00000ba4                showDisplayLeds
 .text.brightnessHandle
                0x00000bf8       0x5c ./source/displayLed.o
                0x00000bf8                brightnessHandle
 .text.blinkHandle
                0x00000c54       0xa8 ./source/displayLed.o
                0x00000c54                blinkHandle
 .text.InitDisplay
                0x00000cfc       0x84 ./source/displayManager.o
                0x00000cfc                InitDisplay
 .text.ClearDisplay
                0x00000d80       0x3c ./source/displayManager.o
                0x00000d80                ClearDisplay
 .text.PrintMessage
                0x00000dbc       0x94 ./source/displayManager.o
                0x00000dbc                PrintMessage
 .text.SetBrightness
                0x00000e50       0x38 ./source/displayManager.o
                0x00000e50                SetBrightness
 .text.UpdateDisplay
                0x00000e88      0x10c ./source/displayManager.o
                0x00000e88                UpdateDisplay
 .text.ShiftLeft
                0x00000f94       0x1c ./source/displayManager.o
                0x00000f94                ShiftLeft
 .text.ledDisplayCallback
                0x00000fb0       0x38 ./source/displayManager.o
                0x00000fb0                ledDisplayCallback
 .text.InitSegmentDisplay
                0x00000fe8       0x70 ./source/displaySegment.o
                0x00000fe8                InitSegmentDisplay
 .text.PrintChar
                0x00001058       0x9c ./source/displaySegment.o
                0x00001058                PrintChar
 .text.SelectDigit
                0x000010f4       0x78 ./source/displaySegment.o
                0x000010f4                SelectDigit
 .text.openDoorTemporally
                0x0000116c       0x1c ./source/door.o
                0x0000116c                openDoorTemporally
 .text.initEncoder
                0x00001188       0x78 ./source/encoder.o
                0x00001188                initEncoder
 .text.pullEncoderEvent
                0x00001200       0x6c ./source/encoder.o
                0x00001200                pullEncoderEvent
 .text.pushEncoderEvent
                0x0000126c       0x5c ./source/encoder.o
                0x0000126c                pushEncoderEvent
 .text.isEncoderEventValid
                0x000012c8       0x2c ./source/encoder.o
                0x000012c8                isEncoderEventValid
 .text.initEncoderQueue
                0x000012f4       0x20 ./source/encoder.o
                0x000012f4                initEncoderQueue
 .text.updateData
                0x00001314       0x3c ./source/encoderEvent.o
                0x00001314                updateData
 .text.encoderRot
                0x00001350       0x98 ./source/encoderEvent.o
                0x00001350                encoderRot
 .text.checkRisingEdge
                0x000013e8       0x38 ./source/encoderEvent.o
                0x000013e8                checkRisingEdge
 .text.checkFallingEdge
                0x00001420       0x38 ./source/encoderEvent.o
                0x00001420                checkFallingEdge
 .text.initEncoderHal
                0x00001458       0x78 ./source/encoderHal.o
                0x00001458                initEncoderHal
 .text.resetEncoderTimerCount
                0x000014d0       0x18 ./source/encoderHal.o
                0x000014d0                resetEncoderTimerCount
 .text.getEncoderTimerCount
                0x000014e8       0x18 ./source/encoderHal.o
                0x000014e8                getEncoderTimerCount
 .text.encoderTimerRoutine
                0x00001500       0x2c ./source/encoderHal.o
                0x00001500                encoderTimerRoutine
 .text.AprovadoRoutine_Input
                0x0000152c      0x1a4 ./source/fsmState_Aprovado.o
                0x0000152c                AprovadoRoutine_Input
 .text.AprovadoRoutine_Timer
                0x000016d0       0x70 ./source/fsmState_Aprovado.o
                0x000016d0                AprovadoRoutine_Timer
 .text.DeniedRoutine_Timer
                0x00001740       0x70 ./source/fsmState_Denied.o
                0x00001740                DeniedRoutine_Timer
 .text.createIDString
                0x000017b0       0x7c ./source/fsmState_IdIn.o
 .text.IDInRoutine_Input
                0x0000182c      0x230 ./source/fsmState_IdIn.o
                0x0000182c                IDInRoutine_Input
 .text.IDInMenuRoutine_Timer
                0x00001a5c       0x70 ./source/fsmState_IdIn.o
                0x00001a5c                IDInMenuRoutine_Timer
 .text.IDInMenuRoutine_Card
                0x00001acc       0xd0 ./source/fsmState_IdIn.o
                0x00001acc                IDInMenuRoutine_Card
 .text.MenuRoutine_Input
                0x00001b9c      0x11c ./source/fsmState_Menu.o
                0x00001b9c                MenuRoutine_Input
 .text.MenuRoutine_Card
                0x00001cb8       0xd0 ./source/fsmState_Menu.o
                0x00001cb8                MenuRoutine_Card
 .text.createPINString
                0x00001d88       0x70 ./source/fsmState_PinIn.o
 .text.getBlockedTime
                0x00001df8       0x44 ./source/fsmState_PinIn.o
 .text.PinInRoutine_Input
                0x00001e3c      0x358 ./source/fsmState_PinIn.o
                0x00001e3c                PinInRoutine_Input
 .text.PinInRoutine_Timer
                0x00002194       0x70 ./source/fsmState_PinIn.o
                0x00002194                PinInRoutine_Timer
 .text.PinInRoutine_Card
                0x00002204       0xd0 ./source/fsmState_PinIn.o
                0x00002204                PinInRoutine_Card
 .text.__NVIC_EnableIRQ
                0x000022d4       0x3c ./source/gpio.o
 .text.gpioMode
                0x00002310      0x104 ./source/gpio.o
                0x00002310                gpioMode
 .text.gpioRead
                0x00002414       0x68 ./source/gpio.o
                0x00002414                gpioRead
 .text.gpioWrite
                0x0000247c       0x80 ./source/gpio.o
                0x0000247c                gpioWrite
 .text.setPassiveFilter
                0x000024fc       0x74 ./source/gpio.o
                0x000024fc                setPassiveFilter
 .text.gpioIRQ  0x00002570       0xc0 ./source/gpio.o
                0x00002570                gpioIRQ
 .text.IRQHandler
                0x00002630       0xbc ./source/gpio.o
                0x00002630                IRQHandler
 .text.timerInit
                0x000026ec       0x78 ./source/timer.o
                0x000026ec                timerInit
 .text.timerStart
                0x00002764       0x8c ./source/timer.o
                0x00002764                timerStart
 .text.timerRestart
                0x000027f0       0x28 ./source/timer.o
                0x000027f0                timerRestart
 .text.timerEnable
                0x00002818       0x2c ./source/timer.o
                0x00002818                timerEnable
 .text.timerDisable
                0x00002844       0x2c ./source/timer.o
                0x00002844                timerDisable
 .text.timer_isr
                0x00002870       0x70 ./source/timer.o
 .text.InitializeTimerQueue
                0x000028e0       0x30 ./source/timerqueue.o
                0x000028e0                InitializeTimerQueue
 .text.pushTimerEvent
                0x00002910       0x4c ./source/timerqueue.o
                0x00002910                pushTimerEvent
 .text.popTimerEvent
                0x0000295c       0x24 ./source/timerqueue.o
                0x0000295c                popTimerEvent
 .text.timerqueueEmpty
                0x00002980       0x2c ./source/timerqueue.o
                0x00002980                timerqueueEmpty
 .text.hw_Init  0x000029ac      0x10c ./SDK/startup/hardware.o
                0x000029ac                hw_Init
 .text.hw_EnableInterrupts
                0x00002ab8       0x30 ./SDK/startup/hardware.o
                0x00002ab8                hw_EnableInterrupts
 .text.hw_DisableInterrupts
                0x00002ae8       0x20 ./SDK/startup/hardware.o
                0x00002ae8                hw_DisableInterrupts
 .text.SystemInit
                0x00002b08       0x3c ./SDK/CMSIS/system_MK64F12.o
                0x00002b08                SystemInit
 .text.inactivity_callback
                0x00002b44        0xe ./source/App.o
                0x00002b44                inactivity_callback
 .text.Cardreader_Init
                0x00002b52        0xc ./source/CardReader.o
                0x00002b52                Cardreader_Init
 .text.lecture_ready
                0x00002b5e        0xe ./source/CardReader.o
                0x00002b5e                lecture_ready
 .text.get_decoded
                0x00002b6c       0x54 ./source/CardReader.o
                0x00002b6c                get_decoded
 .text.getShapedTrack
                0x00002bc0      0x122 ./source/CardReaderDecoder.o
                0x00002bc0                getShapedTrack
 .text.identifySymbol
                0x00002ce2       0xa8 ./source/CardReaderDecoder.o
                0x00002ce2                identifySymbol
 .text.shapeTrack
                0x00002d8a       0x4a ./source/CardReaderDecoder.o
                0x00002d8a                shapeTrack
 .text.decodeTrack
                0x00002dd4      0x2ae ./source/CardReaderDecoder.o
                0x00002dd4                decodeTrack
 .text.getEvent
                0x00003082       0x8a ./source/EventQueue.o
                0x00003082                getEvent
 .text.userDataReset
                0x0000310c       0x8e ./source/EventQueue.o
                0x0000310c                userDataReset
 .text.setDisplayLedPos
                0x0000319a       0x62 ./source/displayLed.o
                0x0000319a                setDisplayLedPos
 .text.GetStringSize
                0x000031fc       0x32 ./source/displayManager.o
                0x000031fc                GetStringSize
 .text.GenerateDisplayEv
                0x0000322e        0xe ./source/displayManager.o
                0x0000322e                GenerateDisplayEv
 .text.setDigit
                0x0000323c       0xde ./source/displaySegment.o
                0x0000323c                setDigit
 .text.doorInit
                0x0000331a       0x18 ./source/door.o
                0x0000331a                doorInit
 .text.closeAfterTimeOut
                0x00003332       0x12 ./source/door.o
                0x00003332                closeAfterTimeOut
 .text.openDoor
                0x00003344       0x10 ./source/door.o
                0x00003344                openDoor
 .text.closeDoor
                0x00003354       0x10 ./source/door.o
                0x00003354                closeDoor
 .text.rotationCallback
                0x00003364       0x6e ./source/encoder.o
                0x00003364                rotationCallback
 .text.buttonCallback
                0x000033d2       0x64 ./source/encoder.o
                0x000033d2                buttonCallback
 .text.resetData
                0x00003436       0x30 ./source/encoderEvent.o
                0x00003436                resetData
 .text.setButtonCallback
                0x00003466       0x1a ./source/encoderHal.o
                0x00003466                setButtonCallback
 .text.readEncoder
                0x00003480       0x48 ./source/encoderHal.o
                0x00003480                readEncoder
 .text.AprovadoRoutine_Card
                0x000034c8       0x18 ./source/fsmState_Aprovado.o
                0x000034c8                AprovadoRoutine_Card
 .text.DeniedRoutine_Input
                0x000034e0       0x26 ./source/fsmState_Denied.o
                0x000034e0                DeniedRoutine_Input
 .text.DeniedRoutine_Card
                0x00003506       0x26 ./source/fsmState_Denied.o
                0x00003506                DeniedRoutine_Card
 .text.MenuRoutine_Timer
                0x0000352c       0x30 ./source/fsmState_Menu.o
                0x0000352c                MenuRoutine_Timer
 .text.blockedCallback
                0x0000355c       0x1a ./source/fsmState_PinIn.o
                0x0000355c                blockedCallback
 .text.setGPIOdataOut
                0x00003576       0x4a ./source/gpio.o
                0x00003576                setGPIOdataOut
 .text.validPin
                0x000035c0       0x26 ./source/gpio.o
                0x000035c0                validPin
 .text.setPCRmux
                0x000035e6       0x46 ./source/gpio.o
                0x000035e6                setPCRmux
 .text.setPCRpullEnable
                0x0000362c       0x30 ./source/gpio.o
                0x0000362c                setPCRpullEnable
 .text.setPCRpullUp
                0x0000365c       0x30 ./source/gpio.o
                0x0000365c                setPCRpullUp
 .text.setPCRpullDown
                0x0000368c       0x32 ./source/gpio.o
                0x0000368c                setPCRpullDown
 .text.setGPIOddr
                0x000036be       0x30 ./source/gpio.o
                0x000036be                setGPIOddr
 .text.setPCRirqc
                0x000036ee       0x46 ./source/gpio.o
                0x000036ee                setPCRirqc
 .text.PORTA_IRQHandler
                0x00003734       0x1e ./source/gpio.o
                0x00003734                PORTA_IRQHandler
 .text.PORTB_IRQHandler
                0x00003752       0x1e ./source/gpio.o
                0x00003752                PORTB_IRQHandler
 .text.PORTC_IRQHandler
                0x00003770       0x1e ./source/gpio.o
                0x00003770                PORTC_IRQHandler
 .text.PORTD_IRQHandler
                0x0000378e       0x1e ./source/gpio.o
                0x0000378e                PORTD_IRQHandler
 .text.PORTE_IRQHandler
                0x000037ac       0x1e ./source/gpio.o
                0x000037ac                PORTE_IRQHandler
 .text.main     0x000037ca       0x1a ./SDK/startup/main.o
                0x000037ca                main
 .text.HardFault_Handler
                0x000037e4       0x2c ./SDK/startup/semihost_hardfault.o
                0x000037e4                HardFault_Handler
 .text.DMA0_IRQHandler
                0x00003810        0x8 ./SDK/startup/startup_mk64f12.o
                0x00003810                DMA0_IRQHandler
 .text.DMA1_IRQHandler
                0x00003818        0x8 ./SDK/startup/startup_mk64f12.o
                0x00003818                DMA1_IRQHandler
 .text.DMA2_IRQHandler
                0x00003820        0x8 ./SDK/startup/startup_mk64f12.o
                0x00003820                DMA2_IRQHandler
 .text.DMA3_IRQHandler
                0x00003828        0x8 ./SDK/startup/startup_mk64f12.o
                0x00003828                DMA3_IRQHandler
 .text.DMA4_IRQHandler
                0x00003830        0x8 ./SDK/startup/startup_mk64f12.o
                0x00003830                DMA4_IRQHandler
 .text.DMA5_IRQHandler
                0x00003838        0x8 ./SDK/startup/startup_mk64f12.o
                0x00003838                DMA5_IRQHandler
 .text.DMA6_IRQHandler
                0x00003840        0x8 ./SDK/startup/startup_mk64f12.o
                0x00003840                DMA6_IRQHandler
 .text.DMA7_IRQHandler
                0x00003848        0x8 ./SDK/startup/startup_mk64f12.o
                0x00003848                DMA7_IRQHandler
 .text.DMA8_IRQHandler
                0x00003850        0x8 ./SDK/startup/startup_mk64f12.o
                0x00003850                DMA8_IRQHandler
 .text.DMA9_IRQHandler
                0x00003858        0x8 ./SDK/startup/startup_mk64f12.o
                0x00003858                DMA9_IRQHandler
 .text.DMA10_IRQHandler
                0x00003860        0x8 ./SDK/startup/startup_mk64f12.o
                0x00003860                DMA10_IRQHandler
 .text.DMA11_IRQHandler
                0x00003868        0x8 ./SDK/startup/startup_mk64f12.o
                0x00003868                DMA11_IRQHandler
 .text.DMA12_IRQHandler
                0x00003870        0x8 ./SDK/startup/startup_mk64f12.o
                0x00003870                DMA12_IRQHandler
 .text.DMA13_IRQHandler
                0x00003878        0x8 ./SDK/startup/startup_mk64f12.o
                0x00003878                DMA13_IRQHandler
 .text.DMA14_IRQHandler
                0x00003880        0x8 ./SDK/startup/startup_mk64f12.o
                0x00003880                DMA14_IRQHandler
 .text.DMA15_IRQHandler
                0x00003888        0x8 ./SDK/startup/startup_mk64f12.o
                0x00003888                DMA15_IRQHandler
 .text.DMA_Error_IRQHandler
                0x00003890        0x8 ./SDK/startup/startup_mk64f12.o
                0x00003890                DMA_Error_IRQHandler
 .text.MCM_IRQHandler
                0x00003898        0x8 ./SDK/startup/startup_mk64f12.o
                0x00003898                MCM_IRQHandler
 .text.FTFE_IRQHandler
                0x000038a0        0x8 ./SDK/startup/startup_mk64f12.o
                0x000038a0                FTFE_IRQHandler
 .text.Read_Collision_IRQHandler
                0x000038a8        0x8 ./SDK/startup/startup_mk64f12.o
                0x000038a8                Read_Collision_IRQHandler
 .text.LVD_LVW_IRQHandler
                0x000038b0        0x8 ./SDK/startup/startup_mk64f12.o
                0x000038b0                LVD_LVW_IRQHandler
 .text.LLWU_IRQHandler
                0x000038b8        0x8 ./SDK/startup/startup_mk64f12.o
                0x000038b8                LLWU_IRQHandler
 .text.WDOG_EWM_IRQHandler
                0x000038c0        0x8 ./SDK/startup/startup_mk64f12.o
                0x000038c0                WDOG_EWM_IRQHandler
 .text.RNG_IRQHandler
                0x000038c8        0x8 ./SDK/startup/startup_mk64f12.o
                0x000038c8                RNG_IRQHandler
 .text.I2C0_IRQHandler
                0x000038d0        0x8 ./SDK/startup/startup_mk64f12.o
                0x000038d0                I2C0_IRQHandler
 .text.I2C1_IRQHandler
                0x000038d8        0x8 ./SDK/startup/startup_mk64f12.o
                0x000038d8                I2C1_IRQHandler
 .text.SPI0_IRQHandler
                0x000038e0        0x8 ./SDK/startup/startup_mk64f12.o
                0x000038e0                SPI0_IRQHandler
 .text.SPI1_IRQHandler
                0x000038e8        0x8 ./SDK/startup/startup_mk64f12.o
                0x000038e8                SPI1_IRQHandler
 .text.I2S0_Tx_IRQHandler
                0x000038f0        0x8 ./SDK/startup/startup_mk64f12.o
                0x000038f0                I2S0_Tx_IRQHandler
 .text.I2S0_Rx_IRQHandler
                0x000038f8        0x8 ./SDK/startup/startup_mk64f12.o
                0x000038f8                I2S0_Rx_IRQHandler
 .text.UART0_LON_IRQHandler
                0x00003900        0x8 ./SDK/startup/startup_mk64f12.o
                0x00003900                UART0_LON_IRQHandler
 .text.UART0_RX_TX_IRQHandler
                0x00003908        0x8 ./SDK/startup/startup_mk64f12.o
                0x00003908                UART0_RX_TX_IRQHandler
 .text.UART0_ERR_IRQHandler
                0x00003910        0x8 ./SDK/startup/startup_mk64f12.o
                0x00003910                UART0_ERR_IRQHandler
 .text.UART1_RX_TX_IRQHandler
                0x00003918        0x8 ./SDK/startup/startup_mk64f12.o
                0x00003918                UART1_RX_TX_IRQHandler
 .text.UART1_ERR_IRQHandler
                0x00003920        0x8 ./SDK/startup/startup_mk64f12.o
                0x00003920                UART1_ERR_IRQHandler
 .text.UART2_RX_TX_IRQHandler
                0x00003928        0x8 ./SDK/startup/startup_mk64f12.o
                0x00003928                UART2_RX_TX_IRQHandler
 .text.UART2_ERR_IRQHandler
                0x00003930        0x8 ./SDK/startup/startup_mk64f12.o
                0x00003930                UART2_ERR_IRQHandler
 .text.UART3_RX_TX_IRQHandler
                0x00003938        0x8 ./SDK/startup/startup_mk64f12.o
                0x00003938                UART3_RX_TX_IRQHandler
 .text.UART3_ERR_IRQHandler
                0x00003940        0x8 ./SDK/startup/startup_mk64f12.o
                0x00003940                UART3_ERR_IRQHandler
 .text.ADC0_IRQHandler
                0x00003948        0x8 ./SDK/startup/startup_mk64f12.o
                0x00003948                ADC0_IRQHandler
 .text.CMP0_IRQHandler
                0x00003950        0x8 ./SDK/startup/startup_mk64f12.o
                0x00003950                CMP0_IRQHandler
 .text.CMP1_IRQHandler
                0x00003958        0x8 ./SDK/startup/startup_mk64f12.o
                0x00003958                CMP1_IRQHandler
 .text.FTM0_IRQHandler
                0x00003960        0x8 ./SDK/startup/startup_mk64f12.o
                0x00003960                FTM0_IRQHandler
 .text.FTM1_IRQHandler
                0x00003968        0x8 ./SDK/startup/startup_mk64f12.o
                0x00003968                FTM1_IRQHandler
 .text.FTM2_IRQHandler
                0x00003970        0x8 ./SDK/startup/startup_mk64f12.o
                0x00003970                FTM2_IRQHandler
 .text.CMT_IRQHandler
                0x00003978        0x8 ./SDK/startup/startup_mk64f12.o
                0x00003978                CMT_IRQHandler
 .text.RTC_IRQHandler
                0x00003980        0x8 ./SDK/startup/startup_mk64f12.o
                0x00003980                RTC_IRQHandler
 .text.RTC_Seconds_IRQHandler
                0x00003988        0x8 ./SDK/startup/startup_mk64f12.o
                0x00003988                RTC_Seconds_IRQHandler
 .text.PIT0_IRQHandler
                0x00003990        0x8 ./SDK/startup/startup_mk64f12.o
                0x00003990                PIT0_IRQHandler
 .text.PIT1_IRQHandler
                0x00003998        0x8 ./SDK/startup/startup_mk64f12.o
                0x00003998                PIT1_IRQHandler
 .text.PIT2_IRQHandler
                0x000039a0        0x8 ./SDK/startup/startup_mk64f12.o
                0x000039a0                PIT2_IRQHandler
 .text.PIT3_IRQHandler
                0x000039a8        0x8 ./SDK/startup/startup_mk64f12.o
                0x000039a8                PIT3_IRQHandler
 .text.PDB0_IRQHandler
                0x000039b0        0x8 ./SDK/startup/startup_mk64f12.o
                0x000039b0                PDB0_IRQHandler
 .text.USB0_IRQHandler
                0x000039b8        0x8 ./SDK/startup/startup_mk64f12.o
                0x000039b8                USB0_IRQHandler
 .text.USBDCD_IRQHandler
                0x000039c0        0x8 ./SDK/startup/startup_mk64f12.o
                0x000039c0                USBDCD_IRQHandler
 .text.Reserved71_IRQHandler
                0x000039c8        0x8 ./SDK/startup/startup_mk64f12.o
                0x000039c8                Reserved71_IRQHandler
 .text.DAC0_IRQHandler
                0x000039d0        0x8 ./SDK/startup/startup_mk64f12.o
                0x000039d0                DAC0_IRQHandler
 .text.MCG_IRQHandler
                0x000039d8        0x8 ./SDK/startup/startup_mk64f12.o
                0x000039d8                MCG_IRQHandler
 .text.LPTMR0_IRQHandler
                0x000039e0        0x8 ./SDK/startup/startup_mk64f12.o
                0x000039e0                LPTMR0_IRQHandler
 .text.SWI_IRQHandler
                0x000039e8        0x8 ./SDK/startup/startup_mk64f12.o
                0x000039e8                SWI_IRQHandler
 .text.SPI2_IRQHandler
                0x000039f0        0x8 ./SDK/startup/startup_mk64f12.o
                0x000039f0                SPI2_IRQHandler
 .text.UART4_RX_TX_IRQHandler
                0x000039f8        0x8 ./SDK/startup/startup_mk64f12.o
                0x000039f8                UART4_RX_TX_IRQHandler
 .text.UART4_ERR_IRQHandler
                0x00003a00        0x8 ./SDK/startup/startup_mk64f12.o
                0x00003a00                UART4_ERR_IRQHandler
 .text.UART5_RX_TX_IRQHandler
                0x00003a08        0x8 ./SDK/startup/startup_mk64f12.o
                0x00003a08                UART5_RX_TX_IRQHandler
 .text.UART5_ERR_IRQHandler
                0x00003a10        0x8 ./SDK/startup/startup_mk64f12.o
                0x00003a10                UART5_ERR_IRQHandler
 .text.CMP2_IRQHandler
                0x00003a18        0x8 ./SDK/startup/startup_mk64f12.o
                0x00003a18                CMP2_IRQHandler
 .text.FTM3_IRQHandler
                0x00003a20        0x8 ./SDK/startup/startup_mk64f12.o
                0x00003a20                FTM3_IRQHandler
 .text.DAC1_IRQHandler
                0x00003a28        0x8 ./SDK/startup/startup_mk64f12.o
                0x00003a28                DAC1_IRQHandler
 .text.ADC1_IRQHandler
                0x00003a30        0x8 ./SDK/startup/startup_mk64f12.o
                0x00003a30                ADC1_IRQHandler
 .text.I2C2_IRQHandler
                0x00003a38        0x8 ./SDK/startup/startup_mk64f12.o
                0x00003a38                I2C2_IRQHandler
 .text.CAN0_ORed_Message_buffer_IRQHandler
                0x00003a40        0x8 ./SDK/startup/startup_mk64f12.o
                0x00003a40                CAN0_ORed_Message_buffer_IRQHandler
 .text.CAN0_Bus_Off_IRQHandler
                0x00003a48        0x8 ./SDK/startup/startup_mk64f12.o
                0x00003a48                CAN0_Bus_Off_IRQHandler
 .text.CAN0_Error_IRQHandler
                0x00003a50        0x8 ./SDK/startup/startup_mk64f12.o
                0x00003a50                CAN0_Error_IRQHandler
 .text.CAN0_Tx_Warning_IRQHandler
                0x00003a58        0x8 ./SDK/startup/startup_mk64f12.o
                0x00003a58                CAN0_Tx_Warning_IRQHandler
 .text.CAN0_Rx_Warning_IRQHandler
                0x00003a60        0x8 ./SDK/startup/startup_mk64f12.o
                0x00003a60                CAN0_Rx_Warning_IRQHandler
 .text.CAN0_Wake_Up_IRQHandler
                0x00003a68        0x8 ./SDK/startup/startup_mk64f12.o
                0x00003a68                CAN0_Wake_Up_IRQHandler
 .text.SDHC_IRQHandler
                0x00003a70        0x8 ./SDK/startup/startup_mk64f12.o
                0x00003a70                SDHC_IRQHandler
 .text.ENET_1588_Timer_IRQHandler
                0x00003a78        0x8 ./SDK/startup/startup_mk64f12.o
                0x00003a78                ENET_1588_Timer_IRQHandler
 .text.ENET_Transmit_IRQHandler
                0x00003a80        0x8 ./SDK/startup/startup_mk64f12.o
                0x00003a80                ENET_Transmit_IRQHandler
 .text.ENET_Receive_IRQHandler
                0x00003a88        0x8 ./SDK/startup/startup_mk64f12.o
                0x00003a88                ENET_Receive_IRQHandler
 .text.ENET_Error_IRQHandler
                0x00003a90        0x8 ./SDK/startup/startup_mk64f12.o
                0x00003a90                ENET_Error_IRQHandler
 .text.SystemInitHook
                0x00003a98        0xe ./SDK/CMSIS/system_MK64F12.o
                0x00003a98                SystemInitHook
 .text.memcpy   0x00003aa6        0x4 c:/nxp/mcuxpressoide_10.2.0_759/ide/tools/bin/../lib/gcc/arm-none-eabi/7.2.1/../../../../arm-none-eabi/lib/thumb/v7e-m/fpv4-sp/hard\libcr_c.a(memcpy.o)
                0x00003aa6                memcpy
 .text.__aeabi_memcpy
                0x00003aaa       0x34 c:/nxp/mcuxpressoide_10.2.0_759/ide/tools/bin/../lib/gcc/arm-none-eabi/7.2.1/thumb/v7e-m/fpv4-sp/hard\libcr_eabihelpers.a(memcpy.o)
                0x00003aaa                __aeabi_memcpy
                0x00003ab4                __aeabi_memcpy8
                0x00003ab4                __aeabi_memcpy4
 *(SORT_BY_ALIGNMENT(.rodata) SORT_BY_ALIGNMENT(.rodata.*) SORT_BY_ALIGNMENT(.constdata) SORT_BY_ALIGNMENT(.constdata.*))
 *fill*         0x00003ade        0x2 ff
 .rodata        0x00003ae0       0x2e ./source/AdminID.o
 *fill*         0x00003b0e        0x2 ff
 .rodata.track1
                0x00003b10       0x18 ./source/CardReaderDecoder.o
                0x00003b10                track1
 .rodata        0x00003b28        0x5 ./source/FSM.o
 *fill*         0x00003b2d        0x3 ff
 .rodata        0x00003b30        0x1 ./source/displayManager.o
 *fill*         0x00003b31        0x3 ff
 .rodata.num_array
                0x00003b34        0xa ./source/displaySegment.o
 *fill*         0x00003b3e        0x2 ff
 .rodata.abc_array
                0x00003b40       0x1a ./source/displaySegment.o
 *fill*         0x00003b5a        0x2 ff
 .rodata        0x00003b5c       0x53 ./source/fsmState_Aprovado.o
 *fill*         0x00003baf        0x1 ff
 .rodata        0x00003bb0       0x12 ./source/fsmState_Denied.o
 *fill*         0x00003bc2        0x2 ff
 .rodata.idStrings
                0x00003bc4        0xc ./source/fsmState_IdIn.o
 .rodata        0x00003bd0       0x29 ./source/fsmState_IdIn.o
 *fill*         0x00003bf9        0x3 ff
 .rodata        0x00003bfc       0x53 ./source/fsmState_Menu.o
 *fill*         0x00003c4f        0x1 ff
 .rodata.pinStrings
                0x00003c50        0xd ./source/fsmState_PinIn.o
 *fill*         0x00003c5d        0x3 ff
 .rodata        0x00003c60       0x6f ./source/fsmState_PinIn.o
 *fill*         0x00003ccf        0x1 ff
 .rodata        0x00003cd0       0x2d ./source/gpio.o
                0x00003d00                . = ALIGN (0x8)
 *fill*         0x00003cfd        0x3 ff

.glue_7         0x00003d00        0x0
 .glue_7        0x00003d00        0x0 linker stubs

.glue_7t        0x00003d00        0x0
 .glue_7t       0x00003d00        0x0 linker stubs

.vfp11_veneer   0x00003d00        0x0
 .vfp11_veneer  0x00003d00        0x0 linker stubs

.v4_bx          0x00003d00        0x0
 .v4_bx         0x00003d00        0x0 linker stubs

.iplt           0x00003d00        0x0
 .iplt          0x00003d00        0x0 ./source/AdminID.o

.rel.dyn        0x00003d00        0x0
 .rel.iplt      0x00003d00        0x0 ./source/AdminID.o

.ARM.extab
 *(SORT_BY_ALIGNMENT(.ARM.extab*) SORT_BY_ALIGNMENT(.gnu.linkonce.armextab.*))
                0x00003d00                __exidx_start = .

.ARM.exidx
 *(SORT_BY_ALIGNMENT(.ARM.exidx*) SORT_BY_ALIGNMENT(.gnu.linkonce.armexidx.*))
                0x00003d00                __exidx_end = .
                0x00003d00                _etext = .

.m_usb_data
 *(SORT_BY_ALIGNMENT(m_usb_bdt))

.data_RAM2      0x1fff0000        0x0 load address 0x00003d00
 FILL mask 0xff
                [!provide]                PROVIDE (__start_data_RAM2, .)
 *(SORT_BY_ALIGNMENT(.ramfunc.$RAM2))
 *(SORT_BY_ALIGNMENT(.ramfunc.$SRAM_LOWER))
 *(SORT_BY_ALIGNMENT(.data.$RAM2*))
 *(SORT_BY_ALIGNMENT(.data.$SRAM_LOWER*))
                0x1fff0000                . = ALIGN (0x8)
                [!provide]                PROVIDE (__end_data_RAM2, .)

.data_RAM3      0x14000000        0x0 load address 0x00003d00
 FILL mask 0xff
                [!provide]                PROVIDE (__start_data_RAM3, .)
 *(SORT_BY_ALIGNMENT(.ramfunc.$RAM3))
 *(SORT_BY_ALIGNMENT(.ramfunc.$FLEX_RAM))
 *(SORT_BY_ALIGNMENT(.data.$RAM3*))
 *(SORT_BY_ALIGNMENT(.data.$FLEX_RAM*))
                0x14000000                . = ALIGN (0x8)
                [!provide]                PROVIDE (__end_data_RAM3, .)

.uninit_RESERVED
                0x20000000        0x0
 *(SORT_BY_ALIGNMENT(.bss.$RESERVED*))
                0x20000000                . = ALIGN (0x4)
                0x20000000                _end_uninit_RESERVED = .

.data           0x20000000       0x20 load address 0x00003d00
 FILL mask 0xff
                0x20000000                _data = .
 *(SORT_BY_ALIGNMENT(vtable))
 *(SORT_BY_ALIGNMENT(.ramfunc*))
 *(SORT_BY_ALIGNMENT(.data*))
 .data.trackarray
                0x20000000        0x4 ./source/CardReaderDecoder.o
                0x20000000                trackarray
 .data.menuStrings
                0x20000004        0xc ./source/fsmState_Aprovado.o
 .data.menuStrings
                0x20000010        0x8 ./source/fsmState_Menu.o
 .data.f2       0x20000018        0x4 ./source/fsmState_PinIn.o
                0x20000020                . = ALIGN (0x8)
 *fill*         0x2000001c        0x4 ff
                0x20000020                _edata = .

.igot.plt       0x20000020        0x0 load address 0x00003d20
 .igot.plt      0x20000020        0x0 ./source/AdminID.o

.bss_RAM2       0x1fff0000        0x0
                [!provide]                PROVIDE (__start_bss_RAM2, .)
 *(SORT_BY_ALIGNMENT(.bss.$RAM2*))
 *(SORT_BY_ALIGNMENT(.bss.$SRAM_LOWER*))
                0x1fff0000                . = ALIGN ((. != 0x0)?0x8:0x1)
                [!provide]                PROVIDE (__end_bss_RAM2, .)

.bss_RAM3       0x14000000        0x0
                [!provide]                PROVIDE (__start_bss_RAM3, .)
 *(SORT_BY_ALIGNMENT(.bss.$RAM3*))
 *(SORT_BY_ALIGNMENT(.bss.$FLEX_RAM*))
                0x14000000                . = ALIGN ((. != 0x0)?0x8:0x1)
                [!provide]                PROVIDE (__end_bss_RAM3, .)

.bss            0x20000020     0x1138
                0x20000020                _bss = .
 *(SORT_BY_ALIGNMENT(.bss*))
 .bss.dataBase  0x20000020      0x11c ./source/AdminID.o
 .bss.fsm       0x2000013c       0x14 ./source/App.o
 .bss.nextstate
                0x20000150       0x10 ./source/App.o
 .bss.userData  0x20000160       0xec ./source/App.o
 .bss.data_counter
                0x2000024c        0x4 ./source/CardReaderHAL.o
 .bss.reader_queue
                0x20000250      0x508 ./source/CardReaderHAL.o
 .bss.systick_irqfun
                0x20000758        0x4 ./source/SysTick.o
                0x20000758                systick_irqfun
 .bss.blinking  0x2000075c        0x3 ./source/displayLed.o
 *fill*         0x2000075f        0x1 
 .bss.blink_cleared
                0x20000760        0x3 ./source/displayLed.o
 *fill*         0x20000763        0x1 
 .bss.brightness
                0x20000764        0xc ./source/displayLed.o
 .bss.led_displaying
                0x20000770        0x3 ./source/displayLed.o
 *fill*         0x20000773        0x1 
 .bss.bright_counter
                0x20000774        0xc ./source/displayLed.o
 .bss.blink_counter.5712
                0x20000780        0xc ./source/displayLed.o
 .bss.current_string
                0x2000078c        0x4 ./source/displayManager.o
 .bss.string_pos
                0x20000790        0x4 ./source/displayManager.o
 .bss.display_pos
                0x20000794        0x4 ./source/displayManager.o
 .bss.string_size
                0x20000798        0x4 ./source/displayManager.o
 .bss.pos.5680  0x2000079c        0x4 ./source/displayManager.o
 .bss.encoderQueue
                0x200007a0      0x640 ./source/encoder.o
 .bss.encoder   0x20000de0        0x6 ./source/encoderEvent.o
 *fill*         0x20000de6        0x2 
 .bss.IDstring  0x20000de8        0x9 ./source/fsmState_IdIn.o
 *fill*         0x20000df1        0x3 
 .bss.PINstring
                0x20000df4        0x6 ./source/fsmState_PinIn.o
 *fill*         0x20000dfa        0x2 
 .bss.tryNro    0x20000dfc        0x4 ./source/fsmState_PinIn.o
 .bss.f1        0x20000e00        0x4 ./source/fsmState_PinIn.o
 .bss.f3.5860   0x20000e04        0x4 ./source/fsmState_PinIn.o
 .bss.irqFuns   0x20000e08      0x280 ./source/gpio.o
                0x20000e08                irqFuns
 .bss.timers    0x20001088       0x80 ./source/timer.o
 .bss.queue     0x20001108       0x38 ./source/timerqueue.o
 .bss.__LDM_interruptDisableCount
                0x20001140        0x4 ./SDK/startup/hardware.o
 .bss.changestate
                0x20001144        0x1 ./source/App.o
 .bss.event     0x20001145        0x1 ./source/App.o
 .bss.read_enable
                0x20001146        0x1 ./source/CardReaderHAL.o
 .bss.save_items
                0x20001147        0x1 ./source/CardReaderHAL.o
 .bss.hw_Init.5007
                0x20001148        0x1 ./source/CardReaderHAL.o
 .bss.initialized
                0x20001149        0x1 ./source/displayLed.o
 .bss.brigthness
                0x2000114a        0x1 ./source/displayManager.o
 .bss.display_counter
                0x2000114b        0x1 ./source/displayManager.o
 .bss.initialized
                0x2000114c        0x1 ./source/displayManager.o
 .bss.initialized
                0x2000114d        0x1 ./source/displaySegment.o
 .bss.encoderInitialized
                0x2000114e        0x1 ./source/encoder.o
                0x2000114e                encoderInitialized
 .bss.inicioEncoder
                0x2000114f        0x1 ./source/encoderHal.o
 .bss.encoderTimerCount
                0x20001150        0x1 ./source/encoderHal.o
 .bss.yaInit.5611
                0x20001151        0x1 ./source/timer.o
 .bss.yaInit.5605
                0x20001152        0x1 ./source/timerqueue.o
 *(SORT_BY_ALIGNMENT(COMMON))
                0x20001158                . = ALIGN (0x8)
 *fill*         0x20001153        0x5 
                0x20001158                _ebss = .
                [!provide]                PROVIDE (end, .)

.noinit_RAM2    0x1fff0000        0x0
 *(SORT_BY_ALIGNMENT(.noinit.$RAM2*))
 *(SORT_BY_ALIGNMENT(.noinit.$SRAM_LOWER*))
                0x1fff0000                . = ALIGN (0x8)

.noinit_RAM3    0x14000000        0x0
 *(SORT_BY_ALIGNMENT(.noinit.$RAM3*))
 *(SORT_BY_ALIGNMENT(.noinit.$FLEX_RAM*))
                0x14000000                . = ALIGN (0x8)

.noinit         0x20001158        0x0
                0x20001158                _noinit = .
 *(SORT_BY_ALIGNMENT(.noinit*))
                0x20001158                . = ALIGN (0x8)
                0x20001158                _end_noinit = .
                0x00001000                _HeapSize = 0x1000

.heap           0x20001158     0x1000
                0x20001158                _pvHeapStart = .
                0x20002158                . = (. + _HeapSize)
 *fill*         0x20001158     0x1000 
                0x20002158                . = ALIGN (0x8)
                0x20002158                _pvHeapLimit = .
                0x00001000                _StackSize = 0x1000

.heap2stackfill
                0x20002158     0x1000
                0x20003158                . = (. + _StackSize)
 *fill*         0x20002158     0x1000 

.stack          0x2002f000        0x0
                0x2002f000                _vStackBase = .
                0x2002f000                . = ALIGN (0x8)
                0x20030000                _vStackTop = (. + _StackSize)
                0x00000000                _image_start = LOADADDR (.text)
                0x00003d20                _image_end = (LOADADDR (.data) + SIZEOF (.data))
                0x00003d20                _image_size = (_image_end - _image_start)
OUTPUT(Entrega Final.axf elf32-littlearm)

.debug_info     0x00000000     0xdf0f
 .debug_info    0x00000000      0xcf5 ./source/AdminID.o
 .debug_info    0x00000cf5      0xc1f ./source/App.o
 .debug_info    0x00001914      0x115 ./source/CardReader.o
 .debug_info    0x00001a29      0x484 ./source/CardReaderDecoder.o
 .debug_info    0x00001ead      0x24f ./source/CardReaderHAL.o
 .debug_info    0x000020fc      0xb1d ./source/EventQueue.o
 .debug_info    0x00002c19      0xb84 ./source/FSM.o
 .debug_info    0x0000379d      0x160 ./source/SysTick.o
 .debug_info    0x000038fd      0xb18 ./source/displayLed.o
 .debug_info    0x00004415      0xab1 ./source/displayManager.o
 .debug_info    0x00004ec6      0x1f3 ./source/displaySegment.o
 .debug_info    0x000050b9      0x975 ./source/door.o
 .debug_info    0x00005a2e      0x29a ./source/encoder.o
 .debug_info    0x00005cc8      0x1e8 ./source/encoderEvent.o
 .debug_info    0x00005eb0      0xa74 ./source/encoderHal.o
 .debug_info    0x00006924      0xc10 ./source/fsmState_Aprovado.o
 .debug_info    0x00007534      0xbc9 ./source/fsmState_Denied.o
 .debug_info    0x000080fd      0xcfb ./source/fsmState_IdIn.o
 .debug_info    0x00008df8      0xc56 ./source/fsmState_Menu.o
 .debug_info    0x00009a4e      0xd7c ./source/fsmState_PinIn.o
 .debug_info    0x0000a7ca      0xc4c ./source/gpio.o
 .debug_info    0x0000b416      0xb09 ./source/timer.o
 .debug_info    0x0000bf1f      0x9dd ./source/timerqueue.o
 .debug_info    0x0000c8fc      0x675 ./SDK/startup/hardware.o
 .debug_info    0x0000cf71       0xb7 ./SDK/startup/main.o
 .debug_info    0x0000d028       0x3b ./SDK/startup/semihost_hardfault.o
 .debug_info    0x0000d063      0x8b0 ./SDK/startup/startup_mk64f12.o
 .debug_info    0x0000d913      0x5fc ./SDK/CMSIS/system_MK64F12.o

.debug_abbrev   0x00000000     0x2fb0
 .debug_abbrev  0x00000000      0x260 ./source/AdminID.o
 .debug_abbrev  0x00000260      0x1f2 ./source/App.o
 .debug_abbrev  0x00000452       0xc5 ./source/CardReader.o
 .debug_abbrev  0x00000517      0x108 ./source/CardReaderDecoder.o
 .debug_abbrev  0x0000061f      0x137 ./source/CardReaderHAL.o
 .debug_abbrev  0x00000756      0x225 ./source/EventQueue.o
 .debug_abbrev  0x0000097b      0x1de ./source/FSM.o
 .debug_abbrev  0x00000b59      0x102 ./source/SysTick.o
 .debug_abbrev  0x00000c5b      0x26f ./source/displayLed.o
 .debug_abbrev  0x00000eca      0x2a8 ./source/displayManager.o
 .debug_abbrev  0x00001172       0xc8 ./source/displaySegment.o
 .debug_abbrev  0x0000123a      0x1cd ./source/door.o
 .debug_abbrev  0x00001407      0x17b ./source/encoder.o
 .debug_abbrev  0x00001582      0x106 ./source/encoderEvent.o
 .debug_abbrev  0x00001688      0x26b ./source/encoderHal.o
 .debug_abbrev  0x000018f3      0x225 ./source/fsmState_Aprovado.o
 .debug_abbrev  0x00001b18      0x225 ./source/fsmState_Denied.o
 .debug_abbrev  0x00001d3d      0x228 ./source/fsmState_IdIn.o
 .debug_abbrev  0x00001f65      0x22c ./source/fsmState_Menu.o
 .debug_abbrev  0x00002191      0x298 ./source/fsmState_PinIn.o
 .debug_abbrev  0x00002429      0x261 ./source/gpio.o
 .debug_abbrev  0x0000268a      0x277 ./source/timer.o
 .debug_abbrev  0x00002901      0x230 ./source/timerqueue.o
 .debug_abbrev  0x00002b31      0x138 ./SDK/startup/hardware.o
 .debug_abbrev  0x00002c69       0x7d ./SDK/startup/main.o
 .debug_abbrev  0x00002ce6       0x2f ./SDK/startup/semihost_hardfault.o
 .debug_abbrev  0x00002d15      0x15c ./SDK/startup/startup_mk64f12.o
 .debug_abbrev  0x00002e71      0x13f ./SDK/CMSIS/system_MK64F12.o

.debug_aranges  0x00000000      0xa10
 .debug_aranges
                0x00000000       0x60 ./source/AdminID.o
 .debug_aranges
                0x00000060       0x30 ./source/App.o
 .debug_aranges
                0x00000090       0x30 ./source/CardReader.o
 .debug_aranges
                0x000000c0       0x40 ./source/CardReaderDecoder.o
 .debug_aranges
                0x00000100       0x48 ./source/CardReaderHAL.o
 .debug_aranges
                0x00000148       0x28 ./source/EventQueue.o
 .debug_aranges
                0x00000170       0x20 ./source/FSM.o
 .debug_aranges
                0x00000190       0x28 ./source/SysTick.o
 .debug_aranges
                0x000001b8       0x68 ./source/displayLed.o
 .debug_aranges
                0x00000220       0x68 ./source/displayManager.o
 .debug_aranges
                0x00000288       0x40 ./source/displaySegment.o
 .debug_aranges
                0x000002c8       0x48 ./source/door.o
 .debug_aranges
                0x00000310       0x50 ./source/encoder.o
 .debug_aranges
                0x00000360       0x40 ./source/encoderEvent.o
 .debug_aranges
                0x000003a0       0x48 ./source/encoderHal.o
 .debug_aranges
                0x000003e8       0x30 ./source/fsmState_Aprovado.o
 .debug_aranges
                0x00000418       0x30 ./source/fsmState_Denied.o
 .debug_aranges
                0x00000448       0x38 ./source/fsmState_IdIn.o
 .debug_aranges
                0x00000480       0x30 ./source/fsmState_Menu.o
 .debug_aranges
                0x000004b0       0x48 ./source/fsmState_PinIn.o
 .debug_aranges
                0x000004f8       0xc0 ./source/gpio.o
 .debug_aranges
                0x000005b8       0x50 ./source/timer.o
 .debug_aranges
                0x00000608       0x38 ./source/timerqueue.o
 .debug_aranges
                0x00000640       0x30 ./SDK/startup/hardware.o
 .debug_aranges
                0x00000670       0x20 ./SDK/startup/main.o
 .debug_aranges
                0x00000690       0x20 ./SDK/startup/semihost_hardfault.o
 .debug_aranges
                0x000006b0      0x330 ./SDK/startup/startup_mk64f12.o
 .debug_aranges
                0x000009e0       0x30 ./SDK/CMSIS/system_MK64F12.o

.debug_ranges   0x00000000      0x898
 .debug_ranges  0x00000000       0x98 ./source/AdminID.o
 .debug_ranges  0x00000098       0x20 ./source/App.o
 .debug_ranges  0x000000b8       0x20 ./source/CardReader.o
 .debug_ranges  0x000000d8       0x30 ./source/CardReaderDecoder.o
 .debug_ranges  0x00000108       0x38 ./source/CardReaderHAL.o
 .debug_ranges  0x00000140       0x18 ./source/EventQueue.o
 .debug_ranges  0x00000158       0x10 ./source/FSM.o
 .debug_ranges  0x00000168       0x18 ./source/SysTick.o
 .debug_ranges  0x00000180       0x58 ./source/displayLed.o
 .debug_ranges  0x000001d8       0x58 ./source/displayManager.o
 .debug_ranges  0x00000230       0x30 ./source/displaySegment.o
 .debug_ranges  0x00000260       0x38 ./source/door.o
 .debug_ranges  0x00000298       0x40 ./source/encoder.o
 .debug_ranges  0x000002d8       0x30 ./source/encoderEvent.o
 .debug_ranges  0x00000308       0x38 ./source/encoderHal.o
 .debug_ranges  0x00000340       0x20 ./source/fsmState_Aprovado.o
 .debug_ranges  0x00000360       0x20 ./source/fsmState_Denied.o
 .debug_ranges  0x00000380       0x28 ./source/fsmState_IdIn.o
 .debug_ranges  0x000003a8       0x20 ./source/fsmState_Menu.o
 .debug_ranges  0x000003c8       0x38 ./source/fsmState_PinIn.o
 .debug_ranges  0x00000400       0xb0 ./source/gpio.o
 .debug_ranges  0x000004b0       0x40 ./source/timer.o
 .debug_ranges  0x000004f0       0x28 ./source/timerqueue.o
 .debug_ranges  0x00000518       0x20 ./SDK/startup/hardware.o
 .debug_ranges  0x00000538       0x10 ./SDK/startup/main.o
 .debug_ranges  0x00000548       0x10 ./SDK/startup/semihost_hardfault.o
 .debug_ranges  0x00000558      0x320 ./SDK/startup/startup_mk64f12.o
 .debug_ranges  0x00000878       0x20 ./SDK/CMSIS/system_MK64F12.o

.debug_macro    0x00000000    0x1423b
 .debug_macro   0x00000000      0x15c ./source/AdminID.o
 .debug_macro   0x0000015c      0xa5a ./source/AdminID.o
 .debug_macro   0x00000bb6      0x34e ./source/AdminID.o
 .debug_macro   0x00000f04       0x22 ./source/AdminID.o
 .debug_macro   0x00000f26       0x10 ./source/AdminID.o
 .debug_macro   0x00000f36       0x40 ./source/AdminID.o
 .debug_macro   0x00000f76       0x10 ./source/AdminID.o
 .debug_macro   0x00000f86       0x17 ./source/AdminID.o
 .debug_macro   0x00000f9d       0x22 ./source/AdminID.o
 .debug_macro   0x00000fbf       0x52 ./source/AdminID.o
 .debug_macro   0x00001011       0x8d ./source/AdminID.o
 .debug_macro   0x0000109e       0x35 ./source/AdminID.o
 .debug_macro   0x000010d3       0x9c ./source/AdminID.o
 .debug_macro   0x0000116f       0x16 ./source/AdminID.o
 .debug_macro   0x00001185      0x10e ./source/AdminID.o
 .debug_macro   0x00001293       0x8d ./source/AdminID.o
 .debug_macro   0x00001320       0x57 ./source/AdminID.o
 .debug_macro   0x00001377       0x58 ./source/AdminID.o
 .debug_macro   0x000013cf       0x1f ./source/AdminID.o
 .debug_macro   0x000013ee       0x43 ./source/AdminID.o
 .debug_macro   0x00001431       0x20 ./source/AdminID.o
 .debug_macro   0x00001451      0x18e ./source/AdminID.o
 .debug_macro   0x000015df      0x330 ./source/AdminID.o
 .debug_macro   0x0000190f       0x16 ./source/AdminID.o
 .debug_macro   0x00001925       0x29 ./source/AdminID.o
 .debug_macro   0x0000194e       0x16 ./source/AdminID.o
 .debug_macro   0x00001964      0x2b5 ./source/App.o
 .debug_macro   0x00001c19       0x10 ./source/App.o
 .debug_macro   0x00001c29       0x16 ./source/App.o
 .debug_macro   0x00001c3f       0x10 ./source/App.o
 .debug_macro   0x00001c4f       0x10 ./source/App.o
 .debug_macro   0x00001c5f       0x5c ./source/App.o
 .debug_macro   0x00001cbb       0x1c ./source/App.o
 .debug_macro   0x00001cd7       0x22 ./source/App.o
 .debug_macro   0x00001cf9       0xd9 ./source/App.o
 .debug_macro   0x00001dd2      0xecf ./source/App.o
 .debug_macro   0x00002ca1       0x48 ./source/App.o
 .debug_macro   0x00002ce9     0xe07b ./source/App.o
 .debug_macro   0x00010d64     0x122b ./source/App.o
 .debug_macro   0x00011f8f       0x1c ./source/App.o
 .debug_macro   0x00011fab       0x35 ./source/App.o
 .debug_macro   0x00011fe0       0x10 ./source/App.o
 .debug_macro   0x00011ff0       0x10 ./source/App.o
 .debug_macro   0x00012000       0x6a ./source/App.o
 .debug_macro   0x0001206a       0x1c ./source/App.o
 .debug_macro   0x00012086       0x52 ./source/App.o
 .debug_macro   0x000120d8       0x40 ./source/App.o
 .debug_macro   0x00012118       0x10 ./source/App.o
 .debug_macro   0x00012128       0x40 ./source/App.o
 .debug_macro   0x00012168       0xd7 ./source/App.o
 .debug_macro   0x0001223f       0x1c ./source/App.o
 .debug_macro   0x0001225b       0x3d ./source/App.o
 .debug_macro   0x00012298       0x16 ./source/App.o
 .debug_macro   0x000122ae      0x16f ./source/App.o
 .debug_macro   0x0001241d       0x4e ./source/CardReader.o
 .debug_macro   0x0001246b       0x10 ./source/CardReader.o
 .debug_macro   0x0001247b       0x28 ./source/CardReader.o
 .debug_macro   0x000124a3       0x72 ./source/CardReaderDecoder.o
 .debug_macro   0x00012515       0xf4 ./source/CardReaderDecoder.o
 .debug_macro   0x00012609       0x22 ./source/CardReaderDecoder.o
 .debug_macro   0x0001262b      0x174 ./source/CardReaderDecoder.o
 .debug_macro   0x0001279f       0x66 ./source/CardReaderHAL.o
 .debug_macro   0x00012805       0x3a ./source/CardReaderHAL.o
 .debug_macro   0x0001283f      0x16f ./source/EventQueue.o
 .debug_macro   0x000129ae      0x17f ./source/FSM.o
 .debug_macro   0x00012b2d       0xc8 ./source/SysTick.o
 .debug_macro   0x00012bf5       0xdf ./source/SysTick.o
 .debug_macro   0x00012cd4       0x3a ./source/SysTick.o
 .debug_macro   0x00012d0e       0x10 ./source/SysTick.o
 .debug_macro   0x00012d1e       0x16 ./source/SysTick.o
 .debug_macro   0x00012d34      0x164 ./source/displayLed.o
 .debug_macro   0x00012e98       0x10 ./source/displayLed.o
 .debug_macro   0x00012ea8      0x15f ./source/displayManager.o
 .debug_macro   0x00013007       0x16 ./source/displayManager.o
 .debug_macro   0x0001301d       0xd0 ./source/displaySegment.o
 .debug_macro   0x000130ed      0x146 ./source/door.o
 .debug_macro   0x00013233       0x70 ./source/encoder.o
 .debug_macro   0x000132a3       0x22 ./source/encoder.o
 .debug_macro   0x000132c5       0x3c ./source/encoderEvent.o
 .debug_macro   0x00013301       0x1c ./source/encoderEvent.o
 .debug_macro   0x0001331d      0x14d ./source/encoderHal.o
 .debug_macro   0x0001346a      0x1b2 ./source/fsmState_Aprovado.o
 .debug_macro   0x0001361c       0x10 ./source/fsmState_Aprovado.o
 .debug_macro   0x0001362c      0x18d ./source/fsmState_Denied.o
 .debug_macro   0x000137b9      0x1be ./source/fsmState_IdIn.o
 .debug_macro   0x00013977      0x197 ./source/fsmState_Menu.o
 .debug_macro   0x00013b0e      0x1ed ./source/fsmState_PinIn.o
 .debug_macro   0x00013cfb       0x10 ./source/fsmState_PinIn.o
 .debug_macro   0x00013d0b       0xc5 ./source/gpio.o
 .debug_macro   0x00013dd0      0x13d ./source/timer.o
 .debug_macro   0x00013f0d       0x10 ./source/timer.o
 .debug_macro   0x00013f1d      0x12c ./source/timerqueue.o
 .debug_macro   0x00014049       0x9c ./SDK/startup/hardware.o
 .debug_macro   0x000140e5       0x9c ./SDK/startup/main.o
 .debug_macro   0x00014181       0x11 ./SDK/startup/semihost_hardfault.o
 .debug_macro   0x00014192       0x29 ./SDK/startup/startup_mk64f12.o
 .debug_macro   0x000141bb       0x80 ./SDK/CMSIS/system_MK64F12.o

.debug_line     0x00000000     0x4ebe
 .debug_line    0x00000000      0x44b ./source/AdminID.o
 .debug_line    0x0000044b      0x473 ./source/App.o
 .debug_line    0x000008be      0x11f ./source/CardReader.o
 .debug_line    0x000009dd      0x281 ./source/CardReaderDecoder.o
 .debug_line    0x00000c5e      0x165 ./source/CardReaderHAL.o
 .debug_line    0x00000dc3      0x2f9 ./source/EventQueue.o
 .debug_line    0x000010bc      0x2d0 ./source/FSM.o
 .debug_line    0x0000138c      0x1b2 ./source/SysTick.o
 .debug_line    0x0000153e      0x3a1 ./source/displayLed.o
 .debug_line    0x000018df      0x3bd ./source/displayManager.o
 .debug_line    0x00001c9c      0x179 ./source/displaySegment.o
 .debug_line    0x00001e15      0x2cb ./source/door.o
 .debug_line    0x000020e0      0x1bc ./source/encoder.o
 .debug_line    0x0000229c      0x16e ./source/encoderEvent.o
 .debug_line    0x0000240a      0x2f0 ./source/encoderHal.o
 .debug_line    0x000026fa      0x391 ./source/fsmState_Aprovado.o
 .debug_line    0x00002a8b      0x328 ./source/fsmState_Denied.o
 .debug_line    0x00002db3      0x3c9 ./source/fsmState_IdIn.o
 .debug_line    0x0000317c      0x36d ./source/fsmState_Menu.o
 .debug_line    0x000034e9      0x454 ./source/fsmState_PinIn.o
 .debug_line    0x0000393d      0x374 ./source/gpio.o
 .debug_line    0x00003cb1      0x31a ./source/timer.o
 .debug_line    0x00003fcb      0x2b2 ./source/timerqueue.o
 .debug_line    0x0000427d      0x1d4 ./SDK/startup/hardware.o
 .debug_line    0x00004451      0x175 ./SDK/startup/main.o
 .debug_line    0x000045c6       0x59 ./SDK/startup/semihost_hardfault.o
 .debug_line    0x0000461f      0x6d8 ./SDK/startup/startup_mk64f12.o
 .debug_line    0x00004cf7      0x1c7 ./SDK/CMSIS/system_MK64F12.o

.debug_str      0x00000000    0x7e8cf
 .debug_str     0x00000000     0x6c9a ./source/AdminID.o
                               0x6ef8 (size before relaxing)
 .debug_str     0x00006c9a    0x74d3d ./source/App.o
                              0x7bb1b (size before relaxing)
 .debug_str     0x0007b9d7       0xc4 ./source/CardReader.o
                               0x390f (size before relaxing)
 .debug_str     0x0007ba9b      0x817 ./source/CardReaderDecoder.o
                               0x43cc (size before relaxing)
 .debug_str     0x0007c2b2      0x1f5 ./source/CardReaderHAL.o
                               0x3e01 (size before relaxing)
 .debug_str     0x0007c4a7       0x59 ./source/EventQueue.o
                               0x6f27 (size before relaxing)
 .debug_str     0x0007c500       0x2a ./source/FSM.o
                               0x6fae (size before relaxing)
 .debug_str     0x0007c52a      0x20b ./source/SysTick.o
                              0x771af (size before relaxing)
 .debug_str     0x0007c735      0x1c2 ./source/displayLed.o
                               0x6e9b (size before relaxing)
 .debug_str     0x0007c8f7      0x194 ./source/displayManager.o
                               0x6e97 (size before relaxing)
 .debug_str     0x0007ca8b      0x244 ./source/displaySegment.o
                               0x3afd (size before relaxing)
 .debug_str     0x0007cccf       0x97 ./source/door.o
                               0x6db5 (size before relaxing)
 .debug_str     0x0007cd66      0x19c ./source/encoder.o
                               0x3a89 (size before relaxing)
 .debug_str     0x0007cf02       0x9a ./source/encoderEvent.o
                               0x3912 (size before relaxing)
 .debug_str     0x0007cf9c      0x137 ./source/encoderHal.o
                               0x6f5f (size before relaxing)
 .debug_str     0x0007d0d3       0xe6 ./source/fsmState_Aprovado.o
                               0x709f (size before relaxing)
 .debug_str     0x0007d1b9       0x6b ./source/fsmState_Denied.o
                               0x6ff3 (size before relaxing)
 .debug_str     0x0007d224      0x145 ./source/fsmState_IdIn.o
                               0x7116 (size before relaxing)
 .debug_str     0x0007d369       0x48 ./source/fsmState_Menu.o
                               0x706e (size before relaxing)
 .debug_str     0x0007d3b1      0x142 ./source/fsmState_PinIn.o
                               0x71ab (size before relaxing)
 .debug_str     0x0007d4f3      0x7a5 ./source/gpio.o
                              0x77925 (size before relaxing)
 .debug_str     0x0007dc98      0x140 ./source/timer.o
                               0x6e1a (size before relaxing)
 .debug_str     0x0007ddd8       0x58 ./source/timerqueue.o
                               0x6d1d (size before relaxing)
 .debug_str     0x0007de30      0x217 ./SDK/startup/hardware.o
                              0x771ea (size before relaxing)
 .debug_str     0x0007e047       0x1b ./SDK/startup/main.o
                              0x76fbe (size before relaxing)
 .debug_str     0x0007e062       0x36 ./SDK/startup/semihost_hardfault.o
                               0x2d28 (size before relaxing)
 .debug_str     0x0007e098      0x7d5 ./SDK/startup/startup_mk64f12.o
                               0x3596 (size before relaxing)
 .debug_str     0x0007e86d       0x62 ./SDK/CMSIS/system_MK64F12.o
                              0x770f9 (size before relaxing)

.comment        0x00000000       0x7e
 .comment       0x00000000       0x7e ./source/AdminID.o
                                 0x7f (size before relaxing)
 .comment       0x0000007e       0x7f ./source/App.o
 .comment       0x0000007e       0x7f ./source/CardReader.o
 .comment       0x0000007e       0x7f ./source/CardReaderDecoder.o
 .comment       0x0000007e       0x7f ./source/CardReaderHAL.o
 .comment       0x0000007e       0x7f ./source/EventQueue.o
 .comment       0x0000007e       0x7f ./source/FSM.o
 .comment       0x0000007e       0x7f ./source/SysTick.o
 .comment       0x0000007e       0x7f ./source/displayLed.o
 .comment       0x0000007e       0x7f ./source/displayManager.o
 .comment       0x0000007e       0x7f ./source/displaySegment.o
 .comment       0x0000007e       0x7f ./source/door.o
 .comment       0x0000007e       0x7f ./source/encoder.o
 .comment       0x0000007e       0x7f ./source/encoderEvent.o
 .comment       0x0000007e       0x7f ./source/encoderHal.o
 .comment       0x0000007e       0x7f ./source/fsmState_Aprovado.o
 .comment       0x0000007e       0x7f ./source/fsmState_Denied.o
 .comment       0x0000007e       0x7f ./source/fsmState_IdIn.o
 .comment       0x0000007e       0x7f ./source/fsmState_Menu.o
 .comment       0x0000007e       0x7f ./source/fsmState_PinIn.o
 .comment       0x0000007e       0x7f ./source/gpio.o
 .comment       0x0000007e       0x7f ./source/timer.o
 .comment       0x0000007e       0x7f ./source/timerqueue.o
 .comment       0x0000007e       0x7f ./SDK/startup/hardware.o
 .comment       0x0000007e       0x7f ./SDK/startup/main.o
 .comment       0x0000007e       0x7f ./SDK/startup/semihost_hardfault.o
 .comment       0x0000007e       0x7f ./SDK/startup/startup_mk64f12.o
 .comment       0x0000007e       0x7f ./SDK/CMSIS/system_MK64F12.o
 .comment       0x0000007e       0x7f c:/nxp/mcuxpressoide_10.2.0_759/ide/tools/bin/../lib/gcc/arm-none-eabi/7.2.1/../../../../arm-none-eabi/lib/thumb/v7e-m/fpv4-sp/hard\libcr_c.a(memcpy.o)

.ARM.attributes
                0x00000000       0x37
 .ARM.attributes
                0x00000000       0x39 ./source/AdminID.o
 .ARM.attributes
                0x00000039       0x39 ./source/App.o
 .ARM.attributes
                0x00000072       0x39 ./source/CardReader.o
 .ARM.attributes
                0x000000ab       0x39 ./source/CardReaderDecoder.o
 .ARM.attributes
                0x000000e4       0x39 ./source/CardReaderHAL.o
 .ARM.attributes
                0x0000011d       0x39 ./source/EventQueue.o
 .ARM.attributes
                0x00000156       0x39 ./source/FSM.o
 .ARM.attributes
                0x0000018f       0x39 ./source/SysTick.o
 .ARM.attributes
                0x000001c8       0x39 ./source/displayLed.o
 .ARM.attributes
                0x00000201       0x39 ./source/displayManager.o
 .ARM.attributes
                0x0000023a       0x39 ./source/displaySegment.o
 .ARM.attributes
                0x00000273       0x39 ./source/door.o
 .ARM.attributes
                0x000002ac       0x39 ./source/encoder.o
 .ARM.attributes
                0x000002e5       0x39 ./source/encoderEvent.o
 .ARM.attributes
                0x0000031e       0x39 ./source/encoderHal.o
 .ARM.attributes
                0x00000357       0x39 ./source/fsmState_Aprovado.o
 .ARM.attributes
                0x00000390       0x39 ./source/fsmState_Denied.o
 .ARM.attributes
                0x000003c9       0x39 ./source/fsmState_IdIn.o
 .ARM.attributes
                0x00000402       0x39 ./source/fsmState_Menu.o
 .ARM.attributes
                0x0000043b       0x39 ./source/fsmState_PinIn.o
 .ARM.attributes
                0x00000474       0x39 ./source/gpio.o
 .ARM.attributes
                0x000004ad       0x39 ./source/timer.o
 .ARM.attributes
                0x000004e6       0x39 ./source/timerqueue.o
 .ARM.attributes
                0x0000051f       0x39 ./SDK/startup/hardware.o
 .ARM.attributes
                0x00000558       0x39 ./SDK/startup/main.o
 .ARM.attributes
                0x00000591       0x39 ./SDK/startup/semihost_hardfault.o
 .ARM.attributes
                0x000005ca       0x39 ./SDK/startup/startup_mk64f12.o
 .ARM.attributes
                0x00000603       0x39 ./SDK/CMSIS/system_MK64F12.o
 .ARM.attributes
                0x0000063c       0x39 c:/nxp/mcuxpressoide_10.2.0_759/ide/tools/bin/../lib/gcc/arm-none-eabi/7.2.1/../../../../arm-none-eabi/lib/thumb/v7e-m/fpv4-sp/hard\libcr_c.a(memcpy.o)
 .ARM.attributes
                0x00000675       0x25 c:/nxp/mcuxpressoide_10.2.0_759/ide/tools/bin/../lib/gcc/arm-none-eabi/7.2.1/thumb/v7e-m/fpv4-sp/hard\libcr_eabihelpers.a(memcpy.o)

.debug_frame    0x00000000     0x1e9c
 .debug_frame   0x00000000      0x178 ./source/AdminID.o
 .debug_frame   0x00000178       0x78 ./source/App.o
 .debug_frame   0x000001f0       0x6c ./source/CardReader.o
 .debug_frame   0x0000025c       0xd4 ./source/CardReaderDecoder.o
 .debug_frame   0x00000330       0xcc ./source/CardReaderHAL.o
 .debug_frame   0x000003fc       0x64 ./source/EventQueue.o
 .debug_frame   0x00000460       0x34 ./source/FSM.o
 .debug_frame   0x00000494       0x64 ./source/SysTick.o
 .debug_frame   0x000004f8      0x18c ./source/displayLed.o
 .debug_frame   0x00000684      0x150 ./source/displayManager.o
 .debug_frame   0x000007d4       0xbc ./source/displaySegment.o
 .debug_frame   0x00000890       0xb8 ./source/door.o
 .debug_frame   0x00000948      0x10c ./source/encoder.o
 .debug_frame   0x00000a54       0xd4 ./source/encoderEvent.o
 .debug_frame   0x00000b28       0xd8 ./source/encoderHal.o
 .debug_frame   0x00000c00       0x88 ./source/fsmState_Aprovado.o
 .debug_frame   0x00000c88       0x88 ./source/fsmState_Denied.o
 .debug_frame   0x00000d10       0xb0 ./source/fsmState_IdIn.o
 .debug_frame   0x00000dc0       0x88 ./source/fsmState_Menu.o
 .debug_frame   0x00000e48       0xec ./source/fsmState_PinIn.o
 .debug_frame   0x00000f34      0x378 ./source/gpio.o
 .debug_frame   0x000012ac      0x11c ./source/timer.o
 .debug_frame   0x000013c8       0xa0 ./source/timerqueue.o
 .debug_frame   0x00001468       0x70 ./SDK/startup/hardware.o
 .debug_frame   0x000014d8       0x2c ./SDK/startup/main.o
 .debug_frame   0x00001504       0x20 ./SDK/startup/semihost_hardfault.o
 .debug_frame   0x00001524      0x904 ./SDK/startup/startup_mk64f12.o
 .debug_frame   0x00001e28       0x74 ./SDK/CMSIS/system_MK64F12.o
