fsl_uart.c:131:10:UART_GetInstance	8	static
fsl_uart.c:156:8:UART_TransferGetRxRingBufferLength	8	static
fsl_uart.c:176:13:UART_TransferIsRxRingBufferFull	8	static
fsl_uart.c:216:10:UART_Init	24	static
fsl_uart.c:361:6:UART_Deinit	8	static
fsl_uart.c:400:6:UART_GetDefaultConfig	8	static
fsl_uart.c:440:10:UART_SetBaudRate	16	static
fsl_uart.c:516:6:UART_Enable9bitMode	8	static
fsl_uart.c:543:6:UART_SendAddress	8	static
fsl_uart.c:569:6:UART_EnableInterrupts	0	static
fsl_uart.c:597:6:UART_DisableInterrupts	0	static
fsl_uart.c:632:10:UART_GetEnabledInterrupts	0	static
fsl_uart.c:664:10:UART_GetStatusFlags	0	static
fsl_uart.c:1452:6:UART_TransferHandleIRQ	40	static
fsl_uart.c:699:10:UART_ClearStatusFlags	8	static
fsl_uart.c:759:10:UART_WriteBlocking	0	static
fsl_uart.c:831:10:UART_ReadBlocking	32	static
fsl_uart.c:935:6:UART_TransferCreateHandle	24	static
fsl_uart.c:983:6:UART_TransferStartRingBuffer	8	static
fsl_uart.c:1013:6:UART_TransferStopRingBuffer	16	static
fsl_uart.c:1054:10:UART_TransferSendNonBlocking	8	static
fsl_uart.c:1093:6:UART_TransferAbortSend	8	static
fsl_uart.c:1116:10:UART_TransferGetSendCount	8	static
fsl_uart.c:1167:10:UART_TransferReceiveNonBlocking	32	static
fsl_uart.c:1299:6:UART_TransferAbortReceive	16	static
fsl_uart.c:1333:10:UART_TransferGetReceiveCount	8	static
fsl_uart.c:1364:10:UART_EnableTxFIFO	0	static
fsl_uart.c:1409:10:UART_EnableRxFIFO	0	static
fsl_uart.c:1756:6:UART_TransferHandleErrorIRQ	0	static
fsl_uart.c:1778:6:UART0_DriverIRQHandler	8	static
fsl_uart.c:1785:6:UART0_RX_TX_DriverIRQHandler	8	static
fsl_uart.c:1795:6:UART1_DriverIRQHandler	8	static
fsl_uart.c:1802:6:UART1_RX_TX_DriverIRQHandler	8	static
fsl_uart.c:1811:6:UART2_DriverIRQHandler	8	static
fsl_uart.c:1818:6:UART2_RX_TX_DriverIRQHandler	8	static
fsl_uart.c:1827:6:UART3_DriverIRQHandler	8	static
fsl_uart.c:1834:6:UART3_RX_TX_DriverIRQHandler	8	static
fsl_uart.c:1844:6:UART4_DriverIRQHandler	8	static
fsl_uart.c:1851:6:UART4_RX_TX_DriverIRQHandler	8	static
fsl_uart.c:1860:6:UART5_DriverIRQHandler	8	static
fsl_uart.c:1867:6:UART5_RX_TX_DriverIRQHandler	8	static
