
Discarded input sections

 .group         0x00000000        0xc ./source/App.o
 .group         0x00000000        0xc ./source/App.o
 .group         0x00000000        0xc ./source/App.o
 .group         0x00000000        0xc ./source/App.o
 .group         0x00000000        0xc ./source/App.o
 .group         0x00000000        0xc ./source/App.o
 .group         0x00000000        0xc ./source/App.o
 .group         0x00000000        0xc ./source/App.o
 .group         0x00000000        0xc ./source/App.o
 .group         0x00000000        0xc ./source/App.o
 .group         0x00000000        0xc ./source/App.o
 .group         0x00000000        0xc ./source/App.o
 .group         0x00000000        0xc ./source/App.o
 .group         0x00000000        0xc ./source/App.o
 .group         0x00000000        0xc ./source/App.o
 .group         0x00000000        0xc ./source/App.o
 .group         0x00000000        0xc ./source/App.o
 .group         0x00000000        0xc ./source/App.o
 .group         0x00000000        0xc ./source/App.o
 .group         0x00000000        0xc ./source/App.o
 .group         0x00000000        0xc ./source/App.o
 .group         0x00000000        0xc ./source/App.o
 .group         0x00000000        0xc ./source/App.o
 .group         0x00000000        0xc ./source/App.o
 .group         0x00000000        0xc ./source/App.o
 .group         0x00000000        0xc ./source/App.o
 .group         0x00000000        0xc ./source/App.o
 .group         0x00000000        0xc ./source/App.o
 .group         0x00000000        0xc ./source/App.o
 .group         0x00000000        0xc ./source/App.o
 .group         0x00000000        0xc ./source/App.o
 .group         0x00000000        0xc ./source/App.o
 .group         0x00000000        0xc ./source/App.o
 .group         0x00000000        0xc ./source/App.o
 .group         0x00000000        0xc ./source/App.o
 .group         0x00000000        0xc ./source/App.o
 .group         0x00000000        0xc ./source/App.o
 .group         0x00000000        0xc ./source/App.o
 .group         0x00000000        0xc ./source/App.o
 .group         0x00000000        0xc ./source/App.o
 .group         0x00000000        0xc ./source/App.o
 .group         0x00000000        0xc ./source/App.o
 .group         0x00000000        0xc ./source/App.o
 .group         0x00000000        0xc ./source/App.o
 .group         0x00000000        0xc ./source/App.o
 .text          0x00000000        0x0 ./source/App.o
 .data          0x00000000        0x0 ./source/App.o
 .bss           0x00000000        0x0 ./source/App.o
 .group         0x00000000        0xc ./source/DMA.o
 .group         0x00000000        0xc ./source/DMA.o
 .group         0x00000000        0xc ./source/DMA.o
 .group         0x00000000        0xc ./source/DMA.o
 .group         0x00000000        0xc ./source/DMA.o
 .group         0x00000000        0xc ./source/DMA.o
 .group         0x00000000        0xc ./source/DMA.o
 .group         0x00000000        0xc ./source/DMA.o
 .group         0x00000000        0xc ./source/DMA.o
 .group         0x00000000        0xc ./source/DMA.o
 .group         0x00000000        0xc ./source/DMA.o
 .group         0x00000000        0xc ./source/DMA.o
 .group         0x00000000        0xc ./source/DMA.o
 .group         0x00000000        0xc ./source/DMA.o
 .group         0x00000000        0xc ./source/DMA.o
 .group         0x00000000        0xc ./source/DMA.o
 .group         0x00000000        0xc ./source/DMA.o
 .group         0x00000000        0xc ./source/DMA.o
 .group         0x00000000        0xc ./source/DMA.o
 .group         0x00000000        0xc ./source/DMA.o
 .group         0x00000000        0xc ./source/DMA.o
 .group         0x00000000        0xc ./source/DMA.o
 .group         0x00000000        0xc ./source/DMA.o
 .group         0x00000000        0xc ./source/DMA.o
 .group         0x00000000        0xc ./source/DMA.o
 .group         0x00000000        0xc ./source/DMA.o
 .group         0x00000000        0xc ./source/DMA.o
 .group         0x00000000        0xc ./source/DMA.o
 .text          0x00000000        0x0 ./source/DMA.o
 .data          0x00000000        0x0 ./source/DMA.o
 .bss           0x00000000        0x0 ./source/DMA.o
 .text.dma_mux_init
                0x00000000       0x54 ./source/DMA.o
 .debug_macro   0x00000000      0xa5a ./source/DMA.o
 .debug_macro   0x00000000       0x22 ./source/DMA.o
 .debug_macro   0x00000000      0x34e ./source/DMA.o
 .debug_macro   0x00000000       0x5c ./source/DMA.o
 .debug_macro   0x00000000       0x1c ./source/DMA.o
 .debug_macro   0x00000000       0x22 ./source/DMA.o
 .debug_macro   0x00000000       0xdf ./source/DMA.o
 .debug_macro   0x00000000      0xecf ./source/DMA.o
 .debug_macro   0x00000000       0x48 ./source/DMA.o
 .debug_macro   0x00000000     0xe07b ./source/DMA.o
 .debug_macro   0x00000000       0x17 ./source/DMA.o
 .debug_macro   0x00000000       0x22 ./source/DMA.o
 .debug_macro   0x00000000       0x52 ./source/DMA.o
 .debug_macro   0x00000000       0x8d ./source/DMA.o
 .debug_macro   0x00000000       0x35 ./source/DMA.o
 .debug_macro   0x00000000       0x9c ./source/DMA.o
 .debug_macro   0x00000000       0x57 ./source/DMA.o
 .debug_macro   0x00000000       0x58 ./source/DMA.o
 .debug_macro   0x00000000       0x1f ./source/DMA.o
 .debug_macro   0x00000000       0x43 ./source/DMA.o
 .debug_macro   0x00000000       0x20 ./source/DMA.o
 .debug_macro   0x00000000      0x18e ./source/DMA.o
 .debug_macro   0x00000000      0x32a ./source/DMA.o
 .group         0x00000000        0xc ./source/gpio.o
 .group         0x00000000        0xc ./source/gpio.o
 .group         0x00000000        0xc ./source/gpio.o
 .group         0x00000000        0xc ./source/gpio.o
 .group         0x00000000        0xc ./source/gpio.o
 .group         0x00000000        0xc ./source/gpio.o
 .group         0x00000000        0xc ./source/gpio.o
 .group         0x00000000        0xc ./source/gpio.o
 .group         0x00000000        0xc ./source/gpio.o
 .group         0x00000000        0xc ./source/gpio.o
 .group         0x00000000        0xc ./source/gpio.o
 .group         0x00000000        0xc ./source/gpio.o
 .group         0x00000000        0xc ./source/gpio.o
 .group         0x00000000        0xc ./source/gpio.o
 .text          0x00000000        0x0 ./source/gpio.o
 .data          0x00000000        0x0 ./source/gpio.o
 .bss           0x00000000        0x0 ./source/gpio.o
 .bss.irq_data  0x00000000       0x1c ./source/gpio.o
 .text.gpioRead
                0x00000000       0x68 ./source/gpio.o
 .text.setPassiveFilter
                0x00000000       0x74 ./source/gpio.o
 .debug_macro   0x00000000      0xa5a ./source/gpio.o
 .debug_macro   0x00000000       0x5c ./source/gpio.o
 .debug_macro   0x00000000      0x34e ./source/gpio.o
 .debug_macro   0x00000000       0x1c ./source/gpio.o
 .debug_macro   0x00000000       0x22 ./source/gpio.o
 .debug_macro   0x00000000       0xdf ./source/gpio.o
 .debug_macro   0x00000000      0xecf ./source/gpio.o
 .debug_macro   0x00000000       0x48 ./source/gpio.o
 .debug_macro   0x00000000     0xe07b ./source/gpio.o
 .debug_macro   0x00000000     0x122b ./source/gpio.o
 .debug_macro   0x00000000       0x22 ./source/gpio.o
 .debug_macro   0x00000000       0x10 ./source/gpio.o
 .debug_macro   0x00000000       0x16 ./source/gpio.o
 .group         0x00000000        0xc ./SDK/startup/hardware.o
 .group         0x00000000        0xc ./SDK/startup/hardware.o
 .group         0x00000000        0xc ./SDK/startup/hardware.o
 .group         0x00000000        0xc ./SDK/startup/hardware.o
 .group         0x00000000        0xc ./SDK/startup/hardware.o
 .group         0x00000000        0xc ./SDK/startup/hardware.o
 .group         0x00000000        0xc ./SDK/startup/hardware.o
 .group         0x00000000        0xc ./SDK/startup/hardware.o
 .group         0x00000000        0xc ./SDK/startup/hardware.o
 .group         0x00000000        0xc ./SDK/startup/hardware.o
 .group         0x00000000        0xc ./SDK/startup/hardware.o
 .group         0x00000000        0xc ./SDK/startup/hardware.o
 .group         0x00000000        0xc ./SDK/startup/hardware.o
 .text          0x00000000        0x0 ./SDK/startup/hardware.o
 .data          0x00000000        0x0 ./SDK/startup/hardware.o
 .bss           0x00000000        0x0 ./SDK/startup/hardware.o
 .debug_macro   0x00000000      0xa5a ./SDK/startup/hardware.o
 .debug_macro   0x00000000      0x34e ./SDK/startup/hardware.o
 .debug_macro   0x00000000       0x22 ./SDK/startup/hardware.o
 .debug_macro   0x00000000       0x10 ./SDK/startup/hardware.o
 .debug_macro   0x00000000       0x5c ./SDK/startup/hardware.o
 .debug_macro   0x00000000       0x1c ./SDK/startup/hardware.o
 .debug_macro   0x00000000       0x22 ./SDK/startup/hardware.o
 .debug_macro   0x00000000       0xdf ./SDK/startup/hardware.o
 .debug_macro   0x00000000      0xecf ./SDK/startup/hardware.o
 .debug_macro   0x00000000       0x48 ./SDK/startup/hardware.o
 .debug_macro   0x00000000     0xe07b ./SDK/startup/hardware.o
 .debug_macro   0x00000000     0x122b ./SDK/startup/hardware.o
 .debug_macro   0x00000000       0x16 ./SDK/startup/hardware.o
 .group         0x00000000        0xc ./SDK/startup/main.o
 .group         0x00000000        0xc ./SDK/startup/main.o
 .group         0x00000000        0xc ./SDK/startup/main.o
 .group         0x00000000        0xc ./SDK/startup/main.o
 .group         0x00000000        0xc ./SDK/startup/main.o
 .group         0x00000000        0xc ./SDK/startup/main.o
 .group         0x00000000        0xc ./SDK/startup/main.o
 .group         0x00000000        0xc ./SDK/startup/main.o
 .group         0x00000000        0xc ./SDK/startup/main.o
 .group         0x00000000        0xc ./SDK/startup/main.o
 .group         0x00000000        0xc ./SDK/startup/main.o
 .group         0x00000000        0xc ./SDK/startup/main.o
 .group         0x00000000        0xc ./SDK/startup/main.o
 .text          0x00000000        0x0 ./SDK/startup/main.o
 .data          0x00000000        0x0 ./SDK/startup/main.o
 .bss           0x00000000        0x0 ./SDK/startup/main.o
 .debug_macro   0x00000000      0xa5a ./SDK/startup/main.o
 .debug_macro   0x00000000      0x34e ./SDK/startup/main.o
 .debug_macro   0x00000000       0x22 ./SDK/startup/main.o
 .debug_macro   0x00000000       0x10 ./SDK/startup/main.o
 .debug_macro   0x00000000       0x5c ./SDK/startup/main.o
 .debug_macro   0x00000000       0x1c ./SDK/startup/main.o
 .debug_macro   0x00000000       0x22 ./SDK/startup/main.o
 .debug_macro   0x00000000       0xdf ./SDK/startup/main.o
 .debug_macro   0x00000000      0xecf ./SDK/startup/main.o
 .debug_macro   0x00000000       0x48 ./SDK/startup/main.o
 .debug_macro   0x00000000     0xe07b ./SDK/startup/main.o
 .debug_macro   0x00000000     0x122b ./SDK/startup/main.o
 .debug_macro   0x00000000       0x16 ./SDK/startup/main.o
 .group         0x00000000        0xc ./SDK/startup/semihost_hardfault.o
 .text          0x00000000        0x0 ./SDK/startup/semihost_hardfault.o
 .data          0x00000000        0x0 ./SDK/startup/semihost_hardfault.o
 .bss           0x00000000        0x0 ./SDK/startup/semihost_hardfault.o
 .debug_macro   0x00000000      0xa5a ./SDK/startup/semihost_hardfault.o
 .group         0x00000000        0xc ./SDK/startup/startup_mk64f12.o
 .text          0x00000000        0x0 ./SDK/startup/startup_mk64f12.o
 .data          0x00000000        0x0 ./SDK/startup/startup_mk64f12.o
 .bss           0x00000000        0x0 ./SDK/startup/startup_mk64f12.o
 .text.DMA0_IRQHandler
                0x00000000        0x8 ./SDK/startup/startup_mk64f12.o
 .text.DMA_Error_IRQHandler
                0x00000000        0x8 ./SDK/startup/startup_mk64f12.o
 .text.PORTA_IRQHandler
                0x00000000        0x8 ./SDK/startup/startup_mk64f12.o
 .text.PORTB_IRQHandler
                0x00000000        0x8 ./SDK/startup/startup_mk64f12.o
 .text.PORTC_IRQHandler
                0x00000000        0x8 ./SDK/startup/startup_mk64f12.o
 .text.PORTD_IRQHandler
                0x00000000        0x8 ./SDK/startup/startup_mk64f12.o
 .text.PORTE_IRQHandler
                0x00000000        0x8 ./SDK/startup/startup_mk64f12.o
 .debug_macro   0x00000000      0xa5a ./SDK/startup/startup_mk64f12.o
 .group         0x00000000        0xc ./SDK/CMSIS/system_MK64F12.o
 .group         0x00000000        0xc ./SDK/CMSIS/system_MK64F12.o
 .group         0x00000000        0xc ./SDK/CMSIS/system_MK64F12.o
 .group         0x00000000        0xc ./SDK/CMSIS/system_MK64F12.o
 .group         0x00000000        0xc ./SDK/CMSIS/system_MK64F12.o
 .group         0x00000000        0xc ./SDK/CMSIS/system_MK64F12.o
 .group         0x00000000        0xc ./SDK/CMSIS/system_MK64F12.o
 .group         0x00000000        0xc ./SDK/CMSIS/system_MK64F12.o
 .group         0x00000000        0xc ./SDK/CMSIS/system_MK64F12.o
 .group         0x00000000        0xc ./SDK/CMSIS/system_MK64F12.o
 .group         0x00000000        0xc ./SDK/CMSIS/system_MK64F12.o
 .text          0x00000000        0x0 ./SDK/CMSIS/system_MK64F12.o
 .data          0x00000000        0x0 ./SDK/CMSIS/system_MK64F12.o
 .bss           0x00000000        0x0 ./SDK/CMSIS/system_MK64F12.o
 .data.SystemCoreClock
                0x00000000        0x4 ./SDK/CMSIS/system_MK64F12.o
 .text.SystemCoreClockUpdate
                0x00000000      0x278 ./SDK/CMSIS/system_MK64F12.o
 .debug_macro   0x00000000      0xa5a ./SDK/CMSIS/system_MK64F12.o
 .debug_macro   0x00000000      0x34e ./SDK/CMSIS/system_MK64F12.o
 .debug_macro   0x00000000       0x10 ./SDK/CMSIS/system_MK64F12.o
 .debug_macro   0x00000000       0x5c ./SDK/CMSIS/system_MK64F12.o
 .debug_macro   0x00000000       0x1c ./SDK/CMSIS/system_MK64F12.o
 .debug_macro   0x00000000       0x22 ./SDK/CMSIS/system_MK64F12.o
 .debug_macro   0x00000000       0xdf ./SDK/CMSIS/system_MK64F12.o
 .debug_macro   0x00000000      0xecf ./SDK/CMSIS/system_MK64F12.o
 .debug_macro   0x00000000       0x48 ./SDK/CMSIS/system_MK64F12.o
 .debug_macro   0x00000000     0xe07b ./SDK/CMSIS/system_MK64F12.o
 .debug_macro   0x00000000     0x122b ./SDK/CMSIS/system_MK64F12.o

Memory Configuration

Name             Origin             Length             Attributes
PROGRAM_FLASH    0x00000000         0x00100000         xr
SRAM_UPPER       0x20000000         0x00030000         xrw
SRAM_LOWER       0x1fff0000         0x00010000         xrw
FLEX_RAM         0x14000000         0x00001000         xrw
*default*        0x00000000         0xffffffff

Linker script and memory map

LOAD ./source/App.o
LOAD ./source/DMA.o
LOAD ./source/gpio.o
LOAD ./SDK/startup/hardware.o
LOAD ./SDK/startup/main.o
LOAD ./SDK/startup/semihost_hardfault.o
LOAD ./SDK/startup/startup_mk64f12.o
LOAD ./SDK/CMSIS/system_MK64F12.o
START GROUP
LOAD c:/nxp/mcuxpressoide_10.2.0_759/ide/tools/bin/../lib/gcc/arm-none-eabi/7.2.1/../../../../arm-none-eabi/lib/thumb/v7e-m/fpv4-sp/hard\libcr_c.a
LOAD c:/nxp/mcuxpressoide_10.2.0_759/ide/tools/bin/../lib/gcc/arm-none-eabi/7.2.1/thumb/v7e-m/fpv4-sp/hard\libcr_eabihelpers.a
END GROUP
                0x00000000                __base_PROGRAM_FLASH = 0x0
                0x00000000                __base_Flash = 0x0
                0x00100000                __top_PROGRAM_FLASH = 0x100000
                0x00100000                __top_Flash = 0x100000
                0x20000000                __base_SRAM_UPPER = 0x20000000
                0x20000000                __base_RAM = 0x20000000
                0x20030000                __top_SRAM_UPPER = 0x20030000
                0x20030000                __top_RAM = 0x20030000
                0x1fff0000                __base_SRAM_LOWER = 0x1fff0000
                0x1fff0000                __base_RAM2 = 0x1fff0000
                0x20000000                __top_SRAM_LOWER = 0x20000000
                0x20000000                __top_RAM2 = 0x20000000
                0x14000000                __base_FLEX_RAM = 0x14000000
                0x14000000                __base_RAM3 = 0x14000000
                0x14001000                __top_FLEX_RAM = 0x14001000
                0x14001000                __top_RAM3 = 0x14001000

.text           0x00000000     0x1168
 FILL mask 0xff
                0x00000000                __vectors_start__ = ABSOLUTE (.)
 *(SORT_BY_ALIGNMENT(.isr_vector))
 .isr_vector    0x00000000      0x198 ./SDK/startup/startup_mk64f12.o
                0x00000000                g_pfnVectors
                0x00000000                __Vectors
                0x00000198                . = ALIGN (0x4)
                0x00000198                __section_table_start = .
                0x00000198                __data_section_table = .
                0x00000198        0x4 LONG 0x1168 LOADADDR (.data)
                0x0000019c        0x4 LONG 0x20000000 ADDR (.data)
                0x000001a0        0x4 LONG 0x18 SIZEOF (.data)
                0x000001a4        0x4 LONG 0x1168 LOADADDR (.data_RAM2)
                0x000001a8        0x4 LONG 0x1fff0000 ADDR (.data_RAM2)
                0x000001ac        0x4 LONG 0x0 SIZEOF (.data_RAM2)
                0x000001b0        0x4 LONG 0x1168 LOADADDR (.data_RAM3)
                0x000001b4        0x4 LONG 0x14000000 ADDR (.data_RAM3)
                0x000001b8        0x4 LONG 0x0 SIZEOF (.data_RAM3)
                0x000001bc                __data_section_table_end = .
                0x000001bc                __bss_section_table = .
                0x000001bc        0x4 LONG 0x20000018 ADDR (.bss)
                0x000001c0        0x4 LONG 0x2d8 SIZEOF (.bss)
                0x000001c4        0x4 LONG 0x1fff0000 ADDR (.bss_RAM2)
                0x000001c8        0x4 LONG 0x0 SIZEOF (.bss_RAM2)
                0x000001cc        0x4 LONG 0x14000000 ADDR (.bss_RAM3)
                0x000001d0        0x4 LONG 0x0 SIZEOF (.bss_RAM3)
                0x000001d4                __bss_section_table_end = .
                0x000001d4                __section_table_end = .
 *(SORT_BY_ALIGNMENT(.after_vectors*))
 .after_vectors.reset
                0x000001d4       0x4c ./SDK/startup/startup_mk64f12.o
                0x000001d4                ResetISR
 .after_vectors.init_data
                0x00000220       0x1e ./SDK/startup/startup_mk64f12.o
                0x00000220                data_init
 .after_vectors.init_bss
                0x0000023e       0x12 ./SDK/startup/startup_mk64f12.o
                0x0000023e                bss_init
 .after_vectors
                0x00000250       0x14 ./SDK/startup/startup_mk64f12.o
                0x00000250                NMI_Handler
                0x00000254                MemManage_Handler
                0x00000256                BusFault_Handler
                0x00000258                UsageFault_Handler
                0x0000025a                SVC_Handler
                0x0000025c                DebugMon_Handler
                0x0000025e                PendSV_Handler
                0x00000260                SysTick_Handler
                0x00000262                DMA_Error_DriverIRQHandler
                0x00000262                LPTMR0_DriverIRQHandler
                0x00000262                FTM1_DriverIRQHandler
                0x00000262                FTM2_DriverIRQHandler
                0x00000262                PIT2_DriverIRQHandler
                0x00000262                SDHC_DriverIRQHandler
                0x00000262                I2S0_Tx_DriverIRQHandler
                0x00000262                RTC_Seconds_DriverIRQHandler
                0x00000262                DMA6_DriverIRQHandler
                0x00000262                LLWU_DriverIRQHandler
                0x00000262                MCM_DriverIRQHandler
                0x00000262                MCG_DriverIRQHandler
                0x00000262                ENET_1588_Timer_DriverIRQHandler
                0x00000262                I2C2_DriverIRQHandler
                0x00000262                DAC1_DriverIRQHandler
                0x00000262                SPI1_DriverIRQHandler
                0x00000262                CMP1_DriverIRQHandler
                0x00000262                UART5_RX_TX_DriverIRQHandler
                0x00000262                FTM0_DriverIRQHandler
                0x00000262                IntDefaultHandler
                0x00000262                USB0_DriverIRQHandler
                0x00000262                UART5_ERR_DriverIRQHandler
                0x00000262                PORTC_DriverIRQHandler
                0x00000262                DMA11_DriverIRQHandler
                0x00000262                DAC0_DriverIRQHandler
                0x00000262                DMA10_DriverIRQHandler
                0x00000262                CMP2_DriverIRQHandler
                0x00000262                UART2_ERR_DriverIRQHandler
                0x00000262                SPI2_DriverIRQHandler
                0x00000262                LVD_LVW_DriverIRQHandler
                0x00000262                PIT0_DriverIRQHandler
                0x00000262                RNG_DriverIRQHandler
                0x00000262                DMA12_DriverIRQHandler
                0x00000262                DMA4_DriverIRQHandler
                0x00000262                UART2_RX_TX_DriverIRQHandler
                0x00000262                USBDCD_DriverIRQHandler
                0x00000262                UART3_ERR_DriverIRQHandler
                0x00000262                DMA3_DriverIRQHandler
                0x00000262                DMA8_DriverIRQHandler
                0x00000262                DMA9_DriverIRQHandler
                0x00000262                UART0_ERR_DriverIRQHandler
                0x00000262                CMT_DriverIRQHandler
                0x00000262                Reserved71_DriverIRQHandler
                0x00000262                ADC1_DriverIRQHandler
                0x00000262                PORTA_DriverIRQHandler
                0x00000262                DMA14_DriverIRQHandler
                0x00000262                PIT3_DriverIRQHandler
                0x00000262                PIT1_DriverIRQHandler
                0x00000262                WDOG_EWM_DriverIRQHandler
                0x00000262                PDB0_DriverIRQHandler
                0x00000262                RTC_DriverIRQHandler
                0x00000262                I2S0_Rx_DriverIRQHandler
                0x00000262                Read_Collision_DriverIRQHandler
                0x00000262                SWI_DriverIRQHandler
                0x00000262                UART4_RX_TX_DriverIRQHandler
                0x00000262                UART4_ERR_DriverIRQHandler
                0x00000262                PORTB_DriverIRQHandler
                0x00000262                UART0_LON_DriverIRQHandler
                0x00000262                DMA0_DriverIRQHandler
                0x00000262                DMA1_DriverIRQHandler
                0x00000262                I2C1_DriverIRQHandler
                0x00000262                UART3_RX_TX_DriverIRQHandler
                0x00000262                ENET_Receive_DriverIRQHandler
                0x00000262                DMA13_DriverIRQHandler
                0x00000262                ENET_Error_DriverIRQHandler
                0x00000262                DMA15_DriverIRQHandler
                0x00000262                UART0_RX_TX_DriverIRQHandler
                0x00000262                SPI0_DriverIRQHandler
                0x00000262                ADC0_DriverIRQHandler
                0x00000262                CMP0_DriverIRQHandler
                0x00000262                CAN0_DriverIRQHandler
                0x00000262                FTM3_DriverIRQHandler
                0x00000262                DMA5_DriverIRQHandler
                0x00000262                UART1_ERR_DriverIRQHandler
                0x00000262                DMA2_DriverIRQHandler
                0x00000262                ENET_Transmit_DriverIRQHandler
                0x00000262                PORTD_DriverIRQHandler
                0x00000262                PORTE_DriverIRQHandler
                0x00000262                FTFE_DriverIRQHandler
                0x00000262                I2C0_DriverIRQHandler
                0x00000262                DMA7_DriverIRQHandler
                0x00000262                UART1_RX_TX_DriverIRQHandler
                0x00000400                . = 0x400
 *fill*         0x00000264      0x19c ff
                0x00000400                PROVIDE (__FLASH_CONFIG_START__, .)
 *(SORT_BY_ALIGNMENT(.FlashConfig))
 .FlashConfig   0x00000400       0x10 ./SDK/startup/startup_mk64f12.o
                0x00000400                Flash_Config
                0x00000410                PROVIDE (__FLASH_CONFIG_END__, .)
                0x00000001                ASSERT (! ((__FLASH_CONFIG_START__ == __FLASH_CONFIG_END__)), Linker Flash Config Support Enabled, but no .FlashConfig section provided within application)
 *(SORT_BY_ALIGNMENT(.text*))
 .text.__NVIC_EnableIRQ
                0x00000410       0x3c ./source/App.o
 .text.__NVIC_ClearPendingIRQ
                0x0000044c       0x3c ./source/App.o
 .text.App_Init
                0x00000488      0x10c ./source/App.o
                0x00000488                App_Init
 .text.DMA_Test
                0x00000594       0x20 ./source/App.o
                0x00000594                DMA_Test
 .text.DMA0_IRQHandler
                0x000005b4       0x38 ./source/App.o
                0x000005b4                DMA0_IRQHandler
 .text.DMA_Error_IRQHandler
                0x000005ec       0x2c ./source/App.o
                0x000005ec                DMA_Error_IRQHandler
 .text.dma_init
                0x00000618       0x80 ./source/DMA.o
                0x00000618                dma_init
 .text.__NVIC_EnableIRQ
                0x00000698       0x3c ./source/gpio.o
 .text.gpioMode
                0x000006d4      0x104 ./source/gpio.o
                0x000006d4                gpioMode
 .text.gpioToggle
                0x000007d8       0x9c ./source/gpio.o
                0x000007d8                gpioToggle
 .text.gpioWrite
                0x00000874       0x80 ./source/gpio.o
                0x00000874                gpioWrite
 .text.gpioIRQ  0x000008f4       0xc0 ./source/gpio.o
                0x000008f4                gpioIRQ
 .text.IRQHandler
                0x000009b4       0xbc ./source/gpio.o
                0x000009b4                IRQHandler
 .text.hw_Init  0x00000a70      0x10c ./SDK/startup/hardware.o
                0x00000a70                hw_Init
 .text.hw_EnableInterrupts
                0x00000b7c       0x30 ./SDK/startup/hardware.o
                0x00000b7c                hw_EnableInterrupts
 .text.hw_DisableInterrupts
                0x00000bac       0x20 ./SDK/startup/hardware.o
                0x00000bac                hw_DisableInterrupts
 .text.SystemInit
                0x00000bcc       0x3c ./SDK/CMSIS/system_MK64F12.o
                0x00000bcc                SystemInit
 .text.App_Run  0x00000c08        0xc ./source/App.o
                0x00000c08                App_Run
 .text.setGPIOdataOut
                0x00000c14       0x4a ./source/gpio.o
                0x00000c14                setGPIOdataOut
 .text.validPin
                0x00000c5e       0x26 ./source/gpio.o
                0x00000c5e                validPin
 .text.setPCRmux
                0x00000c84       0x46 ./source/gpio.o
                0x00000c84                setPCRmux
 .text.setPCRpullEnable
                0x00000cca       0x30 ./source/gpio.o
                0x00000cca                setPCRpullEnable
 .text.setPCRpullUp
                0x00000cfa       0x30 ./source/gpio.o
                0x00000cfa                setPCRpullUp
 .text.setPCRpullDown
                0x00000d2a       0x32 ./source/gpio.o
                0x00000d2a                setPCRpullDown
 .text.setGPIOddr
                0x00000d5c       0x30 ./source/gpio.o
                0x00000d5c                setGPIOddr
 .text.setPCRirqc
                0x00000d8c       0x46 ./source/gpio.o
                0x00000d8c                setPCRirqc
 .text.PORTA_IRQHandler
                0x00000dd2       0x1e ./source/gpio.o
                0x00000dd2                PORTA_IRQHandler
 .text.PORTB_IRQHandler
                0x00000df0       0x1e ./source/gpio.o
                0x00000df0                PORTB_IRQHandler
 .text.PORTC_IRQHandler
                0x00000e0e       0x1e ./source/gpio.o
                0x00000e0e                PORTC_IRQHandler
 .text.PORTD_IRQHandler
                0x00000e2c       0x1e ./source/gpio.o
                0x00000e2c                PORTD_IRQHandler
 .text.PORTE_IRQHandler
                0x00000e4a       0x1e ./source/gpio.o
                0x00000e4a                PORTE_IRQHandler
 .text.main     0x00000e68       0x1a ./SDK/startup/main.o
                0x00000e68                main
 .text.HardFault_Handler
                0x00000e82       0x2c ./SDK/startup/semihost_hardfault.o
                0x00000e82                HardFault_Handler
 .text.DMA1_IRQHandler
                0x00000eae        0x8 ./SDK/startup/startup_mk64f12.o
                0x00000eae                DMA1_IRQHandler
 .text.DMA2_IRQHandler
                0x00000eb6        0x8 ./SDK/startup/startup_mk64f12.o
                0x00000eb6                DMA2_IRQHandler
 .text.DMA3_IRQHandler
                0x00000ebe        0x8 ./SDK/startup/startup_mk64f12.o
                0x00000ebe                DMA3_IRQHandler
 .text.DMA4_IRQHandler
                0x00000ec6        0x8 ./SDK/startup/startup_mk64f12.o
                0x00000ec6                DMA4_IRQHandler
 .text.DMA5_IRQHandler
                0x00000ece        0x8 ./SDK/startup/startup_mk64f12.o
                0x00000ece                DMA5_IRQHandler
 .text.DMA6_IRQHandler
                0x00000ed6        0x8 ./SDK/startup/startup_mk64f12.o
                0x00000ed6                DMA6_IRQHandler
 .text.DMA7_IRQHandler
                0x00000ede        0x8 ./SDK/startup/startup_mk64f12.o
                0x00000ede                DMA7_IRQHandler
 .text.DMA8_IRQHandler
                0x00000ee6        0x8 ./SDK/startup/startup_mk64f12.o
                0x00000ee6                DMA8_IRQHandler
 .text.DMA9_IRQHandler
                0x00000eee        0x8 ./SDK/startup/startup_mk64f12.o
                0x00000eee                DMA9_IRQHandler
 .text.DMA10_IRQHandler
                0x00000ef6        0x8 ./SDK/startup/startup_mk64f12.o
                0x00000ef6                DMA10_IRQHandler
 .text.DMA11_IRQHandler
                0x00000efe        0x8 ./SDK/startup/startup_mk64f12.o
                0x00000efe                DMA11_IRQHandler
 .text.DMA12_IRQHandler
                0x00000f06        0x8 ./SDK/startup/startup_mk64f12.o
                0x00000f06                DMA12_IRQHandler
 .text.DMA13_IRQHandler
                0x00000f0e        0x8 ./SDK/startup/startup_mk64f12.o
                0x00000f0e                DMA13_IRQHandler
 .text.DMA14_IRQHandler
                0x00000f16        0x8 ./SDK/startup/startup_mk64f12.o
                0x00000f16                DMA14_IRQHandler
 .text.DMA15_IRQHandler
                0x00000f1e        0x8 ./SDK/startup/startup_mk64f12.o
                0x00000f1e                DMA15_IRQHandler
 .text.MCM_IRQHandler
                0x00000f26        0x8 ./SDK/startup/startup_mk64f12.o
                0x00000f26                MCM_IRQHandler
 .text.FTFE_IRQHandler
                0x00000f2e        0x8 ./SDK/startup/startup_mk64f12.o
                0x00000f2e                FTFE_IRQHandler
 .text.Read_Collision_IRQHandler
                0x00000f36        0x8 ./SDK/startup/startup_mk64f12.o
                0x00000f36                Read_Collision_IRQHandler
 .text.LVD_LVW_IRQHandler
                0x00000f3e        0x8 ./SDK/startup/startup_mk64f12.o
                0x00000f3e                LVD_LVW_IRQHandler
 .text.LLWU_IRQHandler
                0x00000f46        0x8 ./SDK/startup/startup_mk64f12.o
                0x00000f46                LLWU_IRQHandler
 .text.WDOG_EWM_IRQHandler
                0x00000f4e        0x8 ./SDK/startup/startup_mk64f12.o
                0x00000f4e                WDOG_EWM_IRQHandler
 .text.RNG_IRQHandler
                0x00000f56        0x8 ./SDK/startup/startup_mk64f12.o
                0x00000f56                RNG_IRQHandler
 .text.I2C0_IRQHandler
                0x00000f5e        0x8 ./SDK/startup/startup_mk64f12.o
                0x00000f5e                I2C0_IRQHandler
 .text.I2C1_IRQHandler
                0x00000f66        0x8 ./SDK/startup/startup_mk64f12.o
                0x00000f66                I2C1_IRQHandler
 .text.SPI0_IRQHandler
                0x00000f6e        0x8 ./SDK/startup/startup_mk64f12.o
                0x00000f6e                SPI0_IRQHandler
 .text.SPI1_IRQHandler
                0x00000f76        0x8 ./SDK/startup/startup_mk64f12.o
                0x00000f76                SPI1_IRQHandler
 .text.I2S0_Tx_IRQHandler
                0x00000f7e        0x8 ./SDK/startup/startup_mk64f12.o
                0x00000f7e                I2S0_Tx_IRQHandler
 .text.I2S0_Rx_IRQHandler
                0x00000f86        0x8 ./SDK/startup/startup_mk64f12.o
                0x00000f86                I2S0_Rx_IRQHandler
 .text.UART0_LON_IRQHandler
                0x00000f8e        0x8 ./SDK/startup/startup_mk64f12.o
                0x00000f8e                UART0_LON_IRQHandler
 .text.UART0_RX_TX_IRQHandler
                0x00000f96        0x8 ./SDK/startup/startup_mk64f12.o
                0x00000f96                UART0_RX_TX_IRQHandler
 .text.UART0_ERR_IRQHandler
                0x00000f9e        0x8 ./SDK/startup/startup_mk64f12.o
                0x00000f9e                UART0_ERR_IRQHandler
 .text.UART1_RX_TX_IRQHandler
                0x00000fa6        0x8 ./SDK/startup/startup_mk64f12.o
                0x00000fa6                UART1_RX_TX_IRQHandler
 .text.UART1_ERR_IRQHandler
                0x00000fae        0x8 ./SDK/startup/startup_mk64f12.o
                0x00000fae                UART1_ERR_IRQHandler
 .text.UART2_RX_TX_IRQHandler
                0x00000fb6        0x8 ./SDK/startup/startup_mk64f12.o
                0x00000fb6                UART2_RX_TX_IRQHandler
 .text.UART2_ERR_IRQHandler
                0x00000fbe        0x8 ./SDK/startup/startup_mk64f12.o
                0x00000fbe                UART2_ERR_IRQHandler
 .text.UART3_RX_TX_IRQHandler
                0x00000fc6        0x8 ./SDK/startup/startup_mk64f12.o
                0x00000fc6                UART3_RX_TX_IRQHandler
 .text.UART3_ERR_IRQHandler
                0x00000fce        0x8 ./SDK/startup/startup_mk64f12.o
                0x00000fce                UART3_ERR_IRQHandler
 .text.ADC0_IRQHandler
                0x00000fd6        0x8 ./SDK/startup/startup_mk64f12.o
                0x00000fd6                ADC0_IRQHandler
 .text.CMP0_IRQHandler
                0x00000fde        0x8 ./SDK/startup/startup_mk64f12.o
                0x00000fde                CMP0_IRQHandler
 .text.CMP1_IRQHandler
                0x00000fe6        0x8 ./SDK/startup/startup_mk64f12.o
                0x00000fe6                CMP1_IRQHandler
 .text.FTM0_IRQHandler
                0x00000fee        0x8 ./SDK/startup/startup_mk64f12.o
                0x00000fee                FTM0_IRQHandler
 .text.FTM1_IRQHandler
                0x00000ff6        0x8 ./SDK/startup/startup_mk64f12.o
                0x00000ff6                FTM1_IRQHandler
 .text.FTM2_IRQHandler
                0x00000ffe        0x8 ./SDK/startup/startup_mk64f12.o
                0x00000ffe                FTM2_IRQHandler
 .text.CMT_IRQHandler
                0x00001006        0x8 ./SDK/startup/startup_mk64f12.o
                0x00001006                CMT_IRQHandler
 .text.RTC_IRQHandler
                0x0000100e        0x8 ./SDK/startup/startup_mk64f12.o
                0x0000100e                RTC_IRQHandler
 .text.RTC_Seconds_IRQHandler
                0x00001016        0x8 ./SDK/startup/startup_mk64f12.o
                0x00001016                RTC_Seconds_IRQHandler
 .text.PIT0_IRQHandler
                0x0000101e        0x8 ./SDK/startup/startup_mk64f12.o
                0x0000101e                PIT0_IRQHandler
 .text.PIT1_IRQHandler
                0x00001026        0x8 ./SDK/startup/startup_mk64f12.o
                0x00001026                PIT1_IRQHandler
 .text.PIT2_IRQHandler
                0x0000102e        0x8 ./SDK/startup/startup_mk64f12.o
                0x0000102e                PIT2_IRQHandler
 .text.PIT3_IRQHandler
                0x00001036        0x8 ./SDK/startup/startup_mk64f12.o
                0x00001036                PIT3_IRQHandler
 .text.PDB0_IRQHandler
                0x0000103e        0x8 ./SDK/startup/startup_mk64f12.o
                0x0000103e                PDB0_IRQHandler
 .text.USB0_IRQHandler
                0x00001046        0x8 ./SDK/startup/startup_mk64f12.o
                0x00001046                USB0_IRQHandler
 .text.USBDCD_IRQHandler
                0x0000104e        0x8 ./SDK/startup/startup_mk64f12.o
                0x0000104e                USBDCD_IRQHandler
 .text.Reserved71_IRQHandler
                0x00001056        0x8 ./SDK/startup/startup_mk64f12.o
                0x00001056                Reserved71_IRQHandler
 .text.DAC0_IRQHandler
                0x0000105e        0x8 ./SDK/startup/startup_mk64f12.o
                0x0000105e                DAC0_IRQHandler
 .text.MCG_IRQHandler
                0x00001066        0x8 ./SDK/startup/startup_mk64f12.o
                0x00001066                MCG_IRQHandler
 .text.LPTMR0_IRQHandler
                0x0000106e        0x8 ./SDK/startup/startup_mk64f12.o
                0x0000106e                LPTMR0_IRQHandler
 .text.SWI_IRQHandler
                0x00001076        0x8 ./SDK/startup/startup_mk64f12.o
                0x00001076                SWI_IRQHandler
 .text.SPI2_IRQHandler
                0x0000107e        0x8 ./SDK/startup/startup_mk64f12.o
                0x0000107e                SPI2_IRQHandler
 .text.UART4_RX_TX_IRQHandler
                0x00001086        0x8 ./SDK/startup/startup_mk64f12.o
                0x00001086                UART4_RX_TX_IRQHandler
 .text.UART4_ERR_IRQHandler
                0x0000108e        0x8 ./SDK/startup/startup_mk64f12.o
                0x0000108e                UART4_ERR_IRQHandler
 .text.UART5_RX_TX_IRQHandler
                0x00001096        0x8 ./SDK/startup/startup_mk64f12.o
                0x00001096                UART5_RX_TX_IRQHandler
 .text.UART5_ERR_IRQHandler
                0x0000109e        0x8 ./SDK/startup/startup_mk64f12.o
                0x0000109e                UART5_ERR_IRQHandler
 .text.CMP2_IRQHandler
                0x000010a6        0x8 ./SDK/startup/startup_mk64f12.o
                0x000010a6                CMP2_IRQHandler
 .text.FTM3_IRQHandler
                0x000010ae        0x8 ./SDK/startup/startup_mk64f12.o
                0x000010ae                FTM3_IRQHandler
 .text.DAC1_IRQHandler
                0x000010b6        0x8 ./SDK/startup/startup_mk64f12.o
                0x000010b6                DAC1_IRQHandler
 .text.ADC1_IRQHandler
                0x000010be        0x8 ./SDK/startup/startup_mk64f12.o
                0x000010be                ADC1_IRQHandler
 .text.I2C2_IRQHandler
                0x000010c6        0x8 ./SDK/startup/startup_mk64f12.o
                0x000010c6                I2C2_IRQHandler
 .text.CAN0_ORed_Message_buffer_IRQHandler
                0x000010ce        0x8 ./SDK/startup/startup_mk64f12.o
                0x000010ce                CAN0_ORed_Message_buffer_IRQHandler
 .text.CAN0_Bus_Off_IRQHandler
                0x000010d6        0x8 ./SDK/startup/startup_mk64f12.o
                0x000010d6                CAN0_Bus_Off_IRQHandler
 .text.CAN0_Error_IRQHandler
                0x000010de        0x8 ./SDK/startup/startup_mk64f12.o
                0x000010de                CAN0_Error_IRQHandler
 .text.CAN0_Tx_Warning_IRQHandler
                0x000010e6        0x8 ./SDK/startup/startup_mk64f12.o
                0x000010e6                CAN0_Tx_Warning_IRQHandler
 .text.CAN0_Rx_Warning_IRQHandler
                0x000010ee        0x8 ./SDK/startup/startup_mk64f12.o
                0x000010ee                CAN0_Rx_Warning_IRQHandler
 .text.CAN0_Wake_Up_IRQHandler
                0x000010f6        0x8 ./SDK/startup/startup_mk64f12.o
                0x000010f6                CAN0_Wake_Up_IRQHandler
 .text.SDHC_IRQHandler
                0x000010fe        0x8 ./SDK/startup/startup_mk64f12.o
                0x000010fe                SDHC_IRQHandler
 .text.ENET_1588_Timer_IRQHandler
                0x00001106        0x8 ./SDK/startup/startup_mk64f12.o
                0x00001106                ENET_1588_Timer_IRQHandler
 .text.ENET_Transmit_IRQHandler
                0x0000110e        0x8 ./SDK/startup/startup_mk64f12.o
                0x0000110e                ENET_Transmit_IRQHandler
 .text.ENET_Receive_IRQHandler
                0x00001116        0x8 ./SDK/startup/startup_mk64f12.o
                0x00001116                ENET_Receive_IRQHandler
 .text.ENET_Error_IRQHandler
                0x0000111e        0x8 ./SDK/startup/startup_mk64f12.o
                0x0000111e                ENET_Error_IRQHandler
 .text.SystemInitHook
                0x00001126        0xe ./SDK/CMSIS/system_MK64F12.o
                0x00001126                SystemInitHook
 *(SORT_BY_ALIGNMENT(.rodata) SORT_BY_ALIGNMENT(.rodata.*) SORT_BY_ALIGNMENT(.constdata) SORT_BY_ALIGNMENT(.constdata.*))
 .rodata        0x00001134       0x2d ./source/gpio.o
                0x00001168                . = ALIGN (0x8)
 *fill*         0x00001161        0x7 ff

.glue_7         0x00001168        0x0
 .glue_7        0x00001168        0x0 linker stubs

.glue_7t        0x00001168        0x0
 .glue_7t       0x00001168        0x0 linker stubs

.vfp11_veneer   0x00001168        0x0
 .vfp11_veneer  0x00001168        0x0 linker stubs

.v4_bx          0x00001168        0x0
 .v4_bx         0x00001168        0x0 linker stubs

.iplt           0x00001168        0x0
 .iplt          0x00001168        0x0 ./source/App.o

.rel.dyn        0x00001168        0x0
 .rel.iplt      0x00001168        0x0 ./source/App.o

.ARM.extab
 *(SORT_BY_ALIGNMENT(.ARM.extab*) SORT_BY_ALIGNMENT(.gnu.linkonce.armextab.*))
                0x00001168                __exidx_start = .

.ARM.exidx
 *(SORT_BY_ALIGNMENT(.ARM.exidx*) SORT_BY_ALIGNMENT(.gnu.linkonce.armexidx.*))
                0x00001168                __exidx_end = .
                0x00001168                _etext = .

.m_usb_data
 *(SORT_BY_ALIGNMENT(m_usb_bdt))

.data_RAM2      0x1fff0000        0x0 load address 0x00001168
 FILL mask 0xff
                [!provide]                PROVIDE (__start_data_RAM2, .)
 *(SORT_BY_ALIGNMENT(.ramfunc.$RAM2))
 *(SORT_BY_ALIGNMENT(.ramfunc.$SRAM_LOWER))
 *(SORT_BY_ALIGNMENT(.data.$RAM2*))
 *(SORT_BY_ALIGNMENT(.data.$SRAM_LOWER*))
                0x1fff0000                . = ALIGN (0x8)
                [!provide]                PROVIDE (__end_data_RAM2, .)

.data_RAM3      0x14000000        0x0 load address 0x00001168
 FILL mask 0xff
                [!provide]                PROVIDE (__start_data_RAM3, .)
 *(SORT_BY_ALIGNMENT(.ramfunc.$RAM3))
 *(SORT_BY_ALIGNMENT(.ramfunc.$FLEX_RAM))
 *(SORT_BY_ALIGNMENT(.data.$RAM3*))
 *(SORT_BY_ALIGNMENT(.data.$FLEX_RAM*))
                0x14000000                . = ALIGN (0x8)
                [!provide]                PROVIDE (__end_data_RAM3, .)

.uninit_RESERVED
                0x20000000        0x0
 *(SORT_BY_ALIGNMENT(.bss.$RESERVED*))
                0x20000000                . = ALIGN (0x4)
                0x20000000                _end_uninit_RESERVED = .

.data           0x20000000       0x18 load address 0x00001168
 FILL mask 0xff
                0x20000000                _data = .
 *(SORT_BY_ALIGNMENT(vtable))
 *(SORT_BY_ALIGNMENT(.ramfunc*))
 *(SORT_BY_ALIGNMENT(.data*))
 .data.sourceBuffer
                0x20000000       0x14 ./source/App.o
                0x20000000                sourceBuffer
                0x20000018                . = ALIGN (0x8)
 *fill*         0x20000014        0x4 ff
                0x20000018                _edata = .

.igot.plt       0x20000018        0x0 load address 0x00001180
 .igot.plt      0x20000018        0x0 ./source/App.o

.bss_RAM2       0x1fff0000        0x0
                [!provide]                PROVIDE (__start_bss_RAM2, .)
 *(SORT_BY_ALIGNMENT(.bss.$RAM2*))
 *(SORT_BY_ALIGNMENT(.bss.$SRAM_LOWER*))
                0x1fff0000                . = ALIGN ((. != 0x0)?0x8:0x1)
                [!provide]                PROVIDE (__end_bss_RAM2, .)

.bss_RAM3       0x14000000        0x0
                [!provide]                PROVIDE (__start_bss_RAM3, .)
 *(SORT_BY_ALIGNMENT(.bss.$RAM3*))
 *(SORT_BY_ALIGNMENT(.bss.$FLEX_RAM*))
                0x14000000                . = ALIGN ((. != 0x0)?0x8:0x1)
                [!provide]                PROVIDE (__end_bss_RAM3, .)

.bss            0x20000018      0x2d8
                0x20000018                _bss = .
 *(SORT_BY_ALIGNMENT(.bss*))
 .bss.destinationBuffer
                0x20000018        0xa ./source/App.o
                0x20000018                destinationBuffer
 *fill*         0x20000022        0x2 
 .bss.irqfunc   0x20000024       0x40 ./source/DMA.o
 .bss.irqFuns   0x20000064      0x280 ./source/gpio.o
                0x20000064                irqFuns
 .bss.__LDM_interruptDisableCount
                0x200002e4        0x4 ./SDK/startup/hardware.o
 .bss.MinorTransferDone
                0x200002e8        0x1 ./source/App.o
 .bss.Inicialized
                0x200002e9        0x1 ./source/DMA.o
 *(SORT_BY_ALIGNMENT(COMMON))
                0x200002f0                . = ALIGN (0x8)
 *fill*         0x200002ea        0x6 
                0x200002f0                _ebss = .
                [!provide]                PROVIDE (end, .)

.noinit_RAM2    0x1fff0000        0x0
 *(SORT_BY_ALIGNMENT(.noinit.$RAM2*))
 *(SORT_BY_ALIGNMENT(.noinit.$SRAM_LOWER*))
                0x1fff0000                . = ALIGN (0x8)

.noinit_RAM3    0x14000000        0x0
 *(SORT_BY_ALIGNMENT(.noinit.$RAM3*))
 *(SORT_BY_ALIGNMENT(.noinit.$FLEX_RAM*))
                0x14000000                . = ALIGN (0x8)

.noinit         0x200002f0        0x0
                0x200002f0                _noinit = .
 *(SORT_BY_ALIGNMENT(.noinit*))
                0x200002f0                . = ALIGN (0x8)
                0x200002f0                _end_noinit = .
                0x00001000                _HeapSize = 0x1000

.heap           0x200002f0     0x1000
                0x200002f0                _pvHeapStart = .
                0x200012f0                . = (. + _HeapSize)
 *fill*         0x200002f0     0x1000 
                0x200012f0                . = ALIGN (0x8)
                0x200012f0                _pvHeapLimit = .
                0x00001000                _StackSize = 0x1000

.heap2stackfill
                0x200012f0     0x1000
                0x200022f0                . = (. + _StackSize)
 *fill*         0x200012f0     0x1000 

.stack          0x2002f000        0x0
                0x2002f000                _vStackBase = .
                0x2002f000                . = ALIGN (0x8)
                0x20030000                _vStackTop = (. + _StackSize)
                0x00000000                _image_start = LOADADDR (.text)
                0x00001180                _image_end = (LOADADDR (.data) + SIZEOF (.data))
                0x00001180                _image_size = (_image_end - _image_start)
OUTPUT(DMA_V1.axf elf32-littlearm)

.debug_info     0x00000000     0x3fe7
 .debug_info    0x00000000     0x1170 ./source/App.o
 .debug_info    0x00001170      0xc18 ./source/DMA.o
 .debug_info    0x00001d88      0xc4c ./source/gpio.o
 .debug_info    0x000029d4      0x675 ./SDK/startup/hardware.o
 .debug_info    0x00003049       0xb7 ./SDK/startup/main.o
 .debug_info    0x00003100       0x3b ./SDK/startup/semihost_hardfault.o
 .debug_info    0x0000313b      0x8b0 ./SDK/startup/startup_mk64f12.o
 .debug_info    0x000039eb      0x5fc ./SDK/CMSIS/system_MK64F12.o

.debug_abbrev   0x00000000      0xbb3
 .debug_abbrev  0x00000000      0x2a2 ./source/App.o
 .debug_abbrev  0x000002a2      0x231 ./source/DMA.o
 .debug_abbrev  0x000004d3      0x261 ./source/gpio.o
 .debug_abbrev  0x00000734      0x138 ./SDK/startup/hardware.o
 .debug_abbrev  0x0000086c       0x7d ./SDK/startup/main.o
 .debug_abbrev  0x000008e9       0x2f ./SDK/startup/semihost_hardfault.o
 .debug_abbrev  0x00000918      0x15c ./SDK/startup/startup_mk64f12.o
 .debug_abbrev  0x00000a74      0x13f ./SDK/CMSIS/system_MK64F12.o

.debug_aranges  0x00000000      0x508
 .debug_aranges
                0x00000000       0x50 ./source/App.o
 .debug_aranges
                0x00000050       0x28 ./source/DMA.o
 .debug_aranges
                0x00000078       0xc0 ./source/gpio.o
 .debug_aranges
                0x00000138       0x30 ./SDK/startup/hardware.o
 .debug_aranges
                0x00000168       0x20 ./SDK/startup/main.o
 .debug_aranges
                0x00000188       0x20 ./SDK/startup/semihost_hardfault.o
 .debug_aranges
                0x000001a8      0x330 ./SDK/startup/startup_mk64f12.o
 .debug_aranges
                0x000004d8       0x30 ./SDK/CMSIS/system_MK64F12.o

.debug_ranges   0x00000000      0x488
 .debug_ranges  0x00000000       0x40 ./source/App.o
 .debug_ranges  0x00000040       0x18 ./source/DMA.o
 .debug_ranges  0x00000058       0xb0 ./source/gpio.o
 .debug_ranges  0x00000108       0x20 ./SDK/startup/hardware.o
 .debug_ranges  0x00000128       0x10 ./SDK/startup/main.o
 .debug_ranges  0x00000138       0x10 ./SDK/startup/semihost_hardfault.o
 .debug_ranges  0x00000148      0x320 ./SDK/startup/startup_mk64f12.o
 .debug_ranges  0x00000468       0x20 ./SDK/CMSIS/system_MK64F12.o

.debug_macro    0x00000000    0x127ee
 .debug_macro   0x00000000      0x244 ./source/App.o
 .debug_macro   0x00000244      0xa5a ./source/App.o
 .debug_macro   0x00000c9e      0x34e ./source/App.o
 .debug_macro   0x00000fec       0x22 ./source/App.o
 .debug_macro   0x0000100e       0x10 ./source/App.o
 .debug_macro   0x0000101e       0x5c ./source/App.o
 .debug_macro   0x0000107a       0x1c ./source/App.o
 .debug_macro   0x00001096       0x22 ./source/App.o
 .debug_macro   0x000010b8       0xdf ./source/App.o
 .debug_macro   0x00001197      0xecf ./source/App.o
 .debug_macro   0x00002066       0x48 ./source/App.o
 .debug_macro   0x000020ae     0xe07b ./source/App.o
 .debug_macro   0x00010129     0x122b ./source/App.o
 .debug_macro   0x00011354       0x16 ./source/App.o
 .debug_macro   0x0001136a       0x40 ./source/App.o
 .debug_macro   0x000113aa       0x2e ./source/App.o
 .debug_macro   0x000113d8       0x10 ./source/App.o
 .debug_macro   0x000113e8       0x22 ./source/App.o
 .debug_macro   0x0001140a       0x52 ./source/App.o
 .debug_macro   0x0001145c       0x17 ./source/App.o
 .debug_macro   0x00011473       0x8d ./source/App.o
 .debug_macro   0x00011500       0x35 ./source/App.o
 .debug_macro   0x00011535       0x9c ./source/App.o
 .debug_macro   0x000115d1       0x16 ./source/App.o
 .debug_macro   0x000115e7       0x57 ./source/App.o
 .debug_macro   0x0001163e       0x97 ./source/App.o
 .debug_macro   0x000116d5      0x32a ./source/App.o
 .debug_macro   0x000119ff       0xfd ./source/App.o
 .debug_macro   0x00011afc       0x10 ./source/App.o
 .debug_macro   0x00011b0c       0x58 ./source/App.o
 .debug_macro   0x00011b64       0x1f ./source/App.o
 .debug_macro   0x00011b83       0x43 ./source/App.o
 .debug_macro   0x00011bc6       0x20 ./source/App.o
 .debug_macro   0x00011be6      0x18e ./source/App.o
 .debug_macro   0x00011d74       0x10 ./source/App.o
 .debug_macro   0x00011d84       0x6a ./source/App.o
 .debug_macro   0x00011dee       0x1c ./source/App.o
 .debug_macro   0x00011e0a       0x52 ./source/App.o
 .debug_macro   0x00011e5c       0x40 ./source/App.o
 .debug_macro   0x00011e9c       0x10 ./source/App.o
 .debug_macro   0x00011eac       0x40 ./source/App.o
 .debug_macro   0x00011eec       0xd7 ./source/App.o
 .debug_macro   0x00011fc3       0x1c ./source/App.o
 .debug_macro   0x00011fdf       0x3d ./source/App.o
 .debug_macro   0x0001201c       0x16 ./source/App.o
 .debug_macro   0x00012032      0x16f ./source/App.o
 .debug_macro   0x000121a1      0x16c ./source/DMA.o
 .debug_macro   0x0001230d       0x16 ./source/DMA.o
 .debug_macro   0x00012323      0x10e ./source/DMA.o
 .debug_macro   0x00012431       0x8d ./source/DMA.o
 .debug_macro   0x000124be       0x16 ./source/DMA.o
 .debug_macro   0x000124d4       0x29 ./source/DMA.o
 .debug_macro   0x000124fd       0xc5 ./source/gpio.o
 .debug_macro   0x000125c2       0x3a ./source/gpio.o
 .debug_macro   0x000125fc       0x9c ./SDK/startup/hardware.o
 .debug_macro   0x00012698       0x9c ./SDK/startup/main.o
 .debug_macro   0x00012734       0x11 ./SDK/startup/semihost_hardfault.o
 .debug_macro   0x00012745       0x29 ./SDK/startup/startup_mk64f12.o
 .debug_macro   0x0001276e       0x80 ./SDK/CMSIS/system_MK64F12.o

.debug_line     0x00000000     0x170f
 .debug_line    0x00000000      0x462 ./source/App.o
 .debug_line    0x00000462      0x2f8 ./source/DMA.o
 .debug_line    0x0000075a      0x374 ./source/gpio.o
 .debug_line    0x00000ace      0x1d4 ./SDK/startup/hardware.o
 .debug_line    0x00000ca2      0x175 ./SDK/startup/main.o
 .debug_line    0x00000e17       0x59 ./SDK/startup/semihost_hardfault.o
 .debug_line    0x00000e70      0x6d8 ./SDK/startup/startup_mk64f12.o
 .debug_line    0x00001548      0x1c7 ./SDK/CMSIS/system_MK64F12.o

.debug_str      0x00000000    0x7cbf8
 .debug_str     0x00000000    0x7bd5f ./source/App.o
                              0x7c064 (size before relaxing)
 .debug_str     0x0007bd5f      0x235 ./source/DMA.o
                              0x73a2c (size before relaxing)
 .debug_str     0x0007bf94      0x282 ./source/gpio.o
                              0x77936 (size before relaxing)
 .debug_str     0x0007c216      0x16f ./SDK/startup/hardware.o
                              0x771fb (size before relaxing)
 .debug_str     0x0007c385       0x1b ./SDK/startup/main.o
                              0x76fcf (size before relaxing)
 .debug_str     0x0007c3a0       0x36 ./SDK/startup/semihost_hardfault.o
                               0x2d39 (size before relaxing)
 .debug_str     0x0007c3d6      0x7c0 ./SDK/startup/startup_mk64f12.o
                               0x35a7 (size before relaxing)
 .debug_str     0x0007cb96       0x62 ./SDK/CMSIS/system_MK64F12.o
                              0x7710a (size before relaxing)

.comment        0x00000000       0x7e
 .comment       0x00000000       0x7e ./source/App.o
                                 0x7f (size before relaxing)
 .comment       0x0000007e       0x7f ./source/DMA.o
 .comment       0x0000007e       0x7f ./source/gpio.o
 .comment       0x0000007e       0x7f ./SDK/startup/hardware.o
 .comment       0x0000007e       0x7f ./SDK/startup/main.o
 .comment       0x0000007e       0x7f ./SDK/startup/semihost_hardfault.o
 .comment       0x0000007e       0x7f ./SDK/startup/startup_mk64f12.o
 .comment       0x0000007e       0x7f ./SDK/CMSIS/system_MK64F12.o

.ARM.attributes
                0x00000000       0x39
 .ARM.attributes
                0x00000000       0x39 ./source/App.o
 .ARM.attributes
                0x00000039       0x39 ./source/DMA.o
 .ARM.attributes
                0x00000072       0x39 ./source/gpio.o
 .ARM.attributes
                0x000000ab       0x39 ./SDK/startup/hardware.o
 .ARM.attributes
                0x000000e4       0x39 ./SDK/startup/main.o
 .ARM.attributes
                0x0000011d       0x39 ./SDK/startup/semihost_hardfault.o
 .ARM.attributes
                0x00000156       0x39 ./SDK/startup/startup_mk64f12.o
 .ARM.attributes
                0x0000018f       0x39 ./SDK/CMSIS/system_MK64F12.o

.debug_frame    0x00000000      0xf1c
 .debug_frame   0x00000000      0x110 ./source/App.o
 .debug_frame   0x00000110       0x60 ./source/DMA.o
 .debug_frame   0x00000170      0x378 ./source/gpio.o
 .debug_frame   0x000004e8       0x70 ./SDK/startup/hardware.o
 .debug_frame   0x00000558       0x2c ./SDK/startup/main.o
 .debug_frame   0x00000584       0x20 ./SDK/startup/semihost_hardfault.o
 .debug_frame   0x000005a4      0x904 ./SDK/startup/startup_mk64f12.o
 .debug_frame   0x00000ea8       0x74 ./SDK/CMSIS/system_MK64F12.o
