fsl_sdmmc_host.c:57:13:SDMMCHOST_DetectCardInsertByHost	8	static
fsl_sdmmc_host.c:77:13:SDMMCHOST_DetectCardRemoveByHost	8	static
fsl_sdmmc_host.c:94:13:SDMMCHOST_CardInterrupt	8	static
fsl_sdmmc_host.c:170:13:SDMMCHOST_TransferCompleteCallback	0	static
fsl_sdmmc_host.c:109:10:SDMMCHOST_CardIntInit	0	static
fsl_sdmmc_host.c:118:10:SDMMCHOST_CardDetectInit	8	static
fsl_sdmmc_host.c:149:10:SDMMCHOST_CardDetectStatus	0	static
fsl_sdmmc_host.c:157:10:SDMMCHOST_WaitCardDetectStatus	8	static
fsl_sdmmc_host.c:175:10:SDMMCHOST_TransferFunction	16	static
fsl_sdmmc_host.c:215:6:SDMMCHOST_SetCardPower	0	static
fsl_sdmmc_host.c:220:6:SDMMCHOST_PowerOffCard	8	static
fsl_sdmmc_host.c:229:6:SDMMCHOST_PowerOnCard	8	static
fsl_sdmmc_host.c:244:10:SDMMCHOST_Init	40	static
fsl_sdmmc_host.c:268:6:SDMMCHOST_Reset	0	static
fsl_sdmmc_host.c:273:6:SDMMCHOST_SetCardBusWidth	0	static
fsl_sdmmc_host.c:281:6:SDMMCHOST_Deinit	8	static
fsl_sdmmc_host.c:287:10:SDMMCHOST_StartBoot	0	static
fsl_sdmmc_host.c:296:10:SDMMCHOST_ReadBootData	0	static
