fsl_sd.c:460:17:SD_Transfer	72	static
fsl_sd.c:525:17:SD_WaitWriteComplete	56	static
fsl_sd.c:631:17:SD_SwitchFunction	80	static
fsl_sd.c:781:17:SD_SelectFunction	48	static
fsl_sd.c:1337:10:SD_ReadStatus	80	static
fsl_sd.c:1406:10:SD_SelectCard	8	static
fsl_sd.c:1413:10:SD_SetDriverStrength	8	static
fsl_sd.c:1425:10:SD_SetMaxCurrent	8	static
fsl_sd.c:1630:6:SD_CheckReadOnly	8	static
fsl_sd.c:1638:10:SD_ReadBlocks	128	static
fsl_sd.c:1694:10:SD_WriteBlocks	184	static
fsl_sd.c:1748:10:SD_EraseBlocks	88	static
fsl_sd.c:1808:10:SD_ProbeBusVoltage	64	static
fsl_sd.c:1911:10:SD_CardInit	88	static
fsl_sd.c:1987:6:SD_CardDeinit	8	static
fsl_sd.c:1994:10:SD_HostInit	8	static
fsl_sd.c:2015:6:SD_HostDeinit	8	static
fsl_sd.c:2024:6:SD_SetCardPower	8	static
fsl_sd.c:2040:6:SD_IsCardPresent	8	static
fsl_sd.c:2069:10:SD_PollingCardInsert	0	static
fsl_sd.c:2101:6:SD_Deinit	8	static
fsl_sd.c:2109:6:SD_HostDoReset	8	static
fsl_sd.c:2075:10:SD_Init	8	static
fsl_sd.c:2114:6:SD_HostReset	8	static
fsl_sd.c:2119:6:SD_PowerOnCard	8	static
fsl_sd.c:2124:6:SD_PowerOffCard	8	static
fsl_sd.c:2129:10:SD_WaitCardDetectStatus	8	static
